--- FCLK 55 MHz  [18:23:00] ---
BUILD FCLK richiesto=55 impostato=55
SWEEP FCLK=55 WNS=-0.345 LUT=4524 FF=3199 DSP=52 BRAM=1
BUILD-OK
--- FCLK 60 MHz  [18:31:58] ---
BUILD FCLK richiesto=60 impostato=60
SWEEP FCLK=60 WNS=-0.414 LUT=4613 FF=3199 DSP=52 BRAM=1
BUILD-OK
--- FCLK 40 MHz  [18:41:45] ---
BUILD FCLK richiesto=40 impostato=40
SWEEP FCLK=40 WNS=2.626 LUT=4472 FF=3199 DSP=52 BRAM=1
BUILD-OK
--- FCLK 30 MHz  [18:51:02] ---
BUILD FCLK richiesto=30 impostato=30
SWEEP FCLK=30 WNS=10.892 LUT=4474 FF=3199 DSP=52 BRAM=1
BUILD-OK
SWEEP-DONE [18:58:51]
--- FCLK 52 MHz  [19:00:20] ---
BUILD FCLK richiesto=52 impostato=52
SWEEP FCLK=52 WNS=0.358 LUT=4473 FF=3199 DSP=52 BRAM=1
BUILD-OK
SWEEP-DONE [19:08:53]
--- FCLK 50 MHz  [13:44:30] ---
BUILD FCLK richiesto=50 impostato=50
SWEEP FCLK=50 WNS=0.335 LUT=4476 FF=3199 DSP=52 BRAM=1
BUILD-OK
SWEEP-DONE [13:52:23]
