Copyright 1986-2022 Xilinx, Inc. All Rights Reserved. Copyright 2022-2026 Advanced Micro Devices, Inc. All Rights Reserved.
--------------------------------------------------------------------------------------------------------------------------------------------------------------------------------------
| Tool Version : Vivado v.2026.1 (win64) Build 6511674 Tue Jun 16 11:02:23 MDT 2026
| Date         : Thu Jul 30 13:52:22 2026
| Host         : AX16PRO running 64-bit major release  (build 9200)
| Command      : report_timing_summary -file {D:/Project_MBSE/1.Reti Neurali/Rete_SNN_Test/CF_FSNN/.worktrees/Simulink_Importer/FaseB2.0/Harness_SNN/hw/../results/timing_fclk50.rpt}
| Design       : sys_wrapper
| Device       : 7z020-clg400
| Speed File   : -1  PRODUCTION 1.12 2019-11-22
| Design State : Routed
--------------------------------------------------------------------------------------------------------------------------------------------------------------------------------------

Timing Summary Report

------------------------------------------------------------------------------------------------
| Timer Settings
| --------------
------------------------------------------------------------------------------------------------

  Enable Multi Corner Analysis               :  Yes
  Enable Pessimism Removal                   :  Yes
  Pessimism Removal Resolution               :  Nearest Common Node
  Enable Input Delay Default Clock           :  No
  Enable Preset / Clear Arcs                 :  No
  Disable Flight Delays                      :  No
  Ignore I/O Paths                           :  No
  Timing Early Launch at Borrowing Latches   :  No
  Borrow Time for Max Delay Exceptions       :  Yes
  Merge Timing Exceptions                    :  Yes
  Inter-SLR Compensation                     :  Conservative

  Corner  Analyze    Analyze    
  Name    Max Paths  Min Paths  
  ------  ---------  ---------  
  Slow    Yes        Yes        
  Fast    Yes        Yes        


------------------------------------------------------------------------------------------------
| Report Methodology
| ------------------
------------------------------------------------------------------------------------------------

Rule     Severity  Description                   Violations  
-------  --------  ----------------------------  ----------  
DPIR-1   Warning   Asynchronous driver check     480         
LUTAR-1  Warning   LUT drives async reset alert  1           

Note: This report is based on the most recent report_methodology run and may not be up-to-date. Run report_methodology on the current design for the latest report.



check_timing report

Table of Contents
-----------------
1. checking no_clock (0)
2. checking constant_clock (0)
3. checking pulse_width_clock (0)
4. checking unconstrained_internal_endpoints (0)
5. checking no_input_delay (0)
6. checking no_output_delay (0)
7. checking multiple_clock (0)
8. checking generated_clocks (0)
9. checking loops (0)
10. checking partial_input_delay (0)
11. checking partial_output_delay (0)
12. checking latch_loops (0)

1. checking no_clock (0)
------------------------
 There are 0 register/latch pins with no clock.


2. checking constant_clock (0)
------------------------------
 There are 0 register/latch pins with constant_clock.


3. checking pulse_width_clock (0)
---------------------------------
 There are 0 register/latch pins which need pulse_width check


4. checking unconstrained_internal_endpoints (0)
------------------------------------------------
 There are 0 pins that are not constrained for maximum delay.

 There are 0 pins that are not constrained for maximum delay due to constant clock.


5. checking no_input_delay (0)
------------------------------
 There are 0 input ports with no input delay specified.

 There are 0 input ports with no input delay but user has a false path constraint.


6. checking no_output_delay (0)
-------------------------------
 There are 0 ports with no output delay specified.

 There are 0 ports with no output delay but user has a false path constraint

 There are 0 ports with no output delay but with a timing clock defined on it or propagating through it


7. checking multiple_clock (0)
------------------------------
 There are 0 register/latch pins with multiple clocks.


8. checking generated_clocks (0)
--------------------------------
 There are 0 generated clocks that are not connected to a clock source.


9. checking loops (0)
---------------------
 There are 0 combinational loops in the design.


10. checking partial_input_delay (0)
------------------------------------
 There are 0 input ports with partial input delay specified.


11. checking partial_output_delay (0)
-------------------------------------
 There are 0 ports with partial output delay specified.


12. checking latch_loops (0)
----------------------------
 There are 0 combinational latch loops in the design through latch input



------------------------------------------------------------------------------------------------
| Design Timing Summary
| ---------------------
------------------------------------------------------------------------------------------------

    WNS(ns)      TNS(ns)  TNS Failing Endpoints  TNS Total Endpoints      WHS(ns)      THS(ns)  THS Failing Endpoints  THS Total Endpoints     WPWS(ns)     TPWS(ns)  TPWS Failing Endpoints  TPWS Total Endpoints  
    -------      -------  ---------------------  -------------------      -------      -------  ---------------------  -------------------     --------     --------  ----------------------  --------------------  
      0.335        0.000                      0                 8694        0.033        0.000                      0                 8694        9.020        0.000                       0                  3269  


All user specified timing constraints are met.


------------------------------------------------------------------------------------------------
| Clock Summary
| -------------
------------------------------------------------------------------------------------------------

Clock       Waveform(ns)       Period(ns)      Frequency(MHz)
-----       ------------       ----------      --------------
clk_fpga_0  {0.000 10.000}     20.000          50.000          


------------------------------------------------------------------------------------------------
| Intra Clock Table
| -----------------
------------------------------------------------------------------------------------------------

Clock             WNS(ns)      TNS(ns)  TNS Failing Endpoints  TNS Total Endpoints      WHS(ns)      THS(ns)  THS Failing Endpoints  THS Total Endpoints     WPWS(ns)     TPWS(ns)  TPWS Failing Endpoints  TPWS Total Endpoints  
-----             -------      -------  ---------------------  -------------------      -------      -------  ---------------------  -------------------     --------     --------  ----------------------  --------------------  
clk_fpga_0          0.335        0.000                      0                 6748        0.033        0.000                      0                 6748        9.020        0.000                       0                  3269  


------------------------------------------------------------------------------------------------
| Inter Clock Table
| -----------------
------------------------------------------------------------------------------------------------

From Clock    To Clock          WNS(ns)      TNS(ns)  TNS Failing Endpoints  TNS Total Endpoints      WHS(ns)      THS(ns)  THS Failing Endpoints  THS Total Endpoints  
----------    --------          -------      -------  ---------------------  -------------------      -------      -------  ---------------------  -------------------  


------------------------------------------------------------------------------------------------
| Other Path Groups Table
| -----------------------
------------------------------------------------------------------------------------------------

Path Group         From Clock         To Clock               WNS(ns)      TNS(ns)  TNS Failing Endpoints  TNS Total Endpoints      WHS(ns)      THS(ns)  THS Failing Endpoints  THS Total Endpoints  
----------         ----------         --------               -------      -------  ---------------------  -------------------      -------      -------  ---------------------  -------------------  
**async_default**  clk_fpga_0         clk_fpga_0               7.345        0.000                      0                 1946        0.641        0.000                      0                 1946  


------------------------------------------------------------------------------------------------
| Timing Details
| --------------
------------------------------------------------------------------------------------------------


---------------------------------------------------------------------------------------------------
From Clock:  clk_fpga_0
  To Clock:  clk_fpga_0

Setup :            0  Failing Endpoints,  Worst Slack        0.335ns,  Total Violation        0.000ns
Hold  :            0  Failing Endpoints,  Worst Slack        0.033ns,  Total Violation        0.000ns
PW    :            0  Failing Endpoints,  Worst Slack        9.020ns,  Total Violation        0.000ns
---------------------------------------------------------------------------------------------------


Max Delay Paths
--------------------------------------------------------------------------------------
Slack (MET) :             0.335ns  (required time - arrival time)
  Source:                 sys_i/tier0/inst/u_tier/u_VS/u_BALANCED_n13/u_DEC/pv_not_empty_reg/C
                            (rising edge-triggered cell FDCE clocked by clk_fpga_0  {rise@0.000ns fall@10.000ns period=20.000ns})
  Destination:            sys_i/tier0/inst/u_tier/u_VS/u_BALANCED_n13/u_DEC/q1f_reg[1][12]/S
                            (rising edge-triggered cell FDSE clocked by clk_fpga_0  {rise@0.000ns fall@10.000ns period=20.000ns})
  Path Group:             clk_fpga_0
  Path Type:              Setup (Max at Slow Process Corner)
  Requirement:            20.000ns  (clk_fpga_0 rise@20.000ns - clk_fpga_0 rise@0.000ns)
  Data Path Delay:        18.820ns  (logic 9.191ns (48.837%)  route 9.629ns (51.163%))
  Logic Levels:           13  (CARRY4=3 DSP48E1=1 LUT2=2 LUT3=2 LUT4=1 LUT6=4)
  Clock Path Skew:        -0.019ns (DCD - SCD + CPR)
    Destination Clock Delay (DCD):    2.868ns = ( 22.868 - 20.000 ) 
    Source Clock Delay      (SCD):    3.173ns
    Clock Pessimism Removal (CPR):    0.286ns
  Clock Uncertainty:      0.302ns  ((TSJ^2 + TIJ^2)^1/2 + DJ) / 2 + PE
    Total System Jitter     (TSJ):    0.071ns
    Total Input Jitter      (TIJ):    0.600ns
    Discrete Jitter          (DJ):    0.000ns
    Phase Error              (PE):    0.000ns

    Location             Delay type                Incr(ns)  Path(ns)    Netlist Resource(s)
  -------------------------------------------------------------------    -------------------
                         (clock clk_fpga_0 rise edge)
                                                      0.000     0.000 r  <hidden>
    PS7_X0Y0             PS7                          0.000     0.000 r  sys_i/ps7/inst/PS7_i/FCLKCLK[0]
                         net (fo=1, routed)           1.193     1.193    sys_i/ps7/inst/FCLK_CLK_unbuffered[0]
    BUFGCTRL_X0Y16       BUFG (Prop_bufg_I_O)         0.101     1.294 r  sys_i/ps7/inst/buffer_fclk_clk_0.FCLK_CLK_0_BUFG/O
                         net (fo=918, routed)         0.146     1.440    sys_i/tier0/inst/S_AXI_ACLK
    BUFGCTRL_X0Y17       BUFGCTRL (Prop_bufgctrl_I0_O)
                                                      0.101     1.541 r  sys_i/tier0/inst/u_gate/O
                         net (fo=2351, routed)        1.632     3.173    sys_i/tier0/inst/u_tier/u_VS/u_BALANCED_n13/u_DEC/clk_tier
    SLICE_X36Y75         FDCE                                         r  sys_i/tier0/inst/u_tier/u_VS/u_BALANCED_n13/u_DEC/pv_not_empty_reg/C
  -------------------------------------------------------------------    -------------------
    SLICE_X36Y75         FDCE (Prop_fdce_C_Q)         0.518     3.691 r  sys_i/tier0/inst/u_tier/u_VS/u_BALANCED_n13/u_DEC/pv_not_empty_reg/Q
                         net (fo=713, routed)         1.340     5.031    sys_i/tier0/inst/u_tier/u_VS/u_BALANCED_n13/u_DEC/pv_not_empty_reg_0
    SLICE_X42Y82         LUT2 (Prop_lut2_I0_O)        0.153     5.184 r  sys_i/tier0/inst/u_tier/u_VS/u_BALANCED_n13/u_DEC/snn_champions_lib_c29_DEC_output.adjv[1]4_i_8/O
                         net (fo=1, routed)           0.855     6.039    sys_i/tier0/inst/u_tier/u_VS/u_BALANCED_n13/u_DEC/snn_champions_lib_c29_DEC_output.adjv[1]4_i_8_n_0
    DSP48_X2Y32          DSP48E1 (Prop_dsp48e1_D[13]_PATTERNDETECT)
                                                      5.843    11.882 f  sys_i/tier0/inst/u_tier/u_VS/u_BALANCED_n13/u_DEC/snn_champions_lib_c29_DEC_output.adjv[1]4/PATTERNDETECT
                         net (fo=1, routed)           1.310    13.193    sys_i/tier0/inst/u_tier/u_VS/u_BALANCED_n13/u_DEC/snn_champions_lib_c29_DEC_output.adjv[1]3
    SLICE_X38Y81         LUT6 (Prop_lut6_I0_O)        0.124    13.317 f  sys_i/tier0/inst/u_tier/u_VS/u_BALANCED_n13/u_DEC/q1k[1][5]_i_8/O
                         net (fo=9, routed)           0.617    13.934    sys_i/tier0/inst/u_tier/u_VS/u_BALANCED_n13/u_DEC/q1k[1][5]_i_8_n_0
    SLICE_X38Y79         LUT2 (Prop_lut2_I0_O)        0.124    14.058 f  sys_i/tier0/inst/u_tier/u_VS/u_BALANCED_n13/u_DEC/q1k[1][1]_i_6/O
                         net (fo=27, routed)          0.465    14.523    sys_i/tier0/inst/u_tier/u_VS/u_BALANCED_n13/u_DEC/q1k[1][1]_i_6_n_0
    SLICE_X39Y80         LUT3 (Prop_lut3_I1_O)        0.124    14.647 r  sys_i/tier0/inst/u_tier/u_VS/u_BALANCED_n13/u_DEC/q1k[1][1]_i_4/O
                         net (fo=1, routed)           0.000    14.647    sys_i/tier0/inst/u_tier/u_VS/u_BALANCED_n13/u_DEC/q1k[1][1]_i_4_n_0
    SLICE_X39Y80         CARRY4 (Prop_carry4_S[1]_CO[3])
                                                      0.550    15.197 r  sys_i/tier0/inst/u_tier/u_VS/u_BALANCED_n13/u_DEC/q1k_reg[1][1]_i_2/CO[3]
                         net (fo=21, routed)          1.076    16.274    sys_i/tier0/inst/u_tier/u_VS/u_BALANCED_n13/u_DEC/q1k_reg[1][1]_i_2_n_0
    SLICE_X38Y80         LUT3 (Prop_lut3_I2_O)        0.146    16.420 r  sys_i/tier0/inst/u_tier/u_VS/u_BALANCED_n13/u_DEC/q1k[1][5]_i_10/O
                         net (fo=1, routed)           0.469    16.889    sys_i/tier0/inst/u_tier/u_VS/u_BALANCED_n13/u_DEC/q1k[1][5]_i_10_n_0
    SLICE_X38Y80         LUT6 (Prop_lut6_I0_O)        0.328    17.217 f  sys_i/tier0/inst/u_tier/u_VS/u_BALANCED_n13/u_DEC/q1k[1][5]_i_4/O
                         net (fo=16, routed)          0.544    17.761    sys_i/tier0/inst/u_tier/u_VS/u_BALANCED_n13/u_DEC/q1k[1][5]_i_4_n_0
    SLICE_X39Y78         LUT6 (Prop_lut6_I0_O)        0.124    17.885 r  sys_i/tier0/inst/u_tier/u_VS/u_BALANCED_n13/u_DEC/q1f[1][15]_i_19/O
                         net (fo=1, routed)           0.512    18.397    sys_i/tier0/inst/u_tier/u_VS/u_BALANCED_n13/u_DEC/q1f[1][15]_i_19_n_0
    SLICE_X36Y78         CARRY4 (Prop_carry4_DI[2]_CO[3])
                                                      0.404    18.801 r  sys_i/tier0/inst/u_tier/u_VS/u_BALANCED_n13/u_DEC/q1f_reg[1][15]_i_7/CO[3]
                         net (fo=1, routed)           0.000    18.801    sys_i/tier0/inst/u_tier/u_VS/u_BALANCED_n13/u_DEC/q1f_reg[1][15]_i_7_n_0
    SLICE_X36Y79         CARRY4 (Prop_carry4_CI_O[1])
                                                      0.323    19.124 r  sys_i/tier0/inst/u_tier/u_VS/u_BALANCED_n13/u_DEC/q1f_reg[1][15]_i_6/O[1]
                         net (fo=1, routed)           0.841    19.966    sys_i/tier0/inst/u_tier/u_VS/u_BALANCED_n13/u_DEC/snn_champions_lib_c29_DEC_output.cast_101[16]
    SLICE_X34Y81         LUT4 (Prop_lut4_I1_O)        0.306    20.272 r  sys_i/tier0/inst/u_tier/u_VS/u_BALANCED_n13/u_DEC/q1f[1][15]_i_4/O
                         net (fo=1, routed)           0.844    21.116    sys_i/tier0/inst/u_tier/u_VS/u_BALANCED_n13/u_DEC/q1f[1][15]_i_4_n_0
    SLICE_X34Y81         LUT6 (Prop_lut6_I2_O)        0.124    21.240 r  sys_i/tier0/inst/u_tier/u_VS/u_BALANCED_n13/u_DEC/q1f[1][15]_i_1/O
                         net (fo=16, routed)          0.753    21.993    sys_i/tier0/inst/u_tier/u_VS/u_BALANCED_n13/u_DEC/q1f[1][15]_i_1_n_0
    SLICE_X38Y77         FDSE                                         r  sys_i/tier0/inst/u_tier/u_VS/u_BALANCED_n13/u_DEC/q1f_reg[1][12]/S
  -------------------------------------------------------------------    -------------------

                         (clock clk_fpga_0 rise edge)
                                                     20.000    20.000 r  <hidden>
    PS7_X0Y0             PS7                          0.000    20.000 r  sys_i/ps7/inst/PS7_i/FCLKCLK[0]
                         net (fo=1, routed)           1.088    21.088    sys_i/ps7/inst/FCLK_CLK_unbuffered[0]
    BUFGCTRL_X0Y16       BUFG (Prop_bufg_I_O)         0.091    21.179 r  sys_i/ps7/inst/buffer_fclk_clk_0.FCLK_CLK_0_BUFG/O
                         net (fo=918, routed)         0.133    21.312    sys_i/tier0/inst/S_AXI_ACLK
    BUFGCTRL_X0Y17       BUFGCTRL (Prop_bufgctrl_I0_O)
                                                      0.091    21.403 r  sys_i/tier0/inst/u_gate/O
                         net (fo=2351, routed)        1.465    22.868    sys_i/tier0/inst/u_tier/u_VS/u_BALANCED_n13/u_DEC/clk_tier
    SLICE_X38Y77         FDSE                                         r  sys_i/tier0/inst/u_tier/u_VS/u_BALANCED_n13/u_DEC/q1f_reg[1][12]/C
                         clock pessimism              0.286    23.154    <hidden>
                         clock uncertainty           -0.302    22.852    <hidden>
    SLICE_X38Y77         FDSE (Setup_fdse_C_S)       -0.524    22.328    sys_i/tier0/inst/u_tier/u_VS/u_BALANCED_n13/u_DEC/q1f_reg[1][12]
  -------------------------------------------------------------------
                         required time                         22.328    <hidden>
                         arrival time                         -21.993    <hidden>
  -------------------------------------------------------------------
                         slack                                  0.335    <hidden>





Min Delay Paths
--------------------------------------------------------------------------------------
Slack (MET) :             0.033ns  (arrival time - required time)
  Source:                 sys_i/tier0/inst/s_c_reg[8]/C
                            (rising edge-triggered cell FDRE clocked by clk_fpga_0  {rise@0.000ns fall@10.000ns period=20.000ns})
  Destination:            sys_i/tier0/inst/u_tier/u_VS/u_BALANCED_n13/u_SNN/op_reg_reg[0][8]/D
                            (rising edge-triggered cell FDCE clocked by clk_fpga_0  {rise@0.000ns fall@10.000ns period=20.000ns})
  Path Group:             clk_fpga_0
  Path Type:              Hold (Min at Fast Process Corner)
  Requirement:            0.000ns  (clk_fpga_0 rise@0.000ns - clk_fpga_0 rise@0.000ns)
  Data Path Delay:        0.347ns  (logic 0.141ns (40.677%)  route 0.206ns (59.323%))
  Logic Levels:           0  
  Clock Path Skew:        0.248ns (DCD - SCD - CPR)
    Destination Clock Delay (DCD):    1.253ns
    Source Clock Delay      (SCD):    0.975ns
    Clock Pessimism Removal (CPR):    0.030ns

    Location             Delay type                Incr(ns)  Path(ns)    Netlist Resource(s)
  -------------------------------------------------------------------    -------------------
                         (clock clk_fpga_0 rise edge)
                                                      0.000     0.000 r  <hidden>
    PS7_X0Y0             PS7                          0.000     0.000 r  sys_i/ps7/inst/PS7_i/FCLKCLK[0]
                         net (fo=1, routed)           0.310     0.310    sys_i/ps7/inst/FCLK_CLK_unbuffered[0]
    BUFGCTRL_X0Y16       BUFG (Prop_bufg_I_O)         0.026     0.336 r  sys_i/ps7/inst/buffer_fclk_clk_0.FCLK_CLK_0_BUFG/O
                         net (fo=918, routed)         0.639     0.975    sys_i/tier0/inst/S_AXI_ACLK
    SLICE_X41Y100        FDRE                                         r  sys_i/tier0/inst/s_c_reg[8]/C
  -------------------------------------------------------------------    -------------------
    SLICE_X41Y100        FDRE (Prop_fdre_C_Q)         0.141     1.116 r  sys_i/tier0/inst/s_c_reg[8]/Q
                         net (fo=1, routed)           0.206     1.322    sys_i/tier0/inst/u_tier/u_VS/u_BALANCED_n13/u_SNN/op_reg_reg[0][31]_0[8]
    SLICE_X41Y99         FDCE                                         r  sys_i/tier0/inst/u_tier/u_VS/u_BALANCED_n13/u_SNN/op_reg_reg[0][8]/D
  -------------------------------------------------------------------    -------------------

                         (clock clk_fpga_0 rise edge)
                                                      0.000     0.000 r  <hidden>
    PS7_X0Y0             PS7                          0.000     0.000 r  sys_i/ps7/inst/PS7_i/FCLKCLK[0]
                         net (fo=1, routed)           0.337     0.337    sys_i/ps7/inst/FCLK_CLK_unbuffered[0]
    BUFGCTRL_X0Y16       BUFG (Prop_bufg_I_O)         0.029     0.366 r  sys_i/ps7/inst/buffer_fclk_clk_0.FCLK_CLK_0_BUFG/O
                         net (fo=918, routed)         0.033     0.399    sys_i/tier0/inst/S_AXI_ACLK
    BUFGCTRL_X0Y17       BUFGCTRL (Prop_bufgctrl_I0_O)
                                                      0.029     0.428 r  sys_i/tier0/inst/u_gate/O
                         net (fo=2351, routed)        0.825     1.253    sys_i/tier0/inst/u_tier/u_VS/u_BALANCED_n13/u_SNN/clk_tier
    SLICE_X41Y99         FDCE                                         r  sys_i/tier0/inst/u_tier/u_VS/u_BALANCED_n13/u_SNN/op_reg_reg[0][8]/C
                         clock pessimism             -0.030     1.223    <hidden>
    SLICE_X41Y99         FDCE (Hold_fdce_C_D)         0.066     1.289    sys_i/tier0/inst/u_tier/u_VS/u_BALANCED_n13/u_SNN/op_reg_reg[0][8]
  -------------------------------------------------------------------
                         required time                         -1.289    <hidden>
                         arrival time                           1.322    <hidden>
  -------------------------------------------------------------------
                         slack                                  0.033    <hidden>





Pulse Width Checks
--------------------------------------------------------------------------------------
Clock Name:         clk_fpga_0
Waveform(ns):       { 0.000 10.000 }
Period(ns):         20.000
Sources:            { sys_i/ps7/inst/PS7_i/FCLKCLK[0] }

Check Type        Corner  Lib Pin             Reference Pin  Required(ns)  Actual(ns)  Slack(ns)  Location      Pin
Min Period        n/a     RAMB18E1/CLKARDCLK  n/a            2.944         20.000      17.056     RAMB18_X3Y36  sys_i/tier0/inst/u_tier/u_VS/u_BALANCED_n13/u_SNN/u_dualPortRam/ram_reg/CLKARDCLK
Low Pulse Width   Slow    SRLC32E/CLK         n/a            0.980         10.000      9.020      SLICE_X30Y86  sys_i/ps7_axi_periph/s00_couplers/auto_pc/inst/gen_axilite.gen_b2s_conv.axilite_b2s/RD.r_channel_0/rd_data_fifo_0/memory_reg[31][0]_srl32/CLK
High Pulse Width  Slow    SRLC32E/CLK         n/a            0.980         10.000      9.020      SLICE_X30Y86  sys_i/ps7_axi_periph/s00_couplers/auto_pc/inst/gen_axilite.gen_b2s_conv.axilite_b2s/RD.r_channel_0/rd_data_fifo_0/memory_reg[31][0]_srl32/CLK



---------------------------------------------------------------------------------------------------
Path Group:  **async_default**
From Clock:  clk_fpga_0
  To Clock:  clk_fpga_0

Setup :            0  Failing Endpoints,  Worst Slack        7.345ns,  Total Violation        0.000ns
Hold  :            0  Failing Endpoints,  Worst Slack        0.641ns,  Total Violation        0.000ns
---------------------------------------------------------------------------------------------------


Max Delay Paths
--------------------------------------------------------------------------------------
Slack (MET) :             7.345ns  (required time - arrival time)
  Source:                 sys_i/tier0/inst/started_reg/C
                            (rising edge-triggered cell FDRE clocked by clk_fpga_0  {rise@0.000ns fall@10.000ns period=20.000ns})
  Destination:            sys_i/tier0/inst/u_tier/u_VS/u_BALANCED_n13/u_SNN/t_lr_nxt_1_reg[4][10]/CLR
                            (recovery check against rising-edge clock clk_fpga_0  {rise@0.000ns fall@10.000ns period=20.000ns})
  Path Group:             **async_default**
  Path Type:              Recovery (Max at Slow Process Corner)
  Requirement:            20.000ns  (clk_fpga_0 rise@20.000ns - clk_fpga_0 rise@0.000ns)
  Data Path Delay:        11.662ns  (logic 0.666ns (5.711%)  route 10.996ns (94.289%))
  Logic Levels:           1  (LUT2=1)
  Clock Path Skew:        -0.081ns (DCD - SCD + CPR)
    Destination Clock Delay (DCD):    2.942ns = ( 22.942 - 20.000 ) 
    Source Clock Delay      (SCD):    3.138ns
    Clock Pessimism Removal (CPR):    0.115ns
  Clock Uncertainty:      0.302ns  ((TSJ^2 + TIJ^2)^1/2 + DJ) / 2 + PE
    Total System Jitter     (TSJ):    0.071ns
    Total Input Jitter      (TIJ):    0.600ns
    Discrete Jitter          (DJ):    0.000ns
    Phase Error              (PE):    0.000ns

    Location             Delay type                Incr(ns)  Path(ns)    Netlist Resource(s)
  -------------------------------------------------------------------    -------------------
                         (clock clk_fpga_0 rise edge)
                                                      0.000     0.000 r  <hidden>
    PS7_X0Y0             PS7                          0.000     0.000 r  sys_i/ps7/inst/PS7_i/FCLKCLK[0]
                         net (fo=1, routed)           1.193     1.193    sys_i/ps7/inst/FCLK_CLK_unbuffered[0]
    BUFGCTRL_X0Y16       BUFG (Prop_bufg_I_O)         0.101     1.294 r  sys_i/ps7/inst/buffer_fclk_clk_0.FCLK_CLK_0_BUFG/O
                         net (fo=918, routed)         1.844     3.138    sys_i/tier0/inst/S_AXI_ACLK
    SLICE_X34Y103        FDRE                                         r  sys_i/tier0/inst/started_reg/C
  -------------------------------------------------------------------    -------------------
    SLICE_X34Y103        FDRE (Prop_fdre_C_Q)         0.518     3.656 r  sys_i/tier0/inst/started_reg/Q
                         net (fo=2, routed)           0.869     4.525    sys_i/tier0/inst/u_tier/u_VS/u_BALANCED_n13/u_SNN/started
    SLICE_X34Y98         LUT2 (Prop_lut2_I1_O)        0.148     4.673 f  sys_i/tier0/inst/u_tier/u_VS/u_BALANCED_n13/u_SNN/op_reg[0][31]_i_1/O
                         net (fo=1958, routed)       10.127    14.800    sys_i/tier0/inst/u_tier/u_VS/u_BALANCED_n13/u_SNN/S_AXI_ARESETN_0
    SLICE_X88Y66         FDCE                                         f  sys_i/tier0/inst/u_tier/u_VS/u_BALANCED_n13/u_SNN/t_lr_nxt_1_reg[4][10]/CLR
  -------------------------------------------------------------------    -------------------

                         (clock clk_fpga_0 rise edge)
                                                     20.000    20.000 r  <hidden>
    PS7_X0Y0             PS7                          0.000    20.000 r  sys_i/ps7/inst/PS7_i/FCLKCLK[0]
                         net (fo=1, routed)           1.088    21.088    sys_i/ps7/inst/FCLK_CLK_unbuffered[0]
    BUFGCTRL_X0Y16       BUFG (Prop_bufg_I_O)         0.091    21.179 r  sys_i/ps7/inst/buffer_fclk_clk_0.FCLK_CLK_0_BUFG/O
                         net (fo=918, routed)         0.133    21.312    sys_i/tier0/inst/S_AXI_ACLK
    BUFGCTRL_X0Y17       BUFGCTRL (Prop_bufgctrl_I0_O)
                                                      0.091    21.403 r  sys_i/tier0/inst/u_gate/O
                         net (fo=2351, routed)        1.539    22.942    sys_i/tier0/inst/u_tier/u_VS/u_BALANCED_n13/u_SNN/clk_tier
    SLICE_X88Y66         FDCE                                         r  sys_i/tier0/inst/u_tier/u_VS/u_BALANCED_n13/u_SNN/t_lr_nxt_1_reg[4][10]/C
                         clock pessimism              0.115    23.057    <hidden>
                         clock uncertainty           -0.302    22.755    <hidden>
    SLICE_X88Y66         FDCE (Recov_fdce_C_CLR)     -0.609    22.146    sys_i/tier0/inst/u_tier/u_VS/u_BALANCED_n13/u_SNN/t_lr_nxt_1_reg[4][10]
  -------------------------------------------------------------------
                         required time                         22.146    <hidden>
                         arrival time                         -14.800    <hidden>
  -------------------------------------------------------------------
                         slack                                  7.345    <hidden>





Min Delay Paths
--------------------------------------------------------------------------------------
Slack (MET) :             0.641ns  (arrival time - required time)
  Source:                 sys_i/tier0/inst/started_reg/C
                            (rising edge-triggered cell FDRE clocked by clk_fpga_0  {rise@0.000ns fall@10.000ns period=20.000ns})
  Destination:            sys_i/tier0/inst/u_tier/u_VS/u_BALANCED_n13/u_SNN/op_prev_reg[0][0]/CLR
                            (removal check against rising-edge clock clk_fpga_0  {rise@0.000ns fall@10.000ns period=20.000ns})
  Path Group:             **async_default**
  Path Type:              Removal (Min at Fast Process Corner)
  Requirement:            0.000ns  (clk_fpga_0 rise@0.000ns - clk_fpga_0 rise@0.000ns)
  Data Path Delay:        0.755ns  (logic 0.207ns (27.418%)  route 0.548ns (72.582%))
  Logic Levels:           1  (LUT2=1)
  Clock Path Skew:        0.247ns (DCD - SCD - CPR)
    Destination Clock Delay (DCD):    1.253ns
    Source Clock Delay      (SCD):    0.976ns
    Clock Pessimism Removal (CPR):    0.030ns

    Location             Delay type                Incr(ns)  Path(ns)    Netlist Resource(s)
  -------------------------------------------------------------------    -------------------
                         (clock clk_fpga_0 rise edge)
                                                      0.000     0.000 r  <hidden>
    PS7_X0Y0             PS7                          0.000     0.000 r  sys_i/ps7/inst/PS7_i/FCLKCLK[0]
                         net (fo=1, routed)           0.310     0.310    sys_i/ps7/inst/FCLK_CLK_unbuffered[0]
    BUFGCTRL_X0Y16       BUFG (Prop_bufg_I_O)         0.026     0.336 r  sys_i/ps7/inst/buffer_fclk_clk_0.FCLK_CLK_0_BUFG/O
                         net (fo=918, routed)         0.640     0.976    sys_i/tier0/inst/S_AXI_ACLK
    SLICE_X34Y103        FDRE                                         r  sys_i/tier0/inst/started_reg/C
  -------------------------------------------------------------------    -------------------
    SLICE_X34Y103        FDRE (Prop_fdre_C_Q)         0.164     1.140 r  sys_i/tier0/inst/started_reg/Q
                         net (fo=2, routed)           0.306     1.446    sys_i/tier0/inst/u_tier/u_VS/u_BALANCED_n13/u_SNN/started
    SLICE_X34Y98         LUT2 (Prop_lut2_I1_O)        0.043     1.489 f  sys_i/tier0/inst/u_tier/u_VS/u_BALANCED_n13/u_SNN/op_reg[0][31]_i_1/O
                         net (fo=1958, routed)        0.241     1.731    sys_i/tier0/inst/u_tier/u_VS/u_BALANCED_n13/u_SNN/S_AXI_ARESETN_0
    SLICE_X36Y98         FDCE                                         f  sys_i/tier0/inst/u_tier/u_VS/u_BALANCED_n13/u_SNN/op_prev_reg[0][0]/CLR
  -------------------------------------------------------------------    -------------------

                         (clock clk_fpga_0 rise edge)
                                                      0.000     0.000 r  <hidden>
    PS7_X0Y0             PS7                          0.000     0.000 r  sys_i/ps7/inst/PS7_i/FCLKCLK[0]
                         net (fo=1, routed)           0.337     0.337    sys_i/ps7/inst/FCLK_CLK_unbuffered[0]
    BUFGCTRL_X0Y16       BUFG (Prop_bufg_I_O)         0.029     0.366 r  sys_i/ps7/inst/buffer_fclk_clk_0.FCLK_CLK_0_BUFG/O
                         net (fo=918, routed)         0.033     0.399    sys_i/tier0/inst/S_AXI_ACLK
    BUFGCTRL_X0Y17       BUFGCTRL (Prop_bufgctrl_I0_O)
                                                      0.029     0.428 r  sys_i/tier0/inst/u_gate/O
                         net (fo=2351, routed)        0.825     1.253    sys_i/tier0/inst/u_tier/u_VS/u_BALANCED_n13/u_SNN/clk_tier
    SLICE_X36Y98         FDCE                                         r  sys_i/tier0/inst/u_tier/u_VS/u_BALANCED_n13/u_SNN/op_prev_reg[0][0]/C
                         clock pessimism             -0.030     1.223    <hidden>
    SLICE_X36Y98         FDCE (Remov_fdce_C_CLR)     -0.133     1.090    sys_i/tier0/inst/u_tier/u_VS/u_BALANCED_n13/u_SNN/op_prev_reg[0][0]
  -------------------------------------------------------------------
                         required time                         -1.090    <hidden>
                         arrival time                           1.731    <hidden>
  -------------------------------------------------------------------
                         slack                                  0.641    <hidden>





