Copyright 1986-2022 Xilinx, Inc. All Rights Reserved. Copyright 2022-2026 Advanced Micro Devices, Inc. All Rights Reserved.
--------------------------------------------------------------------------------------------------------------------------------------------------------------------------------------
| Tool Version : Vivado v.2026.1 (win64) Build 6511674 Tue Jun 16 11:02:23 MDT 2026
| Date         : Wed Jul 29 18:51:01 2026
| Host         : AX16PRO running 64-bit major release  (build 9200)
| Command      : report_timing_summary -file {D:/Project_MBSE/1.Reti Neurali/Rete_SNN_Test/CF_FSNN/.worktrees/Simulink_Importer/FaseB2.0/Harness_SNN/hw/../results/timing_fclk40.rpt}
| Design       : sys_wrapper
| Device       : 7z020-clg400
| Speed File   : -1  PRODUCTION 1.12 2019-11-22
| Design State : Routed
--------------------------------------------------------------------------------------------------------------------------------------------------------------------------------------

Timing Summary Report

------------------------------------------------------------------------------------------------
| Timer Settings
| --------------
------------------------------------------------------------------------------------------------

  Enable Multi Corner Analysis               :  Yes
  Enable Pessimism Removal                   :  Yes
  Pessimism Removal Resolution               :  Nearest Common Node
  Enable Input Delay Default Clock           :  No
  Enable Preset / Clear Arcs                 :  No
  Disable Flight Delays                      :  No
  Ignore I/O Paths                           :  No
  Timing Early Launch at Borrowing Latches   :  No
  Borrow Time for Max Delay Exceptions       :  Yes
  Merge Timing Exceptions                    :  Yes
  Inter-SLR Compensation                     :  Conservative

  Corner  Analyze    Analyze    
  Name    Max Paths  Min Paths  
  ------  ---------  ---------  
  Slow    Yes        Yes        
  Fast    Yes        Yes        


------------------------------------------------------------------------------------------------
| Report Methodology
| ------------------
------------------------------------------------------------------------------------------------

Rule     Severity  Description                   Violations  
-------  --------  ----------------------------  ----------  
DPIR-1   Warning   Asynchronous driver check     480         
LUTAR-1  Warning   LUT drives async reset alert  1           

Note: This report is based on the most recent report_methodology run and may not be up-to-date. Run report_methodology on the current design for the latest report.



check_timing report

Table of Contents
-----------------
1. checking no_clock (0)
2. checking constant_clock (0)
3. checking pulse_width_clock (0)
4. checking unconstrained_internal_endpoints (0)
5. checking no_input_delay (0)
6. checking no_output_delay (0)
7. checking multiple_clock (0)
8. checking generated_clocks (0)
9. checking loops (0)
10. checking partial_input_delay (0)
11. checking partial_output_delay (0)
12. checking latch_loops (0)

1. checking no_clock (0)
------------------------
 There are 0 register/latch pins with no clock.


2. checking constant_clock (0)
------------------------------
 There are 0 register/latch pins with constant_clock.


3. checking pulse_width_clock (0)
---------------------------------
 There are 0 register/latch pins which need pulse_width check


4. checking unconstrained_internal_endpoints (0)
------------------------------------------------
 There are 0 pins that are not constrained for maximum delay.

 There are 0 pins that are not constrained for maximum delay due to constant clock.


5. checking no_input_delay (0)
------------------------------
 There are 0 input ports with no input delay specified.

 There are 0 input ports with no input delay but user has a false path constraint.


6. checking no_output_delay (0)
-------------------------------
 There are 0 ports with no output delay specified.

 There are 0 ports with no output delay but user has a false path constraint

 There are 0 ports with no output delay but with a timing clock defined on it or propagating through it


7. checking multiple_clock (0)
------------------------------
 There are 0 register/latch pins with multiple clocks.


8. checking generated_clocks (0)
--------------------------------
 There are 0 generated clocks that are not connected to a clock source.


9. checking loops (0)
---------------------
 There are 0 combinational loops in the design.


10. checking partial_input_delay (0)
------------------------------------
 There are 0 input ports with partial input delay specified.


11. checking partial_output_delay (0)
-------------------------------------
 There are 0 ports with partial output delay specified.


12. checking latch_loops (0)
----------------------------
 There are 0 combinational latch loops in the design through latch input



------------------------------------------------------------------------------------------------
| Design Timing Summary
| ---------------------
------------------------------------------------------------------------------------------------

    WNS(ns)      TNS(ns)  TNS Failing Endpoints  TNS Total Endpoints      WHS(ns)      THS(ns)  THS Failing Endpoints  THS Total Endpoints     WPWS(ns)     TPWS(ns)  TPWS Failing Endpoints  TPWS Total Endpoints  
    -------      -------  ---------------------  -------------------      -------      -------  ---------------------  -------------------     --------     --------  ----------------------  --------------------  
      2.626        0.000                      0                 8694        0.021        0.000                      0                 8694       11.520        0.000                       0                  3269  


All user specified timing constraints are met.


------------------------------------------------------------------------------------------------
| Clock Summary
| -------------
------------------------------------------------------------------------------------------------

Clock       Waveform(ns)       Period(ns)      Frequency(MHz)
-----       ------------       ----------      --------------
clk_fpga_0  {0.000 12.500}     25.000          40.000          


------------------------------------------------------------------------------------------------
| Intra Clock Table
| -----------------
------------------------------------------------------------------------------------------------

Clock             WNS(ns)      TNS(ns)  TNS Failing Endpoints  TNS Total Endpoints      WHS(ns)      THS(ns)  THS Failing Endpoints  THS Total Endpoints     WPWS(ns)     TPWS(ns)  TPWS Failing Endpoints  TPWS Total Endpoints  
-----             -------      -------  ---------------------  -------------------      -------      -------  ---------------------  -------------------     --------     --------  ----------------------  --------------------  
clk_fpga_0          2.626        0.000                      0                 6748        0.021        0.000                      0                 6748       11.520        0.000                       0                  3269  


------------------------------------------------------------------------------------------------
| Inter Clock Table
| -----------------
------------------------------------------------------------------------------------------------

From Clock    To Clock          WNS(ns)      TNS(ns)  TNS Failing Endpoints  TNS Total Endpoints      WHS(ns)      THS(ns)  THS Failing Endpoints  THS Total Endpoints  
----------    --------          -------      -------  ---------------------  -------------------      -------      -------  ---------------------  -------------------  


------------------------------------------------------------------------------------------------
| Other Path Groups Table
| -----------------------
------------------------------------------------------------------------------------------------

Path Group         From Clock         To Clock               WNS(ns)      TNS(ns)  TNS Failing Endpoints  TNS Total Endpoints      WHS(ns)      THS(ns)  THS Failing Endpoints  THS Total Endpoints  
----------         ----------         --------               -------      -------  ---------------------  -------------------      -------      -------  ---------------------  -------------------  
**async_default**  clk_fpga_0         clk_fpga_0              10.669        0.000                      0                 1946        0.476        0.000                      0                 1946  


------------------------------------------------------------------------------------------------
| Timing Details
| --------------
------------------------------------------------------------------------------------------------


---------------------------------------------------------------------------------------------------
From Clock:  clk_fpga_0
  To Clock:  clk_fpga_0

Setup :            0  Failing Endpoints,  Worst Slack        2.626ns,  Total Violation        0.000ns
Hold  :            0  Failing Endpoints,  Worst Slack        0.021ns,  Total Violation        0.000ns
PW    :            0  Failing Endpoints,  Worst Slack       11.520ns,  Total Violation        0.000ns
---------------------------------------------------------------------------------------------------


Max Delay Paths
--------------------------------------------------------------------------------------
Slack (MET) :             2.626ns  (required time - arrival time)
  Source:                 sys_i/tier0/inst/u_tier/u_VS/u_BALANCED_n13/u_DEC/pv_not_empty_reg/C
                            (rising edge-triggered cell FDCE clocked by clk_fpga_0  {rise@0.000ns fall@12.500ns period=25.000ns})
  Destination:            sys_i/tier0/inst/u_tier/u_VS/u_BALANCED_n13/u_DEC/q1f_reg[4][11]/S
                            (rising edge-triggered cell FDSE clocked by clk_fpga_0  {rise@0.000ns fall@12.500ns period=25.000ns})
  Path Group:             clk_fpga_0
  Path Type:              Setup (Max at Slow Process Corner)
  Requirement:            25.000ns  (clk_fpga_0 rise@25.000ns - clk_fpga_0 rise@0.000ns)
  Data Path Delay:        21.508ns  (logic 9.040ns (42.031%)  route 12.468ns (57.969%))
  Logic Levels:           13  (CARRY4=3 DSP48E1=1 LUT2=2 LUT3=2 LUT4=1 LUT6=4)
  Clock Path Skew:        -0.061ns (DCD - SCD + CPR)
    Destination Clock Delay (DCD):    2.975ns = ( 27.976 - 25.000 ) 
    Source Clock Delay      (SCD):    3.174ns
    Clock Pessimism Removal (CPR):    0.138ns
  Clock Uncertainty:      0.377ns  ((TSJ^2 + TIJ^2)^1/2 + DJ) / 2 + PE
    Total System Jitter     (TSJ):    0.071ns
    Total Input Jitter      (TIJ):    0.750ns
    Discrete Jitter          (DJ):    0.000ns
    Phase Error              (PE):    0.000ns

    Location             Delay type                Incr(ns)  Path(ns)    Netlist Resource(s)
  -------------------------------------------------------------------    -------------------
                         (clock clk_fpga_0 rise edge)
                                                      0.000     0.000 r  <hidden>
    PS7_X0Y0             PS7                          0.000     0.000 r  sys_i/ps7/inst/PS7_i/FCLKCLK[0]
                         net (fo=1, routed)           1.193     1.193    sys_i/ps7/inst/FCLK_CLK_unbuffered[0]
    BUFGCTRL_X0Y16       BUFG (Prop_bufg_I_O)         0.101     1.294 r  sys_i/ps7/inst/buffer_fclk_clk_0.FCLK_CLK_0_BUFG/O
                         net (fo=918, routed)         0.146     1.440    sys_i/tier0/inst/S_AXI_ACLK
    BUFGCTRL_X0Y17       BUFGCTRL (Prop_bufgctrl_I0_O)
                                                      0.101     1.541 r  sys_i/tier0/inst/u_gate/O
                         net (fo=2351, routed)        1.633     3.174    sys_i/tier0/inst/u_tier/u_VS/u_BALANCED_n13/u_DEC/clk_tier
    SLICE_X41Y76         FDCE                                         r  sys_i/tier0/inst/u_tier/u_VS/u_BALANCED_n13/u_DEC/pv_not_empty_reg/C
  -------------------------------------------------------------------    -------------------
    SLICE_X41Y76         FDCE (Prop_fdce_C_Q)         0.456     3.630 r  sys_i/tier0/inst/u_tier/u_VS/u_BALANCED_n13/u_DEC/pv_not_empty_reg/Q
                         net (fo=713, routed)         1.533     5.163    sys_i/tier0/inst/u_tier/u_VS/u_BALANCED_n13/u_DEC/pv_not_empty_reg_0
    SLICE_X42Y57         LUT2 (Prop_lut2_I0_O)        0.150     5.313 r  sys_i/tier0/inst/u_tier/u_VS/u_BALANCED_n13/u_DEC/snn_champions_lib_c29_DEC_output.adjv[4]4_i_20/O
                         net (fo=1, routed)           1.667     6.980    sys_i/tier0/inst/u_tier/u_VS/u_BALANCED_n13/u_DEC/snn_champions_lib_c29_DEC_output.adjv[4]4_i_20_n_0
    DSP48_X1Y18          DSP48E1 (Prop_dsp48e1_D[1]_PATTERNDETECT)
                                                      5.867    12.847 r  sys_i/tier0/inst/u_tier/u_VS/u_BALANCED_n13/u_DEC/snn_champions_lib_c29_DEC_output.adjv[4]4/PATTERNDETECT
                         net (fo=1, routed)           1.281    14.128    sys_i/tier0/inst/u_tier/u_VS/u_BALANCED_n13/u_DEC/snn_champions_lib_c29_DEC_output.adjv[4]3
    SLICE_X23Y49         LUT6 (Prop_lut6_I0_O)        0.124    14.252 r  sys_i/tier0/inst/u_tier/u_VS/u_BALANCED_n13/u_DEC/q1k[4][5]_i_8/O
                         net (fo=9, routed)           0.938    15.190    sys_i/tier0/inst/u_tier/u_VS/u_BALANCED_n13/u_DEC/q1k[4][5]_i_8_n_0
    SLICE_X28Y51         LUT2 (Prop_lut2_I0_O)        0.124    15.314 r  sys_i/tier0/inst/u_tier/u_VS/u_BALANCED_n13/u_DEC/q1k[4][1]_i_6/O
                         net (fo=27, routed)          0.757    16.071    sys_i/tier0/inst/u_tier/u_VS/u_BALANCED_n13/u_DEC/q1k[4][1]_i_6_n_0
    SLICE_X25Y49         LUT3 (Prop_lut3_I0_O)        0.124    16.195 r  sys_i/tier0/inst/u_tier/u_VS/u_BALANCED_n13/u_DEC/q1k[4][1]_i_5/O
                         net (fo=1, routed)           0.000    16.195    sys_i/tier0/inst/u_tier/u_VS/u_BALANCED_n13/u_DEC/q1k[4][1]_i_5_n_0
    SLICE_X25Y49         CARRY4 (Prop_carry4_S[0]_CO[3])
                                                      0.532    16.727 r  sys_i/tier0/inst/u_tier/u_VS/u_BALANCED_n13/u_DEC/q1k_reg[4][1]_i_2/CO[3]
                         net (fo=21, routed)          1.268    17.995    sys_i/tier0/inst/u_tier/u_VS/u_BALANCED_n13/u_DEC/q1k_reg[4][1]_i_2_n_0
    SLICE_X28Y53         LUT3 (Prop_lut3_I2_O)        0.124    18.119 r  sys_i/tier0/inst/u_tier/u_VS/u_BALANCED_n13/u_DEC/q1k[4][5]_i_10/O
                         net (fo=1, routed)           0.300    18.419    sys_i/tier0/inst/u_tier/u_VS/u_BALANCED_n13/u_DEC/q1k[4][5]_i_10_n_0
    SLICE_X28Y52         LUT6 (Prop_lut6_I0_O)        0.124    18.543 f  sys_i/tier0/inst/u_tier/u_VS/u_BALANCED_n13/u_DEC/q1k[4][5]_i_4/O
                         net (fo=16, routed)          0.670    19.213    sys_i/tier0/inst/u_tier/u_VS/u_BALANCED_n13/u_DEC/q1k[4][5]_i_4_n_0
    SLICE_X28Y53         LUT6 (Prop_lut6_I1_O)        0.124    19.337 r  sys_i/tier0/inst/u_tier/u_VS/u_BALANCED_n13/u_DEC/q1f[4][15]_i_12/O
                         net (fo=1, routed)           0.494    19.831    sys_i/tier0/inst/u_tier/u_VS/u_BALANCED_n13/u_DEC/q1f[4][15]_i_12_n_0
    SLICE_X27Y53         CARRY4 (Prop_carry4_DI[2]_CO[3])
                                                      0.398    20.229 r  sys_i/tier0/inst/u_tier/u_VS/u_BALANCED_n13/u_DEC/q1f_reg[4][15]_i_6/CO[3]
                         net (fo=1, routed)           0.000    20.229    sys_i/tier0/inst/u_tier/u_VS/u_BALANCED_n13/u_DEC/q1f_reg[4][15]_i_6_n_0
    SLICE_X27Y54         CARRY4 (Prop_carry4_CI_CO[2])
                                                      0.228    20.457 r  sys_i/tier0/inst/u_tier/u_VS/u_BALANCED_n13/u_DEC/q1f_reg[4][15]_i_5/CO[2]
                         net (fo=14, routed)          1.576    22.033    sys_i/tier0/inst/u_tier/u_VS/u_BALANCED_n13/u_DEC/q1f_reg[4][15]_i_5_n_1
    SLICE_X34Y68         LUT4 (Prop_lut4_I0_O)        0.337    22.370 r  sys_i/tier0/inst/u_tier/u_VS/u_BALANCED_n13/u_DEC/q1f[4][15]_i_3/O
                         net (fo=1, routed)           1.126    23.496    sys_i/tier0/inst/u_tier/u_VS/u_BALANCED_n13/u_DEC/q1f[4][15]_i_3_n_0
    SLICE_X28Y54         LUT6 (Prop_lut6_I1_O)        0.328    23.824 r  sys_i/tier0/inst/u_tier/u_VS/u_BALANCED_n13/u_DEC/q1f[4][15]_i_1/O
                         net (fo=16, routed)          0.858    24.682    sys_i/tier0/inst/u_tier/u_VS/u_BALANCED_n13/u_DEC/q1f[4][15]_i_1_n_0
    SLICE_X29Y49         FDSE                                         r  sys_i/tier0/inst/u_tier/u_VS/u_BALANCED_n13/u_DEC/q1f_reg[4][11]/S
  -------------------------------------------------------------------    -------------------

                         (clock clk_fpga_0 rise edge)
                                                     25.000    25.000 r  <hidden>
    PS7_X0Y0             PS7                          0.000    25.000 r  sys_i/ps7/inst/PS7_i/FCLKCLK[0]
                         net (fo=1, routed)           1.088    26.088    sys_i/ps7/inst/FCLK_CLK_unbuffered[0]
    BUFGCTRL_X0Y16       BUFG (Prop_bufg_I_O)         0.091    26.179 r  sys_i/ps7/inst/buffer_fclk_clk_0.FCLK_CLK_0_BUFG/O
                         net (fo=918, routed)         0.133    26.312    sys_i/tier0/inst/S_AXI_ACLK
    BUFGCTRL_X0Y17       BUFGCTRL (Prop_bufgctrl_I0_O)
                                                      0.091    26.403 r  sys_i/tier0/inst/u_gate/O
                         net (fo=2351, routed)        1.572    27.975    sys_i/tier0/inst/u_tier/u_VS/u_BALANCED_n13/u_DEC/clk_tier
    SLICE_X29Y49         FDSE                                         r  sys_i/tier0/inst/u_tier/u_VS/u_BALANCED_n13/u_DEC/q1f_reg[4][11]/C
                         clock pessimism              0.138    28.113    <hidden>
                         clock uncertainty           -0.377    27.737    <hidden>
    SLICE_X29Y49         FDSE (Setup_fdse_C_S)       -0.429    27.308    sys_i/tier0/inst/u_tier/u_VS/u_BALANCED_n13/u_DEC/q1f_reg[4][11]
  -------------------------------------------------------------------
                         required time                         27.308    <hidden>
                         arrival time                         -24.682    <hidden>
  -------------------------------------------------------------------
                         slack                                  2.626    <hidden>





Min Delay Paths
--------------------------------------------------------------------------------------
Slack (MET) :             0.021ns  (arrival time - required time)
  Source:                 sys_i/tier0/inst/u_tier/u_VS/u_BALANCED_n13/u_SNN/c602_xbuf_1_reg[16][6]/C
                            (rising edge-triggered cell FDCE clocked by clk_fpga_0  {rise@0.000ns fall@12.500ns period=25.000ns})
  Destination:            sys_i/tier0/inst/u_tier/u_VS/u_BALANCED_n13/u_SNN/c602_xbuf_1_reg[20][6]/D
                            (rising edge-triggered cell FDCE clocked by clk_fpga_0  {rise@0.000ns fall@12.500ns period=25.000ns})
  Path Group:             clk_fpga_0
  Path Type:              Hold (Min at Fast Process Corner)
  Requirement:            0.000ns  (clk_fpga_0 rise@0.000ns - clk_fpga_0 rise@0.000ns)
  Data Path Delay:        0.353ns  (logic 0.141ns (39.955%)  route 0.212ns (60.045%))
  Logic Levels:           0  
  Clock Path Skew:        0.260ns (DCD - SCD - CPR)
    Destination Clock Delay (DCD):    1.334ns
    Source Clock Delay      (SCD):    1.029ns
    Clock Pessimism Removal (CPR):    0.045ns

    Location             Delay type                Incr(ns)  Path(ns)    Netlist Resource(s)
  -------------------------------------------------------------------    -------------------
                         (clock clk_fpga_0 rise edge)
                                                      0.000     0.000 r  <hidden>
    PS7_X0Y0             PS7                          0.000     0.000 r  sys_i/ps7/inst/PS7_i/FCLKCLK[0]
                         net (fo=1, routed)           0.310     0.310    sys_i/ps7/inst/FCLK_CLK_unbuffered[0]
    BUFGCTRL_X0Y16       BUFG (Prop_bufg_I_O)         0.026     0.336 r  sys_i/ps7/inst/buffer_fclk_clk_0.FCLK_CLK_0_BUFG/O
                         net (fo=918, routed)         0.030     0.366    sys_i/tier0/inst/S_AXI_ACLK
    BUFGCTRL_X0Y17       BUFGCTRL (Prop_bufgctrl_I0_O)
                                                      0.026     0.392 r  sys_i/tier0/inst/u_gate/O
                         net (fo=2351, routed)        0.637     1.029    sys_i/tier0/inst/u_tier/u_VS/u_BALANCED_n13/u_SNN/clk_tier
    SLICE_X48Y105        FDCE                                         r  sys_i/tier0/inst/u_tier/u_VS/u_BALANCED_n13/u_SNN/c602_xbuf_1_reg[16][6]/C
  -------------------------------------------------------------------    -------------------
    SLICE_X48Y105        FDCE (Prop_fdce_C_Q)         0.141     1.170 r  sys_i/tier0/inst/u_tier/u_VS/u_BALANCED_n13/u_SNN/c602_xbuf_1_reg[16][6]/Q
                         net (fo=2, routed)           0.212     1.382    sys_i/tier0/inst/u_tier/u_VS/u_BALANCED_n13/u_SNN/c602_xbuf_1_reg[16]_71[6]
    SLICE_X52Y105        FDCE                                         r  sys_i/tier0/inst/u_tier/u_VS/u_BALANCED_n13/u_SNN/c602_xbuf_1_reg[20][6]/D
  -------------------------------------------------------------------    -------------------

                         (clock clk_fpga_0 rise edge)
                                                      0.000     0.000 r  <hidden>
    PS7_X0Y0             PS7                          0.000     0.000 r  sys_i/ps7/inst/PS7_i/FCLKCLK[0]
                         net (fo=1, routed)           0.337     0.337    sys_i/ps7/inst/FCLK_CLK_unbuffered[0]
    BUFGCTRL_X0Y16       BUFG (Prop_bufg_I_O)         0.029     0.366 r  sys_i/ps7/inst/buffer_fclk_clk_0.FCLK_CLK_0_BUFG/O
                         net (fo=918, routed)         0.033     0.399    sys_i/tier0/inst/S_AXI_ACLK
    BUFGCTRL_X0Y17       BUFGCTRL (Prop_bufgctrl_I0_O)
                                                      0.029     0.428 r  sys_i/tier0/inst/u_gate/O
                         net (fo=2351, routed)        0.906     1.334    sys_i/tier0/inst/u_tier/u_VS/u_BALANCED_n13/u_SNN/clk_tier
    SLICE_X52Y105        FDCE                                         r  sys_i/tier0/inst/u_tier/u_VS/u_BALANCED_n13/u_SNN/c602_xbuf_1_reg[20][6]/C
                         clock pessimism             -0.045     1.289    <hidden>
    SLICE_X52Y105        FDCE (Hold_fdce_C_D)         0.072     1.361    sys_i/tier0/inst/u_tier/u_VS/u_BALANCED_n13/u_SNN/c602_xbuf_1_reg[20][6]
  -------------------------------------------------------------------
                         required time                         -1.361    <hidden>
                         arrival time                           1.382    <hidden>
  -------------------------------------------------------------------
                         slack                                  0.021    <hidden>





Pulse Width Checks
--------------------------------------------------------------------------------------
Clock Name:         clk_fpga_0
Waveform(ns):       { 0.000 12.500 }
Period(ns):         25.000
Sources:            { sys_i/ps7/inst/PS7_i/FCLKCLK[0] }

Check Type        Corner  Lib Pin             Reference Pin  Required(ns)  Actual(ns)  Slack(ns)  Location      Pin
Min Period        n/a     RAMB18E1/CLKARDCLK  n/a            2.944         25.000      22.056     RAMB18_X3Y36  sys_i/tier0/inst/u_tier/u_VS/u_BALANCED_n13/u_SNN/u_dualPortRam/ram_reg/CLKARDCLK
Low Pulse Width   Slow    SRLC32E/CLK         n/a            0.980         12.500      11.520     SLICE_X30Y87  sys_i/ps7_axi_periph/s00_couplers/auto_pc/inst/gen_axilite.gen_b2s_conv.axilite_b2s/RD.r_channel_0/rd_data_fifo_0/memory_reg[31][0]_srl32/CLK
High Pulse Width  Slow    SRLC32E/CLK         n/a            0.980         12.500      11.520     SLICE_X30Y87  sys_i/ps7_axi_periph/s00_couplers/auto_pc/inst/gen_axilite.gen_b2s_conv.axilite_b2s/RD.r_channel_0/rd_data_fifo_0/memory_reg[31][0]_srl32/CLK



---------------------------------------------------------------------------------------------------
Path Group:  **async_default**
From Clock:  clk_fpga_0
  To Clock:  clk_fpga_0

Setup :            0  Failing Endpoints,  Worst Slack       10.669ns,  Total Violation        0.000ns
Hold  :            0  Failing Endpoints,  Worst Slack        0.476ns,  Total Violation        0.000ns
---------------------------------------------------------------------------------------------------


Max Delay Paths
--------------------------------------------------------------------------------------
Slack (MET) :             10.669ns  (required time - arrival time)
  Source:                 sys_i/rst_ps7_40M/U0/ACTIVE_LOW_PR_OUT_DFF[0].FDRE_PER_N/C
                            (rising edge-triggered cell FDRE clocked by clk_fpga_0  {rise@0.000ns fall@12.500ns period=25.000ns})
  Destination:            sys_i/tier0/inst/u_tier/u_VS/u_BALANCED_n13/u_SNN/t_lr_nxt_1_reg[6][11]/CLR
                            (recovery check against rising-edge clock clk_fpga_0  {rise@0.000ns fall@12.500ns period=25.000ns})
  Path Group:             **async_default**
  Path Type:              Recovery (Max at Slow Process Corner)
  Requirement:            25.000ns  (clk_fpga_0 rise@25.000ns - clk_fpga_0 rise@0.000ns)
  Data Path Delay:        13.555ns  (logic 0.608ns (4.485%)  route 12.947ns (95.515%))
  Logic Levels:           1  (LUT2=1)
  Clock Path Skew:        0.122ns (DCD - SCD + CPR)
    Destination Clock Delay (DCD):    3.001ns = ( 28.001 - 25.000 ) 
    Source Clock Delay      (SCD):    2.994ns
    Clock Pessimism Removal (CPR):    0.115ns
  Clock Uncertainty:      0.377ns  ((TSJ^2 + TIJ^2)^1/2 + DJ) / 2 + PE
    Total System Jitter     (TSJ):    0.071ns
    Total Input Jitter      (TIJ):    0.750ns
    Discrete Jitter          (DJ):    0.000ns
    Phase Error              (PE):    0.000ns

    Location             Delay type                Incr(ns)  Path(ns)    Netlist Resource(s)
  -------------------------------------------------------------------    -------------------
                         (clock clk_fpga_0 rise edge)
                                                      0.000     0.000 r  <hidden>
    PS7_X0Y0             PS7                          0.000     0.000 r  sys_i/ps7/inst/PS7_i/FCLKCLK[0]
                         net (fo=1, routed)           1.193     1.193    sys_i/ps7/inst/FCLK_CLK_unbuffered[0]
    BUFGCTRL_X0Y16       BUFG (Prop_bufg_I_O)         0.101     1.294 r  sys_i/ps7/inst/buffer_fclk_clk_0.FCLK_CLK_0_BUFG/O
                         net (fo=918, routed)         1.700     2.994    sys_i/rst_ps7_40M/U0/slowest_sync_clk
    SLICE_X29Y98         FDRE                                         r  sys_i/rst_ps7_40M/U0/ACTIVE_LOW_PR_OUT_DFF[0].FDRE_PER_N/C
  -------------------------------------------------------------------    -------------------
    SLICE_X29Y98         FDRE (Prop_fdre_C_Q)         0.456     3.450 r  sys_i/rst_ps7_40M/U0/ACTIVE_LOW_PR_OUT_DFF[0].FDRE_PER_N/Q
                         net (fo=9, routed)           2.116     5.566    sys_i/tier0/inst/u_tier/u_VS/u_BALANCED_n13/u_SNN/S_AXI_ARESETN
    SLICE_X35Y100        LUT2 (Prop_lut2_I0_O)        0.152     5.718 f  sys_i/tier0/inst/u_tier/u_VS/u_BALANCED_n13/u_SNN/op_reg[0][31]_i_1/O
                         net (fo=1958, routed)       10.831    16.549    sys_i/tier0/inst/u_tier/u_VS/u_BALANCED_n13/u_SNN/S_AXI_ARESETN_0
    SLICE_X104Y70        FDCE                                         f  sys_i/tier0/inst/u_tier/u_VS/u_BALANCED_n13/u_SNN/t_lr_nxt_1_reg[6][11]/CLR
  -------------------------------------------------------------------    -------------------

                         (clock clk_fpga_0 rise edge)
                                                     25.000    25.000 r  <hidden>
    PS7_X0Y0             PS7                          0.000    25.000 r  sys_i/ps7/inst/PS7_i/FCLKCLK[0]
                         net (fo=1, routed)           1.088    26.088    sys_i/ps7/inst/FCLK_CLK_unbuffered[0]
    BUFGCTRL_X0Y16       BUFG (Prop_bufg_I_O)         0.091    26.179 r  sys_i/ps7/inst/buffer_fclk_clk_0.FCLK_CLK_0_BUFG/O
                         net (fo=918, routed)         0.133    26.312    sys_i/tier0/inst/S_AXI_ACLK
    BUFGCTRL_X0Y17       BUFGCTRL (Prop_bufgctrl_I0_O)
                                                      0.091    26.403 r  sys_i/tier0/inst/u_gate/O
                         net (fo=2351, routed)        1.598    28.001    sys_i/tier0/inst/u_tier/u_VS/u_BALANCED_n13/u_SNN/clk_tier
    SLICE_X104Y70        FDCE                                         r  sys_i/tier0/inst/u_tier/u_VS/u_BALANCED_n13/u_SNN/t_lr_nxt_1_reg[6][11]/C
                         clock pessimism              0.115    28.116    <hidden>
                         clock uncertainty           -0.377    27.739    <hidden>
    SLICE_X104Y70        FDCE (Recov_fdce_C_CLR)     -0.521    27.218    sys_i/tier0/inst/u_tier/u_VS/u_BALANCED_n13/u_SNN/t_lr_nxt_1_reg[6][11]
  -------------------------------------------------------------------
                         required time                         27.218    <hidden>
                         arrival time                         -16.549    <hidden>
  -------------------------------------------------------------------
                         slack                                 10.669    <hidden>





Min Delay Paths
--------------------------------------------------------------------------------------
Slack (MET) :             0.476ns  (arrival time - required time)
  Source:                 sys_i/tier0/inst/started_reg/C
                            (rising edge-triggered cell FDRE clocked by clk_fpga_0  {rise@0.000ns fall@12.500ns period=25.000ns})
  Destination:            sys_i/tier0/inst/u_tier/u_VS/u_BALANCED_n13/u_SNN/op_prev_reg[0][1]/CLR
                            (removal check against rising-edge clock clk_fpga_0  {rise@0.000ns fall@12.500ns period=25.000ns})
  Path Group:             **async_default**
  Path Type:              Removal (Min at Fast Process Corner)
  Requirement:            0.000ns  (clk_fpga_0 rise@0.000ns - clk_fpga_0 rise@0.000ns)
  Data Path Delay:        0.654ns  (logic 0.225ns (34.419%)  route 0.429ns (65.581%))
  Logic Levels:           1  (LUT2=1)
  Clock Path Skew:        0.332ns (DCD - SCD - CPR)
    Destination Clock Delay (DCD):    1.339ns
    Source Clock Delay      (SCD):    0.977ns
    Clock Pessimism Removal (CPR):    0.030ns

    Location             Delay type                Incr(ns)  Path(ns)    Netlist Resource(s)
  -------------------------------------------------------------------    -------------------
                         (clock clk_fpga_0 rise edge)
                                                      0.000     0.000 r  <hidden>
    PS7_X0Y0             PS7                          0.000     0.000 r  sys_i/ps7/inst/PS7_i/FCLKCLK[0]
                         net (fo=1, routed)           0.310     0.310    sys_i/ps7/inst/FCLK_CLK_unbuffered[0]
    BUFGCTRL_X0Y16       BUFG (Prop_bufg_I_O)         0.026     0.336 r  sys_i/ps7/inst/buffer_fclk_clk_0.FCLK_CLK_0_BUFG/O
                         net (fo=918, routed)         0.641     0.977    sys_i/tier0/inst/S_AXI_ACLK
    SLICE_X35Y100        FDRE                                         r  sys_i/tier0/inst/started_reg/C
  -------------------------------------------------------------------    -------------------
    SLICE_X35Y100        FDRE (Prop_fdre_C_Q)         0.128     1.105 r  sys_i/tier0/inst/started_reg/Q
                         net (fo=2, routed)           0.225     1.330    sys_i/tier0/inst/u_tier/u_VS/u_BALANCED_n13/u_SNN/started
    SLICE_X35Y100        LUT2 (Prop_lut2_I1_O)        0.097     1.427 f  sys_i/tier0/inst/u_tier/u_VS/u_BALANCED_n13/u_SNN/op_reg[0][31]_i_1/O
                         net (fo=1958, routed)        0.204     1.631    sys_i/tier0/inst/u_tier/u_VS/u_BALANCED_n13/u_SNN/S_AXI_ARESETN_0
    SLICE_X41Y100        FDCE                                         f  sys_i/tier0/inst/u_tier/u_VS/u_BALANCED_n13/u_SNN/op_prev_reg[0][1]/CLR
  -------------------------------------------------------------------    -------------------

                         (clock clk_fpga_0 rise edge)
                                                      0.000     0.000 r  <hidden>
    PS7_X0Y0             PS7                          0.000     0.000 r  sys_i/ps7/inst/PS7_i/FCLKCLK[0]
                         net (fo=1, routed)           0.337     0.337    sys_i/ps7/inst/FCLK_CLK_unbuffered[0]
    BUFGCTRL_X0Y16       BUFG (Prop_bufg_I_O)         0.029     0.366 r  sys_i/ps7/inst/buffer_fclk_clk_0.FCLK_CLK_0_BUFG/O
                         net (fo=918, routed)         0.033     0.399    sys_i/tier0/inst/S_AXI_ACLK
    BUFGCTRL_X0Y17       BUFGCTRL (Prop_bufgctrl_I0_O)
                                                      0.029     0.428 r  sys_i/tier0/inst/u_gate/O
                         net (fo=2351, routed)        0.911     1.339    sys_i/tier0/inst/u_tier/u_VS/u_BALANCED_n13/u_SNN/clk_tier
    SLICE_X41Y100        FDCE                                         r  sys_i/tier0/inst/u_tier/u_VS/u_BALANCED_n13/u_SNN/op_prev_reg[0][1]/C
                         clock pessimism             -0.030     1.309    <hidden>
    SLICE_X41Y100        FDCE (Remov_fdce_C_CLR)     -0.154     1.155    sys_i/tier0/inst/u_tier/u_VS/u_BALANCED_n13/u_SNN/op_prev_reg[0][1]
  -------------------------------------------------------------------
                         required time                         -1.155    <hidden>
                         arrival time                           1.631    <hidden>
  -------------------------------------------------------------------
                         slack                                  0.476    <hidden>





