Copyright 1986-2022 Xilinx, Inc. All Rights Reserved. Copyright 2022-2026 Advanced Micro Devices, Inc. All Rights Reserved.
------------------------------------------------------------------------------------------------------------------------------------------------------------------------------------
| Tool Version : Vivado v.2026.1 (win64) Build 6511674 Tue Jun 16 11:02:23 MDT 2026
| Date         : Wed Jul 29 19:16:15 2026
| Host         : AX16PRO running 64-bit major release  (build 9200)
| Command      : report_timing_summary -file {D:/Project_MBSE/1.Reti Neurali/Rete_SNN_Test/CF_FSNN/.worktrees/Simulink_Importer/FaseB2.0/Harness_SNN/results/timing_ooc_fclk52.rpt}
| Design       : tier_axi_lite
| Device       : 7z020-clg400
| Speed File   : -1  PRODUCTION 1.12 2019-11-22
| Design State : Routed
------------------------------------------------------------------------------------------------------------------------------------------------------------------------------------

Timing Summary Report

------------------------------------------------------------------------------------------------
| Timer Settings
| --------------
------------------------------------------------------------------------------------------------

  Enable Multi Corner Analysis               :  Yes
  Enable Pessimism Removal                   :  Yes
  Pessimism Removal Resolution               :  Nearest Common Node
  Enable Input Delay Default Clock           :  No
  Enable Preset / Clear Arcs                 :  No
  Disable Flight Delays                      :  No
  Ignore I/O Paths                           :  No
  Timing Early Launch at Borrowing Latches   :  No
  Borrow Time for Max Delay Exceptions       :  Yes
  Merge Timing Exceptions                    :  Yes
  Inter-SLR Compensation                     :  Conservative

  Corner  Analyze    Analyze    
  Name    Max Paths  Min Paths  
  ------  ---------  ---------  
  Slow    Yes        Yes        
  Fast    Yes        Yes        


------------------------------------------------------------------------------------------------
| Report Methodology
| ------------------
------------------------------------------------------------------------------------------------

Rule       Severity  Description                                 Violations  
---------  --------  ------------------------------------------  ----------  
DPIR-1     Warning   Asynchronous driver check                   480         
LUTAR-1    Warning   LUT drives async reset alert                1           
SYNTH-6    Warning   Timing of a RAM block might be sub-optimal  2           
SYNTH-10   Warning   Wide multiplier                             12          
TIMING-18  Warning   Missing input or output delay               91          

Note: This report is based on the most recent report_methodology run and may not be up-to-date. Run report_methodology on the current design for the latest report.



check_timing report

Table of Contents
-----------------
1. checking no_clock (0)
2. checking constant_clock (0)
3. checking pulse_width_clock (0)
4. checking unconstrained_internal_endpoints (0)
5. checking no_input_delay (50)
6. checking no_output_delay (37)
7. checking multiple_clock (0)
8. checking generated_clocks (0)
9. checking loops (0)
10. checking partial_input_delay (0)
11. checking partial_output_delay (0)
12. checking latch_loops (0)

1. checking no_clock (0)
------------------------
 There are 0 register/latch pins with no clock.


2. checking constant_clock (0)
------------------------------
 There are 0 register/latch pins with constant_clock.


3. checking pulse_width_clock (0)
---------------------------------
 There are 0 register/latch pins which need pulse_width check


4. checking unconstrained_internal_endpoints (0)
------------------------------------------------
 There are 0 pins that are not constrained for maximum delay.

 There are 0 pins that are not constrained for maximum delay due to constant clock.


5. checking no_input_delay (50)
-------------------------------
 There are 50 input ports with no input delay specified. (HIGH)

 There are 0 input ports with no input delay but user has a false path constraint.


6. checking no_output_delay (37)
--------------------------------
 There are 37 ports with no output delay specified. (HIGH)

 There are 0 ports with no output delay but user has a false path constraint

 There are 0 ports with no output delay but with a timing clock defined on it or propagating through it


7. checking multiple_clock (0)
------------------------------
 There are 0 register/latch pins with multiple clocks.


8. checking generated_clocks (0)
--------------------------------
 There are 0 generated clocks that are not connected to a clock source.


9. checking loops (0)
---------------------
 There are 0 combinational loops in the design.


10. checking partial_input_delay (0)
------------------------------------
 There are 0 input ports with partial input delay specified.


11. checking partial_output_delay (0)
-------------------------------------
 There are 0 ports with partial output delay specified.


12. checking latch_loops (0)
----------------------------
 There are 0 combinational latch loops in the design through latch input



------------------------------------------------------------------------------------------------
| Design Timing Summary
| ---------------------
------------------------------------------------------------------------------------------------

    WNS(ns)      TNS(ns)  TNS Failing Endpoints  TNS Total Endpoints      WHS(ns)      THS(ns)  THS Failing Endpoints  THS Total Endpoints     WPWS(ns)     TPWS(ns)  TPWS Failing Endpoints  TPWS Total Endpoints  
    -------      -------  ---------------------  -------------------      -------      -------  ---------------------  -------------------     --------     --------  ----------------------  --------------------  
      0.355        0.000                      0                 7164        0.126        0.000                      0                 7164        9.115        0.000                       0                  2745  


All user specified timing constraints are met.


------------------------------------------------------------------------------------------------
| Clock Summary
| -------------
------------------------------------------------------------------------------------------------

Clock  Waveform(ns)       Period(ns)      Frequency(MHz)
-----  ------------       ----------      --------------
aclk   {0.000 9.616}      19.231          51.999          


------------------------------------------------------------------------------------------------
| Intra Clock Table
| -----------------
------------------------------------------------------------------------------------------------

Clock             WNS(ns)      TNS(ns)  TNS Failing Endpoints  TNS Total Endpoints      WHS(ns)      THS(ns)  THS Failing Endpoints  THS Total Endpoints     WPWS(ns)     TPWS(ns)  TPWS Failing Endpoints  TPWS Total Endpoints  
-----             -------      -------  ---------------------  -------------------      -------      -------  ---------------------  -------------------     --------     --------  ----------------------  --------------------  
aclk                0.355        0.000                      0                 5218        0.126        0.000                      0                 5218        9.115        0.000                       0                  2745  


------------------------------------------------------------------------------------------------
| Inter Clock Table
| -----------------
------------------------------------------------------------------------------------------------

From Clock    To Clock          WNS(ns)      TNS(ns)  TNS Failing Endpoints  TNS Total Endpoints      WHS(ns)      THS(ns)  THS Failing Endpoints  THS Total Endpoints  
----------    --------          -------      -------  ---------------------  -------------------      -------      -------  ---------------------  -------------------  


------------------------------------------------------------------------------------------------
| Other Path Groups Table
| -----------------------
------------------------------------------------------------------------------------------------

Path Group         From Clock         To Clock               WNS(ns)      TNS(ns)  TNS Failing Endpoints  TNS Total Endpoints      WHS(ns)      THS(ns)  THS Failing Endpoints  THS Total Endpoints  
----------         ----------         --------               -------      -------  ---------------------  -------------------      -------      -------  ---------------------  -------------------  
**async_default**  aclk               aclk                     6.417        0.000                      0                 1946        0.736        0.000                      0                 1946  


------------------------------------------------------------------------------------------------
| Timing Details
| --------------
------------------------------------------------------------------------------------------------


---------------------------------------------------------------------------------------------------
From Clock:  aclk
  To Clock:  aclk

Setup :            0  Failing Endpoints,  Worst Slack        0.355ns,  Total Violation        0.000ns
Hold  :            0  Failing Endpoints,  Worst Slack        0.126ns,  Total Violation        0.000ns
PW    :            0  Failing Endpoints,  Worst Slack        9.115ns,  Total Violation        0.000ns
---------------------------------------------------------------------------------------------------


Max Delay Paths
--------------------------------------------------------------------------------------
Slack (MET) :             0.355ns  (required time - arrival time)
  Source:                 u_tier/u_VS/u_BALANCED_n13/u_SNN/pR_idx_reg[4]/C
                            (rising edge-triggered cell FDCE clocked by aclk  {rise@0.000ns fall@9.616ns period=19.231ns})
  Destination:            u_tier/u_VS/u_BALANCED_n13/u_SNN/pCa_Ii_reg[16]/D
                            (rising edge-triggered cell FDCE clocked by aclk  {rise@0.000ns fall@9.616ns period=19.231ns})
  Path Group:             aclk
  Path Type:              Setup (Max at Slow Process Corner)
  Requirement:            19.231ns  (aclk rise@19.231ns - aclk rise@0.000ns)
  Data Path Delay:        18.808ns  (logic 9.598ns (51.032%)  route 9.210ns (48.968%))
  Logic Levels:           23  (CARRY4=14 DSP48E1=1 LUT2=1 LUT3=1 LUT4=1 LUT5=2 LUT6=3)
  Clock Path Skew:        -0.064ns (DCD - SCD + CPR)
    Destination Clock Delay (DCD):    2.559ns = ( 21.790 - 19.231 ) 
    Source Clock Delay      (SCD):    2.796ns
    Clock Pessimism Removal (CPR):    0.173ns
  Clock Uncertainty:      0.035ns  ((TSJ^2 + TIJ^2)^1/2 + DJ) / 2 + PE
    Total System Jitter     (TSJ):    0.071ns
    Total Input Jitter      (TIJ):    0.000ns
    Discrete Jitter          (DJ):    0.000ns
    Phase Error              (PE):    0.000ns

    Location             Delay type                Incr(ns)  Path(ns)    Netlist Resource(s)
  -------------------------------------------------------------------    -------------------
                         (clock aclk rise edge)       0.000     0.000 r  <hidden>
                                                      0.000     0.000 r  S_AXI_ACLK
                         net (fo=393, unset)          0.973     0.973    S_AXI_ACLK
    BUFGCTRL_X0Y16       BUFGCTRL (Prop_bufgctrl_I0_O)
                                                      0.101     1.074 r  u_gate/O
                         net (fo=2351, routed)        1.722     2.796    u_tier/u_VS/u_BALANCED_n13/u_SNN/clk_tier
    SLICE_X73Y19         FDCE                                         r  u_tier/u_VS/u_BALANCED_n13/u_SNN/pR_idx_reg[4]/C
  -------------------------------------------------------------------    -------------------
    SLICE_X73Y19         FDCE (Prop_fdce_C_Q)         0.419     3.215 r  u_tier/u_VS/u_BALANCED_n13/u_SNN/pR_idx_reg[4]/Q
                         net (fo=77, routed)          1.234     4.449    u_tier/u_VS/u_BALANCED_n13/u_SNN/pR_idx_reg_n_0_[4]
    SLICE_X80Y21         LUT5 (Prop_lut5_I0_O)        0.299     4.748 r  u_tier/u_VS/u_BALANCED_n13/u_SNN/g0_b0__2/O
                         net (fo=38, routed)          0.766     5.514    u_tier/u_VS/u_BALANCED_n13/u_SNN/g0_b0__2_n_0
    SLICE_X75Y18         LUT6 (Prop_lut6_I4_O)        0.124     5.638 r  u_tier/u_VS/u_BALANCED_n13/u_SNN/xbuf[0,0]_inferred__2/Ii_p_1[0]3_i_29/O
                         net (fo=1, routed)           0.566     6.204    u_tier/u_VS/u_BALANCED_n13/u_SNN/xbuf[0,0]_inferred__2/Ii_p_1[0]3_i_29_n_0
    SLICE_X78Y19         LUT5 (Prop_lut5_I4_O)        0.124     6.328 r  u_tier/u_VS/u_BALANCED_n13/u_SNN/xbuf[0,0]_inferred__2/Ii_p_1[0]3_i_10/O
                         net (fo=1, routed)           1.159     7.487    u_tier/u_VS/u_BALANCED_n13/u_SNN/xbuf[0,0]_inferred__2/Ii_p_1[0]3_i_10_n_0
    DSP48_X3Y9           DSP48E1 (Prop_dsp48e1_A[16]_P[8])
                                                      3.841    11.328 r  u_tier/u_VS/u_BALANCED_n13/u_SNN/Ii_p_1[0]3/P[8]
                         net (fo=1, routed)           1.063    12.390    u_tier/u_VS/u_BALANCED_n13/u_SNN/Ii_p_1[0]3_n_97
    SLICE_X91Y20         LUT2 (Prop_lut2_I1_O)        0.124    12.514 r  u_tier/u_VS/u_BALANCED_n13/u_SNN/pCa_Ii[3]_i_18/O
                         net (fo=1, routed)           0.000    12.514    u_tier/u_VS/u_BALANCED_n13/u_SNN/pCa_Ii[3]_i_18_n_0
    SLICE_X91Y20         CARRY4 (Prop_carry4_S[0]_CO[3])
                                                      0.532    13.046 r  u_tier/u_VS/u_BALANCED_n13/u_SNN/pCa_Ii_reg[3]_i_11/CO[3]
                         net (fo=1, routed)           0.000    13.046    u_tier/u_VS/u_BALANCED_n13/u_SNN/pCa_Ii_reg[3]_i_11_n_0
    SLICE_X91Y21         CARRY4 (Prop_carry4_CI_CO[3])
                                                      0.114    13.160 r  u_tier/u_VS/u_BALANCED_n13/u_SNN/pCa_Ii_reg[7]_i_11/CO[3]
                         net (fo=1, routed)           0.000    13.160    u_tier/u_VS/u_BALANCED_n13/u_SNN/pCa_Ii_reg[7]_i_11_n_0
    SLICE_X91Y22         CARRY4 (Prop_carry4_CI_CO[3])
                                                      0.114    13.274 r  u_tier/u_VS/u_BALANCED_n13/u_SNN/pCa_Ii_reg[11]_i_11/CO[3]
                         net (fo=1, routed)           0.000    13.274    u_tier/u_VS/u_BALANCED_n13/u_SNN/pCa_Ii_reg[11]_i_11_n_0
    SLICE_X91Y23         CARRY4 (Prop_carry4_CI_O[0])
                                                      0.222    13.496 r  u_tier/u_VS/u_BALANCED_n13/u_SNN/pCa_Ii_reg[15]_i_11/O[0]
                         net (fo=3, routed)           1.406    14.902    u_tier/u_VS/u_BALANCED_n13/u_SNN/Ii_p_1[0]0[12]
    SLICE_X71Y23         LUT3 (Prop_lut3_I2_O)        0.325    15.227 r  u_tier/u_VS/u_BALANCED_n13/u_SNN/pCa_Ii[15]_i_21/O
                         net (fo=1, routed)           0.649    15.875    u_tier/u_VS/u_BALANCED_n13/u_SNN/pCa_Ii[15]_i_21_n_0
    SLICE_X69Y23         CARRY4 (Prop_carry4_DI[0]_CO[3])
                                                      0.728    16.603 r  u_tier/u_VS/u_BALANCED_n13/u_SNN/pCa_Ii_reg[15]_i_12/CO[3]
                         net (fo=1, routed)           0.000    16.603    u_tier/u_VS/u_BALANCED_n13/u_SNN/pCa_Ii_reg[15]_i_12_n_0
    SLICE_X69Y24         CARRY4 (Prop_carry4_CI_CO[3])
                                                      0.114    16.717 r  u_tier/u_VS/u_BALANCED_n13/u_SNN/pCa_Ii_reg[19]_i_12/CO[3]
                         net (fo=1, routed)           0.009    16.726    u_tier/u_VS/u_BALANCED_n13/u_SNN/pCa_Ii_reg[19]_i_12_n_0
    SLICE_X69Y25         CARRY4 (Prop_carry4_CI_CO[3])
                                                      0.114    16.840 r  u_tier/u_VS/u_BALANCED_n13/u_SNN/pCa_Ii_reg[23]_i_12/CO[3]
                         net (fo=1, routed)           0.000    16.840    u_tier/u_VS/u_BALANCED_n13/u_SNN/pCa_Ii_reg[23]_i_12_n_0
    SLICE_X69Y26         CARRY4 (Prop_carry4_CI_O[1])
                                                      0.334    17.174 r  u_tier/u_VS/u_BALANCED_n13/u_SNN/pCa_Ii_reg[25]_i_7/O[1]
                         net (fo=25, routed)          0.939    18.114    u_tier/u_VS/u_BALANCED_n13/u_SNN/pCa_Ii_reg[25]_i_7_n_6
    SLICE_X70Y22         LUT6 (Prop_lut6_I4_O)        0.303    18.417 r  u_tier/u_VS/u_BALANCED_n13/u_SNN/pCa_Ii[7]_i_5/O
                         net (fo=2, routed)           0.492    18.908    u_tier/u_VS/u_BALANCED_n13/u_SNN/pCa_Ii[7]_i_5_n_0
    SLICE_X68Y22         LUT6 (Prop_lut6_I0_O)        0.124    19.032 r  u_tier/u_VS/u_BALANCED_n13/u_SNN/pCa_Ii[7]_i_9/O
                         net (fo=1, routed)           0.000    19.032    u_tier/u_VS/u_BALANCED_n13/u_SNN/pCa_Ii[7]_i_9_n_0
    SLICE_X68Y22         CARRY4 (Prop_carry4_S[1]_CO[3])
                                                      0.550    19.582 r  u_tier/u_VS/u_BALANCED_n13/u_SNN/pCa_Ii_reg[7]_i_2/CO[3]
                         net (fo=1, routed)           0.000    19.582    u_tier/u_VS/u_BALANCED_n13/u_SNN/pCa_Ii_reg[7]_i_2_n_0
    SLICE_X68Y23         CARRY4 (Prop_carry4_CI_CO[3])
                                                      0.114    19.696 r  u_tier/u_VS/u_BALANCED_n13/u_SNN/pCa_Ii_reg[11]_i_2/CO[3]
                         net (fo=1, routed)           0.000    19.696    u_tier/u_VS/u_BALANCED_n13/u_SNN/pCa_Ii_reg[11]_i_2_n_0
    SLICE_X68Y24         CARRY4 (Prop_carry4_CI_CO[3])
                                                      0.114    19.810 r  u_tier/u_VS/u_BALANCED_n13/u_SNN/pCa_Ii_reg[15]_i_2/CO[3]
                         net (fo=1, routed)           0.009    19.819    u_tier/u_VS/u_BALANCED_n13/u_SNN/pCa_Ii_reg[15]_i_2_n_0
    SLICE_X68Y25         CARRY4 (Prop_carry4_CI_CO[3])
                                                      0.114    19.933 r  u_tier/u_VS/u_BALANCED_n13/u_SNN/pCa_Ii_reg[19]_i_2/CO[3]
                         net (fo=1, routed)           0.000    19.933    u_tier/u_VS/u_BALANCED_n13/u_SNN/pCa_Ii_reg[19]_i_2_n_0
    SLICE_X68Y26         CARRY4 (Prop_carry4_CI_CO[3])
                                                      0.114    20.047 r  u_tier/u_VS/u_BALANCED_n13/u_SNN/pCa_Ii_reg[23]_i_2/CO[3]
                         net (fo=1, routed)           0.000    20.047    u_tier/u_VS/u_BALANCED_n13/u_SNN/pCa_Ii_reg[23]_i_2_n_0
    SLICE_X68Y27         CARRY4 (Prop_carry4_CI_O[1])
                                                      0.334    20.381 r  u_tier/u_VS/u_BALANCED_n13/u_SNN/pCa_Ii_reg[25]_i_2/O[1]
                         net (fo=25, routed)          0.919    21.301    u_tier/u_VS/u_BALANCED_n13/u_SNN/p_0_in
    SLICE_X67Y27         LUT4 (Prop_lut4_I1_O)        0.303    21.604 r  u_tier/u_VS/u_BALANCED_n13/u_SNN/pCa_Ii[16]_i_1/O
                         net (fo=1, routed)           0.000    21.604    u_tier/u_VS/u_BALANCED_n13/u_SNN/nCa_Ii_1[16]
    SLICE_X67Y27         FDCE                                         r  u_tier/u_VS/u_BALANCED_n13/u_SNN/pCa_Ii_reg[16]/D
  -------------------------------------------------------------------    -------------------

                         (clock aclk rise edge)      19.231    19.231 r  <hidden>
                                                      0.000    19.231 r  S_AXI_ACLK
                         net (fo=393, unset)          0.924    20.155    S_AXI_ACLK
    BUFGCTRL_X0Y16       BUFGCTRL (Prop_bufgctrl_I0_O)
                                                      0.091    20.246 r  u_gate/O
                         net (fo=2351, routed)        1.543    21.790    u_tier/u_VS/u_BALANCED_n13/u_SNN/clk_tier
    SLICE_X67Y27         FDCE                                         r  u_tier/u_VS/u_BALANCED_n13/u_SNN/pCa_Ii_reg[16]/C
                         clock pessimism              0.173    21.963    <hidden>
                         clock uncertainty           -0.035    21.928    <hidden>
    SLICE_X67Y27         FDCE (Setup_fdce_C_D)        0.031    21.959    u_tier/u_VS/u_BALANCED_n13/u_SNN/pCa_Ii_reg[16]
  -------------------------------------------------------------------
                         required time                         21.959    <hidden>
                         arrival time                         -21.604    <hidden>
  -------------------------------------------------------------------
                         slack                                  0.355    <hidden>





Min Delay Paths
--------------------------------------------------------------------------------------
Slack (MET) :             0.126ns  (arrival time - required time)
  Source:                 s_c_reg[24]/C
                            (rising edge-triggered cell FDRE clocked by aclk  {rise@0.000ns fall@9.616ns period=19.231ns})
  Destination:            u_tier/u_VS/u_BALANCED_n13/u_SNN/op_reg_reg[0][24]/D
                            (rising edge-triggered cell FDCE clocked by aclk  {rise@0.000ns fall@9.616ns period=19.231ns})
  Path Group:             aclk
  Path Type:              Hold (Min at Slow Process Corner)
  Requirement:            0.000ns  (aclk rise@0.000ns - aclk rise@0.000ns)
  Data Path Delay:        2.202ns  (logic 0.367ns (16.666%)  route 1.835ns (83.334%))
  Logic Levels:           0  
  Clock Path Skew:        1.886ns (DCD - SCD - CPR)
    Destination Clock Delay (DCD):    2.810ns
    Source Clock Delay      (SCD):    0.924ns
    Clock Pessimism Removal (CPR):    -0.000ns

    Location             Delay type                Incr(ns)  Path(ns)    Netlist Resource(s)
  -------------------------------------------------------------------    -------------------
                         (clock aclk rise edge)       0.000     0.000 r  <hidden>
                                                      0.000     0.000 r  S_AXI_ACLK
                         net (fo=393, unset)          0.924     0.924    S_AXI_ACLK
    SLICE_X85Y15         FDRE                                         r  s_c_reg[24]/C
  -------------------------------------------------------------------    -------------------
    SLICE_X85Y15         FDRE (Prop_fdre_C_Q)         0.367     1.291 r  s_c_reg[24]/Q
                         net (fo=1, routed)           1.835     3.126    u_tier/u_VS/u_BALANCED_n13/u_SNN/op_reg_reg[0][31]_0[24]
    SLICE_X85Y11         FDCE                                         r  u_tier/u_VS/u_BALANCED_n13/u_SNN/op_reg_reg[0][24]/D
  -------------------------------------------------------------------    -------------------

                         (clock aclk rise edge)       0.000     0.000 r  <hidden>
                                                      0.000     0.000 r  S_AXI_ACLK
                         net (fo=393, unset)          0.973     0.973    S_AXI_ACLK
    BUFGCTRL_X0Y16       BUFGCTRL (Prop_bufgctrl_I0_O)
                                                      0.101     1.074 r  u_gate/O
                         net (fo=2351, routed)        1.736     2.810    u_tier/u_VS/u_BALANCED_n13/u_SNN/clk_tier
    SLICE_X85Y11         FDCE                                         r  u_tier/u_VS/u_BALANCED_n13/u_SNN/op_reg_reg[0][24]/C
                         clock pessimism              0.000     2.810    <hidden>
    SLICE_X85Y11         FDCE (Hold_fdce_C_D)         0.190     3.000    u_tier/u_VS/u_BALANCED_n13/u_SNN/op_reg_reg[0][24]
  -------------------------------------------------------------------
                         required time                         -3.000    <hidden>
                         arrival time                           3.126    <hidden>
  -------------------------------------------------------------------
                         slack                                  0.126    <hidden>





Pulse Width Checks
--------------------------------------------------------------------------------------
Clock Name:         aclk
Waveform(ns):       { 0.000 9.616 }
Period(ns):         19.231
Sources:            { S_AXI_ACLK }

Check Type        Corner  Lib Pin             Reference Pin  Required(ns)  Actual(ns)  Slack(ns)  Location       Pin
Min Period        n/a     RAMB18E1/CLKARDCLK  n/a            2.944         19.231      16.287     RAMB18_X1Y6    u_tier/u_VS/u_BALANCED_n13/u_SNN/u_dualPortRam/ram_reg/CLKARDCLK
Low Pulse Width   Slow    FDSE/C              n/a            0.500         9.616       9.116      SLICE_X100Y10  FSM_onehot_state_write_reg[0]/C
High Pulse Width  Slow    FDSE/C              n/a            0.500         9.616       9.116      SLICE_X100Y10  FSM_onehot_state_write_reg[0]/C



---------------------------------------------------------------------------------------------------
Path Group:  **async_default**
From Clock:  aclk
  To Clock:  aclk

Setup :            0  Failing Endpoints,  Worst Slack        6.417ns,  Total Violation        0.000ns
Hold  :            0  Failing Endpoints,  Worst Slack        0.736ns,  Total Violation        0.000ns
---------------------------------------------------------------------------------------------------


Max Delay Paths
--------------------------------------------------------------------------------------
Slack (MET) :             6.417ns  (required time - arrival time)
  Source:                 started_reg/C
                            (rising edge-triggered cell FDRE clocked by aclk  {rise@0.000ns fall@9.616ns period=19.231ns})
  Destination:            u_tier/u_VS/u_BALANCED_n13/u_SNN/pC_fat_reg[10]/CLR
                            (recovery check against rising-edge clock aclk  {rise@0.000ns fall@9.616ns period=19.231ns})
  Path Group:             **async_default**
  Path Type:              Recovery (Max at Slow Process Corner)
  Requirement:            19.231ns  (aclk rise@19.231ns - aclk rise@0.000ns)
  Data Path Delay:        13.779ns  (logic 0.609ns (4.420%)  route 13.170ns (95.580%))
  Logic Levels:           1  (LUT2=1)
  Clock Path Skew:        1.612ns (DCD - SCD + CPR)
    Destination Clock Delay (DCD):    2.585ns = ( 21.816 - 19.231 ) 
    Source Clock Delay      (SCD):    0.973ns
    Clock Pessimism Removal (CPR):    0.000ns
  Clock Uncertainty:      0.035ns  ((TSJ^2 + TIJ^2)^1/2 + DJ) / 2 + PE
    Total System Jitter     (TSJ):    0.071ns
    Total Input Jitter      (TIJ):    0.000ns
    Discrete Jitter          (DJ):    0.000ns
    Phase Error              (PE):    0.000ns

    Location             Delay type                Incr(ns)  Path(ns)    Netlist Resource(s)
  -------------------------------------------------------------------    -------------------
                         (clock aclk rise edge)       0.000     0.000 r  <hidden>
                                                      0.000     0.000 r  S_AXI_ACLK
                         net (fo=393, unset)          0.973     0.973    S_AXI_ACLK
    SLICE_X91Y11         FDRE                                         r  started_reg/C
  -------------------------------------------------------------------    -------------------
    SLICE_X91Y11         FDRE (Prop_fdre_C_Q)         0.456     1.429 r  started_reg/Q
                         net (fo=2, routed)           1.650     3.079    u_tier/u_VS/u_BALANCED_n13/u_SNN/started
    SLICE_X92Y11         LUT2 (Prop_lut2_I1_O)        0.153     3.232 f  u_tier/u_VS/u_BALANCED_n13/u_SNN/op_reg[0][31]_i_1/O
                         net (fo=1958, routed)       11.520    14.752    u_tier/u_VS/u_BALANCED_n13/u_SNN/S_AXI_ARESETN_0
    SLICE_X15Y19         FDCE                                         f  u_tier/u_VS/u_BALANCED_n13/u_SNN/pC_fat_reg[10]/CLR
  -------------------------------------------------------------------    -------------------

                         (clock aclk rise edge)      19.231    19.231 r  <hidden>
                                                      0.000    19.231 r  S_AXI_ACLK
                         net (fo=393, unset)          0.924    20.155    S_AXI_ACLK
    BUFGCTRL_X0Y16       BUFGCTRL (Prop_bufgctrl_I0_O)
                                                      0.091    20.246 r  u_gate/O
                         net (fo=2351, routed)        1.569    21.816    u_tier/u_VS/u_BALANCED_n13/u_SNN/clk_tier
    SLICE_X15Y19         FDCE                                         r  u_tier/u_VS/u_BALANCED_n13/u_SNN/pC_fat_reg[10]/C
                         clock pessimism              0.000    21.816    <hidden>
                         clock uncertainty           -0.035    21.780    <hidden>
    SLICE_X15Y19         FDCE (Recov_fdce_C_CLR)     -0.612    21.168    u_tier/u_VS/u_BALANCED_n13/u_SNN/pC_fat_reg[10]
  -------------------------------------------------------------------
                         required time                         21.168    <hidden>
                         arrival time                         -14.752    <hidden>
  -------------------------------------------------------------------
                         slack                                  6.417    <hidden>





Min Delay Paths
--------------------------------------------------------------------------------------
Slack (MET) :             0.736ns  (arrival time - required time)
  Source:                 started_reg/C
                            (rising edge-triggered cell FDRE clocked by aclk  {rise@0.000ns fall@9.616ns period=19.231ns})
  Destination:            u_tier/u_VS/u_BALANCED_n13/u_SNN/c602_xbuf_1_reg[14][16]/CLR
                            (removal check against rising-edge clock aclk  {rise@0.000ns fall@9.616ns period=19.231ns})
  Path Group:             **async_default**
  Path Type:              Removal (Min at Fast Process Corner)
  Requirement:            0.000ns  (aclk rise@0.000ns - aclk rise@0.000ns)
  Data Path Delay:        1.520ns  (logic 0.184ns (12.109%)  route 1.336ns (87.891%))
  Logic Levels:           1  (LUT2=1)
  Clock Path Skew:        0.919ns (DCD - SCD - CPR)
    Destination Clock Delay (DCD):    1.329ns
    Source Clock Delay      (SCD):    0.410ns
    Clock Pessimism Removal (CPR):    -0.000ns

    Location             Delay type                Incr(ns)  Path(ns)    Netlist Resource(s)
  -------------------------------------------------------------------    -------------------
                         (clock aclk rise edge)       0.000     0.000 r  <hidden>
                                                      0.000     0.000 r  S_AXI_ACLK
                         net (fo=393, unset)          0.410     0.410    S_AXI_ACLK
    SLICE_X91Y11         FDRE                                         r  started_reg/C
  -------------------------------------------------------------------    -------------------
    SLICE_X91Y11         FDRE (Prop_fdre_C_Q)         0.141     0.551 r  started_reg/Q
                         net (fo=2, routed)           0.676     1.227    u_tier/u_VS/u_BALANCED_n13/u_SNN/started
    SLICE_X92Y11         LUT2 (Prop_lut2_I1_O)        0.043     1.270 f  u_tier/u_VS/u_BALANCED_n13/u_SNN/op_reg[0][31]_i_1/O
                         net (fo=1958, routed)        0.660     1.930    u_tier/u_VS/u_BALANCED_n13/u_SNN/S_AXI_ARESETN_0
    SLICE_X94Y26         FDCE                                         f  u_tier/u_VS/u_BALANCED_n13/u_SNN/c602_xbuf_1_reg[14][16]/CLR
  -------------------------------------------------------------------    -------------------

                         (clock aclk rise edge)       0.000     0.000 r  <hidden>
                                                      0.000     0.000 r  S_AXI_ACLK
                         net (fo=393, unset)          0.432     0.432    S_AXI_ACLK
    BUFGCTRL_X0Y16       BUFGCTRL (Prop_bufgctrl_I0_O)
                                                      0.029     0.461 r  u_gate/O
                         net (fo=2351, routed)        0.868     1.329    u_tier/u_VS/u_BALANCED_n13/u_SNN/clk_tier
    SLICE_X94Y26         FDCE                                         r  u_tier/u_VS/u_BALANCED_n13/u_SNN/c602_xbuf_1_reg[14][16]/C
                         clock pessimism              0.000     1.329    <hidden>
    SLICE_X94Y26         FDCE (Remov_fdce_C_CLR)     -0.135     1.194    u_tier/u_VS/u_BALANCED_n13/u_SNN/c602_xbuf_1_reg[14][16]
  -------------------------------------------------------------------
                         required time                         -1.194    <hidden>
                         arrival time                           1.930    <hidden>
  -------------------------------------------------------------------
                         slack                                  0.736    <hidden>





