Copyright 1986-2022 Xilinx, Inc. All Rights Reserved. Copyright 2022-2026 Advanced Micro Devices, Inc. All Rights Reserved.
--------------------------------------------------------------------------------------------------------------------------------------------------------------------------------------
| Tool Version : Vivado v.2026.1 (win64) Build 6511674 Tue Jun 16 11:02:23 MDT 2026
| Date         : Wed Jul 29 19:08:52 2026
| Host         : AX16PRO running 64-bit major release  (build 9200)
| Command      : report_timing_summary -file {D:/Project_MBSE/1.Reti Neurali/Rete_SNN_Test/CF_FSNN/.worktrees/Simulink_Importer/FaseB2.0/Harness_SNN/hw/../results/timing_fclk52.rpt}
| Design       : sys_wrapper
| Device       : 7z020-clg400
| Speed File   : -1  PRODUCTION 1.12 2019-11-22
| Design State : Routed
--------------------------------------------------------------------------------------------------------------------------------------------------------------------------------------

Timing Summary Report

------------------------------------------------------------------------------------------------
| Timer Settings
| --------------
------------------------------------------------------------------------------------------------

  Enable Multi Corner Analysis               :  Yes
  Enable Pessimism Removal                   :  Yes
  Pessimism Removal Resolution               :  Nearest Common Node
  Enable Input Delay Default Clock           :  No
  Enable Preset / Clear Arcs                 :  No
  Disable Flight Delays                      :  No
  Ignore I/O Paths                           :  No
  Timing Early Launch at Borrowing Latches   :  No
  Borrow Time for Max Delay Exceptions       :  Yes
  Merge Timing Exceptions                    :  Yes
  Inter-SLR Compensation                     :  Conservative

  Corner  Analyze    Analyze    
  Name    Max Paths  Min Paths  
  ------  ---------  ---------  
  Slow    Yes        Yes        
  Fast    Yes        Yes        


------------------------------------------------------------------------------------------------
| Report Methodology
| ------------------
------------------------------------------------------------------------------------------------

Rule     Severity  Description                   Violations  
-------  --------  ----------------------------  ----------  
DPIR-1   Warning   Asynchronous driver check     480         
LUTAR-1  Warning   LUT drives async reset alert  1           

Note: This report is based on the most recent report_methodology run and may not be up-to-date. Run report_methodology on the current design for the latest report.



check_timing report

Table of Contents
-----------------
1. checking no_clock (0)
2. checking constant_clock (0)
3. checking pulse_width_clock (0)
4. checking unconstrained_internal_endpoints (0)
5. checking no_input_delay (0)
6. checking no_output_delay (0)
7. checking multiple_clock (0)
8. checking generated_clocks (0)
9. checking loops (0)
10. checking partial_input_delay (0)
11. checking partial_output_delay (0)
12. checking latch_loops (0)

1. checking no_clock (0)
------------------------
 There are 0 register/latch pins with no clock.


2. checking constant_clock (0)
------------------------------
 There are 0 register/latch pins with constant_clock.


3. checking pulse_width_clock (0)
---------------------------------
 There are 0 register/latch pins which need pulse_width check


4. checking unconstrained_internal_endpoints (0)
------------------------------------------------
 There are 0 pins that are not constrained for maximum delay.

 There are 0 pins that are not constrained for maximum delay due to constant clock.


5. checking no_input_delay (0)
------------------------------
 There are 0 input ports with no input delay specified.

 There are 0 input ports with no input delay but user has a false path constraint.


6. checking no_output_delay (0)
-------------------------------
 There are 0 ports with no output delay specified.

 There are 0 ports with no output delay but user has a false path constraint

 There are 0 ports with no output delay but with a timing clock defined on it or propagating through it


7. checking multiple_clock (0)
------------------------------
 There are 0 register/latch pins with multiple clocks.


8. checking generated_clocks (0)
--------------------------------
 There are 0 generated clocks that are not connected to a clock source.


9. checking loops (0)
---------------------
 There are 0 combinational loops in the design.


10. checking partial_input_delay (0)
------------------------------------
 There are 0 input ports with partial input delay specified.


11. checking partial_output_delay (0)
-------------------------------------
 There are 0 ports with partial output delay specified.


12. checking latch_loops (0)
----------------------------
 There are 0 combinational latch loops in the design through latch input



------------------------------------------------------------------------------------------------
| Design Timing Summary
| ---------------------
------------------------------------------------------------------------------------------------

    WNS(ns)      TNS(ns)  TNS Failing Endpoints  TNS Total Endpoints      WHS(ns)      THS(ns)  THS Failing Endpoints  THS Total Endpoints     WPWS(ns)     TPWS(ns)  TPWS Failing Endpoints  TPWS Total Endpoints  
    -------      -------  ---------------------  -------------------      -------      -------  ---------------------  -------------------     --------     --------  ----------------------  --------------------  
      0.358        0.000                      0                 8694        0.033        0.000                      0                 8694        8.520        0.000                       0                  3269  


All user specified timing constraints are met.


------------------------------------------------------------------------------------------------
| Clock Summary
| -------------
------------------------------------------------------------------------------------------------

Clock       Waveform(ns)       Period(ns)      Frequency(MHz)
-----       ------------       ----------      --------------
clk_fpga_0  {0.000 9.500}      19.000          52.632          


------------------------------------------------------------------------------------------------
| Intra Clock Table
| -----------------
------------------------------------------------------------------------------------------------

Clock             WNS(ns)      TNS(ns)  TNS Failing Endpoints  TNS Total Endpoints      WHS(ns)      THS(ns)  THS Failing Endpoints  THS Total Endpoints     WPWS(ns)     TPWS(ns)  TPWS Failing Endpoints  TPWS Total Endpoints  
-----             -------      -------  ---------------------  -------------------      -------      -------  ---------------------  -------------------     --------     --------  ----------------------  --------------------  
clk_fpga_0          0.358        0.000                      0                 6748        0.033        0.000                      0                 6748        8.520        0.000                       0                  3269  


------------------------------------------------------------------------------------------------
| Inter Clock Table
| -----------------
------------------------------------------------------------------------------------------------

From Clock    To Clock          WNS(ns)      TNS(ns)  TNS Failing Endpoints  TNS Total Endpoints      WHS(ns)      THS(ns)  THS Failing Endpoints  THS Total Endpoints  
----------    --------          -------      -------  ---------------------  -------------------      -------      -------  ---------------------  -------------------  


------------------------------------------------------------------------------------------------
| Other Path Groups Table
| -----------------------
------------------------------------------------------------------------------------------------

Path Group         From Clock         To Clock               WNS(ns)      TNS(ns)  TNS Failing Endpoints  TNS Total Endpoints      WHS(ns)      THS(ns)  THS Failing Endpoints  THS Total Endpoints  
----------         ----------         --------               -------      -------  ---------------------  -------------------      -------      -------  ---------------------  -------------------  
**async_default**  clk_fpga_0         clk_fpga_0               9.568        0.000                      0                 1946        0.559        0.000                      0                 1946  


------------------------------------------------------------------------------------------------
| Timing Details
| --------------
------------------------------------------------------------------------------------------------


---------------------------------------------------------------------------------------------------
From Clock:  clk_fpga_0
  To Clock:  clk_fpga_0

Setup :            0  Failing Endpoints,  Worst Slack        0.358ns,  Total Violation        0.000ns
Hold  :            0  Failing Endpoints,  Worst Slack        0.033ns,  Total Violation        0.000ns
PW    :            0  Failing Endpoints,  Worst Slack        8.520ns,  Total Violation        0.000ns
---------------------------------------------------------------------------------------------------


Max Delay Paths
--------------------------------------------------------------------------------------
Slack (MET) :             0.358ns  (required time - arrival time)
  Source:                 sys_i/tier0/inst/u_tier/u_VS/u_BALANCED_n13/u_DEC/pv_not_empty_reg/C
                            (rising edge-triggered cell FDCE clocked by clk_fpga_0  {rise@0.000ns fall@9.500ns period=19.000ns})
  Destination:            sys_i/tier0/inst/u_tier/u_VS/u_BALANCED_n13/u_DEC/q1f_reg[4][12]/S
                            (rising edge-triggered cell FDSE clocked by clk_fpga_0  {rise@0.000ns fall@9.500ns period=19.000ns})
  Path Group:             clk_fpga_0
  Path Type:              Setup (Max at Slow Process Corner)
  Requirement:            19.000ns  (clk_fpga_0 rise@19.000ns - clk_fpga_0 rise@0.000ns)
  Data Path Delay:        17.773ns  (logic 9.483ns (53.355%)  route 8.290ns (46.645%))
  Logic Levels:           15  (CARRY4=8 DSP48E1=1 LUT2=1 LUT3=1 LUT4=1 LUT5=1 LUT6=2)
  Clock Path Skew:        -0.057ns (DCD - SCD + CPR)
    Destination Clock Delay (DCD):    2.872ns = ( 21.872 - 19.000 ) 
    Source Clock Delay      (SCD):    3.181ns
    Clock Pessimism Removal (CPR):    0.252ns
  Clock Uncertainty:      0.287ns  ((TSJ^2 + TIJ^2)^1/2 + DJ) / 2 + PE
    Total System Jitter     (TSJ):    0.071ns
    Total Input Jitter      (TIJ):    0.570ns
    Discrete Jitter          (DJ):    0.000ns
    Phase Error              (PE):    0.000ns

    Location             Delay type                Incr(ns)  Path(ns)    Netlist Resource(s)
  -------------------------------------------------------------------    -------------------
                         (clock clk_fpga_0 rise edge)
                                                      0.000     0.000 r  <hidden>
    PS7_X0Y0             PS7                          0.000     0.000 r  sys_i/ps7/inst/PS7_i/FCLKCLK[0]
                         net (fo=1, routed)           1.193     1.193    sys_i/ps7/inst/FCLK_CLK_unbuffered[0]
    BUFGCTRL_X0Y16       BUFG (Prop_bufg_I_O)         0.101     1.294 r  sys_i/ps7/inst/buffer_fclk_clk_0.FCLK_CLK_0_BUFG/O
                         net (fo=918, routed)         0.146     1.440    sys_i/tier0/inst/S_AXI_ACLK
    BUFGCTRL_X0Y17       BUFGCTRL (Prop_bufgctrl_I0_O)
                                                      0.101     1.541 r  sys_i/tier0/inst/u_gate/O
                         net (fo=2351, routed)        1.640     3.181    sys_i/tier0/inst/u_tier/u_VS/u_BALANCED_n13/u_DEC/clk_tier
    SLICE_X39Y80         FDCE                                         r  sys_i/tier0/inst/u_tier/u_VS/u_BALANCED_n13/u_DEC/pv_not_empty_reg/C
  -------------------------------------------------------------------    -------------------
    SLICE_X39Y80         FDCE (Prop_fdce_C_Q)         0.456     3.637 r  sys_i/tier0/inst/u_tier/u_VS/u_BALANCED_n13/u_DEC/pv_not_empty_reg/Q
                         net (fo=713, routed)         1.433     5.070    sys_i/tier0/inst/u_tier/u_VS/u_BALANCED_n13/u_DEC/pv_not_empty_reg_0
    SLICE_X36Y68         LUT2 (Prop_lut2_I0_O)        0.149     5.219 r  sys_i/tier0/inst/u_tier/u_VS/u_BALANCED_n13/u_DEC/snn_champions_lib_c29_DEC_output.adjv[4]4_i_1/O
                         net (fo=5, routed)           0.907     6.126    sys_i/tier0/inst/u_tier/u_VS/u_BALANCED_n13/u_DEC/snn_champions_lib_c29_DEC_output.adjv[4]4_i_1_n_0
    DSP48_X2Y27          DSP48E1 (Prop_dsp48e1_D[20]_P[17])
                                                      5.301    11.427 r  sys_i/tier0/inst/u_tier/u_VS/u_BALANCED_n13/u_DEC/snn_champions_lib_c29_DEC_output.adjv[4]4/P[17]
                         net (fo=1, routed)           0.784    12.211    sys_i/tier0/inst/u_tier/u_VS/u_BALANCED_n13/u_DEC/snn_champions_lib_c29_DEC_output.adjv[4]4_n_88
    SLICE_X37Y65         CARRY4 (Prop_carry4_S[1]_CO[3])
                                                      0.674    12.885 r  sys_i/tier0/inst/u_tier/u_VS/u_BALANCED_n13/u_DEC/q1f_reg[4][3]_i_3/CO[3]
                         net (fo=1, routed)           0.000    12.885    sys_i/tier0/inst/u_tier/u_VS/u_BALANCED_n13/u_DEC/q1f_reg[4][3]_i_3_n_0
    SLICE_X37Y66         CARRY4 (Prop_carry4_CI_CO[3])
                                                      0.114    12.999 r  sys_i/tier0/inst/u_tier/u_VS/u_BALANCED_n13/u_DEC/q1k_reg[4][5]_i_12/CO[3]
                         net (fo=1, routed)           0.000    12.999    sys_i/tier0/inst/u_tier/u_VS/u_BALANCED_n13/u_DEC/q1k_reg[4][5]_i_12_n_0
    SLICE_X37Y67         CARRY4 (Prop_carry4_CI_CO[3])
                                                      0.114    13.113 r  sys_i/tier0/inst/u_tier/u_VS/u_BALANCED_n13/u_DEC/q1k_reg[4][5]_i_11/CO[3]
                         net (fo=1, routed)           0.000    13.113    sys_i/tier0/inst/u_tier/u_VS/u_BALANCED_n13/u_DEC/q1k_reg[4][5]_i_11_n_0
    SLICE_X37Y68         CARRY4 (Prop_carry4_CI_CO[3])
                                                      0.114    13.227 r  sys_i/tier0/inst/u_tier/u_VS/u_BALANCED_n13/u_DEC/q1k_reg[4][5]_i_9/CO[3]
                         net (fo=1, routed)           0.000    13.227    sys_i/tier0/inst/u_tier/u_VS/u_BALANCED_n13/u_DEC/q1k_reg[4][5]_i_9_n_0
    SLICE_X37Y69         CARRY4 (Prop_carry4_CI_O[1])
                                                      0.334    13.561 r  sys_i/tier0/inst/u_tier/u_VS/u_BALANCED_n13/u_DEC/q1k_reg[4][1]_i_7/O[1]
                         net (fo=1, routed)           0.620    14.181    sys_i/tier0/inst/u_tier/u_VS/u_BALANCED_n13/u_DEC/snn_champions_lib_c29_DEC_output.adjv[4]0[17]
    SLICE_X40Y66         LUT3 (Prop_lut3_I2_O)        0.303    14.484 r  sys_i/tier0/inst/u_tier/u_VS/u_BALANCED_n13/u_DEC/q1k[4][1]_i_3/O
                         net (fo=1, routed)           0.000    14.484    sys_i/tier0/inst/u_tier/u_VS/u_BALANCED_n13/u_DEC/q1k[4][1]_i_3_n_0
    SLICE_X40Y66         CARRY4 (Prop_carry4_S[2]_CO[3])
                                                      0.398    14.882 r  sys_i/tier0/inst/u_tier/u_VS/u_BALANCED_n13/u_DEC/q1k_reg[4][1]_i_2/CO[3]
                         net (fo=21, routed)          1.243    16.124    sys_i/tier0/inst/u_tier/u_VS/u_BALANCED_n13/u_DEC/q1k_reg[4][1]_i_2_n_0
    SLICE_X40Y67         LUT5 (Prop_lut5_I0_O)        0.150    16.274 r  sys_i/tier0/inst/u_tier/u_VS/u_BALANCED_n13/u_DEC/q1k[4][3]_i_2/O
                         net (fo=6, routed)           0.837    17.112    sys_i/tier0/inst/u_tier/u_VS/u_BALANCED_n13/u_DEC/q1k[4][3]_i_2_n_0
    SLICE_X42Y67         LUT6 (Prop_lut6_I0_O)        0.326    17.438 r  sys_i/tier0/inst/u_tier/u_VS/u_BALANCED_n13/u_DEC/q1f[4][15]_i_11/O
                         net (fo=1, routed)           0.619    18.057    sys_i/tier0/inst/u_tier/u_VS/u_BALANCED_n13/u_DEC/q1f[4][15]_i_11_n_0
    SLICE_X41Y69         CARRY4 (Prop_carry4_DI[3]_CO[3])
                                                      0.385    18.442 r  sys_i/tier0/inst/u_tier/u_VS/u_BALANCED_n13/u_DEC/q1f_reg[4][15]_i_6/CO[3]
                         net (fo=1, routed)           0.000    18.442    sys_i/tier0/inst/u_tier/u_VS/u_BALANCED_n13/u_DEC/q1f_reg[4][15]_i_6_n_0
    SLICE_X41Y70         CARRY4 (Prop_carry4_CI_CO[2])
                                                      0.228    18.670 r  sys_i/tier0/inst/u_tier/u_VS/u_BALANCED_n13/u_DEC/q1f_reg[4][15]_i_5/CO[2]
                         net (fo=14, routed)          0.718    19.388    sys_i/tier0/inst/u_tier/u_VS/u_BALANCED_n13/u_DEC/q1f_reg[4][15]_i_5_n_1
    SLICE_X42Y72         LUT4 (Prop_lut4_I0_O)        0.313    19.701 r  sys_i/tier0/inst/u_tier/u_VS/u_BALANCED_n13/u_DEC/q1f[4][15]_i_3/O
                         net (fo=1, routed)           0.444    20.145    sys_i/tier0/inst/u_tier/u_VS/u_BALANCED_n13/u_DEC/q1f[4][15]_i_3_n_0
    SLICE_X40Y70         LUT6 (Prop_lut6_I1_O)        0.124    20.269 r  sys_i/tier0/inst/u_tier/u_VS/u_BALANCED_n13/u_DEC/q1f[4][15]_i_1/O
                         net (fo=16, routed)          0.685    20.954    sys_i/tier0/inst/u_tier/u_VS/u_BALANCED_n13/u_DEC/q1f[4][15]_i_1_n_0
    SLICE_X42Y68         FDSE                                         r  sys_i/tier0/inst/u_tier/u_VS/u_BALANCED_n13/u_DEC/q1f_reg[4][12]/S
  -------------------------------------------------------------------    -------------------

                         (clock clk_fpga_0 rise edge)
                                                     19.000    19.000 r  <hidden>
    PS7_X0Y0             PS7                          0.000    19.000 r  sys_i/ps7/inst/PS7_i/FCLKCLK[0]
                         net (fo=1, routed)           1.088    20.088    sys_i/ps7/inst/FCLK_CLK_unbuffered[0]
    BUFGCTRL_X0Y16       BUFG (Prop_bufg_I_O)         0.091    20.179 r  sys_i/ps7/inst/buffer_fclk_clk_0.FCLK_CLK_0_BUFG/O
                         net (fo=918, routed)         0.133    20.312    sys_i/tier0/inst/S_AXI_ACLK
    BUFGCTRL_X0Y17       BUFGCTRL (Prop_bufgctrl_I0_O)
                                                      0.091    20.403 r  sys_i/tier0/inst/u_gate/O
                         net (fo=2351, routed)        1.469    21.872    sys_i/tier0/inst/u_tier/u_VS/u_BALANCED_n13/u_DEC/clk_tier
    SLICE_X42Y68         FDSE                                         r  sys_i/tier0/inst/u_tier/u_VS/u_BALANCED_n13/u_DEC/q1f_reg[4][12]/C
                         clock pessimism              0.252    22.124    <hidden>
                         clock uncertainty           -0.287    21.837    <hidden>
    SLICE_X42Y68         FDSE (Setup_fdse_C_S)       -0.524    21.313    sys_i/tier0/inst/u_tier/u_VS/u_BALANCED_n13/u_DEC/q1f_reg[4][12]
  -------------------------------------------------------------------
                         required time                         21.313    <hidden>
                         arrival time                         -20.954    <hidden>
  -------------------------------------------------------------------
                         slack                                  0.358    <hidden>





Min Delay Paths
--------------------------------------------------------------------------------------
Slack (MET) :             0.033ns  (arrival time - required time)
  Source:                 sys_i/tier0/inst/vl_c_reg[6]/C
                            (rising edge-triggered cell FDRE clocked by clk_fpga_0  {rise@0.000ns fall@9.500ns period=19.000ns})
  Destination:            sys_i/tier0/inst/u_tier/u_VS/u_BALANCED_n13/u_SNN/op_reg_reg[3][6]/D
                            (rising edge-triggered cell FDCE clocked by clk_fpga_0  {rise@0.000ns fall@9.500ns period=19.000ns})
  Path Group:             clk_fpga_0
  Path Type:              Hold (Min at Fast Process Corner)
  Requirement:            0.000ns  (clk_fpga_0 rise@0.000ns - clk_fpga_0 rise@0.000ns)
  Data Path Delay:        0.376ns  (logic 0.148ns (39.393%)  route 0.228ns (60.607%))
  Logic Levels:           0  
  Clock Path Skew:        0.333ns (DCD - SCD - CPR)
    Destination Clock Delay (DCD):    1.338ns
    Source Clock Delay      (SCD):    0.975ns
    Clock Pessimism Removal (CPR):    0.030ns

    Location             Delay type                Incr(ns)  Path(ns)    Netlist Resource(s)
  -------------------------------------------------------------------    -------------------
                         (clock clk_fpga_0 rise edge)
                                                      0.000     0.000 r  <hidden>
    PS7_X0Y0             PS7                          0.000     0.000 r  sys_i/ps7/inst/PS7_i/FCLKCLK[0]
                         net (fo=1, routed)           0.310     0.310    sys_i/ps7/inst/FCLK_CLK_unbuffered[0]
    BUFGCTRL_X0Y16       BUFG (Prop_bufg_I_O)         0.026     0.336 r  sys_i/ps7/inst/buffer_fclk_clk_0.FCLK_CLK_0_BUFG/O
                         net (fo=918, routed)         0.639     0.975    sys_i/tier0/inst/S_AXI_ACLK
    SLICE_X38Y100        FDRE                                         r  sys_i/tier0/inst/vl_c_reg[6]/C
  -------------------------------------------------------------------    -------------------
    SLICE_X38Y100        FDRE (Prop_fdre_C_Q)         0.148     1.123 r  sys_i/tier0/inst/vl_c_reg[6]/Q
                         net (fo=1, routed)           0.228     1.351    sys_i/tier0/inst/u_tier/u_VS/u_BALANCED_n13/u_SNN/op_reg_reg[3][31]_0[6]
    SLICE_X38Y103        FDCE                                         r  sys_i/tier0/inst/u_tier/u_VS/u_BALANCED_n13/u_SNN/op_reg_reg[3][6]/D
  -------------------------------------------------------------------    -------------------

                         (clock clk_fpga_0 rise edge)
                                                      0.000     0.000 r  <hidden>
    PS7_X0Y0             PS7                          0.000     0.000 r  sys_i/ps7/inst/PS7_i/FCLKCLK[0]
                         net (fo=1, routed)           0.337     0.337    sys_i/ps7/inst/FCLK_CLK_unbuffered[0]
    BUFGCTRL_X0Y16       BUFG (Prop_bufg_I_O)         0.029     0.366 r  sys_i/ps7/inst/buffer_fclk_clk_0.FCLK_CLK_0_BUFG/O
                         net (fo=918, routed)         0.033     0.399    sys_i/tier0/inst/S_AXI_ACLK
    BUFGCTRL_X0Y17       BUFGCTRL (Prop_bufgctrl_I0_O)
                                                      0.029     0.428 r  sys_i/tier0/inst/u_gate/O
                         net (fo=2351, routed)        0.910     1.338    sys_i/tier0/inst/u_tier/u_VS/u_BALANCED_n13/u_SNN/clk_tier
    SLICE_X38Y103        FDCE                                         r  sys_i/tier0/inst/u_tier/u_VS/u_BALANCED_n13/u_SNN/op_reg_reg[3][6]/C
                         clock pessimism             -0.030     1.308    <hidden>
    SLICE_X38Y103        FDCE (Hold_fdce_C_D)         0.010     1.318    sys_i/tier0/inst/u_tier/u_VS/u_BALANCED_n13/u_SNN/op_reg_reg[3][6]
  -------------------------------------------------------------------
                         required time                         -1.318    <hidden>
                         arrival time                           1.351    <hidden>
  -------------------------------------------------------------------
                         slack                                  0.033    <hidden>





Pulse Width Checks
--------------------------------------------------------------------------------------
Clock Name:         clk_fpga_0
Waveform(ns):       { 0.000 9.500 }
Period(ns):         19.000
Sources:            { sys_i/ps7/inst/PS7_i/FCLKCLK[0] }

Check Type        Corner  Lib Pin             Reference Pin  Required(ns)  Actual(ns)  Slack(ns)  Location      Pin
Min Period        n/a     RAMB18E1/CLKARDCLK  n/a            2.944         19.000      16.056     RAMB18_X3Y36  sys_i/tier0/inst/u_tier/u_VS/u_BALANCED_n13/u_SNN/u_dualPortRam/ram_reg/CLKARDCLK
Low Pulse Width   Slow    SRLC32E/CLK         n/a            0.980         9.500       8.520      SLICE_X30Y89  sys_i/ps7_axi_periph/s00_couplers/auto_pc/inst/gen_axilite.gen_b2s_conv.axilite_b2s/RD.r_channel_0/rd_data_fifo_0/memory_reg[31][0]_srl32/CLK
High Pulse Width  Slow    SRLC32E/CLK         n/a            0.980         9.500       8.520      SLICE_X30Y89  sys_i/ps7_axi_periph/s00_couplers/auto_pc/inst/gen_axilite.gen_b2s_conv.axilite_b2s/RD.r_channel_0/rd_data_fifo_0/memory_reg[31][0]_srl32/CLK



---------------------------------------------------------------------------------------------------
Path Group:  **async_default**
From Clock:  clk_fpga_0
  To Clock:  clk_fpga_0

Setup :            0  Failing Endpoints,  Worst Slack        9.568ns,  Total Violation        0.000ns
Hold  :            0  Failing Endpoints,  Worst Slack        0.559ns,  Total Violation        0.000ns
---------------------------------------------------------------------------------------------------


Max Delay Paths
--------------------------------------------------------------------------------------
Slack (MET) :             9.568ns  (required time - arrival time)
  Source:                 sys_i/rst_ps7_52M/U0/ACTIVE_LOW_PR_OUT_DFF[0].FDRE_PER_N/C
                            (rising edge-triggered cell FDRE clocked by clk_fpga_0  {rise@0.000ns fall@9.500ns period=19.000ns})
  Destination:            sys_i/tier0/inst/u_tier/u_VS/u_BALANCED_n13/u_SNN/pC1_idx_reg[4]/CLR
                            (recovery check against rising-edge clock clk_fpga_0  {rise@0.000ns fall@9.500ns period=19.000ns})
  Path Group:             **async_default**
  Path Type:              Recovery (Max at Slow Process Corner)
  Requirement:            19.000ns  (clk_fpga_0 rise@19.000ns - clk_fpga_0 rise@0.000ns)
  Data Path Delay:        8.656ns  (logic 0.608ns (7.024%)  route 8.048ns (92.976%))
  Logic Levels:           1  (LUT2=1)
  Clock Path Skew:        0.118ns (DCD - SCD + CPR)
    Destination Clock Delay (DCD):    2.942ns = ( 21.942 - 19.000 ) 
    Source Clock Delay      (SCD):    2.939ns
    Clock Pessimism Removal (CPR):    0.115ns
  Clock Uncertainty:      0.287ns  ((TSJ^2 + TIJ^2)^1/2 + DJ) / 2 + PE
    Total System Jitter     (TSJ):    0.071ns
    Total Input Jitter      (TIJ):    0.570ns
    Discrete Jitter          (DJ):    0.000ns
    Phase Error              (PE):    0.000ns

    Location             Delay type                Incr(ns)  Path(ns)    Netlist Resource(s)
  -------------------------------------------------------------------    -------------------
                         (clock clk_fpga_0 rise edge)
                                                      0.000     0.000 r  <hidden>
    PS7_X0Y0             PS7                          0.000     0.000 r  sys_i/ps7/inst/PS7_i/FCLKCLK[0]
                         net (fo=1, routed)           1.193     1.193    sys_i/ps7/inst/FCLK_CLK_unbuffered[0]
    BUFGCTRL_X0Y16       BUFG (Prop_bufg_I_O)         0.101     1.294 r  sys_i/ps7/inst/buffer_fclk_clk_0.FCLK_CLK_0_BUFG/O
                         net (fo=918, routed)         1.645     2.939    sys_i/rst_ps7_52M/U0/slowest_sync_clk
    SLICE_X48Y64         FDRE                                         r  sys_i/rst_ps7_52M/U0/ACTIVE_LOW_PR_OUT_DFF[0].FDRE_PER_N/C
  -------------------------------------------------------------------    -------------------
    SLICE_X48Y64         FDRE (Prop_fdre_C_Q)         0.456     3.395 r  sys_i/rst_ps7_52M/U0/ACTIVE_LOW_PR_OUT_DFF[0].FDRE_PER_N/Q
                         net (fo=9, routed)           1.825     5.220    sys_i/tier0/inst/u_tier/u_VS/u_BALANCED_n13/u_SNN/S_AXI_ARESETN
    SLICE_X35Y94         LUT2 (Prop_lut2_I0_O)        0.152     5.372 f  sys_i/tier0/inst/u_tier/u_VS/u_BALANCED_n13/u_SNN/op_reg[0][31]_i_1/O
                         net (fo=1958, routed)        6.223    11.595    sys_i/tier0/inst/u_tier/u_VS/u_BALANCED_n13/u_SNN/S_AXI_ARESETN_0
    SLICE_X64Y90         FDCE                                         f  sys_i/tier0/inst/u_tier/u_VS/u_BALANCED_n13/u_SNN/pC1_idx_reg[4]/CLR
  -------------------------------------------------------------------    -------------------

                         (clock clk_fpga_0 rise edge)
                                                     19.000    19.000 r  <hidden>
    PS7_X0Y0             PS7                          0.000    19.000 r  sys_i/ps7/inst/PS7_i/FCLKCLK[0]
                         net (fo=1, routed)           1.088    20.088    sys_i/ps7/inst/FCLK_CLK_unbuffered[0]
    BUFGCTRL_X0Y16       BUFG (Prop_bufg_I_O)         0.091    20.179 r  sys_i/ps7/inst/buffer_fclk_clk_0.FCLK_CLK_0_BUFG/O
                         net (fo=918, routed)         0.133    20.312    sys_i/tier0/inst/S_AXI_ACLK
    BUFGCTRL_X0Y17       BUFGCTRL (Prop_bufgctrl_I0_O)
                                                      0.091    20.403 r  sys_i/tier0/inst/u_gate/O
                         net (fo=2351, routed)        1.539    21.942    sys_i/tier0/inst/u_tier/u_VS/u_BALANCED_n13/u_SNN/clk_tier
    SLICE_X64Y90         FDCE                                         r  sys_i/tier0/inst/u_tier/u_VS/u_BALANCED_n13/u_SNN/pC1_idx_reg[4]/C
                         clock pessimism              0.115    22.057    <hidden>
                         clock uncertainty           -0.287    21.770    <hidden>
    SLICE_X64Y90         FDCE (Recov_fdce_C_CLR)     -0.607    21.163    sys_i/tier0/inst/u_tier/u_VS/u_BALANCED_n13/u_SNN/pC1_idx_reg[4]
  -------------------------------------------------------------------
                         required time                         21.163    <hidden>
                         arrival time                         -11.595    <hidden>
  -------------------------------------------------------------------
                         slack                                  9.568    <hidden>





Min Delay Paths
--------------------------------------------------------------------------------------
Slack (MET) :             0.559ns  (arrival time - required time)
  Source:                 sys_i/tier0/inst/started_reg/C
                            (rising edge-triggered cell FDRE clocked by clk_fpga_0  {rise@0.000ns fall@9.500ns period=19.000ns})
  Destination:            sys_i/tier0/inst/u_tier/u_VS/u_BALANCED_n13/u_SNN/V_LI_reg[3][20]/CLR
                            (removal check against rising-edge clock clk_fpga_0  {rise@0.000ns fall@9.500ns period=19.000ns})
  Path Group:             **async_default**
  Path Type:              Removal (Min at Fast Process Corner)
  Requirement:            0.000ns  (clk_fpga_0 rise@0.000ns - clk_fpga_0 rise@0.000ns)
  Data Path Delay:        0.722ns  (logic 0.183ns (25.361%)  route 0.539ns (74.639%))
  Logic Levels:           1  (LUT2=1)
  Clock Path Skew:        0.316ns (DCD - SCD - CPR)
    Destination Clock Delay (DCD):    1.240ns
    Source Clock Delay      (SCD):    0.894ns
    Clock Pessimism Removal (CPR):    0.030ns

    Location             Delay type                Incr(ns)  Path(ns)    Netlist Resource(s)
  -------------------------------------------------------------------    -------------------
                         (clock clk_fpga_0 rise edge)
                                                      0.000     0.000 r  <hidden>
    PS7_X0Y0             PS7                          0.000     0.000 r  sys_i/ps7/inst/PS7_i/FCLKCLK[0]
                         net (fo=1, routed)           0.310     0.310    sys_i/ps7/inst/FCLK_CLK_unbuffered[0]
    BUFGCTRL_X0Y16       BUFG (Prop_bufg_I_O)         0.026     0.336 r  sys_i/ps7/inst/buffer_fclk_clk_0.FCLK_CLK_0_BUFG/O
                         net (fo=918, routed)         0.558     0.894    sys_i/tier0/inst/S_AXI_ACLK
    SLICE_X35Y94         FDRE                                         r  sys_i/tier0/inst/started_reg/C
  -------------------------------------------------------------------    -------------------
    SLICE_X35Y94         FDRE (Prop_fdre_C_Q)         0.141     1.035 r  sys_i/tier0/inst/started_reg/Q
                         net (fo=2, routed)           0.156     1.191    sys_i/tier0/inst/u_tier/u_VS/u_BALANCED_n13/u_SNN/started
    SLICE_X35Y94         LUT2 (Prop_lut2_I1_O)        0.042     1.233 f  sys_i/tier0/inst/u_tier/u_VS/u_BALANCED_n13/u_SNN/op_reg[0][31]_i_1/O
                         net (fo=1958, routed)        0.382     1.615    sys_i/tier0/inst/u_tier/u_VS/u_BALANCED_n13/u_SNN/S_AXI_ARESETN_0
    SLICE_X37Y78         FDCE                                         f  sys_i/tier0/inst/u_tier/u_VS/u_BALANCED_n13/u_SNN/V_LI_reg[3][20]/CLR
  -------------------------------------------------------------------    -------------------

                         (clock clk_fpga_0 rise edge)
                                                      0.000     0.000 r  <hidden>
    PS7_X0Y0             PS7                          0.000     0.000 r  sys_i/ps7/inst/PS7_i/FCLKCLK[0]
                         net (fo=1, routed)           0.337     0.337    sys_i/ps7/inst/FCLK_CLK_unbuffered[0]
    BUFGCTRL_X0Y16       BUFG (Prop_bufg_I_O)         0.029     0.366 r  sys_i/ps7/inst/buffer_fclk_clk_0.FCLK_CLK_0_BUFG/O
                         net (fo=918, routed)         0.033     0.399    sys_i/tier0/inst/S_AXI_ACLK
    BUFGCTRL_X0Y17       BUFGCTRL (Prop_bufgctrl_I0_O)
                                                      0.029     0.428 r  sys_i/tier0/inst/u_gate/O
                         net (fo=2351, routed)        0.812     1.240    sys_i/tier0/inst/u_tier/u_VS/u_BALANCED_n13/u_SNN/clk_tier
    SLICE_X37Y78         FDCE                                         r  sys_i/tier0/inst/u_tier/u_VS/u_BALANCED_n13/u_SNN/V_LI_reg[3][20]/C
                         clock pessimism             -0.030     1.210    <hidden>
    SLICE_X37Y78         FDCE (Remov_fdce_C_CLR)     -0.154     1.056    sys_i/tier0/inst/u_tier/u_VS/u_BALANCED_n13/u_SNN/V_LI_reg[3][20]
  -------------------------------------------------------------------
                         required time                         -1.056    <hidden>
                         arrival time                           1.615    <hidden>
  -------------------------------------------------------------------
                         slack                                  0.559    <hidden>





