Copyright 1986-2022 Xilinx, Inc. All Rights Reserved. Copyright 2022-2026 Advanced Micro Devices, Inc. All Rights Reserved.
--------------------------------------------------------------------------------------------------------------------------------------------------------------------------------------
| Tool Version : Vivado v.2026.1 (win64) Build 6511674 Tue Jun 16 11:02:23 MDT 2026
| Date         : Wed Jul 29 18:31:57 2026
| Host         : AX16PRO running 64-bit major release  (build 9200)
| Command      : report_timing_summary -file {D:/Project_MBSE/1.Reti Neurali/Rete_SNN_Test/CF_FSNN/.worktrees/Simulink_Importer/FaseB2.0/Harness_SNN/hw/../results/timing_fclk55.rpt}
| Design       : sys_wrapper
| Device       : 7z020-clg400
| Speed File   : -1  PRODUCTION 1.12 2019-11-22
| Design State : Routed
--------------------------------------------------------------------------------------------------------------------------------------------------------------------------------------

Timing Summary Report

------------------------------------------------------------------------------------------------
| Timer Settings
| --------------
------------------------------------------------------------------------------------------------

  Enable Multi Corner Analysis               :  Yes
  Enable Pessimism Removal                   :  Yes
  Pessimism Removal Resolution               :  Nearest Common Node
  Enable Input Delay Default Clock           :  No
  Enable Preset / Clear Arcs                 :  No
  Disable Flight Delays                      :  No
  Ignore I/O Paths                           :  No
  Timing Early Launch at Borrowing Latches   :  No
  Borrow Time for Max Delay Exceptions       :  Yes
  Merge Timing Exceptions                    :  Yes
  Inter-SLR Compensation                     :  Conservative

  Corner  Analyze    Analyze    
  Name    Max Paths  Min Paths  
  ------  ---------  ---------  
  Slow    Yes        Yes        
  Fast    Yes        Yes        


------------------------------------------------------------------------------------------------
| Report Methodology
| ------------------
------------------------------------------------------------------------------------------------

Rule     Severity  Description                   Violations  
-------  --------  ----------------------------  ----------  
DPIR-1   Warning   Asynchronous driver check     480         
LUTAR-1  Warning   LUT drives async reset alert  1           

Note: This report is based on the most recent report_methodology run and may not be up-to-date. Run report_methodology on the current design for the latest report.



check_timing report

Table of Contents
-----------------
1. checking no_clock (0)
2. checking constant_clock (0)
3. checking pulse_width_clock (0)
4. checking unconstrained_internal_endpoints (0)
5. checking no_input_delay (0)
6. checking no_output_delay (0)
7. checking multiple_clock (0)
8. checking generated_clocks (0)
9. checking loops (0)
10. checking partial_input_delay (0)
11. checking partial_output_delay (0)
12. checking latch_loops (0)

1. checking no_clock (0)
------------------------
 There are 0 register/latch pins with no clock.


2. checking constant_clock (0)
------------------------------
 There are 0 register/latch pins with constant_clock.


3. checking pulse_width_clock (0)
---------------------------------
 There are 0 register/latch pins which need pulse_width check


4. checking unconstrained_internal_endpoints (0)
------------------------------------------------
 There are 0 pins that are not constrained for maximum delay.

 There are 0 pins that are not constrained for maximum delay due to constant clock.


5. checking no_input_delay (0)
------------------------------
 There are 0 input ports with no input delay specified.

 There are 0 input ports with no input delay but user has a false path constraint.


6. checking no_output_delay (0)
-------------------------------
 There are 0 ports with no output delay specified.

 There are 0 ports with no output delay but user has a false path constraint

 There are 0 ports with no output delay but with a timing clock defined on it or propagating through it


7. checking multiple_clock (0)
------------------------------
 There are 0 register/latch pins with multiple clocks.


8. checking generated_clocks (0)
--------------------------------
 There are 0 generated clocks that are not connected to a clock source.


9. checking loops (0)
---------------------
 There are 0 combinational loops in the design.


10. checking partial_input_delay (0)
------------------------------------
 There are 0 input ports with partial input delay specified.


11. checking partial_output_delay (0)
-------------------------------------
 There are 0 ports with partial output delay specified.


12. checking latch_loops (0)
----------------------------
 There are 0 combinational latch loops in the design through latch input



------------------------------------------------------------------------------------------------
| Design Timing Summary
| ---------------------
------------------------------------------------------------------------------------------------

    WNS(ns)      TNS(ns)  TNS Failing Endpoints  TNS Total Endpoints      WHS(ns)      THS(ns)  THS Failing Endpoints  THS Total Endpoints     WPWS(ns)     TPWS(ns)  TPWS Failing Endpoints  TPWS Total Endpoints  
    -------      -------  ---------------------  -------------------      -------      -------  ---------------------  -------------------     --------     --------  ----------------------  --------------------  
     -0.345       -4.909                     37                 8694        0.020        0.000                      0                 8694        8.020        0.000                       0                  3269  


Timing constraints are not met.


------------------------------------------------------------------------------------------------
| Clock Summary
| -------------
------------------------------------------------------------------------------------------------

Clock       Waveform(ns)       Period(ns)      Frequency(MHz)
-----       ------------       ----------      --------------
clk_fpga_0  {0.000 9.000}      18.000          55.556          


------------------------------------------------------------------------------------------------
| Intra Clock Table
| -----------------
------------------------------------------------------------------------------------------------

Clock             WNS(ns)      TNS(ns)  TNS Failing Endpoints  TNS Total Endpoints      WHS(ns)      THS(ns)  THS Failing Endpoints  THS Total Endpoints     WPWS(ns)     TPWS(ns)  TPWS Failing Endpoints  TPWS Total Endpoints  
-----             -------      -------  ---------------------  -------------------      -------      -------  ---------------------  -------------------     --------     --------  ----------------------  --------------------  
clk_fpga_0         -0.345       -4.909                     37                 6748        0.020        0.000                      0                 6748        8.020        0.000                       0                  3269  


------------------------------------------------------------------------------------------------
| Inter Clock Table
| -----------------
------------------------------------------------------------------------------------------------

From Clock    To Clock          WNS(ns)      TNS(ns)  TNS Failing Endpoints  TNS Total Endpoints      WHS(ns)      THS(ns)  THS Failing Endpoints  THS Total Endpoints  
----------    --------          -------      -------  ---------------------  -------------------      -------      -------  ---------------------  -------------------  


------------------------------------------------------------------------------------------------
| Other Path Groups Table
| -----------------------
------------------------------------------------------------------------------------------------

Path Group         From Clock         To Clock               WNS(ns)      TNS(ns)  TNS Failing Endpoints  TNS Total Endpoints      WHS(ns)      THS(ns)  THS Failing Endpoints  THS Total Endpoints  
----------         ----------         --------               -------      -------  ---------------------  -------------------      -------      -------  ---------------------  -------------------  
**async_default**  clk_fpga_0         clk_fpga_0               9.815        0.000                      0                 1946        0.396        0.000                      0                 1946  


------------------------------------------------------------------------------------------------
| Timing Details
| --------------
------------------------------------------------------------------------------------------------


---------------------------------------------------------------------------------------------------
From Clock:  clk_fpga_0
  To Clock:  clk_fpga_0

Setup :           37  Failing Endpoints,  Worst Slack       -0.345ns,  Total Violation       -4.909ns
Hold  :            0  Failing Endpoints,  Worst Slack        0.020ns,  Total Violation        0.000ns
PW    :            0  Failing Endpoints,  Worst Slack        8.020ns,  Total Violation        0.000ns
---------------------------------------------------------------------------------------------------


Max Delay Paths
--------------------------------------------------------------------------------------
Slack (VIOLATED) :        -0.345ns  (required time - arrival time)
  Source:                 sys_i/tier0/inst/u_tier/u_VS/u_BALANCED_n13/u_DEC/pv_not_empty_reg/C
                            (rising edge-triggered cell FDCE clocked by clk_fpga_0  {rise@0.000ns fall@9.000ns period=18.000ns})
  Destination:            sys_i/tier0/inst/u_tier/u_VS/u_BALANCED_n13/u_DEC/q1f_reg[4][10]/S
                            (rising edge-triggered cell FDSE clocked by clk_fpga_0  {rise@0.000ns fall@9.000ns period=18.000ns})
  Path Group:             clk_fpga_0
  Path Type:              Setup (Max at Slow Process Corner)
  Requirement:            18.000ns  (clk_fpga_0 rise@18.000ns - clk_fpga_0 rise@0.000ns)
  Data Path Delay:        17.537ns  (logic 9.265ns (52.832%)  route 8.272ns (47.168%))
  Logic Levels:           15  (CARRY4=7 DSP48E1=1 LUT2=1 LUT3=2 LUT4=1 LUT6=3)
  Clock Path Skew:        -0.012ns (DCD - SCD + CPR)
    Destination Clock Delay (DCD):    2.909ns = ( 20.909 - 18.000 ) 
    Source Clock Delay      (SCD):    3.173ns
    Clock Pessimism Removal (CPR):    0.252ns
  Clock Uncertainty:      0.272ns  ((TSJ^2 + TIJ^2)^1/2 + DJ) / 2 + PE
    Total System Jitter     (TSJ):    0.071ns
    Total Input Jitter      (TIJ):    0.540ns
    Discrete Jitter          (DJ):    0.000ns
    Phase Error              (PE):    0.000ns

    Location             Delay type                Incr(ns)  Path(ns)    Netlist Resource(s)
  -------------------------------------------------------------------    -------------------
                         (clock clk_fpga_0 rise edge)
                                                      0.000     0.000 r  <hidden>
    PS7_X0Y0             PS7                          0.000     0.000 r  sys_i/ps7/inst/PS7_i/FCLKCLK[0]
                         net (fo=1, routed)           1.193     1.193    sys_i/ps7/inst/FCLK_CLK_unbuffered[0]
    BUFGCTRL_X0Y16       BUFG (Prop_bufg_I_O)         0.101     1.294 r  sys_i/ps7/inst/buffer_fclk_clk_0.FCLK_CLK_0_BUFG/O
                         net (fo=918, routed)         0.146     1.440    sys_i/tier0/inst/S_AXI_ACLK
    BUFGCTRL_X0Y17       BUFGCTRL (Prop_bufgctrl_I0_O)
                                                      0.101     1.541 r  sys_i/tier0/inst/u_gate/O
                         net (fo=2351, routed)        1.632     3.173    sys_i/tier0/inst/u_tier/u_VS/u_BALANCED_n13/u_DEC/clk_tier
    SLICE_X33Y74         FDCE                                         r  sys_i/tier0/inst/u_tier/u_VS/u_BALANCED_n13/u_DEC/pv_not_empty_reg/C
  -------------------------------------------------------------------    -------------------
    SLICE_X33Y74         FDCE (Prop_fdce_C_Q)         0.456     3.629 r  sys_i/tier0/inst/u_tier/u_VS/u_BALANCED_n13/u_DEC/pv_not_empty_reg/Q
                         net (fo=713, routed)         0.976     4.605    sys_i/tier0/inst/u_tier/u_VS/u_BALANCED_n13/u_DEC/pv_not_empty_reg_0
    SLICE_X33Y74         LUT2 (Prop_lut2_I0_O)        0.149     4.754 r  sys_i/tier0/inst/u_tier/u_VS/u_BALANCED_n13/u_DEC/snn_champions_lib_c29_DEC_output.adjv[4]4_i_17/O
                         net (fo=1, routed)           0.817     5.571    sys_i/tier0/inst/u_tier/u_VS/u_BALANCED_n13/u_DEC/snn_champions_lib_c29_DEC_output.adjv[4]4_i_17_n_0
    DSP48_X2Y29          DSP48E1 (Prop_dsp48e1_D[4]_P[17])
                                                      5.278    10.849 r  sys_i/tier0/inst/u_tier/u_VS/u_BALANCED_n13/u_DEC/snn_champions_lib_c29_DEC_output.adjv[4]4/P[17]
                         net (fo=1, routed)           0.932    11.782    sys_i/tier0/inst/u_tier/u_VS/u_BALANCED_n13/u_DEC/snn_champions_lib_c29_DEC_output.adjv[4]4_n_88
    SLICE_X33Y70         CARRY4 (Prop_carry4_S[1]_CO[3])
                                                      0.674    12.456 r  sys_i/tier0/inst/u_tier/u_VS/u_BALANCED_n13/u_DEC/q1f_reg[4][3]_i_3/CO[3]
                         net (fo=1, routed)           0.000    12.456    sys_i/tier0/inst/u_tier/u_VS/u_BALANCED_n13/u_DEC/q1f_reg[4][3]_i_3_n_0
    SLICE_X33Y71         CARRY4 (Prop_carry4_CI_CO[3])
                                                      0.114    12.570 r  sys_i/tier0/inst/u_tier/u_VS/u_BALANCED_n13/u_DEC/q1k_reg[4][5]_i_12/CO[3]
                         net (fo=1, routed)           0.000    12.570    sys_i/tier0/inst/u_tier/u_VS/u_BALANCED_n13/u_DEC/q1k_reg[4][5]_i_12_n_0
    SLICE_X33Y72         CARRY4 (Prop_carry4_CI_CO[3])
                                                      0.114    12.684 r  sys_i/tier0/inst/u_tier/u_VS/u_BALANCED_n13/u_DEC/q1k_reg[4][5]_i_11/CO[3]
                         net (fo=1, routed)           0.000    12.684    sys_i/tier0/inst/u_tier/u_VS/u_BALANCED_n13/u_DEC/q1k_reg[4][5]_i_11_n_0
    SLICE_X33Y73         CARRY4 (Prop_carry4_CI_CO[3])
                                                      0.114    12.798 r  sys_i/tier0/inst/u_tier/u_VS/u_BALANCED_n13/u_DEC/q1k_reg[4][5]_i_9/CO[3]
                         net (fo=1, routed)           0.000    12.798    sys_i/tier0/inst/u_tier/u_VS/u_BALANCED_n13/u_DEC/q1k_reg[4][5]_i_9_n_0
    SLICE_X33Y74         CARRY4 (Prop_carry4_CI_O[1])
                                                      0.334    13.132 r  sys_i/tier0/inst/u_tier/u_VS/u_BALANCED_n13/u_DEC/q1k_reg[4][1]_i_7/O[1]
                         net (fo=1, routed)           0.668    13.800    sys_i/tier0/inst/u_tier/u_VS/u_BALANCED_n13/u_DEC/snn_champions_lib_c29_DEC_output.adjv[4]0[17]
    SLICE_X30Y73         LUT3 (Prop_lut3_I2_O)        0.303    14.103 r  sys_i/tier0/inst/u_tier/u_VS/u_BALANCED_n13/u_DEC/q1k[4][1]_i_3/O
                         net (fo=1, routed)           0.000    14.103    sys_i/tier0/inst/u_tier/u_VS/u_BALANCED_n13/u_DEC/q1k[4][1]_i_3_n_0
    SLICE_X30Y73         CARRY4 (Prop_carry4_S[2]_CO[3])
                                                      0.380    14.483 r  sys_i/tier0/inst/u_tier/u_VS/u_BALANCED_n13/u_DEC/q1k_reg[4][1]_i_2/CO[3]
                         net (fo=21, routed)          1.199    15.682    sys_i/tier0/inst/u_tier/u_VS/u_BALANCED_n13/u_DEC/q1k_reg[4][1]_i_2_n_0
    SLICE_X29Y75         LUT3 (Prop_lut3_I2_O)        0.124    15.806 r  sys_i/tier0/inst/u_tier/u_VS/u_BALANCED_n13/u_DEC/q1k[4][5]_i_10/O
                         net (fo=1, routed)           0.464    16.269    sys_i/tier0/inst/u_tier/u_VS/u_BALANCED_n13/u_DEC/q1k[4][5]_i_10_n_0
    SLICE_X30Y74         LUT6 (Prop_lut6_I0_O)        0.124    16.393 f  sys_i/tier0/inst/u_tier/u_VS/u_BALANCED_n13/u_DEC/q1k[4][5]_i_4/O
                         net (fo=16, routed)          0.802    17.196    sys_i/tier0/inst/u_tier/u_VS/u_BALANCED_n13/u_DEC/q1k[4][5]_i_4_n_0
    SLICE_X28Y76         LUT6 (Prop_lut6_I1_O)        0.124    17.320 r  sys_i/tier0/inst/u_tier/u_VS/u_BALANCED_n13/u_DEC/q1f[4][15]_i_8/O
                         net (fo=1, routed)           0.615    17.934    sys_i/tier0/inst/u_tier/u_VS/u_BALANCED_n13/u_DEC/q1f[4][15]_i_8_n_0
    SLICE_X27Y76         CARRY4 (Prop_carry4_DI[0]_CO[2])
                                                      0.540    18.474 r  sys_i/tier0/inst/u_tier/u_VS/u_BALANCED_n13/u_DEC/q1f_reg[4][15]_i_5/CO[2]
                         net (fo=14, routed)          0.523    18.997    sys_i/tier0/inst/u_tier/u_VS/u_BALANCED_n13/u_DEC/q1f_reg[4][15]_i_5_n_1
    SLICE_X26Y75         LUT4 (Prop_lut4_I0_O)        0.313    19.310 r  sys_i/tier0/inst/u_tier/u_VS/u_BALANCED_n13/u_DEC/q1f[4][15]_i_3/O
                         net (fo=1, routed)           0.670    19.981    sys_i/tier0/inst/u_tier/u_VS/u_BALANCED_n13/u_DEC/q1f[4][15]_i_3_n_0
    SLICE_X26Y75         LUT6 (Prop_lut6_I1_O)        0.124    20.105 r  sys_i/tier0/inst/u_tier/u_VS/u_BALANCED_n13/u_DEC/q1f[4][15]_i_1/O
                         net (fo=16, routed)          0.605    20.710    sys_i/tier0/inst/u_tier/u_VS/u_BALANCED_n13/u_DEC/q1f[4][15]_i_1_n_0
    SLICE_X26Y73         FDSE                                         r  sys_i/tier0/inst/u_tier/u_VS/u_BALANCED_n13/u_DEC/q1f_reg[4][10]/S
  -------------------------------------------------------------------    -------------------

                         (clock clk_fpga_0 rise edge)
                                                     18.000    18.000 r  <hidden>
    PS7_X0Y0             PS7                          0.000    18.000 r  sys_i/ps7/inst/PS7_i/FCLKCLK[0]
                         net (fo=1, routed)           1.088    19.088    sys_i/ps7/inst/FCLK_CLK_unbuffered[0]
    BUFGCTRL_X0Y16       BUFG (Prop_bufg_I_O)         0.091    19.179 r  sys_i/ps7/inst/buffer_fclk_clk_0.FCLK_CLK_0_BUFG/O
                         net (fo=918, routed)         0.133    19.312    sys_i/tier0/inst/S_AXI_ACLK
    BUFGCTRL_X0Y17       BUFGCTRL (Prop_bufgctrl_I0_O)
                                                      0.091    19.403 r  sys_i/tier0/inst/u_gate/O
                         net (fo=2351, routed)        1.506    20.909    sys_i/tier0/inst/u_tier/u_VS/u_BALANCED_n13/u_DEC/clk_tier
    SLICE_X26Y73         FDSE                                         r  sys_i/tier0/inst/u_tier/u_VS/u_BALANCED_n13/u_DEC/q1f_reg[4][10]/C
                         clock pessimism              0.252    21.161    <hidden>
                         clock uncertainty           -0.272    20.889    <hidden>
    SLICE_X26Y73         FDSE (Setup_fdse_C_S)       -0.524    20.365    sys_i/tier0/inst/u_tier/u_VS/u_BALANCED_n13/u_DEC/q1f_reg[4][10]
  -------------------------------------------------------------------
                         required time                         20.365    <hidden>
                         arrival time                         -20.710    <hidden>
  -------------------------------------------------------------------
                         slack                                 -0.345    <hidden>





Min Delay Paths
--------------------------------------------------------------------------------------
Slack (MET) :             0.020ns  (arrival time - required time)
  Source:                 sys_i/tier0/inst/v_c_reg[13]/C
                            (rising edge-triggered cell FDRE clocked by clk_fpga_0  {rise@0.000ns fall@9.000ns period=18.000ns})
  Destination:            sys_i/tier0/inst/u_tier/u_VS/u_BALANCED_n13/u_SNN/op_reg_reg[1][13]/D
                            (rising edge-triggered cell FDCE clocked by clk_fpga_0  {rise@0.000ns fall@9.000ns period=18.000ns})
  Path Group:             clk_fpga_0
  Path Type:              Hold (Min at Fast Process Corner)
  Requirement:            0.000ns  (clk_fpga_0 rise@0.000ns - clk_fpga_0 rise@0.000ns)
  Data Path Delay:        0.399ns  (logic 0.164ns (41.084%)  route 0.235ns (58.916%))
  Logic Levels:           0  
  Clock Path Skew:        0.332ns (DCD - SCD - CPR)
    Destination Clock Delay (DCD):    1.336ns
    Source Clock Delay      (SCD):    0.974ns
    Clock Pessimism Removal (CPR):    0.030ns

    Location             Delay type                Incr(ns)  Path(ns)    Netlist Resource(s)
  -------------------------------------------------------------------    -------------------
                         (clock clk_fpga_0 rise edge)
                                                      0.000     0.000 r  <hidden>
    PS7_X0Y0             PS7                          0.000     0.000 r  sys_i/ps7/inst/PS7_i/FCLKCLK[0]
                         net (fo=1, routed)           0.310     0.310    sys_i/ps7/inst/FCLK_CLK_unbuffered[0]
    BUFGCTRL_X0Y16       BUFG (Prop_bufg_I_O)         0.026     0.336 r  sys_i/ps7/inst/buffer_fclk_clk_0.FCLK_CLK_0_BUFG/O
                         net (fo=918, routed)         0.638     0.974    sys_i/tier0/inst/S_AXI_ACLK
    SLICE_X42Y106        FDRE                                         r  sys_i/tier0/inst/v_c_reg[13]/C
  -------------------------------------------------------------------    -------------------
    SLICE_X42Y106        FDRE (Prop_fdre_C_Q)         0.164     1.138 r  sys_i/tier0/inst/v_c_reg[13]/Q
                         net (fo=1, routed)           0.235     1.373    sys_i/tier0/inst/u_tier/u_VS/u_BALANCED_n13/u_SNN/op_reg_reg[1][31]_0[13]
    SLICE_X37Y110        FDCE                                         r  sys_i/tier0/inst/u_tier/u_VS/u_BALANCED_n13/u_SNN/op_reg_reg[1][13]/D
  -------------------------------------------------------------------    -------------------

                         (clock clk_fpga_0 rise edge)
                                                      0.000     0.000 r  <hidden>
    PS7_X0Y0             PS7                          0.000     0.000 r  sys_i/ps7/inst/PS7_i/FCLKCLK[0]
                         net (fo=1, routed)           0.337     0.337    sys_i/ps7/inst/FCLK_CLK_unbuffered[0]
    BUFGCTRL_X0Y16       BUFG (Prop_bufg_I_O)         0.029     0.366 r  sys_i/ps7/inst/buffer_fclk_clk_0.FCLK_CLK_0_BUFG/O
                         net (fo=918, routed)         0.033     0.399    sys_i/tier0/inst/S_AXI_ACLK
    BUFGCTRL_X0Y17       BUFGCTRL (Prop_bufgctrl_I0_O)
                                                      0.029     0.428 r  sys_i/tier0/inst/u_gate/O
                         net (fo=2351, routed)        0.908     1.336    sys_i/tier0/inst/u_tier/u_VS/u_BALANCED_n13/u_SNN/clk_tier
    SLICE_X37Y110        FDCE                                         r  sys_i/tier0/inst/u_tier/u_VS/u_BALANCED_n13/u_SNN/op_reg_reg[1][13]/C
                         clock pessimism             -0.030     1.306    <hidden>
    SLICE_X37Y110        FDCE (Hold_fdce_C_D)         0.047     1.353    sys_i/tier0/inst/u_tier/u_VS/u_BALANCED_n13/u_SNN/op_reg_reg[1][13]
  -------------------------------------------------------------------
                         required time                         -1.353    <hidden>
                         arrival time                           1.373    <hidden>
  -------------------------------------------------------------------
                         slack                                  0.020    <hidden>





Pulse Width Checks
--------------------------------------------------------------------------------------
Clock Name:         clk_fpga_0
Waveform(ns):       { 0.000 9.000 }
Period(ns):         18.000
Sources:            { sys_i/ps7/inst/PS7_i/FCLKCLK[0] }

Check Type        Corner  Lib Pin             Reference Pin  Required(ns)  Actual(ns)  Slack(ns)  Location      Pin
Min Period        n/a     RAMB18E1/CLKARDCLK  n/a            2.944         18.000      15.056     RAMB18_X4Y46  sys_i/tier0/inst/u_tier/u_VS/u_BALANCED_n13/u_SNN/u_dualPortRam/ram_reg/CLKARDCLK
Low Pulse Width   Slow    SRLC32E/CLK         n/a            0.980         9.000       8.020      SLICE_X26Y85  sys_i/ps7_axi_periph/s00_couplers/auto_pc/inst/gen_axilite.gen_b2s_conv.axilite_b2s/RD.r_channel_0/rd_data_fifo_0/memory_reg[31][0]_srl32/CLK
High Pulse Width  Slow    SRLC32E/CLK         n/a            0.980         9.000       8.020      SLICE_X26Y85  sys_i/ps7_axi_periph/s00_couplers/auto_pc/inst/gen_axilite.gen_b2s_conv.axilite_b2s/RD.r_channel_0/rd_data_fifo_0/memory_reg[31][0]_srl32/CLK



---------------------------------------------------------------------------------------------------
Path Group:  **async_default**
From Clock:  clk_fpga_0
  To Clock:  clk_fpga_0

Setup :            0  Failing Endpoints,  Worst Slack        9.815ns,  Total Violation        0.000ns
Hold  :            0  Failing Endpoints,  Worst Slack        0.396ns,  Total Violation        0.000ns
---------------------------------------------------------------------------------------------------


Max Delay Paths
--------------------------------------------------------------------------------------
Slack (MET) :             9.815ns  (required time - arrival time)
  Source:                 sys_i/rst_ps7_55M/U0/ACTIVE_LOW_PR_OUT_DFF[0].FDRE_PER_N/C
                            (rising edge-triggered cell FDRE clocked by clk_fpga_0  {rise@0.000ns fall@9.000ns period=18.000ns})
  Destination:            sys_i/tier0/inst/u_tier/u_VS/u_BALANCED_n13/u_SNN/pR_idx_reg[3]/CLR
                            (recovery check against rising-edge clock clk_fpga_0  {rise@0.000ns fall@9.000ns period=18.000ns})
  Path Group:             **async_default**
  Path Type:              Recovery (Max at Slow Process Corner)
  Requirement:            18.000ns  (clk_fpga_0 rise@18.000ns - clk_fpga_0 rise@0.000ns)
  Data Path Delay:        7.589ns  (logic 0.572ns (7.537%)  route 7.017ns (92.463%))
  Logic Levels:           1  (LUT2=1)
  Clock Path Skew:        0.286ns (DCD - SCD + CPR)
    Destination Clock Delay (DCD):    3.115ns = ( 21.115 - 18.000 ) 
    Source Clock Delay      (SCD):    2.944ns
    Clock Pessimism Removal (CPR):    0.115ns
  Clock Uncertainty:      0.272ns  ((TSJ^2 + TIJ^2)^1/2 + DJ) / 2 + PE
    Total System Jitter     (TSJ):    0.071ns
    Total Input Jitter      (TIJ):    0.540ns
    Discrete Jitter          (DJ):    0.000ns
    Phase Error              (PE):    0.000ns

    Location             Delay type                Incr(ns)  Path(ns)    Netlist Resource(s)
  -------------------------------------------------------------------    -------------------
                         (clock clk_fpga_0 rise edge)
                                                      0.000     0.000 r  <hidden>
    PS7_X0Y0             PS7                          0.000     0.000 r  sys_i/ps7/inst/PS7_i/FCLKCLK[0]
                         net (fo=1, routed)           1.193     1.193    sys_i/ps7/inst/FCLK_CLK_unbuffered[0]
    BUFGCTRL_X0Y16       BUFG (Prop_bufg_I_O)         0.101     1.294 r  sys_i/ps7/inst/buffer_fclk_clk_0.FCLK_CLK_0_BUFG/O
                         net (fo=918, routed)         1.650     2.944    sys_i/rst_ps7_55M/U0/slowest_sync_clk
    SLICE_X33Y89         FDRE                                         r  sys_i/rst_ps7_55M/U0/ACTIVE_LOW_PR_OUT_DFF[0].FDRE_PER_N/C
  -------------------------------------------------------------------    -------------------
    SLICE_X33Y89         FDRE (Prop_fdre_C_Q)         0.456     3.400 r  sys_i/rst_ps7_55M/U0/ACTIVE_LOW_PR_OUT_DFF[0].FDRE_PER_N/Q
                         net (fo=9, routed)           0.854     4.254    sys_i/tier0/inst/u_tier/u_VS/u_BALANCED_n13/u_SNN/S_AXI_ARESETN
    SLICE_X34Y101        LUT2 (Prop_lut2_I0_O)        0.116     4.370 f  sys_i/tier0/inst/u_tier/u_VS/u_BALANCED_n13/u_SNN/op_reg[0][31]_i_1/O
                         net (fo=1958, routed)        6.164    10.533    sys_i/tier0/inst/u_tier/u_VS/u_BALANCED_n13/u_SNN/S_AXI_ARESETN_0
    SLICE_X60Y109        FDCE                                         f  sys_i/tier0/inst/u_tier/u_VS/u_BALANCED_n13/u_SNN/pR_idx_reg[3]/CLR
  -------------------------------------------------------------------    -------------------

                         (clock clk_fpga_0 rise edge)
                                                     18.000    18.000 r  <hidden>
    PS7_X0Y0             PS7                          0.000    18.000 r  sys_i/ps7/inst/PS7_i/FCLKCLK[0]
                         net (fo=1, routed)           1.088    19.088    sys_i/ps7/inst/FCLK_CLK_unbuffered[0]
    BUFGCTRL_X0Y16       BUFG (Prop_bufg_I_O)         0.091    19.179 r  sys_i/ps7/inst/buffer_fclk_clk_0.FCLK_CLK_0_BUFG/O
                         net (fo=918, routed)         0.133    19.312    sys_i/tier0/inst/S_AXI_ACLK
    BUFGCTRL_X0Y17       BUFGCTRL (Prop_bufgctrl_I0_O)
                                                      0.091    19.403 r  sys_i/tier0/inst/u_gate/O
                         net (fo=2351, routed)        1.712    21.115    sys_i/tier0/inst/u_tier/u_VS/u_BALANCED_n13/u_SNN/clk_tier
    SLICE_X60Y109        FDCE                                         r  sys_i/tier0/inst/u_tier/u_VS/u_BALANCED_n13/u_SNN/pR_idx_reg[3]/C
                         clock pessimism              0.115    21.230    <hidden>
                         clock uncertainty           -0.272    20.958    <hidden>
    SLICE_X60Y109        FDCE (Recov_fdce_C_CLR)     -0.609    20.349    sys_i/tier0/inst/u_tier/u_VS/u_BALANCED_n13/u_SNN/pR_idx_reg[3]
  -------------------------------------------------------------------
                         required time                         20.349    <hidden>
                         arrival time                         -10.533    <hidden>
  -------------------------------------------------------------------
                         slack                                  9.815    <hidden>





Min Delay Paths
--------------------------------------------------------------------------------------
Slack (MET) :             0.396ns  (arrival time - required time)
  Source:                 sys_i/tier0/inst/started_reg/C
                            (rising edge-triggered cell FDRE clocked by clk_fpga_0  {rise@0.000ns fall@9.000ns period=18.000ns})
  Destination:            sys_i/tier0/inst/u_tier/u_VS/u_BALANCED_n13/u_SNN/op_reg_reg[3][25]/CLR
                            (removal check against rising-edge clock clk_fpga_0  {rise@0.000ns fall@9.000ns period=18.000ns})
  Path Group:             **async_default**
  Path Type:              Removal (Min at Fast Process Corner)
  Requirement:            0.000ns  (clk_fpga_0 rise@0.000ns - clk_fpga_0 rise@0.000ns)
  Data Path Delay:        0.594ns  (logic 0.207ns (34.853%)  route 0.387ns (65.147%))
  Logic Levels:           1  (LUT2=1)
  Clock Path Skew:        0.331ns (DCD - SCD - CPR)
    Destination Clock Delay (DCD):    1.338ns
    Source Clock Delay      (SCD):    0.977ns
    Clock Pessimism Removal (CPR):    0.030ns

    Location             Delay type                Incr(ns)  Path(ns)    Netlist Resource(s)
  -------------------------------------------------------------------    -------------------
                         (clock clk_fpga_0 rise edge)
                                                      0.000     0.000 r  <hidden>
    PS7_X0Y0             PS7                          0.000     0.000 r  sys_i/ps7/inst/PS7_i/FCLKCLK[0]
                         net (fo=1, routed)           0.310     0.310    sys_i/ps7/inst/FCLK_CLK_unbuffered[0]
    BUFGCTRL_X0Y16       BUFG (Prop_bufg_I_O)         0.026     0.336 r  sys_i/ps7/inst/buffer_fclk_clk_0.FCLK_CLK_0_BUFG/O
                         net (fo=918, routed)         0.641     0.977    sys_i/tier0/inst/S_AXI_ACLK
    SLICE_X34Y101        FDRE                                         r  sys_i/tier0/inst/started_reg/C
  -------------------------------------------------------------------    -------------------
    SLICE_X34Y101        FDRE (Prop_fdre_C_Q)         0.164     1.141 r  sys_i/tier0/inst/started_reg/Q
                         net (fo=2, routed)           0.163     1.304    sys_i/tier0/inst/u_tier/u_VS/u_BALANCED_n13/u_SNN/started
    SLICE_X34Y101        LUT2 (Prop_lut2_I1_O)        0.043     1.347 f  sys_i/tier0/inst/u_tier/u_VS/u_BALANCED_n13/u_SNN/op_reg[0][31]_i_1/O
                         net (fo=1958, routed)        0.224     1.571    sys_i/tier0/inst/u_tier/u_VS/u_BALANCED_n13/u_SNN/S_AXI_ARESETN_0
    SLICE_X36Y105        FDCE                                         f  sys_i/tier0/inst/u_tier/u_VS/u_BALANCED_n13/u_SNN/op_reg_reg[3][25]/CLR
  -------------------------------------------------------------------    -------------------

                         (clock clk_fpga_0 rise edge)
                                                      0.000     0.000 r  <hidden>
    PS7_X0Y0             PS7                          0.000     0.000 r  sys_i/ps7/inst/PS7_i/FCLKCLK[0]
                         net (fo=1, routed)           0.337     0.337    sys_i/ps7/inst/FCLK_CLK_unbuffered[0]
    BUFGCTRL_X0Y16       BUFG (Prop_bufg_I_O)         0.029     0.366 r  sys_i/ps7/inst/buffer_fclk_clk_0.FCLK_CLK_0_BUFG/O
                         net (fo=918, routed)         0.033     0.399    sys_i/tier0/inst/S_AXI_ACLK
    BUFGCTRL_X0Y17       BUFGCTRL (Prop_bufgctrl_I0_O)
                                                      0.029     0.428 r  sys_i/tier0/inst/u_gate/O
                         net (fo=2351, routed)        0.910     1.338    sys_i/tier0/inst/u_tier/u_VS/u_BALANCED_n13/u_SNN/clk_tier
    SLICE_X36Y105        FDCE                                         r  sys_i/tier0/inst/u_tier/u_VS/u_BALANCED_n13/u_SNN/op_reg_reg[3][25]/C
                         clock pessimism             -0.030     1.308    <hidden>
    SLICE_X36Y105        FDCE (Remov_fdce_C_CLR)     -0.133     1.175    sys_i/tier0/inst/u_tier/u_VS/u_BALANCED_n13/u_SNN/op_reg_reg[3][25]
  -------------------------------------------------------------------
                         required time                         -1.175    <hidden>
                         arrival time                           1.571    <hidden>
  -------------------------------------------------------------------
                         slack                                  0.396    <hidden>





