Copyright 1986-2022 Xilinx, Inc. All Rights Reserved. Copyright 2022-2026 Advanced Micro Devices, Inc. All Rights Reserved.
--------------------------------------------------------------------------------------------------------------------------------------------------------------------------------------
| Tool Version : Vivado v.2026.1 (win64) Build 6511674 Tue Jun 16 11:02:23 MDT 2026
| Date         : Wed Jul 29 18:41:44 2026
| Host         : AX16PRO running 64-bit major release  (build 9200)
| Command      : report_timing_summary -file {D:/Project_MBSE/1.Reti Neurali/Rete_SNN_Test/CF_FSNN/.worktrees/Simulink_Importer/FaseB2.0/Harness_SNN/hw/../results/timing_fclk60.rpt}
| Design       : sys_wrapper
| Device       : 7z020-clg400
| Speed File   : -1  PRODUCTION 1.12 2019-11-22
| Design State : Routed
--------------------------------------------------------------------------------------------------------------------------------------------------------------------------------------

Timing Summary Report

------------------------------------------------------------------------------------------------
| Timer Settings
| --------------
------------------------------------------------------------------------------------------------

  Enable Multi Corner Analysis               :  Yes
  Enable Pessimism Removal                   :  Yes
  Pessimism Removal Resolution               :  Nearest Common Node
  Enable Input Delay Default Clock           :  No
  Enable Preset / Clear Arcs                 :  No
  Disable Flight Delays                      :  No
  Ignore I/O Paths                           :  No
  Timing Early Launch at Borrowing Latches   :  No
  Borrow Time for Max Delay Exceptions       :  Yes
  Merge Timing Exceptions                    :  Yes
  Inter-SLR Compensation                     :  Conservative

  Corner  Analyze    Analyze    
  Name    Max Paths  Min Paths  
  ------  ---------  ---------  
  Slow    Yes        Yes        
  Fast    Yes        Yes        


------------------------------------------------------------------------------------------------
| Report Methodology
| ------------------
------------------------------------------------------------------------------------------------

Rule     Severity  Description                   Violations  
-------  --------  ----------------------------  ----------  
DPIR-1   Warning   Asynchronous driver check     480         
LUTAR-1  Warning   LUT drives async reset alert  1           

Note: This report is based on the most recent report_methodology run and may not be up-to-date. Run report_methodology on the current design for the latest report.



check_timing report

Table of Contents
-----------------
1. checking no_clock (0)
2. checking constant_clock (0)
3. checking pulse_width_clock (0)
4. checking unconstrained_internal_endpoints (0)
5. checking no_input_delay (0)
6. checking no_output_delay (0)
7. checking multiple_clock (0)
8. checking generated_clocks (0)
9. checking loops (0)
10. checking partial_input_delay (0)
11. checking partial_output_delay (0)
12. checking latch_loops (0)

1. checking no_clock (0)
------------------------
 There are 0 register/latch pins with no clock.


2. checking constant_clock (0)
------------------------------
 There are 0 register/latch pins with constant_clock.


3. checking pulse_width_clock (0)
---------------------------------
 There are 0 register/latch pins which need pulse_width check


4. checking unconstrained_internal_endpoints (0)
------------------------------------------------
 There are 0 pins that are not constrained for maximum delay.

 There are 0 pins that are not constrained for maximum delay due to constant clock.


5. checking no_input_delay (0)
------------------------------
 There are 0 input ports with no input delay specified.

 There are 0 input ports with no input delay but user has a false path constraint.


6. checking no_output_delay (0)
-------------------------------
 There are 0 ports with no output delay specified.

 There are 0 ports with no output delay but user has a false path constraint

 There are 0 ports with no output delay but with a timing clock defined on it or propagating through it


7. checking multiple_clock (0)
------------------------------
 There are 0 register/latch pins with multiple clocks.


8. checking generated_clocks (0)
--------------------------------
 There are 0 generated clocks that are not connected to a clock source.


9. checking loops (0)
---------------------
 There are 0 combinational loops in the design.


10. checking partial_input_delay (0)
------------------------------------
 There are 0 input ports with partial input delay specified.


11. checking partial_output_delay (0)
-------------------------------------
 There are 0 ports with partial output delay specified.


12. checking latch_loops (0)
----------------------------
 There are 0 combinational latch loops in the design through latch input



------------------------------------------------------------------------------------------------
| Design Timing Summary
| ---------------------
------------------------------------------------------------------------------------------------

    WNS(ns)      TNS(ns)  TNS Failing Endpoints  TNS Total Endpoints      WHS(ns)      THS(ns)  THS Failing Endpoints  THS Total Endpoints     WPWS(ns)     TPWS(ns)  TPWS Failing Endpoints  TPWS Total Endpoints  
    -------      -------  ---------------------  -------------------      -------      -------  ---------------------  -------------------     --------     --------  ----------------------  --------------------  
     -0.414      -11.624                     78                 8694        0.039        0.000                      0                 8694        7.520        0.000                       0                  3269  


Timing constraints are not met.


------------------------------------------------------------------------------------------------
| Clock Summary
| -------------
------------------------------------------------------------------------------------------------

Clock       Waveform(ns)       Period(ns)      Frequency(MHz)
-----       ------------       ----------      --------------
clk_fpga_0  {0.000 8.500}      17.000          58.824          


------------------------------------------------------------------------------------------------
| Intra Clock Table
| -----------------
------------------------------------------------------------------------------------------------

Clock             WNS(ns)      TNS(ns)  TNS Failing Endpoints  TNS Total Endpoints      WHS(ns)      THS(ns)  THS Failing Endpoints  THS Total Endpoints     WPWS(ns)     TPWS(ns)  TPWS Failing Endpoints  TPWS Total Endpoints  
-----             -------      -------  ---------------------  -------------------      -------      -------  ---------------------  -------------------     --------     --------  ----------------------  --------------------  
clk_fpga_0         -0.414      -11.624                     78                 6748        0.039        0.000                      0                 6748        7.520        0.000                       0                  3269  


------------------------------------------------------------------------------------------------
| Inter Clock Table
| -----------------
------------------------------------------------------------------------------------------------

From Clock    To Clock          WNS(ns)      TNS(ns)  TNS Failing Endpoints  TNS Total Endpoints      WHS(ns)      THS(ns)  THS Failing Endpoints  THS Total Endpoints  
----------    --------          -------      -------  ---------------------  -------------------      -------      -------  ---------------------  -------------------  


------------------------------------------------------------------------------------------------
| Other Path Groups Table
| -----------------------
------------------------------------------------------------------------------------------------

Path Group         From Clock         To Clock               WNS(ns)      TNS(ns)  TNS Failing Endpoints  TNS Total Endpoints      WHS(ns)      THS(ns)  THS Failing Endpoints  THS Total Endpoints  
----------         ----------         --------               -------      -------  ---------------------  -------------------      -------      -------  ---------------------  -------------------  
**async_default**  clk_fpga_0         clk_fpga_0               7.561        0.000                      0                 1946        0.420        0.000                      0                 1946  


------------------------------------------------------------------------------------------------
| Timing Details
| --------------
------------------------------------------------------------------------------------------------


---------------------------------------------------------------------------------------------------
From Clock:  clk_fpga_0
  To Clock:  clk_fpga_0

Setup :           78  Failing Endpoints,  Worst Slack       -0.414ns,  Total Violation      -11.624ns
Hold  :            0  Failing Endpoints,  Worst Slack        0.039ns,  Total Violation        0.000ns
PW    :            0  Failing Endpoints,  Worst Slack        7.520ns,  Total Violation        0.000ns
---------------------------------------------------------------------------------------------------


Max Delay Paths
--------------------------------------------------------------------------------------
Slack (VIOLATED) :        -0.414ns  (required time - arrival time)
  Source:                 sys_i/tier0/inst/u_tier/u_VS/u_BALANCED_n13/u_SNN/pR_idx_reg[1]/C
                            (rising edge-triggered cell FDCE clocked by clk_fpga_0  {rise@0.000ns fall@8.500ns period=17.000ns})
  Destination:            sys_i/tier0/inst/u_tier/u_VS/u_BALANCED_n13/u_SNN/pCa_Ii_reg[20]/D
                            (rising edge-triggered cell FDCE clocked by clk_fpga_0  {rise@0.000ns fall@8.500ns period=17.000ns})
  Path Group:             clk_fpga_0
  Path Type:              Setup (Max at Slow Process Corner)
  Requirement:            17.000ns  (clk_fpga_0 rise@17.000ns - clk_fpga_0 rise@0.000ns)
  Data Path Delay:        17.008ns  (logic 9.411ns (55.334%)  route 7.597ns (44.666%))
  Logic Levels:           24  (CARRY4=15 DSP48E1=1 LUT2=1 LUT3=1 LUT4=1 LUT5=2 LUT6=3)
  Clock Path Skew:        -0.180ns (DCD - SCD + CPR)
    Destination Clock Delay (DCD):    3.095ns = ( 20.095 - 17.000 ) 
    Source Clock Delay      (SCD):    3.445ns
    Clock Pessimism Removal (CPR):    0.170ns
  Clock Uncertainty:      0.257ns  ((TSJ^2 + TIJ^2)^1/2 + DJ) / 2 + PE
    Total System Jitter     (TSJ):    0.071ns
    Total Input Jitter      (TIJ):    0.510ns
    Discrete Jitter          (DJ):    0.000ns
    Phase Error              (PE):    0.000ns

    Location             Delay type                Incr(ns)  Path(ns)    Netlist Resource(s)
  -------------------------------------------------------------------    -------------------
                         (clock clk_fpga_0 rise edge)
                                                      0.000     0.000 r  <hidden>
    PS7_X0Y0             PS7                          0.000     0.000 r  sys_i/ps7/inst/PS7_i/FCLKCLK[0]
                         net (fo=1, routed)           1.193     1.193    sys_i/ps7/inst/FCLK_CLK_unbuffered[0]
    BUFGCTRL_X0Y16       BUFG (Prop_bufg_I_O)         0.101     1.294 r  sys_i/ps7/inst/buffer_fclk_clk_0.FCLK_CLK_0_BUFG/O
                         net (fo=918, routed)         0.146     1.440    sys_i/tier0/inst/S_AXI_ACLK
    BUFGCTRL_X0Y17       BUFGCTRL (Prop_bufgctrl_I0_O)
                                                      0.101     1.541 r  sys_i/tier0/inst/u_gate/O
                         net (fo=2351, routed)        1.904     3.445    sys_i/tier0/inst/u_tier/u_VS/u_BALANCED_n13/u_SNN/clk_tier
    SLICE_X59Y103        FDCE                                         r  sys_i/tier0/inst/u_tier/u_VS/u_BALANCED_n13/u_SNN/pR_idx_reg[1]/C
  -------------------------------------------------------------------    -------------------
    SLICE_X59Y103        FDCE (Prop_fdce_C_Q)         0.419     3.864 r  sys_i/tier0/inst/u_tier/u_VS/u_BALANCED_n13/u_SNN/pR_idx_reg[1]/Q
                         net (fo=77, routed)          1.185     5.049    sys_i/tier0/inst/u_tier/u_VS/u_BALANCED_n13/u_SNN/pR_idx_reg_n_0_[1]
    SLICE_X49Y104        LUT5 (Prop_lut5_I2_O)        0.296     5.345 r  sys_i/tier0/inst/u_tier/u_VS/u_BALANCED_n13/u_SNN/g0_b1__2/O
                         net (fo=19, routed)          0.865     6.210    sys_i/tier0/inst/u_tier/u_VS/u_BALANCED_n13/u_SNN/g0_b1__2_n_0
    SLICE_X49Y106        LUT6 (Prop_lut6_I2_O)        0.124     6.334 r  sys_i/tier0/inst/u_tier/u_VS/u_BALANCED_n13/u_SNN/xbuf[0,0]_inferred__2/Ii_p_1[0]3_i_38/O
                         net (fo=1, routed)           0.598     6.932    sys_i/tier0/inst/u_tier/u_VS/u_BALANCED_n13/u_SNN/xbuf[0,0]_inferred__2/Ii_p_1[0]3_i_38_n_0
    SLICE_X44Y106        LUT5 (Prop_lut5_I4_O)        0.124     7.056 r  sys_i/tier0/inst/u_tier/u_VS/u_BALANCED_n13/u_SNN/xbuf[0,0]_inferred__2/Ii_p_1[0]3_i_19/O
                         net (fo=1, routed)           0.581     7.637    sys_i/tier0/inst/u_tier/u_VS/u_BALANCED_n13/u_SNN/xbuf[0,0]_inferred__2/Ii_p_1[0]3_i_19_n_0
    DSP48_X2Y42          DSP48E1 (Prop_dsp48e1_A[7]_P[9])
                                                      3.841    11.478 r  sys_i/tier0/inst/u_tier/u_VS/u_BALANCED_n13/u_SNN/Ii_p_1[0]3/P[9]
                         net (fo=2, routed)           0.918    12.396    sys_i/tier0/inst/u_tier/u_VS/u_BALANCED_n13/u_SNN/Ii_p_1[0]3_n_96
    SLICE_X33Y107        LUT2 (Prop_lut2_I0_O)        0.124    12.520 r  sys_i/tier0/inst/u_tier/u_VS/u_BALANCED_n13/u_SNN/pCa_Ii[3]_i_18/O
                         net (fo=1, routed)           0.000    12.520    sys_i/tier0/inst/u_tier/u_VS/u_BALANCED_n13/u_SNN/pCa_Ii[3]_i_18_n_0
    SLICE_X33Y107        CARRY4 (Prop_carry4_S[0]_CO[3])
                                                      0.532    13.052 r  sys_i/tier0/inst/u_tier/u_VS/u_BALANCED_n13/u_SNN/pCa_Ii_reg[3]_i_11/CO[3]
                         net (fo=1, routed)           0.000    13.052    sys_i/tier0/inst/u_tier/u_VS/u_BALANCED_n13/u_SNN/pCa_Ii_reg[3]_i_11_n_0
    SLICE_X33Y108        CARRY4 (Prop_carry4_CI_CO[3])
                                                      0.114    13.166 r  sys_i/tier0/inst/u_tier/u_VS/u_BALANCED_n13/u_SNN/pCa_Ii_reg[7]_i_11/CO[3]
                         net (fo=1, routed)           0.000    13.166    sys_i/tier0/inst/u_tier/u_VS/u_BALANCED_n13/u_SNN/pCa_Ii_reg[7]_i_11_n_0
    SLICE_X33Y109        CARRY4 (Prop_carry4_CI_CO[3])
                                                      0.114    13.280 r  sys_i/tier0/inst/u_tier/u_VS/u_BALANCED_n13/u_SNN/pCa_Ii_reg[11]_i_11/CO[3]
                         net (fo=1, routed)           0.000    13.280    sys_i/tier0/inst/u_tier/u_VS/u_BALANCED_n13/u_SNN/pCa_Ii_reg[11]_i_11_n_0
    SLICE_X33Y110        CARRY4 (Prop_carry4_CI_O[1])
                                                      0.334    13.614 r  sys_i/tier0/inst/u_tier/u_VS/u_BALANCED_n13/u_SNN/pCa_Ii_reg[15]_i_11/O[1]
                         net (fo=3, routed)           0.671    14.285    sys_i/tier0/inst/u_tier/u_VS/u_BALANCED_n13/u_SNN/Ii_p_1[0]0[13]
    SLICE_X29Y110        LUT3 (Prop_lut3_I2_O)        0.303    14.588 r  sys_i/tier0/inst/u_tier/u_VS/u_BALANCED_n13/u_SNN/pCa_Ii[15]_i_20/O
                         net (fo=1, routed)           0.511    15.099    sys_i/tier0/inst/u_tier/u_VS/u_BALANCED_n13/u_SNN/pCa_Ii[15]_i_20_n_0
    SLICE_X31Y110        CARRY4 (Prop_carry4_DI[1]_CO[3])
                                                      0.507    15.606 r  sys_i/tier0/inst/u_tier/u_VS/u_BALANCED_n13/u_SNN/pCa_Ii_reg[15]_i_12/CO[3]
                         net (fo=1, routed)           0.000    15.606    sys_i/tier0/inst/u_tier/u_VS/u_BALANCED_n13/u_SNN/pCa_Ii_reg[15]_i_12_n_0
    SLICE_X31Y111        CARRY4 (Prop_carry4_CI_CO[3])
                                                      0.114    15.720 r  sys_i/tier0/inst/u_tier/u_VS/u_BALANCED_n13/u_SNN/pCa_Ii_reg[19]_i_12/CO[3]
                         net (fo=1, routed)           0.000    15.720    sys_i/tier0/inst/u_tier/u_VS/u_BALANCED_n13/u_SNN/pCa_Ii_reg[19]_i_12_n_0
    SLICE_X31Y112        CARRY4 (Prop_carry4_CI_CO[3])
                                                      0.114    15.834 r  sys_i/tier0/inst/u_tier/u_VS/u_BALANCED_n13/u_SNN/pCa_Ii_reg[23]_i_12/CO[3]
                         net (fo=1, routed)           0.000    15.834    sys_i/tier0/inst/u_tier/u_VS/u_BALANCED_n13/u_SNN/pCa_Ii_reg[23]_i_12_n_0
    SLICE_X31Y113        CARRY4 (Prop_carry4_CI_O[1])
                                                      0.334    16.168 r  sys_i/tier0/inst/u_tier/u_VS/u_BALANCED_n13/u_SNN/pCa_Ii_reg[25]_i_7/O[1]
                         net (fo=25, routed)          0.706    16.874    sys_i/tier0/inst/u_tier/u_VS/u_BALANCED_n13/u_SNN/pCa_Ii_reg[25]_i_7_n_6
    SLICE_X26Y111        LUT6 (Prop_lut6_I4_O)        0.303    17.177 r  sys_i/tier0/inst/u_tier/u_VS/u_BALANCED_n13/u_SNN/pCa_Ii[3]_i_3/O
                         net (fo=2, routed)           0.622    17.799    sys_i/tier0/inst/u_tier/u_VS/u_BALANCED_n13/u_SNN/pCa_Ii[3]_i_3_n_0
    SLICE_X30Y110        LUT6 (Prop_lut6_I0_O)        0.124    17.923 r  sys_i/tier0/inst/u_tier/u_VS/u_BALANCED_n13/u_SNN/pCa_Ii[3]_i_7/O
                         net (fo=1, routed)           0.000    17.923    sys_i/tier0/inst/u_tier/u_VS/u_BALANCED_n13/u_SNN/pCa_Ii[3]_i_7_n_0
    SLICE_X30Y110        CARRY4 (Prop_carry4_S[3]_CO[3])
                                                      0.376    18.299 r  sys_i/tier0/inst/u_tier/u_VS/u_BALANCED_n13/u_SNN/pCa_Ii_reg[3]_i_2/CO[3]
                         net (fo=1, routed)           0.000    18.299    sys_i/tier0/inst/u_tier/u_VS/u_BALANCED_n13/u_SNN/pCa_Ii_reg[3]_i_2_n_0
    SLICE_X30Y111        CARRY4 (Prop_carry4_CI_CO[3])
                                                      0.117    18.416 r  sys_i/tier0/inst/u_tier/u_VS/u_BALANCED_n13/u_SNN/pCa_Ii_reg[7]_i_2/CO[3]
                         net (fo=1, routed)           0.000    18.416    sys_i/tier0/inst/u_tier/u_VS/u_BALANCED_n13/u_SNN/pCa_Ii_reg[7]_i_2_n_0
    SLICE_X30Y112        CARRY4 (Prop_carry4_CI_CO[3])
                                                      0.117    18.533 r  sys_i/tier0/inst/u_tier/u_VS/u_BALANCED_n13/u_SNN/pCa_Ii_reg[11]_i_2/CO[3]
                         net (fo=1, routed)           0.000    18.533    sys_i/tier0/inst/u_tier/u_VS/u_BALANCED_n13/u_SNN/pCa_Ii_reg[11]_i_2_n_0
    SLICE_X30Y113        CARRY4 (Prop_carry4_CI_CO[3])
                                                      0.117    18.650 r  sys_i/tier0/inst/u_tier/u_VS/u_BALANCED_n13/u_SNN/pCa_Ii_reg[15]_i_2/CO[3]
                         net (fo=1, routed)           0.000    18.650    sys_i/tier0/inst/u_tier/u_VS/u_BALANCED_n13/u_SNN/pCa_Ii_reg[15]_i_2_n_0
    SLICE_X30Y114        CARRY4 (Prop_carry4_CI_CO[3])
                                                      0.117    18.767 r  sys_i/tier0/inst/u_tier/u_VS/u_BALANCED_n13/u_SNN/pCa_Ii_reg[19]_i_2/CO[3]
                         net (fo=1, routed)           0.000    18.767    sys_i/tier0/inst/u_tier/u_VS/u_BALANCED_n13/u_SNN/pCa_Ii_reg[19]_i_2_n_0
    SLICE_X30Y115        CARRY4 (Prop_carry4_CI_CO[3])
                                                      0.117    18.884 r  sys_i/tier0/inst/u_tier/u_VS/u_BALANCED_n13/u_SNN/pCa_Ii_reg[23]_i_2/CO[3]
                         net (fo=1, routed)           0.000    18.884    sys_i/tier0/inst/u_tier/u_VS/u_BALANCED_n13/u_SNN/pCa_Ii_reg[23]_i_2_n_0
    SLICE_X30Y116        CARRY4 (Prop_carry4_CI_O[1])
                                                      0.323    19.207 r  sys_i/tier0/inst/u_tier/u_VS/u_BALANCED_n13/u_SNN/pCa_Ii_reg[25]_i_2/O[1]
                         net (fo=25, routed)          0.939    20.147    sys_i/tier0/inst/u_tier/u_VS/u_BALANCED_n13/u_SNN/p_0_in
    SLICE_X28Y116        LUT4 (Prop_lut4_I1_O)        0.306    20.453 r  sys_i/tier0/inst/u_tier/u_VS/u_BALANCED_n13/u_SNN/pCa_Ii[20]_i_1/O
                         net (fo=1, routed)           0.000    20.453    sys_i/tier0/inst/u_tier/u_VS/u_BALANCED_n13/u_SNN/nCa_Ii_1[20]
    SLICE_X28Y116        FDCE                                         r  sys_i/tier0/inst/u_tier/u_VS/u_BALANCED_n13/u_SNN/pCa_Ii_reg[20]/D
  -------------------------------------------------------------------    -------------------

                         (clock clk_fpga_0 rise edge)
                                                     17.000    17.000 r  <hidden>
    PS7_X0Y0             PS7                          0.000    17.000 r  sys_i/ps7/inst/PS7_i/FCLKCLK[0]
                         net (fo=1, routed)           1.088    18.088    sys_i/ps7/inst/FCLK_CLK_unbuffered[0]
    BUFGCTRL_X0Y16       BUFG (Prop_bufg_I_O)         0.091    18.179 r  sys_i/ps7/inst/buffer_fclk_clk_0.FCLK_CLK_0_BUFG/O
                         net (fo=918, routed)         0.133    18.312    sys_i/tier0/inst/S_AXI_ACLK
    BUFGCTRL_X0Y17       BUFGCTRL (Prop_bufgctrl_I0_O)
                                                      0.091    18.403 r  sys_i/tier0/inst/u_gate/O
                         net (fo=2351, routed)        1.692    20.095    sys_i/tier0/inst/u_tier/u_VS/u_BALANCED_n13/u_SNN/clk_tier
    SLICE_X28Y116        FDCE                                         r  sys_i/tier0/inst/u_tier/u_VS/u_BALANCED_n13/u_SNN/pCa_Ii_reg[20]/C
                         clock pessimism              0.170    20.265    <hidden>
                         clock uncertainty           -0.257    20.007    <hidden>
    SLICE_X28Y116        FDCE (Setup_fdce_C_D)        0.031    20.038    sys_i/tier0/inst/u_tier/u_VS/u_BALANCED_n13/u_SNN/pCa_Ii_reg[20]
  -------------------------------------------------------------------
                         required time                         20.038    <hidden>
                         arrival time                         -20.453    <hidden>
  -------------------------------------------------------------------
                         slack                                 -0.414    <hidden>





Min Delay Paths
--------------------------------------------------------------------------------------
Slack (MET) :             0.039ns  (arrival time - required time)
  Source:                 sys_i/tier0/inst/vl_c_reg[26]/C
                            (rising edge-triggered cell FDRE clocked by clk_fpga_0  {rise@0.000ns fall@8.500ns period=17.000ns})
  Destination:            sys_i/tier0/inst/u_tier/u_VS/u_BALANCED_n13/u_SNN/op_reg_reg[3][26]/D
                            (rising edge-triggered cell FDCE clocked by clk_fpga_0  {rise@0.000ns fall@8.500ns period=17.000ns})
  Path Group:             clk_fpga_0
  Path Type:              Hold (Min at Fast Process Corner)
  Requirement:            0.000ns  (clk_fpga_0 rise@0.000ns - clk_fpga_0 rise@0.000ns)
  Data Path Delay:        0.364ns  (logic 0.148ns (40.643%)  route 0.216ns (59.357%))
  Logic Levels:           0  
  Clock Path Skew:        0.326ns (DCD - SCD - CPR)
    Destination Clock Delay (DCD):    1.249ns
    Source Clock Delay      (SCD):    0.893ns
    Clock Pessimism Removal (CPR):    0.030ns

    Location             Delay type                Incr(ns)  Path(ns)    Netlist Resource(s)
  -------------------------------------------------------------------    -------------------
                         (clock clk_fpga_0 rise edge)
                                                      0.000     0.000 r  <hidden>
    PS7_X0Y0             PS7                          0.000     0.000 r  sys_i/ps7/inst/PS7_i/FCLKCLK[0]
                         net (fo=1, routed)           0.310     0.310    sys_i/ps7/inst/FCLK_CLK_unbuffered[0]
    BUFGCTRL_X0Y16       BUFG (Prop_bufg_I_O)         0.026     0.336 r  sys_i/ps7/inst/buffer_fclk_clk_0.FCLK_CLK_0_BUFG/O
                         net (fo=918, routed)         0.557     0.893    sys_i/tier0/inst/S_AXI_ACLK
    SLICE_X46Y98         FDRE                                         r  sys_i/tier0/inst/vl_c_reg[26]/C
  -------------------------------------------------------------------    -------------------
    SLICE_X46Y98         FDRE (Prop_fdre_C_Q)         0.148     1.041 r  sys_i/tier0/inst/vl_c_reg[26]/Q
                         net (fo=1, routed)           0.216     1.257    sys_i/tier0/inst/u_tier/u_VS/u_BALANCED_n13/u_SNN/op_reg_reg[3][31]_0[26]
    SLICE_X50Y97         FDCE                                         r  sys_i/tier0/inst/u_tier/u_VS/u_BALANCED_n13/u_SNN/op_reg_reg[3][26]/D
  -------------------------------------------------------------------    -------------------

                         (clock clk_fpga_0 rise edge)
                                                      0.000     0.000 r  <hidden>
    PS7_X0Y0             PS7                          0.000     0.000 r  sys_i/ps7/inst/PS7_i/FCLKCLK[0]
                         net (fo=1, routed)           0.337     0.337    sys_i/ps7/inst/FCLK_CLK_unbuffered[0]
    BUFGCTRL_X0Y16       BUFG (Prop_bufg_I_O)         0.029     0.366 r  sys_i/ps7/inst/buffer_fclk_clk_0.FCLK_CLK_0_BUFG/O
                         net (fo=918, routed)         0.033     0.399    sys_i/tier0/inst/S_AXI_ACLK
    BUFGCTRL_X0Y17       BUFGCTRL (Prop_bufgctrl_I0_O)
                                                      0.029     0.428 r  sys_i/tier0/inst/u_gate/O
                         net (fo=2351, routed)        0.821     1.249    sys_i/tier0/inst/u_tier/u_VS/u_BALANCED_n13/u_SNN/clk_tier
    SLICE_X50Y97         FDCE                                         r  sys_i/tier0/inst/u_tier/u_VS/u_BALANCED_n13/u_SNN/op_reg_reg[3][26]/C
                         clock pessimism             -0.030     1.219    <hidden>
    SLICE_X50Y97         FDCE (Hold_fdce_C_D)        -0.001     1.218    sys_i/tier0/inst/u_tier/u_VS/u_BALANCED_n13/u_SNN/op_reg_reg[3][26]
  -------------------------------------------------------------------
                         required time                         -1.218    <hidden>
                         arrival time                           1.257    <hidden>
  -------------------------------------------------------------------
                         slack                                  0.039    <hidden>





Pulse Width Checks
--------------------------------------------------------------------------------------
Clock Name:         clk_fpga_0
Waveform(ns):       { 0.000 8.500 }
Period(ns):         17.000
Sources:            { sys_i/ps7/inst/PS7_i/FCLKCLK[0] }

Check Type        Corner  Lib Pin             Reference Pin  Required(ns)  Actual(ns)  Slack(ns)  Location      Pin
Min Period        n/a     RAMB18E1/CLKARDCLK  n/a            2.944         17.000      14.056     RAMB18_X3Y46  sys_i/tier0/inst/u_tier/u_VS/u_BALANCED_n13/u_SNN/u_dualPortRam/ram_reg/CLKARDCLK
Low Pulse Width   Slow    SRLC32E/CLK         n/a            0.980         8.500       7.520      SLICE_X34Y88  sys_i/ps7_axi_periph/s00_couplers/auto_pc/inst/gen_axilite.gen_b2s_conv.axilite_b2s/RD.r_channel_0/rd_data_fifo_0/memory_reg[31][0]_srl32/CLK
High Pulse Width  Slow    SRLC32E/CLK         n/a            0.980         8.500       7.520      SLICE_X34Y88  sys_i/ps7_axi_periph/s00_couplers/auto_pc/inst/gen_axilite.gen_b2s_conv.axilite_b2s/RD.r_channel_0/rd_data_fifo_0/memory_reg[31][0]_srl32/CLK



---------------------------------------------------------------------------------------------------
Path Group:  **async_default**
From Clock:  clk_fpga_0
  To Clock:  clk_fpga_0

Setup :            0  Failing Endpoints,  Worst Slack        7.561ns,  Total Violation        0.000ns
Hold  :            0  Failing Endpoints,  Worst Slack        0.420ns,  Total Violation        0.000ns
---------------------------------------------------------------------------------------------------


Max Delay Paths
--------------------------------------------------------------------------------------
Slack (MET) :             7.561ns  (required time - arrival time)
  Source:                 sys_i/rst_ps7_58M/U0/ACTIVE_LOW_PR_OUT_DFF[0].FDRE_PER_N/C
                            (rising edge-triggered cell FDRE clocked by clk_fpga_0  {rise@0.000ns fall@8.500ns period=17.000ns})
  Destination:            sys_i/tier0/inst/u_tier/u_VS/u_BALANCED_n13/u_SNN/pC1_Ii_reg[19]/CLR
                            (recovery check against rising-edge clock clk_fpga_0  {rise@0.000ns fall@8.500ns period=17.000ns})
  Path Group:             **async_default**
  Path Type:              Recovery (Max at Slow Process Corner)
  Requirement:            17.000ns  (clk_fpga_0 rise@17.000ns - clk_fpga_0 rise@0.000ns)
  Data Path Delay:        9.056ns  (logic 0.580ns (6.404%)  route 8.476ns (93.596%))
  Logic Levels:           1  (LUT2=1)
  Clock Path Skew:        0.279ns (DCD - SCD + CPR)
    Destination Clock Delay (DCD):    3.111ns = ( 20.111 - 17.000 ) 
    Source Clock Delay      (SCD):    2.947ns
    Clock Pessimism Removal (CPR):    0.115ns
  Clock Uncertainty:      0.257ns  ((TSJ^2 + TIJ^2)^1/2 + DJ) / 2 + PE
    Total System Jitter     (TSJ):    0.071ns
    Total Input Jitter      (TIJ):    0.510ns
    Discrete Jitter          (DJ):    0.000ns
    Phase Error              (PE):    0.000ns

    Location             Delay type                Incr(ns)  Path(ns)    Netlist Resource(s)
  -------------------------------------------------------------------    -------------------
                         (clock clk_fpga_0 rise edge)
                                                      0.000     0.000 r  <hidden>
    PS7_X0Y0             PS7                          0.000     0.000 r  sys_i/ps7/inst/PS7_i/FCLKCLK[0]
                         net (fo=1, routed)           1.193     1.193    sys_i/ps7/inst/FCLK_CLK_unbuffered[0]
    BUFGCTRL_X0Y16       BUFG (Prop_bufg_I_O)         0.101     1.294 r  sys_i/ps7/inst/buffer_fclk_clk_0.FCLK_CLK_0_BUFG/O
                         net (fo=918, routed)         1.653     2.947    sys_i/rst_ps7_58M/U0/slowest_sync_clk
    SLICE_X33Y98         FDRE                                         r  sys_i/rst_ps7_58M/U0/ACTIVE_LOW_PR_OUT_DFF[0].FDRE_PER_N/C
  -------------------------------------------------------------------    -------------------
    SLICE_X33Y98         FDRE (Prop_fdre_C_Q)         0.456     3.403 r  sys_i/rst_ps7_58M/U0/ACTIVE_LOW_PR_OUT_DFF[0].FDRE_PER_N/Q
                         net (fo=9, routed)           1.868     5.271    sys_i/tier0/inst/u_tier/u_VS/u_BALANCED_n13/u_SNN/S_AXI_ARESETN
    SLICE_X46Y91         LUT2 (Prop_lut2_I0_O)        0.124     5.395 f  sys_i/tier0/inst/u_tier/u_VS/u_BALANCED_n13/u_SNN/op_reg[0][31]_i_1/O
                         net (fo=1958, routed)        6.608    12.003    sys_i/tier0/inst/u_tier/u_VS/u_BALANCED_n13/u_SNN/S_AXI_ARESETN_0
    SLICE_X67Y116        FDCE                                         f  sys_i/tier0/inst/u_tier/u_VS/u_BALANCED_n13/u_SNN/pC1_Ii_reg[19]/CLR
  -------------------------------------------------------------------    -------------------

                         (clock clk_fpga_0 rise edge)
                                                     17.000    17.000 r  <hidden>
    PS7_X0Y0             PS7                          0.000    17.000 r  sys_i/ps7/inst/PS7_i/FCLKCLK[0]
                         net (fo=1, routed)           1.088    18.088    sys_i/ps7/inst/FCLK_CLK_unbuffered[0]
    BUFGCTRL_X0Y16       BUFG (Prop_bufg_I_O)         0.091    18.179 r  sys_i/ps7/inst/buffer_fclk_clk_0.FCLK_CLK_0_BUFG/O
                         net (fo=918, routed)         0.133    18.312    sys_i/tier0/inst/S_AXI_ACLK
    BUFGCTRL_X0Y17       BUFGCTRL (Prop_bufgctrl_I0_O)
                                                      0.091    18.403 r  sys_i/tier0/inst/u_gate/O
                         net (fo=2351, routed)        1.708    20.111    sys_i/tier0/inst/u_tier/u_VS/u_BALANCED_n13/u_SNN/clk_tier
    SLICE_X67Y116        FDCE                                         r  sys_i/tier0/inst/u_tier/u_VS/u_BALANCED_n13/u_SNN/pC1_Ii_reg[19]/C
                         clock pessimism              0.115    20.226    <hidden>
                         clock uncertainty           -0.257    19.969    <hidden>
    SLICE_X67Y116        FDCE (Recov_fdce_C_CLR)     -0.405    19.564    sys_i/tier0/inst/u_tier/u_VS/u_BALANCED_n13/u_SNN/pC1_Ii_reg[19]
  -------------------------------------------------------------------
                         required time                         19.564    <hidden>
                         arrival time                         -12.003    <hidden>
  -------------------------------------------------------------------
                         slack                                  7.561    <hidden>





Min Delay Paths
--------------------------------------------------------------------------------------
Slack (MET) :             0.420ns  (arrival time - required time)
  Source:                 sys_i/tier0/inst/started_reg/C
                            (rising edge-triggered cell FDRE clocked by clk_fpga_0  {rise@0.000ns fall@8.500ns period=17.000ns})
  Destination:            sys_i/tier0/inst/u_tier/u_VS/u_BALANCED_n13/u_SNN/op_reg_reg[0][1]/CLR
                            (removal check against rising-edge clock clk_fpga_0  {rise@0.000ns fall@8.500ns period=17.000ns})
  Path Group:             **async_default**
  Path Type:              Removal (Min at Fast Process Corner)
  Requirement:            0.000ns  (clk_fpga_0 rise@0.000ns - clk_fpga_0 rise@0.000ns)
  Data Path Delay:        0.683ns  (logic 0.209ns (30.589%)  route 0.474ns (69.411%))
  Logic Levels:           1  (LUT2=1)
  Clock Path Skew:        0.330ns (DCD - SCD - CPR)
    Destination Clock Delay (DCD):    1.251ns
    Source Clock Delay      (SCD):    0.891ns
    Clock Pessimism Removal (CPR):    0.030ns

    Location             Delay type                Incr(ns)  Path(ns)    Netlist Resource(s)
  -------------------------------------------------------------------    -------------------
                         (clock clk_fpga_0 rise edge)
                                                      0.000     0.000 r  <hidden>
    PS7_X0Y0             PS7                          0.000     0.000 r  sys_i/ps7/inst/PS7_i/FCLKCLK[0]
                         net (fo=1, routed)           0.310     0.310    sys_i/ps7/inst/FCLK_CLK_unbuffered[0]
    BUFGCTRL_X0Y16       BUFG (Prop_bufg_I_O)         0.026     0.336 r  sys_i/ps7/inst/buffer_fclk_clk_0.FCLK_CLK_0_BUFG/O
                         net (fo=918, routed)         0.555     0.891    sys_i/tier0/inst/S_AXI_ACLK
    SLICE_X46Y91         FDRE                                         r  sys_i/tier0/inst/started_reg/C
  -------------------------------------------------------------------    -------------------
    SLICE_X46Y91         FDRE (Prop_fdre_C_Q)         0.164     1.055 r  sys_i/tier0/inst/started_reg/Q
                         net (fo=2, routed)           0.228     1.283    sys_i/tier0/inst/u_tier/u_VS/u_BALANCED_n13/u_SNN/started
    SLICE_X46Y91         LUT2 (Prop_lut2_I1_O)        0.045     1.328 f  sys_i/tier0/inst/u_tier/u_VS/u_BALANCED_n13/u_SNN/op_reg[0][31]_i_1/O
                         net (fo=1958, routed)        0.246     1.574    sys_i/tier0/inst/u_tier/u_VS/u_BALANCED_n13/u_SNN/S_AXI_ARESETN_0
    SLICE_X46Y92         FDCE                                         f  sys_i/tier0/inst/u_tier/u_VS/u_BALANCED_n13/u_SNN/op_reg_reg[0][1]/CLR
  -------------------------------------------------------------------    -------------------

                         (clock clk_fpga_0 rise edge)
                                                      0.000     0.000 r  <hidden>
    PS7_X0Y0             PS7                          0.000     0.000 r  sys_i/ps7/inst/PS7_i/FCLKCLK[0]
                         net (fo=1, routed)           0.337     0.337    sys_i/ps7/inst/FCLK_CLK_unbuffered[0]
    BUFGCTRL_X0Y16       BUFG (Prop_bufg_I_O)         0.029     0.366 r  sys_i/ps7/inst/buffer_fclk_clk_0.FCLK_CLK_0_BUFG/O
                         net (fo=918, routed)         0.033     0.399    sys_i/tier0/inst/S_AXI_ACLK
    BUFGCTRL_X0Y17       BUFGCTRL (Prop_bufgctrl_I0_O)
                                                      0.029     0.428 r  sys_i/tier0/inst/u_gate/O
                         net (fo=2351, routed)        0.823     1.251    sys_i/tier0/inst/u_tier/u_VS/u_BALANCED_n13/u_SNN/clk_tier
    SLICE_X46Y92         FDCE                                         r  sys_i/tier0/inst/u_tier/u_VS/u_BALANCED_n13/u_SNN/op_reg_reg[0][1]/C
                         clock pessimism             -0.030     1.221    <hidden>
    SLICE_X46Y92         FDCE (Remov_fdce_C_CLR)     -0.067     1.154    sys_i/tier0/inst/u_tier/u_VS/u_BALANCED_n13/u_SNN/op_reg_reg[0][1]
  -------------------------------------------------------------------
                         required time                         -1.154    <hidden>
                         arrival time                           1.574    <hidden>
  -------------------------------------------------------------------
                         slack                                  0.420    <hidden>





