
== 1/7 cancello di parita' dell'oracolo ==
scenario            N_ml N_py   max|ds|    coll ml/py   min_gap ml/py
following            600  600   1.11e-06   0/0        34.1076/ 34.1076
stop_and_go          600  600   2.24e-06   0/0         5.8185/  5.8185
hard_brake           600  600   1.99e-07   0/0         2.4464/  2.4464
cut_in               600  600   7.61e-07   0/0         4.6304/  4.6304
sinusoidal           600  600   1.53e-06   0/0        33.0103/ 33.0103
cut_out              600  600   8.58e-08   0/0         2.4451/  2.4451
static_target        600  600   3.45e-07   0/0         2.4434/  2.4434
panic_stop           600  600   1.62e-07   0/0         2.4462/  2.4462
aggressive_cut_in    308  308   0.00e+00   1/1        -0.5363/ -0.5363

max|s| su tutti gli scenari/step = 2.240e-06 ; flag collided coerenti: 1
CANCELLO PARITA' oracolo MATLAB vs Python: PASSATO (max|s|=2.24e-06 m)

== 2/7 oracolo (99 scenari) ==
t7_oracle_cache: MISS (configurazione diversa) -> ricalcolo
  [  1/ 99] scen  1 following          | oracolo N=600 coll=0 min_gap=  34.108 |   0.0 s
  [  2/ 99] scen  2 stop_and_go        | oracolo N=600 coll=0 min_gap=   5.818 |   0.0 s
  [  3/ 99] scen  3 hard_brake         | oracolo N=600 coll=0 min_gap=   2.446 |   0.1 s
  [  4/ 99] scen  4 cut_in             | oracolo N=600 coll=0 min_gap=   4.630 |   0.1 s
  [  5/ 99] scen  5 sinusoidal         | oracolo N=600 coll=0 min_gap=  33.010 |   0.1 s
  [  6/ 99] scen  6 cut_out            | oracolo N=600 coll=0 min_gap=   2.445 |   0.1 s
  [  7/ 99] scen  7 static_target      | oracolo N=600 coll=0 min_gap=   2.443 |   0.2 s
  [  8/ 99] scen  8 panic_stop         | oracolo N=600 coll=0 min_gap=   2.446 |   0.2 s
  [  9/ 99] scen  9 aggressive_cut_in  | oracolo N=308 coll=1 min_gap=  -0.536 |   0.2 s
  [ 10/ 99] scen 10 following          | oracolo N=600 coll=0 min_gap=  30.699 |   0.2 s
  [ 11/ 99] scen 11 stop_and_go        | oracolo N=600 coll=0 min_gap=   5.104 |   0.2 s
  [ 12/ 99] scen 12 hard_brake         | oracolo N=600 coll=0 min_gap=   2.442 |   0.2 s
  [ 13/ 99] scen 13 cut_in             | oracolo N=600 coll=0 min_gap=   4.562 |   0.3 s
  [ 14/ 99] scen 14 sinusoidal         | oracolo N=600 coll=0 min_gap=  29.534 |   0.3 s
  [ 15/ 99] scen 15 cut_out            | oracolo N=600 coll=0 min_gap=   2.440 |   0.3 s
  [ 16/ 99] scen 16 static_target      | oracolo N=600 coll=0 min_gap=   2.437 |   0.3 s
  [ 17/ 99] scen 17 panic_stop         | oracolo N=600 coll=0 min_gap=   2.442 |   0.3 s
  [ 18/ 99] scen 18 aggressive_cut_in  | oracolo N=308 coll=1 min_gap=  -0.380 |   0.3 s
  [ 19/ 99] scen 19 following          | oracolo N=600 coll=0 min_gap=  23.849 |   0.3 s
  [ 20/ 99] scen 20 stop_and_go        | oracolo N=600 coll=0 min_gap=   3.224 |   0.4 s
  [ 21/ 99] scen 21 hard_brake         | oracolo N=600 coll=0 min_gap=   2.151 |   0.4 s
  [ 22/ 99] scen 22 cut_in             | oracolo N=600 coll=0 min_gap=   4.705 |   0.4 s
  [ 23/ 99] scen 23 sinusoidal         | oracolo N=600 coll=0 min_gap=  23.962 |   0.4 s
  [ 24/ 99] scen 24 cut_out            | oracolo N=600 coll=0 min_gap=   2.124 |   0.4 s
  [ 25/ 99] scen 25 static_target      | oracolo N=600 coll=0 min_gap=   2.108 |   0.5 s
  [ 26/ 99] scen 26 panic_stop         | oracolo N=600 coll=0 min_gap=   2.151 |   0.5 s
  [ 27/ 99] scen 27 aggressive_cut_in  | oracolo N=307 coll=1 min_gap=  -0.278 |   0.5 s
  [ 28/ 99] scen 28 following          | oracolo N=600 coll=0 min_gap=  10.841 |   0.5 s
  [ 29/ 99] scen 29 stop_and_go        | oracolo N=600 coll=0 min_gap=   1.997 |   0.5 s
  [ 30/ 99] scen 30 hard_brake         | oracolo N=600 coll=0 min_gap=   1.707 |   0.5 s
  [ 31/ 99] scen 31 cut_in             | oracolo N=600 coll=0 min_gap=   4.928 |   0.6 s
  [ 32/ 99] scen 32 sinusoidal         | oracolo N=600 coll=0 min_gap=   9.713 |   0.6 s
  [ 33/ 99] scen 33 cut_out            | oracolo N=600 coll=0 min_gap=   1.699 |   0.6 s
  [ 34/ 99] scen 34 static_target      | oracolo N=600 coll=0 min_gap=   1.678 |   0.6 s
  [ 35/ 99] scen 35 panic_stop         | oracolo N=600 coll=0 min_gap=   1.708 |   0.6 s
  [ 36/ 99] scen 36 aggressive_cut_in  | oracolo N=600 coll=0 min_gap=   1.186 |   0.6 s
  [ 37/ 99] scen 37 following          | oracolo N=600 coll=0 min_gap=  11.148 |   0.7 s
  [ 38/ 99] scen 38 stop_and_go        | oracolo N=600 coll=0 min_gap=   2.167 |   0.7 s
  [ 39/ 99] scen 39 hard_brake         | oracolo N=600 coll=0 min_gap=   1.848 |   0.7 s
  [ 40/ 99] scen 40 cut_in             | oracolo N=600 coll=0 min_gap=   5.085 |   0.7 s
  [ 41/ 99] scen 41 sinusoidal         | oracolo N=600 coll=0 min_gap=  10.009 |   0.7 s
  [ 42/ 99] scen 42 cut_out            | oracolo N=600 coll=0 min_gap=   1.844 |   0.8 s
  [ 43/ 99] scen 43 static_target      | oracolo N=600 coll=0 min_gap=   1.833 |   0.8 s
  [ 44/ 99] scen 44 panic_stop         | oracolo N=600 coll=0 min_gap=   1.849 |   0.8 s
  [ 45/ 99] scen 45 aggressive_cut_in  | oracolo N=600 coll=0 min_gap=   1.530 |   0.8 s
  [ 46/ 99] scen 46 following          | oracolo N=600 coll=0 min_gap=   8.582 |   0.8 s
  [ 47/ 99] scen 47 stop_and_go        | oracolo N=600 coll=0 min_gap=   1.839 |   0.8 s
  [ 48/ 99] scen 48 hard_brake         | oracolo N=600 coll=0 min_gap=   1.604 |   0.8 s
  [ 49/ 99] scen 49 cut_in             | oracolo N=600 coll=0 min_gap=   5.046 |   0.9 s
  [ 50/ 99] scen 50 sinusoidal         | oracolo N=600 coll=0 min_gap=   7.598 |   0.9 s
  [ 51/ 99] scen 51 cut_out            | oracolo N=600 coll=0 min_gap=   1.600 |   0.9 s
  [ 52/ 99] scen 52 static_target      | oracolo N=600 coll=0 min_gap=   1.570 |   0.9 s
  [ 53/ 99] scen 53 panic_stop         | oracolo N=600 coll=0 min_gap=   1.606 |   0.9 s
  [ 54/ 99] scen 54 aggressive_cut_in  | oracolo N=600 coll=0 min_gap=   1.708 |   0.9 s
  [ 55/ 99] scen 55 following          | oracolo N=600 coll=0 min_gap=  35.966 |   0.9 s
  [ 56/ 99] scen 56 stop_and_go        | oracolo N=600 coll=0 min_gap=   8.238 |   1.0 s
  [ 57/ 99] scen 57 hard_brake         | oracolo N=600 coll=0 min_gap=   2.797 |   1.0 s
  [ 58/ 99] scen 58 cut_in             | oracolo N=600 coll=0 min_gap=   4.185 |   1.0 s
  [ 59/ 99] scen 59 sinusoidal         | oracolo N=600 coll=0 min_gap=  35.144 |   1.0 s
  [ 60/ 99] scen 60 cut_out            | oracolo N=600 coll=0 min_gap=   2.798 |   1.0 s
  [ 61/ 99] scen 61 static_target      | oracolo N=600 coll=0 min_gap=   2.796 |   1.0 s
  [ 62/ 99] scen 62 panic_stop         | oracolo N=600 coll=0 min_gap=   2.797 |   1.1 s
  [ 63/ 99] scen 63 aggressive_cut_in  | oracolo N=600 coll=0 min_gap=   0.452 |   1.1 s
  [ 64/ 99] scen 64 following          | oracolo N=600 coll=0 min_gap=  32.601 |   1.1 s
  [ 65/ 99] scen 65 stop_and_go        | oracolo N=600 coll=0 min_gap=   6.765 |   1.1 s
  [ 66/ 99] scen 66 hard_brake         | oracolo N=600 coll=0 min_gap=   2.665 |   1.1 s
  [ 67/ 99] scen 67 cut_in             | oracolo N=600 coll=0 min_gap=   4.055 |   1.1 s
  [ 68/ 99] scen 68 sinusoidal         | oracolo N=600 coll=0 min_gap=  32.120 |   1.2 s
  [ 69/ 99] scen 69 cut_out            | oracolo N=600 coll=0 min_gap=   2.665 |   1.2 s
  [ 70/ 99] scen 70 static_target      | oracolo N=600 coll=0 min_gap=   2.659 |   1.2 s
  [ 71/ 99] scen 71 panic_stop         | oracolo N=600 coll=0 min_gap=   2.665 |   1.2 s
  [ 72/ 99] scen 72 aggressive_cut_in  | oracolo N=600 coll=0 min_gap=   0.243 |   1.2 s
  [ 73/ 99] scen 73 following          | oracolo N=600 coll=0 min_gap=  15.469 |   1.2 s
  [ 74/ 99] scen 74 stop_and_go        | oracolo N=600 coll=0 min_gap=   2.931 |   1.2 s
  [ 75/ 99] scen 75 hard_brake         | oracolo N=600 coll=0 min_gap=   2.319 |   1.3 s
  [ 76/ 99] scen 76 cut_in             | oracolo N=600 coll=0 min_gap=   4.753 |   1.3 s
  [ 77/ 99] scen 77 sinusoidal         | oracolo N=600 coll=0 min_gap=  14.267 |   1.3 s
  [ 78/ 99] scen 78 cut_out            | oracolo N=600 coll=0 min_gap=   2.313 |   1.3 s
  [ 79/ 99] scen 79 static_target      | oracolo N=600 coll=0 min_gap=   2.302 |   1.4 s
  [ 80/ 99] scen 80 panic_stop         | oracolo N=600 coll=0 min_gap=   2.319 |   1.4 s
  [ 81/ 99] scen 81 aggressive_cut_in  | oracolo N=600 coll=0 min_gap=   1.121 |   1.4 s
  [ 82/ 99] scen 82 following          | oracolo N=600 coll=0 min_gap=  14.264 |   1.4 s
  [ 83/ 99] scen 83 stop_and_go        | oracolo N=600 coll=0 min_gap=   2.719 |   1.4 s
  [ 84/ 99] scen 84 hard_brake         | oracolo N=600 coll=0 min_gap=   2.274 |   1.4 s
  [ 85/ 99] scen 85 cut_in             | oracolo N=600 coll=0 min_gap=   4.762 |   1.4 s
  [ 86/ 99] scen 86 sinusoidal         | oracolo N=600 coll=0 min_gap=  13.202 |   1.5 s
  [ 87/ 99] scen 87 cut_out            | oracolo N=600 coll=0 min_gap=   2.266 |   1.5 s
  [ 88/ 99] scen 88 static_target      | oracolo N=600 coll=0 min_gap=   2.251 |   1.5 s
  [ 89/ 99] scen 89 panic_stop         | oracolo N=600 coll=0 min_gap=   2.274 |   1.5 s
  [ 90/ 99] scen 90 aggressive_cut_in  | oracolo N=600 coll=0 min_gap=   1.124 |   1.5 s
  [ 91/ 99] scen 91 following          | oracolo N=600 coll=0 min_gap=  14.539 |   1.5 s
  [ 92/ 99] scen 92 stop_and_go        | oracolo N=600 coll=0 min_gap=   3.060 |   1.6 s
  [ 93/ 99] scen 93 hard_brake         | oracolo N=600 coll=0 min_gap=   2.381 |   1.6 s
  [ 94/ 99] scen 94 cut_in             | oracolo N=600 coll=0 min_gap=   4.996 |   1.6 s
  [ 95/ 99] scen 95 sinusoidal         | oracolo N=600 coll=0 min_gap=  13.393 |   1.6 s
  [ 96/ 99] scen 96 cut_out            | oracolo N=600 coll=0 min_gap=   2.379 |   1.6 s
  [ 97/ 99] scen 97 static_target      | oracolo N=600 coll=0 min_gap=   2.372 |   1.6 s
  [ 98/ 99] scen 98 panic_stop         | oracolo N=600 coll=0 min_gap=   2.381 |   1.7 s
  [ 99/ 99] scen 99 aggressive_cut_in  | oracolo N=600 coll=0 min_gap=   1.531 |   1.7 s
t7_oracle_cache: salvato D:\Project_MBSE\1.Reti Neurali\Rete_SNN_Test\CF_FSNN\.worktrees\Simulink_Importer\FaseB2.0\Harness_SNN_IIDM\results\oracle_t7.mat (99 scenari, 1.9 s)

== 3/7 export degli scenari ==
t7_export_scenarios: 99 scenari in C:/t7ver (acc: 1)

== 4/7 PLANT-PAR (plant del TB, SENZA DUT) ==
PLANTPAR-RUN-OK nscen=99

PLANT-PAR    : 0 disallineamenti su 99 scenari

== 5/7 anello RTL in xsim ==
  scenario 1/99: T7RES last=600 collided=0
  scenario 2/99: T7RES last=600 collided=0
  scenario 3/99: T7RES last=600 collided=0
  scenario 4/99: T7RES last=600 collided=0
  scenario 5/99: T7RES last=600 collided=0
  scenario 6/99: T7RES last=600 collided=0
  scenario 7/99: T7RES last=600 collided=0
  scenario 8/99: T7RES last=600 collided=0
  scenario 9/99: T7RES last=307 collided=1
  scenario 10/99: T7RES last=600 collided=0
  scenario 11/99: T7RES last=600 collided=0
  scenario 12/99: T7RES last=600 collided=0
  scenario 13/99: T7RES last=600 collided=0
  scenario 14/99: T7RES last=600 collided=0
  scenario 15/99: T7RES last=600 collided=0
  scenario 16/99: T7RES last=600 collided=0
  scenario 17/99: T7RES last=600 collided=0
  scenario 18/99: T7RES last=308 collided=1
  scenario 19/99: T7RES last=600 collided=0
  scenario 20/99: T7RES last=600 collided=0
  scenario 21/99: T7RES last=600 collided=0
  scenario 22/99: T7RES last=600 collided=0
  scenario 23/99: T7RES last=600 collided=0
  scenario 24/99: T7RES last=600 collided=0
  scenario 25/99: T7RES last=600 collided=0
  scenario 26/99: T7RES last=600 collided=0
  scenario 27/99: T7RES last=307 collided=1
  scenario 28/99: T7RES last=600 collided=0
  scenario 29/99: T7RES last=600 collided=0
  scenario 30/99: T7RES last=600 collided=0
  scenario 31/99: T7RES last=600 collided=0
  scenario 32/99: T7RES last=600 collided=0
  scenario 33/99: T7RES last=600 collided=0
  scenario 34/99: T7RES last=600 collided=0
  scenario 35/99: T7RES last=600 collided=0
  scenario 36/99: T7RES last=600 collided=0
  scenario 37/99: T7RES last=600 collided=0
  scenario 38/99: T7RES last=600 collided=0
  scenario 39/99: T7RES last=600 collided=0
  scenario 40/99: T7RES last=600 collided=0
  scenario 41/99: T7RES last=600 collided=0
  scenario 42/99: T7RES last=600 collided=0
  scenario 43/99: T7RES last=600 collided=0
  scenario 44/99: T7RES last=600 collided=0
  scenario 45/99: T7RES last=600 collided=0
  scenario 46/99: T7RES last=600 collided=0
  scenario 47/99: T7RES last=600 collided=0
  scenario 48/99: T7RES last=600 collided=0
  scenario 49/99: T7RES last=600 collided=0
  scenario 50/99: T7RES last=600 collided=0
  scenario 51/99: T7RES last=600 collided=0
  scenario 52/99: T7RES last=600 collided=0
  scenario 53/99: T7RES last=600 collided=0
  scenario 54/99: T7RES last=600 collided=0
  scenario 55/99: T7RES last=600 collided=0
  scenario 56/99: T7RES last=600 collided=0
  scenario 57/99: T7RES last=600 collided=0
  scenario 58/99: T7RES last=600 collided=0
  scenario 59/99: T7RES last=600 collided=0
  scenario 60/99: T7RES last=600 collided=0
  scenario 61/99: T7RES last=600 collided=0
  scenario 62/99: T7RES last=600 collided=0
  scenario 63/99: T7RES last=600 collided=0
  scenario 64/99: T7RES last=600 collided=0
  scenario 65/99: T7RES last=600 collided=0
  scenario 66/99: T7RES last=600 collided=0
  scenario 67/99: T7RES last=600 collided=0
  scenario 68/99: T7RES last=600 collided=0
  scenario 69/99: T7RES last=600 collided=0
  scenario 70/99: T7RES last=600 collided=0
  scenario 71/99: T7RES last=600 collided=0
  scenario 72/99: T7RES last=600 collided=0
  scenario 73/99: T7RES last=600 collided=0
  scenario 74/99: T7RES last=600 collided=0
  scenario 75/99: T7RES last=600 collided=0
  scenario 76/99: T7RES last=600 collided=0
  scenario 77/99: T7RES last=600 collided=0
  scenario 78/99: T7RES last=600 collided=0
  scenario 79/99: T7RES last=600 collided=0
  scenario 80/99: T7RES last=600 collided=0
  scenario 81/99: T7RES last=600 collided=0
  scenario 82/99: T7RES last=600 collided=0
  scenario 83/99: T7RES last=600 collided=0
  scenario 84/99: T7RES last=600 collided=0
  scenario 85/99: T7RES last=600 collided=0
  scenario 86/99: T7RES last=600 collided=0
  scenario 87/99: T7RES last=600 collided=0
  scenario 88/99: T7RES last=600 collided=0
  scenario 89/99: T7RES last=600 collided=0
  scenario 90/99: T7RES last=600 collided=0
  scenario 91/99: T7RES last=600 collided=0
  scenario 92/99: T7RES last=600 collided=0
  scenario 93/99: T7RES last=600 collided=0
  scenario 94/99: T7RES last=600 collided=0
  scenario 95/99: T7RES last=600 collided=0
  scenario 96/99: T7RES last=600 collided=0
  scenario 97/99: T7RES last=600 collided=0
  scenario 98/99: T7RES last=600 collided=0
  scenario 99/99: T7RES last=600 collided=0
RUNCLOSED-OK nscen=99


== 6/7 cancelli sull'RTL ==
  scen  1: N=600  T7-EXACT 0/600  fuori-dominio 0  params ripetuti 0
  scen  2: N=600  T7-EXACT 0/600  fuori-dominio 0  params ripetuti 0
  scen  3: N=600  T7-EXACT 0/600  fuori-dominio 0  params ripetuti 311
  scen  4: N=600  T7-EXACT 0/600  fuori-dominio 0  params ripetuti 0
  scen  5: N=600  T7-EXACT 0/600  fuori-dominio 0  params ripetuti 0
  scen  6: N=600  T7-EXACT 0/600  fuori-dominio 0  params ripetuti 215
  scen  7: N=600  T7-EXACT 0/600  fuori-dominio 0  params ripetuti 487
  scen  8: N=600  T7-EXACT 0/600  fuori-dominio 0  params ripetuti 314
  scen  9: N=307  T7-EXACT 0/307  fuori-dominio 0  params ripetuti 0
  scen 10: N=600  T7-EXACT 0/600  fuori-dominio 0  params ripetuti 0
  scen 11: N=600  T7-EXACT 0/600  fuori-dominio 0  params ripetuti 0
  scen 12: N=600  T7-EXACT 0/600  fuori-dominio 0  params ripetuti 315
  scen 13: N=600  T7-EXACT 0/600  fuori-dominio 0  params ripetuti 0
  scen 14: N=600  T7-EXACT 0/600  fuori-dominio 0  params ripetuti 0
  scen 15: N=600  T7-EXACT 0/600  fuori-dominio 0  params ripetuti 215
  scen 16: N=600  T7-EXACT 0/600  fuori-dominio 0  params ripetuti 492
  scen 17: N=600  T7-EXACT 0/600  fuori-dominio 0  params ripetuti 316
  scen 18: N=308  T7-EXACT 0/308  fuori-dominio 0  params ripetuti 0
  scen 19: N=600  T7-EXACT 0/600  fuori-dominio 0  params ripetuti 0
  scen 20: N=600  T7-EXACT 0/600  fuori-dominio 0  params ripetuti 0
  scen 21: N=600  T7-EXACT 0/600  fuori-dominio 0  params ripetuti 310
  scen 22: N=600  T7-EXACT 0/600  fuori-dominio 0  params ripetuti 0
  scen 23: N=600  T7-EXACT 0/600  fuori-dominio 0  params ripetuti 0
  scen 24: N=600  T7-EXACT 0/600  fuori-dominio 0  params ripetuti 213
  scen 25: N=600  T7-EXACT 0/600  fuori-dominio 0  params ripetuti 498
  scen 26: N=600  T7-EXACT 0/600  fuori-dominio 0  params ripetuti 316
  scen 27: N=307  T7-EXACT 0/307  fuori-dominio 0  params ripetuti 0
  scen 28: N=600  T7-EXACT 0/600  fuori-dominio 0  params ripetuti 0
  scen 29: N=600  T7-EXACT 0/600  fuori-dominio 0  params ripetuti 0
  scen 30: N=600  T7-EXACT 0/600  fuori-dominio 0  params ripetuti 332
  scen 31: N=600  T7-EXACT 0/600  fuori-dominio 0  params ripetuti 0
  scen 32: N=600  T7-EXACT 0/600  fuori-dominio 0  params ripetuti 0
  scen 33: N=600  T7-EXACT 0/600  fuori-dominio 0  params ripetuti 231
  scen 34: N=600  T7-EXACT 0/600  fuori-dominio 0  params ripetuti 517
  scen 35: N=600  T7-EXACT 0/600  fuori-dominio 0  params ripetuti 334
  scen 36: N=600  T7-EXACT 0/600  fuori-dominio 0  params ripetuti 0
  scen 37: N=600  T7-EXACT 0/600  fuori-dominio 0  params ripetuti 0
  scen 38: N=600  T7-EXACT 0/600  fuori-dominio 0  params ripetuti 0
  scen 39: N=600  T7-EXACT 0/600  fuori-dominio 0  params ripetuti 335
  scen 40: N=600  T7-EXACT 0/600  fuori-dominio 0  params ripetuti 0
  scen 41: N=600  T7-EXACT 0/600  fuori-dominio 0  params ripetuti 0
  scen 42: N=600  T7-EXACT 0/600  fuori-dominio 0  params ripetuti 233
  scen 43: N=600  T7-EXACT 0/600  fuori-dominio 0  params ripetuti 518
  scen 44: N=600  T7-EXACT 0/600  fuori-dominio 0  params ripetuti 336
  scen 45: N=600  T7-EXACT 0/600  fuori-dominio 0  params ripetuti 0
  scen 46: N=600  T7-EXACT 0/600  fuori-dominio 0  params ripetuti 0
  scen 47: N=600  T7-EXACT 0/600  fuori-dominio 0  params ripetuti 0
  scen 48: N=600  T7-EXACT 0/600  fuori-dominio 0  params ripetuti 336
  scen 49: N=600  T7-EXACT 0/600  fuori-dominio 0  params ripetuti 0
  scen 50: N=600  T7-EXACT 0/600  fuori-dominio 0  params ripetuti 0
  scen 51: N=600  T7-EXACT 0/600  fuori-dominio 0  params ripetuti 236
  scen 52: N=600  T7-EXACT 0/600  fuori-dominio 0  params ripetuti 521
  scen 53: N=600  T7-EXACT 0/600  fuori-dominio 0  params ripetuti 337
  scen 54: N=600  T7-EXACT 0/600  fuori-dominio 0  params ripetuti 0
  scen 55: N=600  T7-EXACT 0/600  fuori-dominio 0  params ripetuti 0
  scen 56: N=600  T7-EXACT 0/600  fuori-dominio 0  params ripetuti 0
  scen 57: N=600  T7-EXACT 0/600  fuori-dominio 0  params ripetuti 322
  scen 58: N=600  T7-EXACT 0/600  fuori-dominio 0  params ripetuti 0
  scen 59: N=600  T7-EXACT 0/600  fuori-dominio 0  params ripetuti 0
  scen 60: N=600  T7-EXACT 0/600  fuori-dominio 0  params ripetuti 223
  scen 61: N=600  T7-EXACT 0/600  fuori-dominio 0  params ripetuti 488
  scen 62: N=600  T7-EXACT 0/600  fuori-dominio 0  params ripetuti 326
  scen 63: N=600  T7-EXACT 0/600  fuori-dominio 0  params ripetuti 0
  scen 64: N=600  T7-EXACT 0/600  fuori-dominio 0  params ripetuti 0
  scen 65: N=600  T7-EXACT 0/600  fuori-dominio 0  params ripetuti 0
  scen 66: N=600  T7-EXACT 0/600  fuori-dominio 0  params ripetuti 321
  scen 67: N=600  T7-EXACT 0/600  fuori-dominio 0  params ripetuti 0
  scen 68: N=600  T7-EXACT 0/600  fuori-dominio 0  params ripetuti 0
  scen 69: N=600  T7-EXACT 0/600  fuori-dominio 0  params ripetuti 220
  scen 70: N=600  T7-EXACT 0/600  fuori-dominio 0  params ripetuti 491
  scen 71: N=600  T7-EXACT 0/600  fuori-dominio 0  params ripetuti 324
  scen 72: N=600  T7-EXACT 0/600  fuori-dominio 0  params ripetuti 0
  scen 73: N=600  T7-EXACT 0/600  fuori-dominio 0  params ripetuti 0
  scen 74: N=600  T7-EXACT 0/600  fuori-dominio 0  params ripetuti 0
  scen 75: N=600  T7-EXACT 0/600  fuori-dominio 0  params ripetuti 331
  scen 76: N=600  T7-EXACT 0/600  fuori-dominio 0  params ripetuti 0
  scen 77: N=600  T7-EXACT 0/600  fuori-dominio 0  params ripetuti 0
  scen 78: N=600  T7-EXACT 0/600  fuori-dominio 0  params ripetuti 230
  scen 79: N=600  T7-EXACT 0/600  fuori-dominio 0  params ripetuti 510
  scen 80: N=600  T7-EXACT 0/600  fuori-dominio 0  params ripetuti 332
  scen 81: N=600  T7-EXACT 0/600  fuori-dominio 0  params ripetuti 0
  scen 82: N=600  T7-EXACT 0/600  fuori-dominio 0  params ripetuti 0
  scen 83: N=600  T7-EXACT 0/600  fuori-dominio 0  params ripetuti 0
  scen 84: N=600  T7-EXACT 0/600  fuori-dominio 0  params ripetuti 332
  scen 85: N=600  T7-EXACT 0/600  fuori-dominio 0  params ripetuti 0
  scen 86: N=600  T7-EXACT 0/600  fuori-dominio 0  params ripetuti 0
  scen 87: N=600  T7-EXACT 0/600  fuori-dominio 0  params ripetuti 228
  scen 88: N=600  T7-EXACT 0/600  fuori-dominio 0  params ripetuti 511
  scen 89: N=600  T7-EXACT 0/600  fuori-dominio 0  params ripetuti 332
  scen 90: N=600  T7-EXACT 0/600  fuori-dominio 0  params ripetuti 0
  scen 91: N=600  T7-EXACT 0/600  fuori-dominio 0  params ripetuti 0
  scen 92: N=600  T7-EXACT 0/600  fuori-dominio 0  params ripetuti 0
  scen 93: N=600  T7-EXACT 0/600  fuori-dominio 0  params ripetuti 336
  scen 94: N=600  T7-EXACT 0/600  fuori-dominio 0  params ripetuti 96
  scen 95: N=600  T7-EXACT 0/600  fuori-dominio 0  params ripetuti 0
  scen 96: N=600  T7-EXACT 0/600  fuori-dominio 0  params ripetuti 330
  scen 97: N=600  T7-EXACT 0/600  fuori-dominio 0  params ripetuti 512
  scen 98: N=600  T7-EXACT 0/600  fuori-dominio 0  params ripetuti 335
  scen 99: N=600  T7-EXACT 0/600  fuori-dominio 0  params ripetuti 96
T7-EXACT     : 0 / 58522 disallineamenti su accel (RTL vs BLOCCO)
PARAM-RANGE  : 0 control-step con parametri fuori dai limiti del decode
NO-REPEAT    : 15494 control-step con i 5 parametri ripetuti  (scenari: [3 6 7 8 12 15 16 17 21 24 25 26 30 33 34 35 39 42 43 44 48 51 52 53 57 60 61 62 66 69 70 71 75 78 79 80 84 87 88 89 93 94 96 97 98 99])
--- sensibilita' dei cancelli T7a (scenario 1) ---
  scen  1: N=600  T7-EXACT 0/600  fuori-dominio 0  params ripetuti 0
T7-EXACT     : 0 / 600 disallineamenti su accel (RTL vs BLOCCO)
PARAM-RANGE  : 0 control-step con parametri fuori dai limiti del decode
NO-REPEAT    : 0 control-step con i 5 parametri ripetuti
  scen  1: N=600  T7-EXACT 1/600  fuori-dominio 0  params ripetuti 0
T7-EXACT     : 1 / 600 disallineamenti su accel (RTL vs BLOCCO)
PARAM-RANGE  : 0 control-step con parametri fuori dai limiti del decode
NO-REPEAT    : 0 control-step con i 5 parametri ripetuti
  primo disallineamento: scenario 1, control-step 300: RTL=-0.1015625 blocco=-0.10546875
T7-EXACT     sensibile: 1 LSB alterato -> 1 disallineamento (al control-step 300)
  scen  1: N=600  T7-EXACT 0/600  fuori-dominio 0  params ripetuti 0
T7-EXACT     : 0 / 600 disallineamenti su accel (RTL vs BLOCCO)
PARAM-RANGE  : 0 control-step con parametri fuori dai limiti del decode
NO-REPEAT    : 0 control-step con i 5 parametri ripetuti
             ripristino OK: torna a 0
PARAM-RANGE  sensibile: parametro fuori dominio rilevato
             margine reale: v0 in [27.155, 29.653], limiti [8, 45]
NO-REPEAT    sensibile: rileva 5/5 identici, NON scatta su 4/5
--- tutte le sensibilita' dimostrate ---

== 7/7 metriche dal motore canonico ==
t7_series_to_mat: 99 scenari (RTL + oracolo) -> D:\Project_MBSE\1.Reti Neurali\Rete_SNN_Test\CF_FSNN\.worktrees\Simulink_Importer\FaseB2.0\Harness_SNN_IIDM\results\series.mat
scenari=99  metriche/scenario=31
collisioni RTL=3  oracolo=3  EXTRA=0

t7_write_results: scritto D:\Project_MBSE\1.Reti Neurali\Rete_SNN_Test\CF_FSNN\.worktrees\Simulink_Importer\FaseB2.0\Harness_SNN_IIDM\results\RESULTS.md

FATTO (full, 60.3 min). Numeri in results/RESULTS.md
