Copyright 1986-2022 Xilinx, Inc. All Rights Reserved. Copyright 2022-2026 Advanced Micro Devices, Inc. All Rights Reserved.
-------------------------------------------------------------------------------------------------------------------------------------------------------------------------------------------
| Tool Version : Vivado v.2026.1 (win64) Build 6511674 Tue Jun 16 11:02:23 MDT 2026
| Date         : Fri Jul 31 14:26:19 2026
| Host         : AX16PRO running 64-bit major release  (build 9200)
| Command      : report_timing_summary -file {D:/Project_MBSE/1.Reti Neurali/Rete_SNN_Test/CF_FSNN/.worktrees/Simulink_Importer/FaseB2.0/Harness_SNN_IIDM/hw/../results/timing_fclk15.rpt}
| Design       : sys_wrapper
| Device       : 7z020-clg400
| Speed File   : -1  PRODUCTION 1.12 2019-11-22
| Design State : Routed
-------------------------------------------------------------------------------------------------------------------------------------------------------------------------------------------

Timing Summary Report

------------------------------------------------------------------------------------------------
| Timer Settings
| --------------
------------------------------------------------------------------------------------------------

  Enable Multi Corner Analysis               :  Yes
  Enable Pessimism Removal                   :  Yes
  Pessimism Removal Resolution               :  Nearest Common Node
  Enable Input Delay Default Clock           :  No
  Enable Preset / Clear Arcs                 :  No
  Disable Flight Delays                      :  No
  Ignore I/O Paths                           :  No
  Timing Early Launch at Borrowing Latches   :  No
  Borrow Time for Max Delay Exceptions       :  Yes
  Merge Timing Exceptions                    :  Yes
  Inter-SLR Compensation                     :  Conservative

  Corner  Analyze    Analyze    
  Name    Max Paths  Min Paths  
  ------  ---------  ---------  
  Slow    Yes        Yes        
  Fast    Yes        Yes        


------------------------------------------------------------------------------------------------
| Report Methodology
| ------------------
------------------------------------------------------------------------------------------------

Rule     Severity  Description                   Violations  
-------  --------  ----------------------------  ----------  
DPIR-1   Warning   Asynchronous driver check     480         
LUTAR-1  Warning   LUT drives async reset alert  1           

Note: This report is based on the most recent report_methodology run and may not be up-to-date. Run report_methodology on the current design for the latest report.



check_timing report

Table of Contents
-----------------
1. checking no_clock (0)
2. checking constant_clock (0)
3. checking pulse_width_clock (0)
4. checking unconstrained_internal_endpoints (0)
5. checking no_input_delay (0)
6. checking no_output_delay (0)
7. checking multiple_clock (0)
8. checking generated_clocks (0)
9. checking loops (0)
10. checking partial_input_delay (0)
11. checking partial_output_delay (0)
12. checking latch_loops (0)

1. checking no_clock (0)
------------------------
 There are 0 register/latch pins with no clock.


2. checking constant_clock (0)
------------------------------
 There are 0 register/latch pins with constant_clock.


3. checking pulse_width_clock (0)
---------------------------------
 There are 0 register/latch pins which need pulse_width check


4. checking unconstrained_internal_endpoints (0)
------------------------------------------------
 There are 0 pins that are not constrained for maximum delay.

 There are 0 pins that are not constrained for maximum delay due to constant clock.


5. checking no_input_delay (0)
------------------------------
 There are 0 input ports with no input delay specified.

 There are 0 input ports with no input delay but user has a false path constraint.


6. checking no_output_delay (0)
-------------------------------
 There are 0 ports with no output delay specified.

 There are 0 ports with no output delay but user has a false path constraint

 There are 0 ports with no output delay but with a timing clock defined on it or propagating through it


7. checking multiple_clock (0)
------------------------------
 There are 0 register/latch pins with multiple clocks.


8. checking generated_clocks (0)
--------------------------------
 There are 0 generated clocks that are not connected to a clock source.


9. checking loops (0)
---------------------
 There are 0 combinational loops in the design.


10. checking partial_input_delay (0)
------------------------------------
 There are 0 input ports with partial input delay specified.


11. checking partial_output_delay (0)
-------------------------------------
 There are 0 ports with partial output delay specified.


12. checking latch_loops (0)
----------------------------
 There are 0 combinational latch loops in the design through latch input



------------------------------------------------------------------------------------------------
| Design Timing Summary
| ---------------------
------------------------------------------------------------------------------------------------

    WNS(ns)      TNS(ns)  TNS Failing Endpoints  TNS Total Endpoints      WHS(ns)      THS(ns)  THS Failing Endpoints  THS Total Endpoints     WPWS(ns)     TPWS(ns)  TPWS Failing Endpoints  TPWS Total Endpoints  
    -------      -------  ---------------------  -------------------      -------      -------  ---------------------  -------------------     --------     --------  ----------------------  --------------------  
     30.749        0.000                      0                11242        0.022        0.000                      0                11242       32.020        0.000                       0                  4626  


All user specified timing constraints are met.


------------------------------------------------------------------------------------------------
| Clock Summary
| -------------
------------------------------------------------------------------------------------------------

Clock       Waveform(ns)       Period(ns)      Frequency(MHz)
-----       ------------       ----------      --------------
clk_fpga_0  {0.000 33.000}     66.000          15.152          


------------------------------------------------------------------------------------------------
| Intra Clock Table
| -----------------
------------------------------------------------------------------------------------------------

Clock             WNS(ns)      TNS(ns)  TNS Failing Endpoints  TNS Total Endpoints      WHS(ns)      THS(ns)  THS Failing Endpoints  THS Total Endpoints     WPWS(ns)     TPWS(ns)  TPWS Failing Endpoints  TPWS Total Endpoints  
-----             -------      -------  ---------------------  -------------------      -------      -------  ---------------------  -------------------     --------     --------  ----------------------  --------------------  
clk_fpga_0         30.749        0.000                      0                 8086        0.022        0.000                      0                 8086       32.020        0.000                       0                  4626  


------------------------------------------------------------------------------------------------
| Inter Clock Table
| -----------------
------------------------------------------------------------------------------------------------

From Clock    To Clock          WNS(ns)      TNS(ns)  TNS Failing Endpoints  TNS Total Endpoints      WHS(ns)      THS(ns)  THS Failing Endpoints  THS Total Endpoints  
----------    --------          -------      -------  ---------------------  -------------------      -------      -------  ---------------------  -------------------  


------------------------------------------------------------------------------------------------
| Other Path Groups Table
| -----------------------
------------------------------------------------------------------------------------------------

Path Group         From Clock         To Clock               WNS(ns)      TNS(ns)  TNS Failing Endpoints  TNS Total Endpoints      WHS(ns)      THS(ns)  THS Failing Endpoints  THS Total Endpoints  
----------         ----------         --------               -------      -------  ---------------------  -------------------      -------      -------  ---------------------  -------------------  
**async_default**  clk_fpga_0         clk_fpga_0              40.191        0.000                      0                 3156        0.431        0.000                      0                 3156  


------------------------------------------------------------------------------------------------
| Timing Details
| --------------
------------------------------------------------------------------------------------------------


---------------------------------------------------------------------------------------------------
From Clock:  clk_fpga_0
  To Clock:  clk_fpga_0

Setup :            0  Failing Endpoints,  Worst Slack       30.749ns,  Total Violation        0.000ns
Hold  :            0  Failing Endpoints,  Worst Slack        0.022ns,  Total Violation        0.000ns
PW    :            0  Failing Endpoints,  Worst Slack       32.020ns,  Total Violation        0.000ns
---------------------------------------------------------------------------------------------------


Max Delay Paths
--------------------------------------------------------------------------------------
Slack (MET) :             30.749ns  (required time - arrival time)
  Source:                 sys_i/tier0/inst/u_dut/u_Tier/u_VS/u_BALANCED_n13/u_DEC/pv_not_empty_reg/C
                            (rising edge-triggered cell FDCE clocked by clk_fpga_0  {rise@0.000ns fall@33.000ns period=66.000ns})
  Destination:            sys_i/tier0/inst/u_dut/u_ACC/u_IIDM/st_a_iidm_26_reg[5]/D
                            (rising edge-triggered cell FDCE clocked by clk_fpga_0  {rise@0.000ns fall@33.000ns period=66.000ns})
  Path Group:             clk_fpga_0
  Path Type:              Setup (Max at Slow Process Corner)
  Requirement:            66.000ns  (clk_fpga_0 rise@66.000ns - clk_fpga_0 rise@0.000ns)
  Data Path Delay:        34.125ns  (logic 14.938ns (43.774%)  route 19.187ns (56.226%))
  Logic Levels:           30  (CARRY4=15 DSP48E1=2 LUT2=2 LUT4=2 LUT5=4 LUT6=4 MUXF7=1)
  Clock Path Skew:        -0.212ns (DCD - SCD + CPR)
    Destination Clock Delay (DCD):    2.933ns = ( 68.933 - 66.000 ) 
    Source Clock Delay      (SCD):    3.283ns
    Clock Pessimism Removal (CPR):    0.138ns
  Clock Uncertainty:      0.991ns  ((TSJ^2 + TIJ^2)^1/2 + DJ) / 2 + PE
    Total System Jitter     (TSJ):    0.071ns
    Total Input Jitter      (TIJ):    1.980ns
    Discrete Jitter          (DJ):    0.000ns
    Phase Error              (PE):    0.000ns

    Location             Delay type                Incr(ns)  Path(ns)    Netlist Resource(s)
  -------------------------------------------------------------------    -------------------
                         (clock clk_fpga_0 rise edge)
                                                      0.000     0.000 r  <hidden>
    PS7_X0Y0             PS7                          0.000     0.000 r  sys_i/ps7/inst/PS7_i/FCLKCLK[0]
                         net (fo=1, routed)           1.193     1.193    sys_i/ps7/inst/FCLK_CLK_unbuffered[0]
    BUFGCTRL_X0Y16       BUFG (Prop_bufg_I_O)         0.101     1.294 r  sys_i/ps7/inst/buffer_fclk_clk_0.FCLK_CLK_0_BUFG/O
                         net (fo=828, routed)         0.146     1.440    sys_i/tier0/inst/S_AXI_ACLK
    BUFGCTRL_X0Y17       BUFGCTRL (Prop_bufgctrl_I0_O)
                                                      0.101     1.541 r  sys_i/tier0/inst/u_gate/O
                         net (fo=3798, routed)        1.742     3.283    sys_i/tier0/inst/u_dut/u_Tier/u_VS/u_BALANCED_n13/u_DEC/clk_dut
    SLICE_X29Y36         FDCE                                         r  sys_i/tier0/inst/u_dut/u_Tier/u_VS/u_BALANCED_n13/u_DEC/pv_not_empty_reg/C
  -------------------------------------------------------------------    -------------------
    SLICE_X29Y36         FDCE (Prop_fdce_C_Q)         0.456     3.739 r  sys_i/tier0/inst/u_dut/u_Tier/u_VS/u_BALANCED_n13/u_DEC/pv_not_empty_reg/Q
                         net (fo=714, routed)         2.812     6.551    sys_i/tier0/inst/u_dut/u_Tier/u_VS/u_BALANCED_n13/u_DEC/pv_not_empty_reg_2
    SLICE_X12Y45         LUT2 (Prop_lut2_I0_O)        0.149     6.700 r  sys_i/tier0/inst/u_dut/u_Tier/u_VS/u_BALANCED_n13/u_DEC/p4__0_i_1/O
                         net (fo=30, routed)          1.048     7.748    sys_i/tier0/inst/u_dut/u_Tier/u_VS/u_BALANCED_n13/u_DEC/p4__0_i_1_n_0
    DSP48_X0Y18          DSP48E1 (Prop_dsp48e1_A[16]_P[14])
                                                      4.072    11.820 r  sys_i/tier0/inst/u_dut/u_Tier/u_VS/u_BALANCED_n13/u_DEC/p4__0/P[14]
                         net (fo=3, routed)           0.959    12.779    sys_i/tier0/inst/u_dut/u_Tier/u_VS/u_BALANCED_n13/u_DEC/p4__0_n_91
    SLICE_X13Y44         LUT2 (Prop_lut2_I0_O)        0.124    12.903 r  sys_i/tier0/inst/u_dut/u_Tier/u_VS/u_BALANCED_n13/u_DEC/pv[3][2]_i_8/O
                         net (fo=1, routed)           0.000    12.903    sys_i/tier0/inst/u_dut/u_Tier/u_VS/u_BALANCED_n13/u_DEC/pv[3][2]_i_8_n_0
    SLICE_X13Y44         CARRY4 (Prop_carry4_S[0]_CO[3])
                                                      0.532    13.435 r  sys_i/tier0/inst/u_dut/u_Tier/u_VS/u_BALANCED_n13/u_DEC/pv_reg[3][2]_i_4/CO[3]
                         net (fo=1, routed)           0.000    13.435    sys_i/tier0/inst/u_dut/u_Tier/u_VS/u_BALANCED_n13/u_DEC/pv_reg[3][2]_i_4_n_0
    SLICE_X13Y45         CARRY4 (Prop_carry4_CI_CO[3])
                                                      0.114    13.549 r  sys_i/tier0/inst/u_dut/u_Tier/u_VS/u_BALANCED_n13/u_DEC/pv_reg[3][5]_i_2/CO[3]
                         net (fo=1, routed)           0.000    13.549    sys_i/tier0/inst/u_dut/u_Tier/u_VS/u_BALANCED_n13/u_DEC/pv_reg[3][5]_i_2_n_0
    SLICE_X13Y46         CARRY4 (Prop_carry4_CI_CO[3])
                                                      0.114    13.663 r  sys_i/tier0/inst/u_dut/u_Tier/u_VS/u_BALANCED_n13/u_DEC/pv_reg[3][8]_i_2/CO[3]
                         net (fo=1, routed)           0.000    13.663    sys_i/tier0/inst/u_dut/u_Tier/u_VS/u_BALANCED_n13/u_DEC/pv_reg[3][8]_i_2_n_0
    SLICE_X13Y47         CARRY4 (Prop_carry4_CI_CO[3])
                                                      0.114    13.777 r  sys_i/tier0/inst/u_dut/u_Tier/u_VS/u_BALANCED_n13/u_DEC/pv_reg[3][14]_i_2/CO[3]
                         net (fo=1, routed)           0.000    13.777    sys_i/tier0/inst/u_dut/u_Tier/u_VS/u_BALANCED_n13/u_DEC/pv_reg[3][14]_i_2_n_0
    SLICE_X13Y48         CARRY4 (Prop_carry4_CI_O[2])
                                                      0.239    14.016 f  sys_i/tier0/inst/u_dut/u_Tier/u_VS/u_BALANCED_n13/u_DEC/pv_reg[3][17]_i_2/O[2]
                         net (fo=1, routed)           1.802    15.818    sys_i/tier0/inst/u_dut/u_Tier/u_VS/u_BALANCED_n13/u_DEC/pv_reg[3][17]_i_2_n_5
    SLICE_X28Y58         LUT6 (Prop_lut6_I4_O)        0.302    16.120 f  sys_i/tier0/inst/u_dut/u_Tier/u_VS/u_BALANCED_n13/u_DEC/pv[3][18]_i_1/O
                         net (fo=10, routed)          1.350    17.471    sys_i/tier0/inst/u_dut/u_align/Tier_a[18]
    SLICE_X38Y61         LUT5 (Prop_lut5_I0_O)        0.124    17.595 r  sys_i/tier0/inst/u_dut/u_align/p764st_v_free_mul_temp_i_44/O
                         net (fo=1, routed)           0.000    17.595    sys_i/tier0/inst/u_dut/u_align/p764st_v_free_mul_temp_i_44_n_0
    SLICE_X38Y61         CARRY4 (Prop_carry4_S[0]_CO[1])
                                                      0.458    18.053 r  sys_i/tier0/inst/u_dut/u_align/p764st_v_free_mul_temp_i_35/CO[1]
                         net (fo=36, routed)          0.777    18.830    sys_i/tier0/inst/u_dut/u_align/u_ACC/u_IIDM/pv_20
    SLICE_X37Y58         LUT6 (Prop_lut6_I4_O)        0.332    19.162 r  sys_i/tier0/inst/u_dut/u_align/p895sX_mul_temp_i_81/O
                         net (fo=1, routed)           0.554    19.716    sys_i/tier0/inst/u_dut/u_align/p895sX_mul_temp_i_81_n_0
    SLICE_X41Y59         LUT6 (Prop_lut6_I3_O)        0.124    19.840 r  sys_i/tier0/inst/u_dut/u_align/p895sX_mul_temp_i_75/O
                         net (fo=1, routed)           0.000    19.840    sys_i/tier0/inst/u_dut/u_align/p895sX_mul_temp_i_75_n_0
    SLICE_X41Y59         CARRY4 (Prop_carry4_S[0]_CO[3])
                                                      0.532    20.372 r  sys_i/tier0/inst/u_dut/u_align/p895sX_mul_temp_i_42/CO[3]
                         net (fo=1, routed)           0.000    20.372    sys_i/tier0/inst/u_dut/u_align/p895sX_mul_temp_i_42_n_0
    SLICE_X41Y60         CARRY4 (Prop_carry4_CI_CO[3])
                                                      0.114    20.486 r  sys_i/tier0/inst/u_dut/u_align/p895sX_mul_temp_i_41/CO[3]
                         net (fo=1, routed)           0.000    20.486    sys_i/tier0/inst/u_dut/u_align/p895sX_mul_temp_i_41_n_0
    SLICE_X41Y61         CARRY4 (Prop_carry4_CI_O[1])
                                                      0.334    20.820 r  sys_i/tier0/inst/u_dut/u_align/p895sX_mul_temp_i_40/O[1]
                         net (fo=5, routed)           0.837    21.657    sys_i/tier0/inst/u_dut/u_align/p895sX_mul_temp_i_40_n_6
    SLICE_X40Y65         LUT5 (Prop_lut5_I2_O)        0.303    21.960 r  sys_i/tier0/inst/u_dut/u_align/p764st_v_free_mul_temp_i_6/O
                         net (fo=9, routed)           3.185    25.145    sys_i/tier0/inst/u_dut/u_ACC/u_IIDM/p894a_z_mul_temp_0[9]
    DSP48_X3Y22          DSP48E1 (Prop_dsp48e1_B[9]_P[2])
                                                      3.656    28.801 r  sys_i/tier0/inst/u_dut/u_ACC/u_IIDM/p894a_z_mul_temp/P[2]
                         net (fo=1, routed)           1.007    29.808    sys_i/tier0/inst/u_dut/u_ACC/u_IIDM/p894a_z_mul_temp_n_103
    SLICE_X95Y55         LUT4 (Prop_lut4_I1_O)        0.124    29.932 r  sys_i/tier0/inst/u_dut/u_ACC/u_IIDM/st_a_iidm_26[3]_i_18/O
                         net (fo=1, routed)           0.560    30.493    sys_i/tier0/inst/u_dut/u_ACC/u_IIDM/st_a_iidm_26[3]_i_18_n_0
    SLICE_X96Y57         LUT4 (Prop_lut4_I2_O)        0.124    30.617 r  sys_i/tier0/inst/u_dut/u_ACC/u_IIDM/st_a_iidm_26[3]_i_16/O
                         net (fo=1, routed)           0.000    30.617    sys_i/tier0/inst/u_dut/u_ACC/u_IIDM/st_a_iidm_26[3]_i_16_n_0
    SLICE_X96Y57         CARRY4 (Prop_carry4_S[0]_CO[3])
                                                      0.513    31.130 r  sys_i/tier0/inst/u_dut/u_ACC/u_IIDM/st_a_iidm_26_reg[3]_i_15/CO[3]
                         net (fo=1, routed)           0.000    31.130    sys_i/tier0/inst/u_dut/u_ACC/u_IIDM/st_a_iidm_26_reg[3]_i_15_n_0
    SLICE_X96Y58         CARRY4 (Prop_carry4_CI_CO[3])
                                                      0.117    31.247 r  sys_i/tier0/inst/u_dut/u_ACC/u_IIDM/st_a_iidm_26_reg[7]_i_7/CO[3]
                         net (fo=1, routed)           0.000    31.247    sys_i/tier0/inst/u_dut/u_ACC/u_IIDM/st_a_iidm_26_reg[7]_i_7_n_0
    SLICE_X96Y59         CARRY4 (Prop_carry4_CI_O[3])
                                                      0.315    31.562 r  sys_i/tier0/inst/u_dut/u_ACC/u_IIDM/st_a_iidm_26_reg[11]_i_7/O[3]
                         net (fo=2, routed)           1.018    32.580    sys_i/tier0/inst/u_dut/u_ACC/u_IIDM/st_a_iidm_26_reg[11]_i_7_n_4
    SLICE_X94Y61         LUT5 (Prop_lut5_I2_O)        0.307    32.887 r  sys_i/tier0/inst/u_dut/u_ACC/u_IIDM/st_a_iidm_26[11]_i_12/O
                         net (fo=1, routed)           0.000    32.887    sys_i/tier0/inst/u_dut/u_ACC/u_IIDM/st_a_iidm_26[11]_i_12_n_0
    SLICE_X94Y61         CARRY4 (Prop_carry4_S[3]_CO[3])
                                                      0.376    33.263 r  sys_i/tier0/inst/u_dut/u_ACC/u_IIDM/st_a_iidm_26_reg[11]_i_6/CO[3]
                         net (fo=1, routed)           0.000    33.263    sys_i/tier0/inst/u_dut/u_ACC/u_IIDM/st_a_iidm_26_reg[11]_i_6_n_0
    SLICE_X94Y62         CARRY4 (Prop_carry4_CI_CO[3])
                                                      0.117    33.380 r  sys_i/tier0/inst/u_dut/u_ACC/u_IIDM/st_a_iidm_26_reg[18]_i_20/CO[3]
                         net (fo=1, routed)           0.000    33.380    sys_i/tier0/inst/u_dut/u_ACC/u_IIDM/st_a_iidm_26_reg[18]_i_20_n_0
    SLICE_X94Y63         CARRY4 (Prop_carry4_CI_CO[3])
                                                      0.117    33.497 r  sys_i/tier0/inst/u_dut/u_ACC/u_IIDM/st_a_iidm_26_reg[18]_i_8/CO[3]
                         net (fo=19, routed)          1.322    34.819    sys_i/tier0/inst/u_dut/u_ACC/u_IIDM/st_a_iidm_26_reg[18]_i_8_n_0
    SLICE_X99Y59         LUT5 (Prop_lut5_I3_O)        0.124    34.943 f  sys_i/tier0/inst/u_dut/u_ACC/u_IIDM/st_a_iidm_26[5]_i_7/O
                         net (fo=1, routed)           0.000    34.943    sys_i/tier0/inst/u_dut/u_ACC/u_IIDM/st_a_iidm_26[5]_i_7_n_0
    SLICE_X99Y59         MUXF7 (Prop_muxf7_I0_O)      0.212    35.155 f  sys_i/tier0/inst/u_dut/u_ACC/u_IIDM/st_a_iidm_26_reg[5]_i_5/O
                         net (fo=1, routed)           1.954    37.109    sys_i/tier0/inst/u_dut/u_ACC/u_IIDM/st_a_iidm_26_reg[5]_i_5_n_0
    SLICE_X66Y69         LUT6 (Prop_lut6_I4_O)        0.299    37.408 r  sys_i/tier0/inst/u_dut/u_ACC/u_IIDM/st_a_iidm_26[5]_i_1/O
                         net (fo=1, routed)           0.000    37.408    sys_i/tier0/inst/u_dut/u_ACC/u_IIDM/st_a_iidm_25[5]
    SLICE_X66Y69         FDCE                                         r  sys_i/tier0/inst/u_dut/u_ACC/u_IIDM/st_a_iidm_26_reg[5]/D
  -------------------------------------------------------------------    -------------------

                         (clock clk_fpga_0 rise edge)
                                                     66.000    66.000 r  <hidden>
    PS7_X0Y0             PS7                          0.000    66.000 r  sys_i/ps7/inst/PS7_i/FCLKCLK[0]
                         net (fo=1, routed)           1.088    67.088    sys_i/ps7/inst/FCLK_CLK_unbuffered[0]
    BUFGCTRL_X0Y16       BUFG (Prop_bufg_I_O)         0.091    67.179 r  sys_i/ps7/inst/buffer_fclk_clk_0.FCLK_CLK_0_BUFG/O
                         net (fo=828, routed)         0.133    67.312    sys_i/tier0/inst/S_AXI_ACLK
    BUFGCTRL_X0Y17       BUFGCTRL (Prop_bufgctrl_I0_O)
                                                      0.091    67.403 r  sys_i/tier0/inst/u_gate/O
                         net (fo=3798, routed)        1.530    68.933    sys_i/tier0/inst/u_dut/u_ACC/u_IIDM/clk_dut
    SLICE_X66Y69         FDCE                                         r  sys_i/tier0/inst/u_dut/u_ACC/u_IIDM/st_a_iidm_26_reg[5]/C
                         clock pessimism              0.138    69.071    <hidden>
                         clock uncertainty           -0.991    68.080    <hidden>
    SLICE_X66Y69         FDCE (Setup_fdce_C_D)        0.077    68.157    sys_i/tier0/inst/u_dut/u_ACC/u_IIDM/st_a_iidm_26_reg[5]
  -------------------------------------------------------------------
                         required time                         68.157    <hidden>
                         arrival time                         -37.408    <hidden>
  -------------------------------------------------------------------
                         slack                                 30.749    <hidden>





Min Delay Paths
--------------------------------------------------------------------------------------
Slack (MET) :             0.022ns  (arrival time - required time)
  Source:                 sys_i/tier0/inst/dv_c_reg[6]/C
                            (rising edge-triggered cell FDRE clocked by clk_fpga_0  {rise@0.000ns fall@33.000ns period=66.000ns})
  Destination:            sys_i/tier0/inst/u_dut/u_align/dh_reg[6]/D
                            (rising edge-triggered cell FDRE clocked by clk_fpga_0  {rise@0.000ns fall@33.000ns period=66.000ns})
  Path Group:             clk_fpga_0
  Path Type:              Hold (Min at Fast Process Corner)
  Requirement:            0.000ns  (clk_fpga_0 rise@0.000ns - clk_fpga_0 rise@0.000ns)
  Data Path Delay:        0.444ns  (logic 0.227ns (51.141%)  route 0.217ns (48.859%))
  Logic Levels:           1  (LUT4=1)
  Clock Path Skew:        0.330ns (DCD - SCD - CPR)
    Destination Clock Delay (DCD):    1.252ns
    Source Clock Delay      (SCD):    0.892ns
    Clock Pessimism Removal (CPR):    0.030ns

    Location             Delay type                Incr(ns)  Path(ns)    Netlist Resource(s)
  -------------------------------------------------------------------    -------------------
                         (clock clk_fpga_0 rise edge)
                                                      0.000     0.000 r  <hidden>
    PS7_X0Y0             PS7                          0.000     0.000 r  sys_i/ps7/inst/PS7_i/FCLKCLK[0]
                         net (fo=1, routed)           0.310     0.310    sys_i/ps7/inst/FCLK_CLK_unbuffered[0]
    BUFGCTRL_X0Y16       BUFG (Prop_bufg_I_O)         0.026     0.336 r  sys_i/ps7/inst/buffer_fclk_clk_0.FCLK_CLK_0_BUFG/O
                         net (fo=828, routed)         0.556     0.892    sys_i/tier0/inst/S_AXI_ACLK
    SLICE_X41Y94         FDRE                                         r  sys_i/tier0/inst/dv_c_reg[6]/C
  -------------------------------------------------------------------    -------------------
    SLICE_X41Y94         FDRE (Prop_fdre_C_Q)         0.128     1.020 r  sys_i/tier0/inst/dv_c_reg[6]/Q
                         net (fo=5, routed)           0.217     1.236    sys_i/tier0/inst/u_dut/u_align/dh_reg[31]_0[6]
    SLICE_X44Y94         LUT4 (Prop_lut4_I1_O)        0.099     1.335 r  sys_i/tier0/inst/u_dut/u_align/dh[6]_i_1/O
                         net (fo=1, routed)           0.000     1.335    sys_i/tier0/inst/u_dut/u_align/dh_next[6]
    SLICE_X44Y94         FDRE                                         r  sys_i/tier0/inst/u_dut/u_align/dh_reg[6]/D
  -------------------------------------------------------------------    -------------------

                         (clock clk_fpga_0 rise edge)
                                                      0.000     0.000 r  <hidden>
    PS7_X0Y0             PS7                          0.000     0.000 r  sys_i/ps7/inst/PS7_i/FCLKCLK[0]
                         net (fo=1, routed)           0.337     0.337    sys_i/ps7/inst/FCLK_CLK_unbuffered[0]
    BUFGCTRL_X0Y16       BUFG (Prop_bufg_I_O)         0.029     0.366 r  sys_i/ps7/inst/buffer_fclk_clk_0.FCLK_CLK_0_BUFG/O
                         net (fo=828, routed)         0.033     0.399    sys_i/tier0/inst/S_AXI_ACLK
    BUFGCTRL_X0Y17       BUFGCTRL (Prop_bufgctrl_I0_O)
                                                      0.029     0.428 r  sys_i/tier0/inst/u_gate/O
                         net (fo=3798, routed)        0.824     1.252    sys_i/tier0/inst/u_dut/u_align/clk_dut
    SLICE_X44Y94         FDRE                                         r  sys_i/tier0/inst/u_dut/u_align/dh_reg[6]/C
                         clock pessimism             -0.030     1.222    <hidden>
    SLICE_X44Y94         FDRE (Hold_fdre_C_D)         0.092     1.314    sys_i/tier0/inst/u_dut/u_align/dh_reg[6]
  -------------------------------------------------------------------
                         required time                         -1.314    <hidden>
                         arrival time                           1.335    <hidden>
  -------------------------------------------------------------------
                         slack                                  0.022    <hidden>





Pulse Width Checks
--------------------------------------------------------------------------------------
Clock Name:         clk_fpga_0
Waveform(ns):       { 0.000 33.000 }
Period(ns):         66.000
Sources:            { sys_i/ps7/inst/PS7_i/FCLKCLK[0] }

Check Type        Corner  Lib Pin             Reference Pin  Required(ns)  Actual(ns)  Slack(ns)  Location      Pin
Min Period        n/a     RAMB18E1/CLKARDCLK  n/a            2.944         66.000      63.056     RAMB18_X4Y16  sys_i/tier0/inst/u_dut/u_Tier/u_VS/u_BALANCED_n13/u_SNN/u_dualPortRam/ram_reg/CLKARDCLK
Low Pulse Width   Slow    SRLC32E/CLK         n/a            0.980         33.000      32.020     SLICE_X32Y90  sys_i/ps7_axi_periph/s00_couplers/auto_pc/inst/gen_axilite.gen_b2s_conv.axilite_b2s/RD.r_channel_0/rd_data_fifo_0/memory_reg[31][0]_srl32/CLK
High Pulse Width  Slow    SRLC32E/CLK         n/a            0.980         33.000      32.020     SLICE_X32Y90  sys_i/ps7_axi_periph/s00_couplers/auto_pc/inst/gen_axilite.gen_b2s_conv.axilite_b2s/RD.r_channel_0/rd_data_fifo_0/memory_reg[31][0]_srl32/CLK



---------------------------------------------------------------------------------------------------
Path Group:  **async_default**
From Clock:  clk_fpga_0
  To Clock:  clk_fpga_0

Setup :            0  Failing Endpoints,  Worst Slack       40.191ns,  Total Violation        0.000ns
Hold  :            0  Failing Endpoints,  Worst Slack        0.431ns,  Total Violation        0.000ns
---------------------------------------------------------------------------------------------------


Max Delay Paths
--------------------------------------------------------------------------------------
Slack (MET) :             40.191ns  (required time - arrival time)
  Source:                 sys_i/rst_ps7_15M/U0/ACTIVE_LOW_PR_OUT_DFF[0].FDRE_PER_N/C
                            (rising edge-triggered cell FDRE clocked by clk_fpga_0  {rise@0.000ns fall@33.000ns period=66.000ns})
  Destination:            sys_i/tier0/inst/u_dut/u_Tier/u_VS/u_BALANCED_n13/u_SNN/pCa_Ii_reg[1]/CLR
                            (recovery check against rising-edge clock clk_fpga_0  {rise@0.000ns fall@33.000ns period=66.000ns})
  Path Group:             **async_default**
  Path Type:              Recovery (Max at Slow Process Corner)
  Requirement:            66.000ns  (clk_fpga_0 rise@66.000ns - clk_fpga_0 rise@0.000ns)
  Data Path Delay:        24.381ns  (logic 0.580ns (2.379%)  route 23.801ns (97.621%))
  Logic Levels:           1  (LUT2=1)
  Clock Path Skew:        -0.076ns (DCD - SCD + CPR)
    Destination Clock Delay (DCD):    2.947ns = ( 68.947 - 66.000 ) 
    Source Clock Delay      (SCD):    3.138ns
    Clock Pessimism Removal (CPR):    0.115ns
  Clock Uncertainty:      0.991ns  ((TSJ^2 + TIJ^2)^1/2 + DJ) / 2 + PE
    Total System Jitter     (TSJ):    0.071ns
    Total Input Jitter      (TIJ):    1.980ns
    Discrete Jitter          (DJ):    0.000ns
    Phase Error              (PE):    0.000ns

    Location             Delay type                Incr(ns)  Path(ns)    Netlist Resource(s)
  -------------------------------------------------------------------    -------------------
                         (clock clk_fpga_0 rise edge)
                                                      0.000     0.000 r  <hidden>
    PS7_X0Y0             PS7                          0.000     0.000 r  sys_i/ps7/inst/PS7_i/FCLKCLK[0]
                         net (fo=1, routed)           1.193     1.193    sys_i/ps7/inst/FCLK_CLK_unbuffered[0]
    BUFGCTRL_X0Y16       BUFG (Prop_bufg_I_O)         0.101     1.294 r  sys_i/ps7/inst/buffer_fclk_clk_0.FCLK_CLK_0_BUFG/O
                         net (fo=828, routed)         1.844     3.138    sys_i/rst_ps7_15M/U0/slowest_sync_clk
    SLICE_X41Y101        FDRE                                         r  sys_i/rst_ps7_15M/U0/ACTIVE_LOW_PR_OUT_DFF[0].FDRE_PER_N/C
  -------------------------------------------------------------------    -------------------
    SLICE_X41Y101        FDRE (Prop_fdre_C_Q)         0.456     3.594 r  sys_i/rst_ps7_15M/U0/ACTIVE_LOW_PR_OUT_DFF[0].FDRE_PER_N/Q
                         net (fo=13, routed)          1.482     5.076    sys_i/tier0/inst/u_dut/u_Tier/u_VS/u_BALANCED_n13/u_SNN/S_AXI_ARESETN
    SLICE_X35Y87         LUT2 (Prop_lut2_I0_O)        0.124     5.200 f  sys_i/tier0/inst/u_dut/u_Tier/u_VS/u_BALANCED_n13/u_SNN/op_reg_reg_reg[1][31]_i_1/O
                         net (fo=3156, routed)       22.319    27.519    sys_i/tier0/inst/u_dut/u_Tier/u_VS/u_BALANCED_n13/u_SNN/S_AXI_ARESETN_0
    SLICE_X86Y90         FDCE                                         f  sys_i/tier0/inst/u_dut/u_Tier/u_VS/u_BALANCED_n13/u_SNN/pCa_Ii_reg[1]/CLR
  -------------------------------------------------------------------    -------------------

                         (clock clk_fpga_0 rise edge)
                                                     66.000    66.000 r  <hidden>
    PS7_X0Y0             PS7                          0.000    66.000 r  sys_i/ps7/inst/PS7_i/FCLKCLK[0]
                         net (fo=1, routed)           1.088    67.088    sys_i/ps7/inst/FCLK_CLK_unbuffered[0]
    BUFGCTRL_X0Y16       BUFG (Prop_bufg_I_O)         0.091    67.179 r  sys_i/ps7/inst/buffer_fclk_clk_0.FCLK_CLK_0_BUFG/O
                         net (fo=828, routed)         0.133    67.312    sys_i/tier0/inst/S_AXI_ACLK
    BUFGCTRL_X0Y17       BUFGCTRL (Prop_bufgctrl_I0_O)
                                                      0.091    67.403 r  sys_i/tier0/inst/u_gate/O
                         net (fo=3798, routed)        1.544    68.947    sys_i/tier0/inst/u_dut/u_Tier/u_VS/u_BALANCED_n13/u_SNN/clk_dut
    SLICE_X86Y90         FDCE                                         r  sys_i/tier0/inst/u_dut/u_Tier/u_VS/u_BALANCED_n13/u_SNN/pCa_Ii_reg[1]/C
                         clock pessimism              0.115    69.062    <hidden>
                         clock uncertainty           -0.991    68.071    <hidden>
    SLICE_X86Y90         FDCE (Recov_fdce_C_CLR)     -0.361    67.710    sys_i/tier0/inst/u_dut/u_Tier/u_VS/u_BALANCED_n13/u_SNN/pCa_Ii_reg[1]
  -------------------------------------------------------------------
                         required time                         67.710    <hidden>
                         arrival time                         -27.519    <hidden>
  -------------------------------------------------------------------
                         slack                                 40.191    <hidden>





Min Delay Paths
--------------------------------------------------------------------------------------
Slack (MET) :             0.431ns  (arrival time - required time)
  Source:                 sys_i/tier0/inst/started_reg/C
                            (rising edge-triggered cell FDRE clocked by clk_fpga_0  {rise@0.000ns fall@33.000ns period=66.000ns})
  Destination:            sys_i/tier0/inst/u_dut/u_ACC/u_IIDM/st_dq_9_reg[7]/CLR
                            (removal check against rising-edge clock clk_fpga_0  {rise@0.000ns fall@33.000ns period=66.000ns})
  Path Group:             **async_default**
  Path Type:              Removal (Min at Fast Process Corner)
  Requirement:            0.000ns  (clk_fpga_0 rise@0.000ns - clk_fpga_0 rise@0.000ns)
  Data Path Delay:        0.693ns  (logic 0.186ns (26.833%)  route 0.507ns (73.167%))
  Logic Levels:           1  (LUT2=1)
  Clock Path Skew:        0.329ns (DCD - SCD - CPR)
    Destination Clock Delay (DCD):    1.248ns
    Source Clock Delay      (SCD):    0.889ns
    Clock Pessimism Removal (CPR):    0.030ns

    Location             Delay type                Incr(ns)  Path(ns)    Netlist Resource(s)
  -------------------------------------------------------------------    -------------------
                         (clock clk_fpga_0 rise edge)
                                                      0.000     0.000 r  <hidden>
    PS7_X0Y0             PS7                          0.000     0.000 r  sys_i/ps7/inst/PS7_i/FCLKCLK[0]
                         net (fo=1, routed)           0.310     0.310    sys_i/ps7/inst/FCLK_CLK_unbuffered[0]
    BUFGCTRL_X0Y16       BUFG (Prop_bufg_I_O)         0.026     0.336 r  sys_i/ps7/inst/buffer_fclk_clk_0.FCLK_CLK_0_BUFG/O
                         net (fo=828, routed)         0.553     0.889    sys_i/tier0/inst/S_AXI_ACLK
    SLICE_X37Y87         FDRE                                         r  sys_i/tier0/inst/started_reg/C
  -------------------------------------------------------------------    -------------------
    SLICE_X37Y87         FDRE (Prop_fdre_C_Q)         0.141     1.030 r  sys_i/tier0/inst/started_reg/Q
                         net (fo=6, routed)           0.312     1.341    sys_i/tier0/inst/u_dut/u_Tier/u_VS/u_BALANCED_n13/u_SNN/started
    SLICE_X35Y87         LUT2 (Prop_lut2_I1_O)        0.045     1.386 f  sys_i/tier0/inst/u_dut/u_Tier/u_VS/u_BALANCED_n13/u_SNN/op_reg_reg_reg[1][31]_i_1/O
                         net (fo=3156, routed)        0.196     1.582    sys_i/tier0/inst/u_dut/u_ACC/u_IIDM/dut_rst
    SLICE_X36Y87         FDCE                                         f  sys_i/tier0/inst/u_dut/u_ACC/u_IIDM/st_dq_9_reg[7]/CLR
  -------------------------------------------------------------------    -------------------

                         (clock clk_fpga_0 rise edge)
                                                      0.000     0.000 r  <hidden>
    PS7_X0Y0             PS7                          0.000     0.000 r  sys_i/ps7/inst/PS7_i/FCLKCLK[0]
                         net (fo=1, routed)           0.337     0.337    sys_i/ps7/inst/FCLK_CLK_unbuffered[0]
    BUFGCTRL_X0Y16       BUFG (Prop_bufg_I_O)         0.029     0.366 r  sys_i/ps7/inst/buffer_fclk_clk_0.FCLK_CLK_0_BUFG/O
                         net (fo=828, routed)         0.033     0.399    sys_i/tier0/inst/S_AXI_ACLK
    BUFGCTRL_X0Y17       BUFGCTRL (Prop_bufgctrl_I0_O)
                                                      0.029     0.428 r  sys_i/tier0/inst/u_gate/O
                         net (fo=3798, routed)        0.820     1.248    sys_i/tier0/inst/u_dut/u_ACC/u_IIDM/clk_dut
    SLICE_X36Y87         FDCE                                         r  sys_i/tier0/inst/u_dut/u_ACC/u_IIDM/st_dq_9_reg[7]/C
                         clock pessimism             -0.030     1.218    <hidden>
    SLICE_X36Y87         FDCE (Remov_fdce_C_CLR)     -0.067     1.151    sys_i/tier0/inst/u_dut/u_ACC/u_IIDM/st_dq_9_reg[7]
  -------------------------------------------------------------------
                         required time                         -1.151    <hidden>
                         arrival time                           1.582    <hidden>
  -------------------------------------------------------------------
                         slack                                  0.431    <hidden>





