Copyright 1986-2022 Xilinx, Inc. All Rights Reserved. Copyright 2022-2026 Advanced Micro Devices, Inc. All Rights Reserved.
-------------------------------------------------------------------------------------------------------------------------------------------------------------------------------------------
| Tool Version : Vivado v.2026.1 (win64) Build 6511674 Tue Jun 16 11:02:23 MDT 2026
| Date         : Fri Jul 31 14:59:47 2026
| Host         : AX16PRO running 64-bit major release  (build 9200)
| Command      : report_timing_summary -file {D:/Project_MBSE/1.Reti Neurali/Rete_SNN_Test/CF_FSNN/.worktrees/Simulink_Importer/FaseB2.0/Harness_SNN_IIDM/hw/../results/timing_fclk35.rpt}
| Design       : sys_wrapper
| Device       : 7z020-clg400
| Speed File   : -1  PRODUCTION 1.12 2019-11-22
| Design State : Routed
-------------------------------------------------------------------------------------------------------------------------------------------------------------------------------------------

Timing Summary Report

------------------------------------------------------------------------------------------------
| Timer Settings
| --------------
------------------------------------------------------------------------------------------------

  Enable Multi Corner Analysis               :  Yes
  Enable Pessimism Removal                   :  Yes
  Pessimism Removal Resolution               :  Nearest Common Node
  Enable Input Delay Default Clock           :  No
  Enable Preset / Clear Arcs                 :  No
  Disable Flight Delays                      :  No
  Ignore I/O Paths                           :  No
  Timing Early Launch at Borrowing Latches   :  No
  Borrow Time for Max Delay Exceptions       :  Yes
  Merge Timing Exceptions                    :  Yes
  Inter-SLR Compensation                     :  Conservative

  Corner  Analyze    Analyze    
  Name    Max Paths  Min Paths  
  ------  ---------  ---------  
  Slow    Yes        Yes        
  Fast    Yes        Yes        


------------------------------------------------------------------------------------------------
| Report Methodology
| ------------------
------------------------------------------------------------------------------------------------

Rule     Severity  Description                   Violations  
-------  --------  ----------------------------  ----------  
DPIR-1   Warning   Asynchronous driver check     480         
LUTAR-1  Warning   LUT drives async reset alert  1           

Note: This report is based on the most recent report_methodology run and may not be up-to-date. Run report_methodology on the current design for the latest report.



check_timing report

Table of Contents
-----------------
1. checking no_clock (0)
2. checking constant_clock (0)
3. checking pulse_width_clock (0)
4. checking unconstrained_internal_endpoints (0)
5. checking no_input_delay (0)
6. checking no_output_delay (0)
7. checking multiple_clock (0)
8. checking generated_clocks (0)
9. checking loops (0)
10. checking partial_input_delay (0)
11. checking partial_output_delay (0)
12. checking latch_loops (0)

1. checking no_clock (0)
------------------------
 There are 0 register/latch pins with no clock.


2. checking constant_clock (0)
------------------------------
 There are 0 register/latch pins with constant_clock.


3. checking pulse_width_clock (0)
---------------------------------
 There are 0 register/latch pins which need pulse_width check


4. checking unconstrained_internal_endpoints (0)
------------------------------------------------
 There are 0 pins that are not constrained for maximum delay.

 There are 0 pins that are not constrained for maximum delay due to constant clock.


5. checking no_input_delay (0)
------------------------------
 There are 0 input ports with no input delay specified.

 There are 0 input ports with no input delay but user has a false path constraint.


6. checking no_output_delay (0)
-------------------------------
 There are 0 ports with no output delay specified.

 There are 0 ports with no output delay but user has a false path constraint

 There are 0 ports with no output delay but with a timing clock defined on it or propagating through it


7. checking multiple_clock (0)
------------------------------
 There are 0 register/latch pins with multiple clocks.


8. checking generated_clocks (0)
--------------------------------
 There are 0 generated clocks that are not connected to a clock source.


9. checking loops (0)
---------------------
 There are 0 combinational loops in the design.


10. checking partial_input_delay (0)
------------------------------------
 There are 0 input ports with partial input delay specified.


11. checking partial_output_delay (0)
-------------------------------------
 There are 0 ports with partial output delay specified.


12. checking latch_loops (0)
----------------------------
 There are 0 combinational latch loops in the design through latch input



------------------------------------------------------------------------------------------------
| Design Timing Summary
| ---------------------
------------------------------------------------------------------------------------------------

    WNS(ns)      TNS(ns)  TNS Failing Endpoints  TNS Total Endpoints      WHS(ns)      THS(ns)  THS Failing Endpoints  THS Total Endpoints     WPWS(ns)     TPWS(ns)  TPWS Failing Endpoints  TPWS Total Endpoints  
    -------      -------  ---------------------  -------------------      -------      -------  ---------------------  -------------------     --------     --------  ----------------------  --------------------  
      1.008        0.000                      0                11242        0.026        0.000                      0                11242       13.519        0.000                       0                  4626  


All user specified timing constraints are met.


------------------------------------------------------------------------------------------------
| Clock Summary
| -------------
------------------------------------------------------------------------------------------------

Clock       Waveform(ns)       Period(ns)      Frequency(MHz)
-----       ------------       ----------      --------------
clk_fpga_0  {0.000 14.500}     28.999          34.484          


------------------------------------------------------------------------------------------------
| Intra Clock Table
| -----------------
------------------------------------------------------------------------------------------------

Clock             WNS(ns)      TNS(ns)  TNS Failing Endpoints  TNS Total Endpoints      WHS(ns)      THS(ns)  THS Failing Endpoints  THS Total Endpoints     WPWS(ns)     TPWS(ns)  TPWS Failing Endpoints  TPWS Total Endpoints  
-----             -------      -------  ---------------------  -------------------      -------      -------  ---------------------  -------------------     --------     --------  ----------------------  --------------------  
clk_fpga_0          1.008        0.000                      0                 8086        0.026        0.000                      0                 8086       13.519        0.000                       0                  4626  


------------------------------------------------------------------------------------------------
| Inter Clock Table
| -----------------
------------------------------------------------------------------------------------------------

From Clock    To Clock          WNS(ns)      TNS(ns)  TNS Failing Endpoints  TNS Total Endpoints      WHS(ns)      THS(ns)  THS Failing Endpoints  THS Total Endpoints  
----------    --------          -------      -------  ---------------------  -------------------      -------      -------  ---------------------  -------------------  


------------------------------------------------------------------------------------------------
| Other Path Groups Table
| -----------------------
------------------------------------------------------------------------------------------------

Path Group         From Clock         To Clock               WNS(ns)      TNS(ns)  TNS Failing Endpoints  TNS Total Endpoints      WHS(ns)      THS(ns)  THS Failing Endpoints  THS Total Endpoints  
----------         ----------         --------               -------      -------  ---------------------  -------------------      -------      -------  ---------------------  -------------------  
**async_default**  clk_fpga_0         clk_fpga_0              14.346        0.000                      0                 3156        0.506        0.000                      0                 3156  


------------------------------------------------------------------------------------------------
| Timing Details
| --------------
------------------------------------------------------------------------------------------------


---------------------------------------------------------------------------------------------------
From Clock:  clk_fpga_0
  To Clock:  clk_fpga_0

Setup :            0  Failing Endpoints,  Worst Slack        1.008ns,  Total Violation        0.000ns
Hold  :            0  Failing Endpoints,  Worst Slack        0.026ns,  Total Violation        0.000ns
PW    :            0  Failing Endpoints,  Worst Slack       13.519ns,  Total Violation        0.000ns
---------------------------------------------------------------------------------------------------


Max Delay Paths
--------------------------------------------------------------------------------------
Slack (MET) :             1.008ns  (required time - arrival time)
  Source:                 sys_i/tier0/inst/u_dut/u_Tier/u_VS/u_BALANCED_n13/u_DEC/pv_not_empty_reg/C
                            (rising edge-triggered cell FDCE clocked by clk_fpga_0  {rise@0.000ns fall@14.500ns period=28.999ns})
  Destination:            sys_i/tier0/inst/u_dut/u_ACC/u_IIDM/st_a_cah_23_reg[11]/D
                            (rising edge-triggered cell FDCE clocked by clk_fpga_0  {rise@0.000ns fall@14.500ns period=28.999ns})
  Path Group:             clk_fpga_0
  Path Type:              Setup (Max at Slow Process Corner)
  Requirement:            28.999ns  (clk_fpga_0 rise@28.999ns - clk_fpga_0 rise@0.000ns)
  Data Path Delay:        27.395ns  (logic 12.591ns (45.962%)  route 14.804ns (54.038%))
  Logic Levels:           33  (CARRY4=16 DSP48E1=1 LUT2=1 LUT4=4 LUT5=3 LUT6=8)
  Clock Path Skew:        -0.207ns (DCD - SCD + CPR)
    Destination Clock Delay (DCD):    2.866ns = ( 31.865 - 28.999 ) 
    Source Clock Delay      (SCD):    3.211ns
    Clock Pessimism Removal (CPR):    0.138ns
  Clock Uncertainty:      0.436ns  ((TSJ^2 + TIJ^2)^1/2 + DJ) / 2 + PE
    Total System Jitter     (TSJ):    0.071ns
    Total Input Jitter      (TIJ):    0.870ns
    Discrete Jitter          (DJ):    0.000ns
    Phase Error              (PE):    0.000ns

    Location             Delay type                Incr(ns)  Path(ns)    Netlist Resource(s)
  -------------------------------------------------------------------    -------------------
                         (clock clk_fpga_0 rise edge)
                                                      0.000     0.000 r  <hidden>
    PS7_X0Y0             PS7                          0.000     0.000 r  sys_i/ps7/inst/PS7_i/FCLKCLK[0]
                         net (fo=1, routed)           1.193     1.193    sys_i/ps7/inst/FCLK_CLK_unbuffered[0]
    BUFGCTRL_X0Y16       BUFG (Prop_bufg_I_O)         0.101     1.294 r  sys_i/ps7/inst/buffer_fclk_clk_0.FCLK_CLK_0_BUFG/O
                         net (fo=828, routed)         0.146     1.440    sys_i/tier0/inst/S_AXI_ACLK
    BUFGCTRL_X0Y17       BUFGCTRL (Prop_bufgctrl_I0_O)
                                                      0.101     1.541 r  sys_i/tier0/inst/u_gate/O
                         net (fo=3798, routed)        1.670     3.211    sys_i/tier0/inst/u_dut/u_Tier/u_VS/u_BALANCED_n13/u_DEC/clk_dut
    SLICE_X32Y48         FDCE                                         r  sys_i/tier0/inst/u_dut/u_Tier/u_VS/u_BALANCED_n13/u_DEC/pv_not_empty_reg/C
  -------------------------------------------------------------------    -------------------
    SLICE_X32Y48         FDCE (Prop_fdce_C_Q)         0.518     3.729 f  sys_i/tier0/inst/u_dut/u_Tier/u_VS/u_BALANCED_n13/u_DEC/pv_not_empty_reg/Q
                         net (fo=714, routed)         0.942     4.671    sys_i/tier0/inst/u_dut/u_Tier/u_VS/u_BALANCED_n13/u_DEC/pv_not_empty_reg_2
    SLICE_X32Y52         LUT2 (Prop_lut2_I1_O)        0.153     4.824 r  sys_i/tier0/inst/u_dut/u_Tier/u_VS/u_BALANCED_n13/u_DEC/p4__0_i_4/O
                         net (fo=2, routed)           0.877     5.701    sys_i/tier0/inst/u_dut/u_Tier/u_VS/u_BALANCED_n13/u_DEC/p4__0_i_4_n_0
    DSP48_X2Y22          DSP48E1 (Prop_dsp48e1_A[12]_P[27])
                                                      4.048     9.749 f  sys_i/tier0/inst/u_dut/u_Tier/u_VS/u_BALANCED_n13/u_DEC/p4__0/P[27]
                         net (fo=2, routed)           1.069    10.818    sys_i/tier0/inst/u_dut/u_Tier/u_VS/u_BALANCED_n13/u_DEC/p4__0_n_78
    SLICE_X34Y59         LUT4 (Prop_lut4_I0_O)        0.124    10.942 r  sys_i/tier0/inst/u_dut/u_Tier/u_VS/u_BALANCED_n13/u_DEC/pv[3][2]_i_10/O
                         net (fo=1, routed)           0.670    11.612    sys_i/tier0/inst/u_dut/u_Tier/u_VS/u_BALANCED_n13/u_DEC/pv[3][2]_i_10_n_0
    SLICE_X34Y59         LUT6 (Prop_lut6_I4_O)        0.124    11.736 r  sys_i/tier0/inst/u_dut/u_Tier/u_VS/u_BALANCED_n13/u_DEC/pv[3][2]_i_7/O
                         net (fo=1, routed)           0.452    12.188    sys_i/tier0/inst/u_dut/u_Tier/u_VS/u_BALANCED_n13/u_DEC/pv[3][2]_i_7_n_0
    SLICE_X34Y59         LUT6 (Prop_lut6_I5_O)        0.124    12.312 r  sys_i/tier0/inst/u_dut/u_Tier/u_VS/u_BALANCED_n13/u_DEC/pv[3][2]_i_2/O
                         net (fo=21, routed)          0.896    13.208    sys_i/tier0/inst/u_dut/u_Tier/u_VS/u_BALANCED_n13/u_DEC/pv[3][2]_i_2_n_0
    SLICE_X39Y61         LUT6 (Prop_lut6_I2_O)        0.124    13.332 f  sys_i/tier0/inst/u_dut/u_Tier/u_VS/u_BALANCED_n13/u_DEC/pv[3][16]_i_1/O
                         net (fo=9, routed)           0.793    14.125    sys_i/tier0/inst/u_dut/u_align/Tier_a[16]
    SLICE_X42Y62         LUT5 (Prop_lut5_I0_O)        0.124    14.249 r  sys_i/tier0/inst/u_dut/u_align/p764st_v_free_mul_temp_i_66/O
                         net (fo=1, routed)           0.000    14.249    sys_i/tier0/inst/u_dut/u_align/p764st_v_free_mul_temp_i_66_n_0
    SLICE_X42Y62         CARRY4 (Prop_carry4_S[3]_CO[3])
                                                      0.376    14.625 r  sys_i/tier0/inst/u_dut/u_align/p764st_v_free_mul_temp_i_41/CO[3]
                         net (fo=1, routed)           0.000    14.625    sys_i/tier0/inst/u_dut/u_align/p764st_v_free_mul_temp_i_41_n_0
    SLICE_X42Y63         CARRY4 (Prop_carry4_CI_CO[1])
                                                      0.157    14.782 r  sys_i/tier0/inst/u_dut/u_align/p764st_v_free_mul_temp_i_35/CO[1]
                         net (fo=36, routed)          0.787    15.569    sys_i/tier0/inst/u_dut/u_align/u_ACC/u_IIDM/pv_20
    SLICE_X42Y60         LUT6 (Prop_lut6_I4_O)        0.332    15.901 r  sys_i/tier0/inst/u_dut/u_align/p895sX_mul_temp_i_81/O
                         net (fo=1, routed)           0.575    16.477    sys_i/tier0/inst/u_dut/u_align/p895sX_mul_temp_i_81_n_0
    SLICE_X43Y62         LUT6 (Prop_lut6_I3_O)        0.124    16.601 r  sys_i/tier0/inst/u_dut/u_align/p895sX_mul_temp_i_75/O
                         net (fo=1, routed)           0.000    16.601    sys_i/tier0/inst/u_dut/u_align/p895sX_mul_temp_i_75_n_0
    SLICE_X43Y62         CARRY4 (Prop_carry4_S[0]_CO[3])
                                                      0.532    17.133 r  sys_i/tier0/inst/u_dut/u_align/p895sX_mul_temp_i_42/CO[3]
                         net (fo=1, routed)           0.000    17.133    sys_i/tier0/inst/u_dut/u_align/p895sX_mul_temp_i_42_n_0
    SLICE_X43Y63         CARRY4 (Prop_carry4_CI_CO[3])
                                                      0.114    17.247 r  sys_i/tier0/inst/u_dut/u_align/p895sX_mul_temp_i_41/CO[3]
                         net (fo=1, routed)           0.000    17.247    sys_i/tier0/inst/u_dut/u_align/p895sX_mul_temp_i_41_n_0
    SLICE_X43Y64         CARRY4 (Prop_carry4_CI_O[1])
                                                      0.334    17.581 f  sys_i/tier0/inst/u_dut/u_align/p895sX_mul_temp_i_40/O[1]
                         net (fo=5, routed)           0.942    18.523    sys_i/tier0/inst/u_dut/u_align/p895sX_mul_temp_i_40_n_6
    SLICE_X47Y67         LUT6 (Prop_lut6_I1_O)        0.303    18.826 r  sys_i/tier0/inst/u_dut/u_align/st_a_l_bar_9[18]_i_38/O
                         net (fo=1, routed)           0.568    19.394    sys_i/tier0/inst/u_dut/u_align/st_a_l_bar_9[18]_i_38_n_0
    SLICE_X46Y67         CARRY4 (Prop_carry4_DI[0]_CO[3])
                                                      0.550    19.944 r  sys_i/tier0/inst/u_dut/u_align/st_a_l_bar_9_reg[18]_i_21/CO[3]
                         net (fo=1, routed)           0.000    19.944    sys_i/tier0/inst/u_dut/u_align/st_a_l_bar_9_reg[18]_i_21_n_0
    SLICE_X46Y68         CARRY4 (Prop_carry4_CI_CO[1])
                                                      0.157    20.101 r  sys_i/tier0/inst/u_dut/u_align/st_a_l_bar_9_reg[18]_i_10/CO[1]
                         net (fo=39, routed)          0.577    20.678    sys_i/tier0/inst/u_dut/u_ACC/u_IIDM/CO[0]
    SLICE_X45Y67         LUT5 (Prop_lut5_I3_O)        0.332    21.010 r  sys_i/tier0/inst/u_dut/u_ACC/u_IIDM/st_a_l_bar_9[0]_i_3/O
                         net (fo=2, routed)           0.586    21.596    sys_i/tier0/inst/u_dut/u_ACC/u_IIDM/st_a_l_bar_9[0]_i_3_n_0
    SLICE_X44Y67         CARRY4 (Prop_carry4_DI[0]_CO[3])
                                                      0.526    22.122 r  sys_i/tier0/inst/u_dut/u_ACC/u_IIDM/st_a_cah_23_reg[3]_i_4/CO[3]
                         net (fo=1, routed)           0.000    22.122    sys_i/tier0/inst/u_dut/u_ACC/u_IIDM/st_a_cah_23_reg[3]_i_4_n_0
    SLICE_X44Y68         CARRY4 (Prop_carry4_CI_CO[3])
                                                      0.114    22.236 r  sys_i/tier0/inst/u_dut/u_ACC/u_IIDM/st_a_cah_23_reg[7]_i_4/CO[3]
                         net (fo=1, routed)           0.000    22.236    sys_i/tier0/inst/u_dut/u_ACC/u_IIDM/st_a_cah_23_reg[7]_i_4_n_0
    SLICE_X44Y69         CARRY4 (Prop_carry4_CI_CO[3])
                                                      0.114    22.350 r  sys_i/tier0/inst/u_dut/u_ACC/u_IIDM/st_a_cah_23_reg[10]_i_5/CO[3]
                         net (fo=1, routed)           0.000    22.350    sys_i/tier0/inst/u_dut/u_ACC/u_IIDM/st_a_cah_23_reg[10]_i_5_n_0
    SLICE_X44Y70         CARRY4 (Prop_carry4_CI_CO[3])
                                                      0.114    22.464 r  sys_i/tier0/inst/u_dut/u_ACC/u_IIDM/st_a_cah_23_reg[15]_i_3/CO[3]
                         net (fo=1, routed)           0.000    22.464    sys_i/tier0/inst/u_dut/u_ACC/u_IIDM/st_a_cah_23_reg[15]_i_3_n_0
    SLICE_X44Y71         CARRY4 (Prop_carry4_CI_CO[3])
                                                      0.114    22.578 f  sys_i/tier0/inst/u_dut/u_ACC/u_IIDM/st_a_cah_23_reg[18]_i_6/CO[3]
                         net (fo=45, routed)          1.091    23.669    sys_i/tier0/inst/u_dut/u_ACC/u_IIDM/st_a_cah_23_reg[18]_i_6_n_0
    SLICE_X45Y71         LUT4 (Prop_lut4_I2_O)        0.124    23.793 r  sys_i/tier0/inst/u_dut/u_ACC/u_IIDM/st_a_cah_23[18]_i_13/O
                         net (fo=1, routed)           0.336    24.129    sys_i/tier0/inst/u_dut/u_ACC/u_IIDM/st_a_cah_23[18]_i_13_n_0
    SLICE_X44Y72         CARRY4 (Prop_carry4_CYINIT_CO[3])
                                                      0.580    24.709 r  sys_i/tier0/inst/u_dut/u_ACC/u_IIDM/st_a_cah_23_reg[18]_i_7/CO[3]
                         net (fo=1, routed)           0.000    24.709    sys_i/tier0/inst/u_dut/u_ACC/u_IIDM/st_a_cah_23_reg[18]_i_7_n_0
    SLICE_X44Y73         CARRY4 (Prop_carry4_CI_CO[0])
                                                      0.271    24.980 r  sys_i/tier0/inst/u_dut/u_ACC/u_IIDM/st_a_cah_23_reg[18]_i_5/CO[0]
                         net (fo=34, routed)          1.102    26.082    sys_i/tier0/inst/u_dut/u_ACC/u_IIDM/st_a_l_bar_10
    SLICE_X45Y71         LUT4 (Prop_lut4_I0_O)        0.403    26.485 f  sys_i/tier0/inst/u_dut/u_ACC/u_IIDM/st_a_cah_23[12]_i_30/O
                         net (fo=1, routed)           0.597    27.082    sys_i/tier0/inst/u_dut/u_ACC/u_IIDM/st_a_cah_23[12]_i_30_n_0
    SLICE_X45Y70         LUT4 (Prop_lut4_I3_O)        0.327    27.409 r  sys_i/tier0/inst/u_dut/u_ACC/u_IIDM/st_a_cah_23[12]_i_15/O
                         net (fo=1, routed)           0.620    28.029    sys_i/tier0/inst/u_dut/u_ACC/u_IIDM/st_a_cah_23[12]_i_15_n_0
    SLICE_X43Y69         CARRY4 (Prop_carry4_DI[0]_CO[3])
                                                      0.526    28.555 r  sys_i/tier0/inst/u_dut/u_ACC/u_IIDM/st_a_cah_23_reg[12]_i_6/CO[3]
                         net (fo=1, routed)           0.000    28.555    sys_i/tier0/inst/u_dut/u_ACC/u_IIDM/st_a_cah_23_reg[12]_i_6_n_0
    SLICE_X43Y70         CARRY4 (Prop_carry4_CI_CO[1])
                                                      0.157    28.712 r  sys_i/tier0/inst/u_dut/u_ACC/u_IIDM/st_a_cah_23_reg[12]_i_4/CO[1]
                         net (fo=19, routed)          0.579    29.291    sys_i/tier0/inst/u_dut/u_ACC/u_IIDM/ex_43
    SLICE_X45Y72         LUT6 (Prop_lut6_I1_O)        0.329    29.620 f  sys_i/tier0/inst/u_dut/u_ACC/u_IIDM/st_a_cah_23[11]_i_5/O
                         net (fo=1, routed)           0.293    29.913    sys_i/tier0/inst/u_dut/u_ACC/u_IIDM/st_a_cah_23[11]_i_5_n_0
    SLICE_X47Y73         LUT6 (Prop_lut6_I4_O)        0.124    30.037 r  sys_i/tier0/inst/u_dut/u_ACC/u_IIDM/st_a_cah_23[11]_i_3/O
                         net (fo=1, routed)           0.451    30.488    sys_i/tier0/inst/u_dut/u_ACC/u_IIDM/st_a_cah_23[11]_i_3_n_0
    SLICE_X47Y73         LUT5 (Prop_lut5_I4_O)        0.118    30.606 r  sys_i/tier0/inst/u_dut/u_ACC/u_IIDM/st_a_cah_23[11]_i_1/O
                         net (fo=1, routed)           0.000    30.606    sys_i/tier0/inst/u_dut/u_ACC/u_IIDM/st_a_cah_22[11]
    SLICE_X47Y73         FDCE                                         r  sys_i/tier0/inst/u_dut/u_ACC/u_IIDM/st_a_cah_23_reg[11]/D
  -------------------------------------------------------------------    -------------------

                         (clock clk_fpga_0 rise edge)
                                                     28.999    28.999 r  <hidden>
    PS7_X0Y0             PS7                          0.000    28.999 r  sys_i/ps7/inst/PS7_i/FCLKCLK[0]
                         net (fo=1, routed)           1.088    30.087    sys_i/ps7/inst/FCLK_CLK_unbuffered[0]
    BUFGCTRL_X0Y16       BUFG (Prop_bufg_I_O)         0.091    30.178 r  sys_i/ps7/inst/buffer_fclk_clk_0.FCLK_CLK_0_BUFG/O
                         net (fo=828, routed)         0.133    30.311    sys_i/tier0/inst/S_AXI_ACLK
    BUFGCTRL_X0Y17       BUFGCTRL (Prop_bufgctrl_I0_O)
                                                      0.091    30.402 r  sys_i/tier0/inst/u_gate/O
                         net (fo=3798, routed)        1.463    31.865    sys_i/tier0/inst/u_dut/u_ACC/u_IIDM/clk_dut
    SLICE_X47Y73         FDCE                                         r  sys_i/tier0/inst/u_dut/u_ACC/u_IIDM/st_a_cah_23_reg[11]/C
                         clock pessimism              0.138    32.003    <hidden>
                         clock uncertainty           -0.436    31.566    <hidden>
    SLICE_X47Y73         FDCE (Setup_fdce_C_D)        0.047    31.613    sys_i/tier0/inst/u_dut/u_ACC/u_IIDM/st_a_cah_23_reg[11]
  -------------------------------------------------------------------
                         required time                         31.613    <hidden>
                         arrival time                         -30.606    <hidden>
  -------------------------------------------------------------------
                         slack                                  1.008    <hidden>





Min Delay Paths
--------------------------------------------------------------------------------------
Slack (MET) :             0.026ns  (arrival time - required time)
  Source:                 sys_i/tier0/inst/u_dut/u_Tier/u_VS/u_BALANCED_n13/u_SNN/xbuf_reg_reg_reg[1][17]/C
                            (rising edge-triggered cell FDCE clocked by clk_fpga_0  {rise@0.000ns fall@14.500ns period=28.999ns})
  Destination:            sys_i/tier0/inst/u_dut/u_Tier/u_VS/u_BALANCED_n13/u_SNN/xbuf_reg_reg_reg[5][17]/D
                            (rising edge-triggered cell FDCE clocked by clk_fpga_0  {rise@0.000ns fall@14.500ns period=28.999ns})
  Path Group:             clk_fpga_0
  Path Type:              Hold (Min at Fast Process Corner)
  Requirement:            0.000ns  (clk_fpga_0 rise@0.000ns - clk_fpga_0 rise@0.000ns)
  Data Path Delay:        0.352ns  (logic 0.141ns (40.054%)  route 0.211ns (59.946%))
  Logic Levels:           0  
  Clock Path Skew:        0.260ns (DCD - SCD - CPR)
    Destination Clock Delay (DCD):    1.333ns
    Source Clock Delay      (SCD):    1.028ns
    Clock Pessimism Removal (CPR):    0.045ns

    Location             Delay type                Incr(ns)  Path(ns)    Netlist Resource(s)
  -------------------------------------------------------------------    -------------------
                         (clock clk_fpga_0 rise edge)
                                                      0.000     0.000 r  <hidden>
    PS7_X0Y0             PS7                          0.000     0.000 r  sys_i/ps7/inst/PS7_i/FCLKCLK[0]
                         net (fo=1, routed)           0.310     0.310    sys_i/ps7/inst/FCLK_CLK_unbuffered[0]
    BUFGCTRL_X0Y16       BUFG (Prop_bufg_I_O)         0.026     0.336 r  sys_i/ps7/inst/buffer_fclk_clk_0.FCLK_CLK_0_BUFG/O
                         net (fo=828, routed)         0.030     0.366    sys_i/tier0/inst/S_AXI_ACLK
    BUFGCTRL_X0Y17       BUFGCTRL (Prop_bufgctrl_I0_O)
                                                      0.026     0.392 r  sys_i/tier0/inst/u_gate/O
                         net (fo=3798, routed)        0.636     1.028    sys_i/tier0/inst/u_dut/u_Tier/u_VS/u_BALANCED_n13/u_SNN/clk_dut
    SLICE_X48Y108        FDCE                                         r  sys_i/tier0/inst/u_dut/u_Tier/u_VS/u_BALANCED_n13/u_SNN/xbuf_reg_reg_reg[1][17]/C
  -------------------------------------------------------------------    -------------------
    SLICE_X48Y108        FDCE (Prop_fdce_C_Q)         0.141     1.169 r  sys_i/tier0/inst/u_dut/u_Tier/u_VS/u_BALANCED_n13/u_SNN/xbuf_reg_reg_reg[1][17]/Q
                         net (fo=2, routed)           0.211     1.380    sys_i/tier0/inst/u_dut/u_Tier/u_VS/u_BALANCED_n13/u_SNN/xbuf_reg_reg_reg[1]_63[17]
    SLICE_X52Y109        FDCE                                         r  sys_i/tier0/inst/u_dut/u_Tier/u_VS/u_BALANCED_n13/u_SNN/xbuf_reg_reg_reg[5][17]/D
  -------------------------------------------------------------------    -------------------

                         (clock clk_fpga_0 rise edge)
                                                      0.000     0.000 r  <hidden>
    PS7_X0Y0             PS7                          0.000     0.000 r  sys_i/ps7/inst/PS7_i/FCLKCLK[0]
                         net (fo=1, routed)           0.337     0.337    sys_i/ps7/inst/FCLK_CLK_unbuffered[0]
    BUFGCTRL_X0Y16       BUFG (Prop_bufg_I_O)         0.029     0.366 r  sys_i/ps7/inst/buffer_fclk_clk_0.FCLK_CLK_0_BUFG/O
                         net (fo=828, routed)         0.033     0.399    sys_i/tier0/inst/S_AXI_ACLK
    BUFGCTRL_X0Y17       BUFGCTRL (Prop_bufgctrl_I0_O)
                                                      0.029     0.428 r  sys_i/tier0/inst/u_gate/O
                         net (fo=3798, routed)        0.905     1.333    sys_i/tier0/inst/u_dut/u_Tier/u_VS/u_BALANCED_n13/u_SNN/clk_dut
    SLICE_X52Y109        FDCE                                         r  sys_i/tier0/inst/u_dut/u_Tier/u_VS/u_BALANCED_n13/u_SNN/xbuf_reg_reg_reg[5][17]/C
                         clock pessimism             -0.045     1.288    <hidden>
    SLICE_X52Y109        FDCE (Hold_fdce_C_D)         0.066     1.354    sys_i/tier0/inst/u_dut/u_Tier/u_VS/u_BALANCED_n13/u_SNN/xbuf_reg_reg_reg[5][17]
  -------------------------------------------------------------------
                         required time                         -1.354    <hidden>
                         arrival time                           1.380    <hidden>
  -------------------------------------------------------------------
                         slack                                  0.026    <hidden>





Pulse Width Checks
--------------------------------------------------------------------------------------
Clock Name:         clk_fpga_0
Waveform(ns):       { 0.000 14.500 }
Period(ns):         28.999
Sources:            { sys_i/ps7/inst/PS7_i/FCLKCLK[0] }

Check Type        Corner  Lib Pin             Reference Pin  Required(ns)  Actual(ns)  Slack(ns)  Location      Pin
Min Period        n/a     RAMB18E1/CLKARDCLK  n/a            2.944         28.999      26.055     RAMB18_X2Y12  sys_i/tier0/inst/u_dut/u_Tier/u_VS/u_BALANCED_n13/u_SNN/u_dualPortRam/ram_reg/CLKARDCLK
Low Pulse Width   Slow    SRLC32E/CLK         n/a            0.980         14.500      13.520     SLICE_X34Y90  sys_i/ps7_axi_periph/s00_couplers/auto_pc/inst/gen_axilite.gen_b2s_conv.axilite_b2s/RD.r_channel_0/rd_data_fifo_0/memory_reg[31][0]_srl32/CLK
High Pulse Width  Slow    SRLC32E/CLK         n/a            0.980         14.499      13.519     SLICE_X34Y90  sys_i/ps7_axi_periph/s00_couplers/auto_pc/inst/gen_axilite.gen_b2s_conv.axilite_b2s/RD.r_channel_0/rd_data_fifo_0/memory_reg[31][0]_srl32/CLK



---------------------------------------------------------------------------------------------------
Path Group:  **async_default**
From Clock:  clk_fpga_0
  To Clock:  clk_fpga_0

Setup :            0  Failing Endpoints,  Worst Slack       14.346ns,  Total Violation        0.000ns
Hold  :            0  Failing Endpoints,  Worst Slack        0.506ns,  Total Violation        0.000ns
---------------------------------------------------------------------------------------------------


Max Delay Paths
--------------------------------------------------------------------------------------
Slack (MET) :             14.346ns  (required time - arrival time)
  Source:                 sys_i/rst_ps7_34M/U0/ACTIVE_LOW_PR_OUT_DFF[0].FDRE_PER_N/C
                            (rising edge-triggered cell FDRE clocked by clk_fpga_0  {rise@0.000ns fall@14.500ns period=28.999ns})
  Destination:            sys_i/tier0/inst/u_dut/u_ACC/u_IIDM/qaf_6_reg[14]/CLR
                            (recovery check against rising-edge clock clk_fpga_0  {rise@0.000ns fall@14.500ns period=28.999ns})
  Path Group:             **async_default**
  Path Type:              Recovery (Max at Slow Process Corner)
  Requirement:            28.999ns  (clk_fpga_0 rise@28.999ns - clk_fpga_0 rise@0.000ns)
  Data Path Delay:        13.458ns  (logic 0.608ns (4.518%)  route 12.850ns (95.482%))
  Logic Levels:           1  (LUT2=1)
  Clock Path Skew:        -0.146ns (DCD - SCD + CPR)
    Destination Clock Delay (DCD):    2.876ns = ( 31.875 - 28.999 ) 
    Source Clock Delay      (SCD):    3.137ns
    Clock Pessimism Removal (CPR):    0.115ns
  Clock Uncertainty:      0.436ns  ((TSJ^2 + TIJ^2)^1/2 + DJ) / 2 + PE
    Total System Jitter     (TSJ):    0.071ns
    Total Input Jitter      (TIJ):    0.870ns
    Discrete Jitter          (DJ):    0.000ns
    Phase Error              (PE):    0.000ns

    Location             Delay type                Incr(ns)  Path(ns)    Netlist Resource(s)
  -------------------------------------------------------------------    -------------------
                         (clock clk_fpga_0 rise edge)
                                                      0.000     0.000 r  <hidden>
    PS7_X0Y0             PS7                          0.000     0.000 r  sys_i/ps7/inst/PS7_i/FCLKCLK[0]
                         net (fo=1, routed)           1.193     1.193    sys_i/ps7/inst/FCLK_CLK_unbuffered[0]
    BUFGCTRL_X0Y16       BUFG (Prop_bufg_I_O)         0.101     1.294 r  sys_i/ps7/inst/buffer_fclk_clk_0.FCLK_CLK_0_BUFG/O
                         net (fo=828, routed)         1.843     3.137    sys_i/rst_ps7_34M/U0/slowest_sync_clk
    SLICE_X43Y103        FDRE                                         r  sys_i/rst_ps7_34M/U0/ACTIVE_LOW_PR_OUT_DFF[0].FDRE_PER_N/C
  -------------------------------------------------------------------    -------------------
    SLICE_X43Y103        FDRE (Prop_fdre_C_Q)         0.456     3.593 r  sys_i/rst_ps7_34M/U0/ACTIVE_LOW_PR_OUT_DFF[0].FDRE_PER_N/Q
                         net (fo=13, routed)          2.148     5.741    sys_i/tier0/inst/u_dut/u_Tier/u_VS/u_BALANCED_n13/u_SNN/S_AXI_ARESETN
    SLICE_X45Y84         LUT2 (Prop_lut2_I0_O)        0.152     5.893 f  sys_i/tier0/inst/u_dut/u_Tier/u_VS/u_BALANCED_n13/u_SNN/op_reg_reg_reg[1][31]_i_1/O
                         net (fo=3156, routed)       10.701    16.595    sys_i/tier0/inst/u_dut/u_ACC/u_IIDM/dut_rst
    SLICE_X47Y64         FDCE                                         f  sys_i/tier0/inst/u_dut/u_ACC/u_IIDM/qaf_6_reg[14]/CLR
  -------------------------------------------------------------------    -------------------

                         (clock clk_fpga_0 rise edge)
                                                     28.999    28.999 r  <hidden>
    PS7_X0Y0             PS7                          0.000    28.999 r  sys_i/ps7/inst/PS7_i/FCLKCLK[0]
                         net (fo=1, routed)           1.088    30.087    sys_i/ps7/inst/FCLK_CLK_unbuffered[0]
    BUFGCTRL_X0Y16       BUFG (Prop_bufg_I_O)         0.091    30.178 r  sys_i/ps7/inst/buffer_fclk_clk_0.FCLK_CLK_0_BUFG/O
                         net (fo=828, routed)         0.133    30.311    sys_i/tier0/inst/S_AXI_ACLK
    BUFGCTRL_X0Y17       BUFGCTRL (Prop_bufgctrl_I0_O)
                                                      0.091    30.402 r  sys_i/tier0/inst/u_gate/O
                         net (fo=3798, routed)        1.473    31.875    sys_i/tier0/inst/u_dut/u_ACC/u_IIDM/clk_dut
    SLICE_X47Y64         FDCE                                         r  sys_i/tier0/inst/u_dut/u_ACC/u_IIDM/qaf_6_reg[14]/C
                         clock pessimism              0.115    31.990    <hidden>
                         clock uncertainty           -0.436    31.553    <hidden>
    SLICE_X47Y64         FDCE (Recov_fdce_C_CLR)     -0.613    30.940    sys_i/tier0/inst/u_dut/u_ACC/u_IIDM/qaf_6_reg[14]
  -------------------------------------------------------------------
                         required time                         30.940    <hidden>
                         arrival time                         -16.595    <hidden>
  -------------------------------------------------------------------
                         slack                                 14.346    <hidden>





Min Delay Paths
--------------------------------------------------------------------------------------
Slack (MET) :             0.506ns  (arrival time - required time)
  Source:                 sys_i/tier0/inst/started_reg/C
                            (rising edge-triggered cell FDRE clocked by clk_fpga_0  {rise@0.000ns fall@14.500ns period=28.999ns})
  Destination:            sys_i/tier0/inst/u_dut/u_ACC/u_IIDM/dR_16_reg[16]/CLR
                            (removal check against rising-edge clock clk_fpga_0  {rise@0.000ns fall@14.500ns period=28.999ns})
  Path Group:             **async_default**
  Path Type:              Removal (Min at Fast Process Corner)
  Requirement:            0.000ns  (clk_fpga_0 rise@0.000ns - clk_fpga_0 rise@0.000ns)
  Data Path Delay:        0.677ns  (logic 0.184ns (27.196%)  route 0.493ns (72.804%))
  Logic Levels:           1  (LUT2=1)
  Clock Path Skew:        0.329ns (DCD - SCD - CPR)
    Destination Clock Delay (DCD):    1.246ns
    Source Clock Delay      (SCD):    0.887ns
    Clock Pessimism Removal (CPR):    0.030ns

    Location             Delay type                Incr(ns)  Path(ns)    Netlist Resource(s)
  -------------------------------------------------------------------    -------------------
                         (clock clk_fpga_0 rise edge)
                                                      0.000     0.000 r  <hidden>
    PS7_X0Y0             PS7                          0.000     0.000 r  sys_i/ps7/inst/PS7_i/FCLKCLK[0]
                         net (fo=1, routed)           0.310     0.310    sys_i/ps7/inst/FCLK_CLK_unbuffered[0]
    BUFGCTRL_X0Y16       BUFG (Prop_bufg_I_O)         0.026     0.336 r  sys_i/ps7/inst/buffer_fclk_clk_0.FCLK_CLK_0_BUFG/O
                         net (fo=828, routed)         0.551     0.887    sys_i/tier0/inst/S_AXI_ACLK
    SLICE_X45Y83         FDRE                                         r  sys_i/tier0/inst/started_reg/C
  -------------------------------------------------------------------    -------------------
    SLICE_X45Y83         FDRE (Prop_fdre_C_Q)         0.141     1.028 r  sys_i/tier0/inst/started_reg/Q
                         net (fo=6, routed)           0.229     1.256    sys_i/tier0/inst/u_dut/u_Tier/u_VS/u_BALANCED_n13/u_SNN/started
    SLICE_X45Y84         LUT2 (Prop_lut2_I1_O)        0.043     1.299 f  sys_i/tier0/inst/u_dut/u_Tier/u_VS/u_BALANCED_n13/u_SNN/op_reg_reg_reg[1][31]_i_1/O
                         net (fo=3156, routed)        0.264     1.563    sys_i/tier0/inst/u_dut/u_ACC/u_IIDM/dut_rst
    SLICE_X45Y84         FDCE                                         f  sys_i/tier0/inst/u_dut/u_ACC/u_IIDM/dR_16_reg[16]/CLR
  -------------------------------------------------------------------    -------------------

                         (clock clk_fpga_0 rise edge)
                                                      0.000     0.000 r  <hidden>
    PS7_X0Y0             PS7                          0.000     0.000 r  sys_i/ps7/inst/PS7_i/FCLKCLK[0]
                         net (fo=1, routed)           0.337     0.337    sys_i/ps7/inst/FCLK_CLK_unbuffered[0]
    BUFGCTRL_X0Y16       BUFG (Prop_bufg_I_O)         0.029     0.366 r  sys_i/ps7/inst/buffer_fclk_clk_0.FCLK_CLK_0_BUFG/O
                         net (fo=828, routed)         0.033     0.399    sys_i/tier0/inst/S_AXI_ACLK
    BUFGCTRL_X0Y17       BUFGCTRL (Prop_bufgctrl_I0_O)
                                                      0.029     0.428 r  sys_i/tier0/inst/u_gate/O
                         net (fo=3798, routed)        0.818     1.246    sys_i/tier0/inst/u_dut/u_ACC/u_IIDM/clk_dut
    SLICE_X45Y84         FDCE                                         r  sys_i/tier0/inst/u_dut/u_ACC/u_IIDM/dR_16_reg[16]/C
                         clock pessimism             -0.030     1.216    <hidden>
    SLICE_X45Y84         FDCE (Remov_fdce_C_CLR)     -0.159     1.057    sys_i/tier0/inst/u_dut/u_ACC/u_IIDM/dR_16_reg[16]
  -------------------------------------------------------------------
                         required time                         -1.057    <hidden>
                         arrival time                           1.563    <hidden>
  -------------------------------------------------------------------
                         slack                                  0.506    <hidden>





