Copyright 1986-2022 Xilinx, Inc. All Rights Reserved. Copyright 2022-2026 Advanced Micro Devices, Inc. All Rights Reserved.
-------------------------------------------------------------------------------------------------------------------------------------------------------------------------------------------
| Tool Version : Vivado v.2026.1 (win64) Build 6511674 Tue Jun 16 11:02:23 MDT 2026
| Date         : Fri Jul 31 15:21:38 2026
| Host         : AX16PRO running 64-bit major release  (build 9200)
| Command      : report_timing_summary -file {D:/Project_MBSE/1.Reti Neurali/Rete_SNN_Test/CF_FSNN/.worktrees/Simulink_Importer/FaseB2.0/Harness_SNN_IIDM/hw/../results/timing_fclk45.rpt}
| Design       : sys_wrapper
| Device       : 7z020-clg400
| Speed File   : -1  PRODUCTION 1.12 2019-11-22
| Design State : Routed
-------------------------------------------------------------------------------------------------------------------------------------------------------------------------------------------

Timing Summary Report

------------------------------------------------------------------------------------------------
| Timer Settings
| --------------
------------------------------------------------------------------------------------------------

  Enable Multi Corner Analysis               :  Yes
  Enable Pessimism Removal                   :  Yes
  Pessimism Removal Resolution               :  Nearest Common Node
  Enable Input Delay Default Clock           :  No
  Enable Preset / Clear Arcs                 :  No
  Disable Flight Delays                      :  No
  Ignore I/O Paths                           :  No
  Timing Early Launch at Borrowing Latches   :  No
  Borrow Time for Max Delay Exceptions       :  Yes
  Merge Timing Exceptions                    :  Yes
  Inter-SLR Compensation                     :  Conservative

  Corner  Analyze    Analyze    
  Name    Max Paths  Min Paths  
  ------  ---------  ---------  
  Slow    Yes        Yes        
  Fast    Yes        Yes        


------------------------------------------------------------------------------------------------
| Report Methodology
| ------------------
------------------------------------------------------------------------------------------------

Rule       Severity  Description                   Violations  
---------  --------  ----------------------------  ----------  
DPIR-1     Warning   Asynchronous driver check     480         
LUTAR-1    Warning   LUT drives async reset alert  1           
TIMING-16  Warning   Large setup violation         57          

Note: This report is based on the most recent report_methodology run and may not be up-to-date. Run report_methodology on the current design for the latest report.



check_timing report

Table of Contents
-----------------
1. checking no_clock (0)
2. checking constant_clock (0)
3. checking pulse_width_clock (0)
4. checking unconstrained_internal_endpoints (0)
5. checking no_input_delay (0)
6. checking no_output_delay (0)
7. checking multiple_clock (0)
8. checking generated_clocks (0)
9. checking loops (0)
10. checking partial_input_delay (0)
11. checking partial_output_delay (0)
12. checking latch_loops (0)

1. checking no_clock (0)
------------------------
 There are 0 register/latch pins with no clock.


2. checking constant_clock (0)
------------------------------
 There are 0 register/latch pins with constant_clock.


3. checking pulse_width_clock (0)
---------------------------------
 There are 0 register/latch pins which need pulse_width check


4. checking unconstrained_internal_endpoints (0)
------------------------------------------------
 There are 0 pins that are not constrained for maximum delay.

 There are 0 pins that are not constrained for maximum delay due to constant clock.


5. checking no_input_delay (0)
------------------------------
 There are 0 input ports with no input delay specified.

 There are 0 input ports with no input delay but user has a false path constraint.


6. checking no_output_delay (0)
-------------------------------
 There are 0 ports with no output delay specified.

 There are 0 ports with no output delay but user has a false path constraint

 There are 0 ports with no output delay but with a timing clock defined on it or propagating through it


7. checking multiple_clock (0)
------------------------------
 There are 0 register/latch pins with multiple clocks.


8. checking generated_clocks (0)
--------------------------------
 There are 0 generated clocks that are not connected to a clock source.


9. checking loops (0)
---------------------
 There are 0 combinational loops in the design.


10. checking partial_input_delay (0)
------------------------------------
 There are 0 input ports with partial input delay specified.


11. checking partial_output_delay (0)
-------------------------------------
 There are 0 ports with partial output delay specified.


12. checking latch_loops (0)
----------------------------
 There are 0 combinational latch loops in the design through latch input



------------------------------------------------------------------------------------------------
| Design Timing Summary
| ---------------------
------------------------------------------------------------------------------------------------

    WNS(ns)      TNS(ns)  TNS Failing Endpoints  TNS Total Endpoints      WHS(ns)      THS(ns)  THS Failing Endpoints  THS Total Endpoints     WPWS(ns)     TPWS(ns)  TPWS Failing Endpoints  TPWS Total Endpoints  
    -------      -------  ---------------------  -------------------      -------      -------  ---------------------  -------------------     --------     --------  ----------------------  --------------------  
     -2.470     -129.008                     83                11246        0.048        0.000                      0                11246       10.020        0.000                       0                  4630  


Timing constraints are not met.


------------------------------------------------------------------------------------------------
| Clock Summary
| -------------
------------------------------------------------------------------------------------------------

Clock       Waveform(ns)       Period(ns)      Frequency(MHz)
-----       ------------       ----------      --------------
clk_fpga_0  {0.000 11.000}     22.000          45.455          


------------------------------------------------------------------------------------------------
| Intra Clock Table
| -----------------
------------------------------------------------------------------------------------------------

Clock             WNS(ns)      TNS(ns)  TNS Failing Endpoints  TNS Total Endpoints      WHS(ns)      THS(ns)  THS Failing Endpoints  THS Total Endpoints     WPWS(ns)     TPWS(ns)  TPWS Failing Endpoints  TPWS Total Endpoints  
-----             -------      -------  ---------------------  -------------------      -------      -------  ---------------------  -------------------     --------     --------  ----------------------  --------------------  
clk_fpga_0         -2.470     -129.008                     83                 8086        0.048        0.000                      0                 8086       10.020        0.000                       0                  4630  


------------------------------------------------------------------------------------------------
| Inter Clock Table
| -----------------
------------------------------------------------------------------------------------------------

From Clock    To Clock          WNS(ns)      TNS(ns)  TNS Failing Endpoints  TNS Total Endpoints      WHS(ns)      THS(ns)  THS Failing Endpoints  THS Total Endpoints  
----------    --------          -------      -------  ---------------------  -------------------      -------      -------  ---------------------  -------------------  


------------------------------------------------------------------------------------------------
| Other Path Groups Table
| -----------------------
------------------------------------------------------------------------------------------------

Path Group         From Clock         To Clock               WNS(ns)      TNS(ns)  TNS Failing Endpoints  TNS Total Endpoints      WHS(ns)      THS(ns)  THS Failing Endpoints  THS Total Endpoints  
----------         ----------         --------               -------      -------  ---------------------  -------------------      -------      -------  ---------------------  -------------------  
**async_default**  clk_fpga_0         clk_fpga_0               9.015        0.000                      0                 3160        0.524        0.000                      0                 3160  


------------------------------------------------------------------------------------------------
| Timing Details
| --------------
------------------------------------------------------------------------------------------------


---------------------------------------------------------------------------------------------------
From Clock:  clk_fpga_0
  To Clock:  clk_fpga_0

Setup :           83  Failing Endpoints,  Worst Slack       -2.470ns,  Total Violation     -129.008ns
Hold  :            0  Failing Endpoints,  Worst Slack        0.048ns,  Total Violation        0.000ns
PW    :            0  Failing Endpoints,  Worst Slack       10.020ns,  Total Violation        0.000ns
---------------------------------------------------------------------------------------------------


Max Delay Paths
--------------------------------------------------------------------------------------
Slack (VIOLATED) :        -2.470ns  (required time - arrival time)
  Source:                 sys_i/tier0/inst/u_dut/u_Tier/u_VS/u_BALANCED_n13/u_DEC/pv_not_empty_reg_replica_2/C
                            (rising edge-triggered cell FDCE clocked by clk_fpga_0  {rise@0.000ns fall@11.000ns period=22.000ns})
  Destination:            sys_i/tier0/inst/u_dut/u_ACC/u_IIDM/st_a_iidm_26_reg[16]/D
                            (rising edge-triggered cell FDCE clocked by clk_fpga_0  {rise@0.000ns fall@11.000ns period=22.000ns})
  Path Group:             clk_fpga_0
  Path Type:              Setup (Max at Slow Process Corner)
  Requirement:            22.000ns  (clk_fpga_0 rise@22.000ns - clk_fpga_0 rise@0.000ns)
  Data Path Delay:        24.127ns  (logic 13.592ns (56.334%)  route 10.535ns (43.666%))
  Logic Levels:           26  (CARRY4=11 DSP48E1=2 LUT2=2 LUT4=2 LUT5=4 LUT6=4 MUXF7=1)
  Clock Path Skew:        -0.043ns (DCD - SCD + CPR)
    Destination Clock Delay (DCD):    2.878ns = ( 24.878 - 22.000 ) 
    Source Clock Delay      (SCD):    3.173ns
    Clock Pessimism Removal (CPR):    0.252ns
  Clock Uncertainty:      0.332ns  ((TSJ^2 + TIJ^2)^1/2 + DJ) / 2 + PE
    Total System Jitter     (TSJ):    0.071ns
    Total Input Jitter      (TIJ):    0.660ns
    Discrete Jitter          (DJ):    0.000ns
    Phase Error              (PE):    0.000ns

    Location             Delay type                Incr(ns)  Path(ns)    Netlist Resource(s)
  -------------------------------------------------------------------    -------------------
                         (clock clk_fpga_0 rise edge)
                                                      0.000     0.000 r  <hidden>
    PS7_X0Y0             PS7                          0.000     0.000 r  sys_i/ps7/inst/PS7_i/FCLKCLK[0]
                         net (fo=1, routed)           1.193     1.193    sys_i/ps7/inst/FCLK_CLK_unbuffered[0]
    BUFGCTRL_X0Y16       BUFG (Prop_bufg_I_O)         0.101     1.294 r  sys_i/ps7/inst/buffer_fclk_clk_0.FCLK_CLK_0_BUFG/O
                         net (fo=828, routed)         0.146     1.440    sys_i/tier0/inst/S_AXI_ACLK
    BUFGCTRL_X0Y17       BUFGCTRL (Prop_bufgctrl_I0_O)
                                                      0.101     1.541 r  sys_i/tier0/inst/u_gate/O
                         net (fo=3802, routed)        1.632     3.173    sys_i/tier0/inst/u_dut/u_Tier/u_VS/u_BALANCED_n13/u_DEC/clk_dut
    SLICE_X36Y74         FDCE                                         r  sys_i/tier0/inst/u_dut/u_Tier/u_VS/u_BALANCED_n13/u_DEC/pv_not_empty_reg_replica_2/C
  -------------------------------------------------------------------    -------------------
    SLICE_X36Y74         FDCE (Prop_fdce_C_Q)         0.518     3.691 r  sys_i/tier0/inst/u_dut/u_Tier/u_VS/u_BALANCED_n13/u_DEC/pv_not_empty_reg_replica_2/Q
                         net (fo=188, routed)         0.876     4.567    sys_i/tier0/inst/u_dut/u_Tier/u_VS/u_BALANCED_n13/u_DEC/pv_not_empty_reg_2_repN_2
    SLICE_X37Y70         LUT2 (Prop_lut2_I0_O)        0.124     4.691 r  sys_i/tier0/inst/u_dut/u_Tier/u_VS/u_BALANCED_n13/u_DEC/p4__0_i_13/O
                         net (fo=2, routed)           0.411     5.102    sys_i/tier0/inst/u_dut/u_Tier/u_VS/u_BALANCED_n13/u_DEC/p4__0_i_13_n_0
    DSP48_X2Y28          DSP48E1 (Prop_dsp48e1_A[3]_P[16])
                                                      3.841     8.943 f  sys_i/tier0/inst/u_dut/u_Tier/u_VS/u_BALANCED_n13/u_DEC/p4__0/P[16]
                         net (fo=3, routed)           1.224    10.167    sys_i/tier0/inst/u_dut/u_Tier/u_VS/u_BALANCED_n13/u_DEC/p4__0_n_89
    SLICE_X34Y71         LUT4 (Prop_lut4_I0_O)        0.124    10.291 f  sys_i/tier0/inst/u_dut/u_Tier/u_VS/u_BALANCED_n13/u_DEC/pv[3][2]_i_6_comp_1/O
                         net (fo=1, routed)           0.493    10.784    sys_i/tier0/inst/u_dut/u_Tier/u_VS/u_BALANCED_n13/u_DEC/pv[3][2]_i_6_n_0_repN_1
    SLICE_X35Y71         LUT6 (Prop_lut6_I5_O)        0.124    10.908 r  sys_i/tier0/inst/u_dut/u_Tier/u_VS/u_BALANCED_n13/u_DEC/pv[3][2]_i_2_comp_2/O
                         net (fo=23, routed)          0.881    11.788    sys_i/tier0/inst/u_dut/u_Tier/u_VS/u_BALANCED_n13/u_DEC/pv[3][2]_i_2_n_0
    SLICE_X32Y75         LUT6 (Prop_lut6_I2_O)        0.124    11.912 f  sys_i/tier0/inst/u_dut/u_Tier/u_VS/u_BALANCED_n13/u_DEC/pv[3][7]_i_1/O
                         net (fo=10, routed)          0.499    12.411    sys_i/tier0/inst/u_dut/u_align/Tier_a[7]
    SLICE_X34Y75         LUT5 (Prop_lut5_I3_O)        0.124    12.535 r  sys_i/tier0/inst/u_dut/u_align/p764st_v_free_mul_temp_i_72/O
                         net (fo=1, routed)           0.000    12.535    sys_i/tier0/inst/u_dut/u_align/p764st_v_free_mul_temp_i_72_n_0
    SLICE_X34Y75         CARRY4 (Prop_carry4_S[2]_CO[3])
                                                      0.380    12.915 r  sys_i/tier0/inst/u_dut/u_align/p764st_v_free_mul_temp_i_65/CO[3]
                         net (fo=1, routed)           0.000    12.915    sys_i/tier0/inst/u_dut/u_align/p764st_v_free_mul_temp_i_65_n_0
    SLICE_X34Y76         CARRY4 (Prop_carry4_CI_CO[3])
                                                      0.117    13.032 r  sys_i/tier0/inst/u_dut/u_align/p764st_v_free_mul_temp_i_41/CO[3]
                         net (fo=1, routed)           0.000    13.032    sys_i/tier0/inst/u_dut/u_align/p764st_v_free_mul_temp_i_41_n_0
    SLICE_X34Y77         CARRY4 (Prop_carry4_CI_CO[1])
                                                      0.157    13.189 f  sys_i/tier0/inst/u_dut/u_align/p764st_v_free_mul_temp_i_35/CO[1]
                         net (fo=35, routed)          0.578    13.767    sys_i/tier0/inst/u_dut/u_align/u_ACC/u_IIDM/pv_20
    SLICE_X33Y75         LUT4 (Prop_lut4_I3_O)        0.332    14.099 r  sys_i/tier0/inst/u_dut/u_align/p895sX_mul_temp_i_71/O
                         net (fo=1, routed)           0.331    14.430    sys_i/tier0/inst/u_dut/u_align/u_ACC/u_IIDM/p_1_in__7[0]
    SLICE_X33Y76         CARRY4 (Prop_carry4_DI[0]_CO[3])
                                                      0.526    14.956 r  sys_i/tier0/inst/u_dut/u_align/p895sX_mul_temp_i_42/CO[3]
                         net (fo=1, routed)           0.000    14.956    sys_i/tier0/inst/u_dut/u_align/p895sX_mul_temp_i_42_n_0
    SLICE_X33Y77         CARRY4 (Prop_carry4_CI_O[2])
                                                      0.239    15.195 r  sys_i/tier0/inst/u_dut/u_align/p895sX_mul_temp_i_41/O[2]
                         net (fo=5, routed)           0.769    15.965    sys_i/tier0/inst/u_dut/u_align/p895sX_mul_temp_i_41_n_5
    SLICE_X34Y78         LUT5 (Prop_lut5_I2_O)        0.302    16.267 r  sys_i/tier0/inst/u_dut/u_align/p764st_v_free_mul_temp_i_9/O
                         net (fo=9, routed)           0.697    16.964    sys_i/tier0/inst/u_dut/u_ACC/u_IIDM/p894a_z_mul_temp_0[6]
    DSP48_X2Y33          DSP48E1 (Prop_dsp48e1_B[6]_P[1])
                                                      3.656    20.620 f  sys_i/tier0/inst/u_dut/u_ACC/u_IIDM/p894a_z_mul_temp/P[1]
                         net (fo=1, routed)           0.653    21.273    sys_i/tier0/inst/u_dut/u_ACC/u_IIDM/p894a_z_mul_temp_n_104
    SLICE_X36Y80         LUT2 (Prop_lut2_I1_O)        0.124    21.397 r  sys_i/tier0/inst/u_dut/u_ACC/u_IIDM/st_a_iidm_26[3]_i_17_comp/O
                         net (fo=1, routed)           0.801    22.198    sys_i/tier0/inst/u_dut/u_ACC/u_IIDM/st_a_iidm_26[3]_i_17_n_0
    SLICE_X36Y81         LUT6 (Prop_lut6_I4_O)        0.124    22.322 r  sys_i/tier0/inst/u_dut/u_ACC/u_IIDM/st_a_iidm_26[3]_i_16_comp/O
                         net (fo=1, routed)           0.000    22.322    sys_i/tier0/inst/u_dut/u_ACC/u_IIDM/st_a_iidm_26[3]_i_16_n_0
    SLICE_X36Y81         CARRY4 (Prop_carry4_S[0]_CO[3])
                                                      0.513    22.835 r  sys_i/tier0/inst/u_dut/u_ACC/u_IIDM/st_a_iidm_26_reg[3]_i_15/CO[3]
                         net (fo=1, routed)           0.000    22.835    sys_i/tier0/inst/u_dut/u_ACC/u_IIDM/st_a_iidm_26_reg[3]_i_15_n_0
    SLICE_X36Y82         CARRY4 (Prop_carry4_CI_CO[3])
                                                      0.117    22.952 r  sys_i/tier0/inst/u_dut/u_ACC/u_IIDM/st_a_iidm_26_reg[7]_i_7/CO[3]
                         net (fo=1, routed)           0.000    22.952    sys_i/tier0/inst/u_dut/u_ACC/u_IIDM/st_a_iidm_26_reg[7]_i_7_n_0
    SLICE_X36Y83         CARRY4 (Prop_carry4_CI_CO[3])
                                                      0.117    23.069 r  sys_i/tier0/inst/u_dut/u_ACC/u_IIDM/st_a_iidm_26_reg[11]_i_7/CO[3]
                         net (fo=1, routed)           0.000    23.069    sys_i/tier0/inst/u_dut/u_ACC/u_IIDM/st_a_iidm_26_reg[11]_i_7_n_0
    SLICE_X36Y84         CARRY4 (Prop_carry4_CI_O[1])
                                                      0.323    23.392 r  sys_i/tier0/inst/u_dut/u_ACC/u_IIDM/st_a_iidm_26_reg[18]_i_34/O[1]
                         net (fo=2, routed)           0.602    23.994    sys_i/tier0/inst/u_dut/u_ACC/u_IIDM/st_a_iidm_26_reg[18]_i_34_n_6
    SLICE_X38Y84         LUT5 (Prop_lut5_I2_O)        0.306    24.300 r  sys_i/tier0/inst/u_dut/u_ACC/u_IIDM/st_a_iidm_26[18]_i_50/O
                         net (fo=1, routed)           0.000    24.300    sys_i/tier0/inst/u_dut/u_ACC/u_IIDM/st_a_iidm_26[18]_i_50_n_0
    SLICE_X38Y84         CARRY4 (Prop_carry4_S[1]_CO[3])
                                                      0.533    24.833 r  sys_i/tier0/inst/u_dut/u_ACC/u_IIDM/st_a_iidm_26_reg[18]_i_20/CO[3]
                         net (fo=1, routed)           0.000    24.833    sys_i/tier0/inst/u_dut/u_ACC/u_IIDM/st_a_iidm_26_reg[18]_i_20_n_0
    SLICE_X38Y85         CARRY4 (Prop_carry4_CI_CO[3])
                                                      0.117    24.950 r  sys_i/tier0/inst/u_dut/u_ACC/u_IIDM/st_a_iidm_26_reg[18]_i_8/CO[3]
                         net (fo=19, routed)          1.278    26.229    sys_i/tier0/inst/u_dut/u_ACC/u_IIDM/st_a_iidm_26_reg[18]_i_8_n_0
    SLICE_X42Y86         LUT5 (Prop_lut5_I3_O)        0.124    26.353 f  sys_i/tier0/inst/u_dut/u_ACC/u_IIDM/st_a_iidm_26[16]_i_6/O
                         net (fo=1, routed)           0.000    26.353    sys_i/tier0/inst/u_dut/u_ACC/u_IIDM/st_a_iidm_26[16]_i_6_n_0
    SLICE_X42Y86         MUXF7 (Prop_muxf7_I0_O)      0.209    26.562 f  sys_i/tier0/inst/u_dut/u_ACC/u_IIDM/st_a_iidm_26_reg[16]_i_3/O
                         net (fo=1, routed)           0.442    27.003    sys_i/tier0/inst/u_dut/u_ACC/u_IIDM/st_a_iidm_26_reg[16]_i_3_n_0
    SLICE_X43Y87         LUT6 (Prop_lut6_I3_O)        0.297    27.300 r  sys_i/tier0/inst/u_dut/u_ACC/u_IIDM/st_a_iidm_26[16]_i_1/O
                         net (fo=1, routed)           0.000    27.300    sys_i/tier0/inst/u_dut/u_ACC/u_IIDM/st_a_iidm_25[16]
    SLICE_X43Y87         FDCE                                         r  sys_i/tier0/inst/u_dut/u_ACC/u_IIDM/st_a_iidm_26_reg[16]/D
  -------------------------------------------------------------------    -------------------

                         (clock clk_fpga_0 rise edge)
                                                     22.000    22.000 r  <hidden>
    PS7_X0Y0             PS7                          0.000    22.000 r  sys_i/ps7/inst/PS7_i/FCLKCLK[0]
                         net (fo=1, routed)           1.088    23.088    sys_i/ps7/inst/FCLK_CLK_unbuffered[0]
    BUFGCTRL_X0Y16       BUFG (Prop_bufg_I_O)         0.091    23.179 r  sys_i/ps7/inst/buffer_fclk_clk_0.FCLK_CLK_0_BUFG/O
                         net (fo=828, routed)         0.133    23.312    sys_i/tier0/inst/S_AXI_ACLK
    BUFGCTRL_X0Y17       BUFGCTRL (Prop_bufgctrl_I0_O)
                                                      0.091    23.403 r  sys_i/tier0/inst/u_gate/O
                         net (fo=3802, routed)        1.475    24.878    sys_i/tier0/inst/u_dut/u_ACC/u_IIDM/clk_dut
    SLICE_X43Y87         FDCE                                         r  sys_i/tier0/inst/u_dut/u_ACC/u_IIDM/st_a_iidm_26_reg[16]/C
                         clock pessimism              0.252    25.130    <hidden>
                         clock uncertainty           -0.332    24.798    <hidden>
    SLICE_X43Y87         FDCE (Setup_fdce_C_D)        0.032    24.830    sys_i/tier0/inst/u_dut/u_ACC/u_IIDM/st_a_iidm_26_reg[16]
  -------------------------------------------------------------------
                         required time                         24.830    <hidden>
                         arrival time                         -27.300    <hidden>
  -------------------------------------------------------------------
                         slack                                 -2.470    <hidden>





Min Delay Paths
--------------------------------------------------------------------------------------
Slack (MET) :             0.048ns  (arrival time - required time)
  Source:                 sys_i/tier0/inst/u_dut/u_ACC/u_IIDM/acc_3_reg[12]/C
                            (rising edge-triggered cell FDCE clocked by clk_fpga_0  {rise@0.000ns fall@11.000ns period=22.000ns})
  Destination:            sys_i/tier0/inst/accel_lat_reg[12]/D
                            (rising edge-triggered cell FDRE clocked by clk_fpga_0  {rise@0.000ns fall@11.000ns period=22.000ns})
  Path Group:             clk_fpga_0
  Path Type:              Hold (Min at Fast Process Corner)
  Requirement:            0.000ns  (clk_fpga_0 rise@0.000ns - clk_fpga_0 rise@0.000ns)
  Data Path Delay:        0.380ns  (logic 0.186ns (48.934%)  route 0.194ns (51.066%))
  Logic Levels:           1  (LUT4=1)
  Clock Path Skew:        0.211ns (DCD - SCD - CPR)
    Destination Clock Delay (DCD):    1.192ns
    Source Clock Delay      (SCD):    0.951ns
    Clock Pessimism Removal (CPR):    0.030ns

    Location             Delay type                Incr(ns)  Path(ns)    Netlist Resource(s)
  -------------------------------------------------------------------    -------------------
                         (clock clk_fpga_0 rise edge)
                                                      0.000     0.000 r  <hidden>
    PS7_X0Y0             PS7                          0.000     0.000 r  sys_i/ps7/inst/PS7_i/FCLKCLK[0]
                         net (fo=1, routed)           0.310     0.310    sys_i/ps7/inst/FCLK_CLK_unbuffered[0]
    BUFGCTRL_X0Y16       BUFG (Prop_bufg_I_O)         0.026     0.336 r  sys_i/ps7/inst/buffer_fclk_clk_0.FCLK_CLK_0_BUFG/O
                         net (fo=828, routed)         0.030     0.366    sys_i/tier0/inst/S_AXI_ACLK
    BUFGCTRL_X0Y17       BUFGCTRL (Prop_bufgctrl_I0_O)
                                                      0.026     0.392 r  sys_i/tier0/inst/u_gate/O
                         net (fo=3802, routed)        0.559     0.951    sys_i/tier0/inst/u_dut/u_ACC/u_IIDM/clk_dut
    SLICE_X35Y98         FDCE                                         r  sys_i/tier0/inst/u_dut/u_ACC/u_IIDM/acc_3_reg[12]/C
  -------------------------------------------------------------------    -------------------
    SLICE_X35Y98         FDCE (Prop_fdce_C_Q)         0.141     1.092 r  sys_i/tier0/inst/u_dut/u_ACC/u_IIDM/acc_3_reg[12]/Q
                         net (fo=1, routed)           0.194     1.286    sys_i/tier0/inst/u_dut/u_ACC/u_IIDM/acc_3[12]
    SLICE_X34Y98         LUT4 (Prop_lut4_I3_O)        0.045     1.331 r  sys_i/tier0/inst/u_dut/u_ACC/u_IIDM/acc_3[12]_i_1/O
                         net (fo=2, routed)           0.000     1.331    sys_i/tier0/inst/w_accel[12]
    SLICE_X34Y98         FDRE                                         r  sys_i/tier0/inst/accel_lat_reg[12]/D
  -------------------------------------------------------------------    -------------------

                         (clock clk_fpga_0 rise edge)
                                                      0.000     0.000 r  <hidden>
    PS7_X0Y0             PS7                          0.000     0.000 r  sys_i/ps7/inst/PS7_i/FCLKCLK[0]
                         net (fo=1, routed)           0.337     0.337    sys_i/ps7/inst/FCLK_CLK_unbuffered[0]
    BUFGCTRL_X0Y16       BUFG (Prop_bufg_I_O)         0.029     0.366 r  sys_i/ps7/inst/buffer_fclk_clk_0.FCLK_CLK_0_BUFG/O
                         net (fo=828, routed)         0.826     1.192    sys_i/tier0/inst/S_AXI_ACLK
    SLICE_X34Y98         FDRE                                         r  sys_i/tier0/inst/accel_lat_reg[12]/C
                         clock pessimism             -0.030     1.162    <hidden>
    SLICE_X34Y98         FDRE (Hold_fdre_C_D)         0.121     1.283    sys_i/tier0/inst/accel_lat_reg[12]
  -------------------------------------------------------------------
                         required time                         -1.283    <hidden>
                         arrival time                           1.331    <hidden>
  -------------------------------------------------------------------
                         slack                                  0.048    <hidden>





Pulse Width Checks
--------------------------------------------------------------------------------------
Clock Name:         clk_fpga_0
Waveform(ns):       { 0.000 11.000 }
Period(ns):         22.000
Sources:            { sys_i/ps7/inst/PS7_i/FCLKCLK[0] }

Check Type        Corner  Lib Pin             Reference Pin  Required(ns)  Actual(ns)  Slack(ns)  Location      Pin
Min Period        n/a     RAMB18E1/CLKARDCLK  n/a            2.944         22.000      19.056     RAMB18_X5Y32  sys_i/tier0/inst/u_dut/u_Tier/u_VS/u_BALANCED_n13/u_SNN/u_dualPortRam/ram_reg/CLKARDCLK
Low Pulse Width   Slow    SRLC32E/CLK         n/a            0.980         11.000      10.020     SLICE_X30Y87  sys_i/ps7_axi_periph/s00_couplers/auto_pc/inst/gen_axilite.gen_b2s_conv.axilite_b2s/RD.r_channel_0/rd_data_fifo_0/memory_reg[31][0]_srl32/CLK
High Pulse Width  Slow    SRLC32E/CLK         n/a            0.980         11.000      10.020     SLICE_X30Y87  sys_i/ps7_axi_periph/s00_couplers/auto_pc/inst/gen_axilite.gen_b2s_conv.axilite_b2s/RD.r_channel_0/rd_data_fifo_0/memory_reg[31][0]_srl32/CLK



---------------------------------------------------------------------------------------------------
Path Group:  **async_default**
From Clock:  clk_fpga_0
  To Clock:  clk_fpga_0

Setup :            0  Failing Endpoints,  Worst Slack        9.015ns,  Total Violation        0.000ns
Hold  :            0  Failing Endpoints,  Worst Slack        0.524ns,  Total Violation        0.000ns
---------------------------------------------------------------------------------------------------


Max Delay Paths
--------------------------------------------------------------------------------------
Slack (MET) :             9.015ns  (required time - arrival time)
  Source:                 sys_i/rst_ps7_45M/U0/ACTIVE_LOW_PR_OUT_DFF[0].FDRE_PER_N/C
                            (rising edge-triggered cell FDRE clocked by clk_fpga_0  {rise@0.000ns fall@11.000ns period=22.000ns})
  Destination:            sys_i/tier0/inst/u_dut/u_ACC/u_IIDM/st_a_iidm_26_reg[8]/CLR
                            (recovery check against rising-edge clock clk_fpga_0  {rise@0.000ns fall@11.000ns period=22.000ns})
  Path Group:             **async_default**
  Path Type:              Recovery (Max at Slow Process Corner)
  Requirement:            22.000ns  (clk_fpga_0 rise@22.000ns - clk_fpga_0 rise@0.000ns)
  Data Path Delay:        11.851ns  (logic 0.667ns (5.628%)  route 11.184ns (94.372%))
  Logic Levels:           1  (LUT2=1)
  Clock Path Skew:        -0.189ns (DCD - SCD + CPR)
    Destination Clock Delay (DCD):    2.876ns = ( 24.876 - 22.000 ) 
    Source Clock Delay      (SCD):    3.180ns
    Clock Pessimism Removal (CPR):    0.115ns
  Clock Uncertainty:      0.332ns  ((TSJ^2 + TIJ^2)^1/2 + DJ) / 2 + PE
    Total System Jitter     (TSJ):    0.071ns
    Total Input Jitter      (TIJ):    0.660ns
    Discrete Jitter          (DJ):    0.000ns
    Phase Error              (PE):    0.000ns

    Location             Delay type                Incr(ns)  Path(ns)    Netlist Resource(s)
  -------------------------------------------------------------------    -------------------
                         (clock clk_fpga_0 rise edge)
                                                      0.000     0.000 r  <hidden>
    PS7_X0Y0             PS7                          0.000     0.000 r  sys_i/ps7/inst/PS7_i/FCLKCLK[0]
                         net (fo=1, routed)           1.193     1.193    sys_i/ps7/inst/FCLK_CLK_unbuffered[0]
    BUFGCTRL_X0Y16       BUFG (Prop_bufg_I_O)         0.101     1.294 r  sys_i/ps7/inst/buffer_fclk_clk_0.FCLK_CLK_0_BUFG/O
                         net (fo=828, routed)         1.886     3.180    sys_i/rst_ps7_45M/U0/slowest_sync_clk
    SLICE_X26Y107        FDRE                                         r  sys_i/rst_ps7_45M/U0/ACTIVE_LOW_PR_OUT_DFF[0].FDRE_PER_N/C
  -------------------------------------------------------------------    -------------------
    SLICE_X26Y107        FDRE (Prop_fdre_C_Q)         0.518     3.698 r  sys_i/rst_ps7_45M/U0/ACTIVE_LOW_PR_OUT_DFF[0].FDRE_PER_N/Q
                         net (fo=13, routed)          2.255     5.953    sys_i/tier0/inst/u_dut/u_Tier/u_VS/u_BALANCED_n13/u_SNN/S_AXI_ARESETN
    SLICE_X60Y100        LUT2 (Prop_lut2_I0_O)        0.149     6.102 f  sys_i/tier0/inst/u_dut/u_Tier/u_VS/u_BALANCED_n13/u_SNN/op_reg_reg_reg[1][31]_i_1/O
                         net (fo=3160, routed)        8.929    15.031    sys_i/tier0/inst/u_dut/u_ACC/u_IIDM/dut_rst
    SLICE_X37Y84         FDCE                                         f  sys_i/tier0/inst/u_dut/u_ACC/u_IIDM/st_a_iidm_26_reg[8]/CLR
  -------------------------------------------------------------------    -------------------

                         (clock clk_fpga_0 rise edge)
                                                     22.000    22.000 r  <hidden>
    PS7_X0Y0             PS7                          0.000    22.000 r  sys_i/ps7/inst/PS7_i/FCLKCLK[0]
                         net (fo=1, routed)           1.088    23.088    sys_i/ps7/inst/FCLK_CLK_unbuffered[0]
    BUFGCTRL_X0Y16       BUFG (Prop_bufg_I_O)         0.091    23.179 r  sys_i/ps7/inst/buffer_fclk_clk_0.FCLK_CLK_0_BUFG/O
                         net (fo=828, routed)         0.133    23.312    sys_i/tier0/inst/S_AXI_ACLK
    BUFGCTRL_X0Y17       BUFGCTRL (Prop_bufgctrl_I0_O)
                                                      0.091    23.403 r  sys_i/tier0/inst/u_gate/O
                         net (fo=3802, routed)        1.473    24.876    sys_i/tier0/inst/u_dut/u_ACC/u_IIDM/clk_dut
    SLICE_X37Y84         FDCE                                         r  sys_i/tier0/inst/u_dut/u_ACC/u_IIDM/st_a_iidm_26_reg[8]/C
                         clock pessimism              0.115    24.991    <hidden>
                         clock uncertainty           -0.332    24.659    <hidden>
    SLICE_X37Y84         FDCE (Recov_fdce_C_CLR)     -0.613    24.046    sys_i/tier0/inst/u_dut/u_ACC/u_IIDM/st_a_iidm_26_reg[8]
  -------------------------------------------------------------------
                         required time                         24.046    <hidden>
                         arrival time                         -15.031    <hidden>
  -------------------------------------------------------------------
                         slack                                  9.015    <hidden>





Min Delay Paths
--------------------------------------------------------------------------------------
Slack (MET) :             0.524ns  (arrival time - required time)
  Source:                 sys_i/tier0/inst/started_reg/C
                            (rising edge-triggered cell FDRE clocked by clk_fpga_0  {rise@0.000ns fall@11.000ns period=22.000ns})
  Destination:            sys_i/tier0/inst/u_dut/u_ACC/u_IIDM/denl_19_reg[11]/CLR
                            (removal check against rising-edge clock clk_fpga_0  {rise@0.000ns fall@11.000ns period=22.000ns})
  Path Group:             **async_default**
  Path Type:              Removal (Min at Fast Process Corner)
  Requirement:            0.000ns  (clk_fpga_0 rise@0.000ns - clk_fpga_0 rise@0.000ns)
  Data Path Delay:        0.814ns  (logic 0.190ns (23.348%)  route 0.624ns (76.652%))
  Logic Levels:           1  (LUT2=1)
  Clock Path Skew:        0.423ns (DCD - SCD - CPR)
    Destination Clock Delay (DCD):    1.362ns
    Source Clock Delay      (SCD):    0.909ns
    Clock Pessimism Removal (CPR):    0.030ns

    Location             Delay type                Incr(ns)  Path(ns)    Netlist Resource(s)
  -------------------------------------------------------------------    -------------------
                         (clock clk_fpga_0 rise edge)
                                                      0.000     0.000 r  <hidden>
    PS7_X0Y0             PS7                          0.000     0.000 r  sys_i/ps7/inst/PS7_i/FCLKCLK[0]
                         net (fo=1, routed)           0.310     0.310    sys_i/ps7/inst/FCLK_CLK_unbuffered[0]
    BUFGCTRL_X0Y16       BUFG (Prop_bufg_I_O)         0.026     0.336 r  sys_i/ps7/inst/buffer_fclk_clk_0.FCLK_CLK_0_BUFG/O
                         net (fo=828, routed)         0.573     0.909    sys_i/tier0/inst/S_AXI_ACLK
    SLICE_X59Y84         FDRE                                         r  sys_i/tier0/inst/started_reg/C
  -------------------------------------------------------------------    -------------------
    SLICE_X59Y84         FDRE (Prop_fdre_C_Q)         0.141     1.050 r  sys_i/tier0/inst/started_reg/Q
                         net (fo=6, routed)           0.423     1.473    sys_i/tier0/inst/u_dut/u_Tier/u_VS/u_BALANCED_n13/u_SNN/started
    SLICE_X60Y100        LUT2 (Prop_lut2_I1_O)        0.049     1.522 f  sys_i/tier0/inst/u_dut/u_Tier/u_VS/u_BALANCED_n13/u_SNN/op_reg_reg_reg[1][31]_i_1/O
                         net (fo=3160, routed)        0.201     1.722    sys_i/tier0/inst/u_dut/u_ACC/u_IIDM/dut_rst
    SLICE_X58Y100        FDCE                                         f  sys_i/tier0/inst/u_dut/u_ACC/u_IIDM/denl_19_reg[11]/CLR
  -------------------------------------------------------------------    -------------------

                         (clock clk_fpga_0 rise edge)
                                                      0.000     0.000 r  <hidden>
    PS7_X0Y0             PS7                          0.000     0.000 r  sys_i/ps7/inst/PS7_i/FCLKCLK[0]
                         net (fo=1, routed)           0.337     0.337    sys_i/ps7/inst/FCLK_CLK_unbuffered[0]
    BUFGCTRL_X0Y16       BUFG (Prop_bufg_I_O)         0.029     0.366 r  sys_i/ps7/inst/buffer_fclk_clk_0.FCLK_CLK_0_BUFG/O
                         net (fo=828, routed)         0.033     0.399    sys_i/tier0/inst/S_AXI_ACLK
    BUFGCTRL_X0Y17       BUFGCTRL (Prop_bufgctrl_I0_O)
                                                      0.029     0.428 r  sys_i/tier0/inst/u_gate/O
                         net (fo=3802, routed)        0.934     1.362    sys_i/tier0/inst/u_dut/u_ACC/u_IIDM/clk_dut
    SLICE_X58Y100        FDCE                                         r  sys_i/tier0/inst/u_dut/u_ACC/u_IIDM/denl_19_reg[11]/C
                         clock pessimism             -0.030     1.332    <hidden>
    SLICE_X58Y100        FDCE (Remov_fdce_C_CLR)     -0.134     1.198    sys_i/tier0/inst/u_dut/u_ACC/u_IIDM/denl_19_reg[11]
  -------------------------------------------------------------------
                         required time                         -1.198    <hidden>
                         arrival time                           1.722    <hidden>
  -------------------------------------------------------------------
                         slack                                  0.524    <hidden>





