Copyright 1986-2022 Xilinx, Inc. All Rights Reserved. Copyright 2022-2026 Advanced Micro Devices, Inc. All Rights Reserved.
-------------------------------------------------------------------------------------------------------------------------------------------------------------------------------------------
| Tool Version : Vivado v.2026.1 (win64) Build 6511674 Tue Jun 16 11:02:23 MDT 2026
| Date         : Fri Jul 31 15:32:26 2026
| Host         : AX16PRO running 64-bit major release  (build 9200)
| Command      : report_timing_summary -file {D:/Project_MBSE/1.Reti Neurali/Rete_SNN_Test/CF_FSNN/.worktrees/Simulink_Importer/FaseB2.0/Harness_SNN_IIDM/hw/../results/timing_fclk50.rpt}
| Design       : sys_wrapper
| Device       : 7z020-clg400
| Speed File   : -1  PRODUCTION 1.12 2019-11-22
| Design State : Routed
-------------------------------------------------------------------------------------------------------------------------------------------------------------------------------------------

Timing Summary Report

------------------------------------------------------------------------------------------------
| Timer Settings
| --------------
------------------------------------------------------------------------------------------------

  Enable Multi Corner Analysis               :  Yes
  Enable Pessimism Removal                   :  Yes
  Pessimism Removal Resolution               :  Nearest Common Node
  Enable Input Delay Default Clock           :  No
  Enable Preset / Clear Arcs                 :  No
  Disable Flight Delays                      :  No
  Ignore I/O Paths                           :  No
  Timing Early Launch at Borrowing Latches   :  No
  Borrow Time for Max Delay Exceptions       :  Yes
  Merge Timing Exceptions                    :  Yes
  Inter-SLR Compensation                     :  Conservative

  Corner  Analyze    Analyze    
  Name    Max Paths  Min Paths  
  ------  ---------  ---------  
  Slow    Yes        Yes        
  Fast    Yes        Yes        


------------------------------------------------------------------------------------------------
| Report Methodology
| ------------------
------------------------------------------------------------------------------------------------

Rule       Severity  Description                   Violations  
---------  --------  ----------------------------  ----------  
DPIR-1     Warning   Asynchronous driver check     480         
LUTAR-1    Warning   LUT drives async reset alert  1           
TIMING-16  Warning   Large setup violation         95          

Note: This report is based on the most recent report_methodology run and may not be up-to-date. Run report_methodology on the current design for the latest report.



check_timing report

Table of Contents
-----------------
1. checking no_clock (0)
2. checking constant_clock (0)
3. checking pulse_width_clock (0)
4. checking unconstrained_internal_endpoints (0)
5. checking no_input_delay (0)
6. checking no_output_delay (0)
7. checking multiple_clock (0)
8. checking generated_clocks (0)
9. checking loops (0)
10. checking partial_input_delay (0)
11. checking partial_output_delay (0)
12. checking latch_loops (0)

1. checking no_clock (0)
------------------------
 There are 0 register/latch pins with no clock.


2. checking constant_clock (0)
------------------------------
 There are 0 register/latch pins with constant_clock.


3. checking pulse_width_clock (0)
---------------------------------
 There are 0 register/latch pins which need pulse_width check


4. checking unconstrained_internal_endpoints (0)
------------------------------------------------
 There are 0 pins that are not constrained for maximum delay.

 There are 0 pins that are not constrained for maximum delay due to constant clock.


5. checking no_input_delay (0)
------------------------------
 There are 0 input ports with no input delay specified.

 There are 0 input ports with no input delay but user has a false path constraint.


6. checking no_output_delay (0)
-------------------------------
 There are 0 ports with no output delay specified.

 There are 0 ports with no output delay but user has a false path constraint

 There are 0 ports with no output delay but with a timing clock defined on it or propagating through it


7. checking multiple_clock (0)
------------------------------
 There are 0 register/latch pins with multiple clocks.


8. checking generated_clocks (0)
--------------------------------
 There are 0 generated clocks that are not connected to a clock source.


9. checking loops (0)
---------------------
 There are 0 combinational loops in the design.


10. checking partial_input_delay (0)
------------------------------------
 There are 0 input ports with partial input delay specified.


11. checking partial_output_delay (0)
-------------------------------------
 There are 0 ports with partial output delay specified.


12. checking latch_loops (0)
----------------------------
 There are 0 combinational latch loops in the design through latch input



------------------------------------------------------------------------------------------------
| Design Timing Summary
| ---------------------
------------------------------------------------------------------------------------------------

    WNS(ns)      TNS(ns)  TNS Failing Endpoints  TNS Total Endpoints      WHS(ns)      THS(ns)  THS Failing Endpoints  THS Total Endpoints     WPWS(ns)     TPWS(ns)  TPWS Failing Endpoints  TPWS Total Endpoints  
    -------      -------  ---------------------  -------------------      -------      -------  ---------------------  -------------------     --------     --------  ----------------------  --------------------  
     -4.355     -318.906                    121                11248        0.023        0.000                      0                11248        9.020        0.000                       0                  4632  


Timing constraints are not met.


------------------------------------------------------------------------------------------------
| Clock Summary
| -------------
------------------------------------------------------------------------------------------------

Clock       Waveform(ns)       Period(ns)      Frequency(MHz)
-----       ------------       ----------      --------------
clk_fpga_0  {0.000 10.000}     20.000          50.000          


------------------------------------------------------------------------------------------------
| Intra Clock Table
| -----------------
------------------------------------------------------------------------------------------------

Clock             WNS(ns)      TNS(ns)  TNS Failing Endpoints  TNS Total Endpoints      WHS(ns)      THS(ns)  THS Failing Endpoints  THS Total Endpoints     WPWS(ns)     TPWS(ns)  TPWS Failing Endpoints  TPWS Total Endpoints  
-----             -------      -------  ---------------------  -------------------      -------      -------  ---------------------  -------------------     --------     --------  ----------------------  --------------------  
clk_fpga_0         -4.355     -318.906                    121                 8086        0.023        0.000                      0                 8086        9.020        0.000                       0                  4632  


------------------------------------------------------------------------------------------------
| Inter Clock Table
| -----------------
------------------------------------------------------------------------------------------------

From Clock    To Clock          WNS(ns)      TNS(ns)  TNS Failing Endpoints  TNS Total Endpoints      WHS(ns)      THS(ns)  THS Failing Endpoints  THS Total Endpoints  
----------    --------          -------      -------  ---------------------  -------------------      -------      -------  ---------------------  -------------------  


------------------------------------------------------------------------------------------------
| Other Path Groups Table
| -----------------------
------------------------------------------------------------------------------------------------

Path Group         From Clock         To Clock               WNS(ns)      TNS(ns)  TNS Failing Endpoints  TNS Total Endpoints      WHS(ns)      THS(ns)  THS Failing Endpoints  THS Total Endpoints  
----------         ----------         --------               -------      -------  ---------------------  -------------------      -------      -------  ---------------------  -------------------  
**async_default**  clk_fpga_0         clk_fpga_0               4.052        0.000                      0                 3162        0.621        0.000                      0                 3162  


------------------------------------------------------------------------------------------------
| Timing Details
| --------------
------------------------------------------------------------------------------------------------


---------------------------------------------------------------------------------------------------
From Clock:  clk_fpga_0
  To Clock:  clk_fpga_0

Setup :          121  Failing Endpoints,  Worst Slack       -4.355ns,  Total Violation     -318.906ns
Hold  :            0  Failing Endpoints,  Worst Slack        0.023ns,  Total Violation        0.000ns
PW    :            0  Failing Endpoints,  Worst Slack        9.020ns,  Total Violation        0.000ns
---------------------------------------------------------------------------------------------------


Max Delay Paths
--------------------------------------------------------------------------------------
Slack (VIOLATED) :        -4.355ns  (required time - arrival time)
  Source:                 sys_i/tier0/inst/u_dut/u_Tier/u_VS/u_BALANCED_n13/u_DEC/pv_not_empty_reg_replica_4/C
                            (rising edge-triggered cell FDCE clocked by clk_fpga_0  {rise@0.000ns fall@10.000ns period=20.000ns})
  Destination:            sys_i/tier0/inst/u_dut/u_ACC/u_IIDM/st_a_cah_23_reg[18]/D
                            (rising edge-triggered cell FDCE clocked by clk_fpga_0  {rise@0.000ns fall@10.000ns period=20.000ns})
  Path Group:             clk_fpga_0
  Path Type:              Setup (Max at Slow Process Corner)
  Requirement:            20.000ns  (clk_fpga_0 rise@20.000ns - clk_fpga_0 rise@0.000ns)
  Data Path Delay:        24.160ns  (logic 11.997ns (49.657%)  route 12.163ns (50.343%))
  Logic Levels:           31  (CARRY4=16 DSP48E1=1 LUT2=1 LUT3=1 LUT4=3 LUT5=1 LUT6=8)
  Clock Path Skew:        0.028ns (DCD - SCD + CPR)
    Destination Clock Delay (DCD):    2.974ns = ( 22.974 - 20.000 ) 
    Source Clock Delay      (SCD):    3.199ns
    Clock Pessimism Removal (CPR):    0.253ns
  Clock Uncertainty:      0.302ns  ((TSJ^2 + TIJ^2)^1/2 + DJ) / 2 + PE
    Total System Jitter     (TSJ):    0.071ns
    Total Input Jitter      (TIJ):    0.600ns
    Discrete Jitter          (DJ):    0.000ns
    Phase Error              (PE):    0.000ns

    Location             Delay type                Incr(ns)  Path(ns)    Netlist Resource(s)
  -------------------------------------------------------------------    -------------------
                         (clock clk_fpga_0 rise edge)
                                                      0.000     0.000 r  <hidden>
    PS7_X0Y0             PS7                          0.000     0.000 r  sys_i/ps7/inst/PS7_i/FCLKCLK[0]
                         net (fo=1, routed)           1.193     1.193    sys_i/ps7/inst/FCLK_CLK_unbuffered[0]
    BUFGCTRL_X0Y16       BUFG (Prop_bufg_I_O)         0.101     1.294 r  sys_i/ps7/inst/buffer_fclk_clk_0.FCLK_CLK_0_BUFG/O
                         net (fo=828, routed)         0.146     1.440    sys_i/tier0/inst/S_AXI_ACLK
    BUFGCTRL_X0Y17       BUFGCTRL (Prop_bufgctrl_I0_O)
                                                      0.101     1.541 r  sys_i/tier0/inst/u_gate/O
                         net (fo=3804, routed)        1.658     3.199    sys_i/tier0/inst/u_dut/u_Tier/u_VS/u_BALANCED_n13/u_DEC/clk_dut
    SLICE_X36Y31         FDCE                                         r  sys_i/tier0/inst/u_dut/u_Tier/u_VS/u_BALANCED_n13/u_DEC/pv_not_empty_reg_replica_4/C
  -------------------------------------------------------------------    -------------------
    SLICE_X36Y31         FDCE (Prop_fdce_C_Q)         0.518     3.717 r  sys_i/tier0/inst/u_dut/u_Tier/u_VS/u_BALANCED_n13/u_DEC/pv_not_empty_reg_replica_4/Q
                         net (fo=11, routed)          0.476     4.193    sys_i/tier0/inst/u_dut/u_Tier/u_VS/u_BALANCED_n13/u_DEC/pv_not_empty_reg_2_repN_4
    SLICE_X36Y30         LUT2 (Prop_lut2_I0_O)        0.124     4.317 r  sys_i/tier0/inst/u_dut/u_Tier/u_VS/u_BALANCED_n13/u_DEC/p4__0_i_1/O
                         net (fo=30, routed)          0.806     5.123    sys_i/tier0/inst/u_dut/u_Tier/u_VS/u_BALANCED_n13/u_DEC/p4__0_i_1_n_0
    DSP48_X2Y10          DSP48E1 (Prop_dsp48e1_A[26]_P[22])
                                                      3.841     8.964 f  sys_i/tier0/inst/u_dut/u_Tier/u_VS/u_BALANCED_n13/u_DEC/p4__0/P[22]
                         net (fo=2, routed)           1.229    10.193    sys_i/tier0/inst/u_dut/u_Tier/u_VS/u_BALANCED_n13/u_DEC/p4__0_n_83
    SLICE_X37Y31         LUT4 (Prop_lut4_I0_O)        0.124    10.317 r  sys_i/tier0/inst/u_dut/u_Tier/u_VS/u_BALANCED_n13/u_DEC/pv[3][2]_i_11/O
                         net (fo=1, routed)           0.433    10.750    sys_i/tier0/inst/u_dut/u_Tier/u_VS/u_BALANCED_n13/u_DEC/pv[3][2]_i_11_n_0
    SLICE_X37Y33         LUT6 (Prop_lut6_I5_O)        0.124    10.874 r  sys_i/tier0/inst/u_dut/u_Tier/u_VS/u_BALANCED_n13/u_DEC/pv[3][2]_i_7/O
                         net (fo=1, routed)           0.149    11.023    sys_i/tier0/inst/u_dut/u_Tier/u_VS/u_BALANCED_n13/u_DEC/pv[3][2]_i_7_n_0
    SLICE_X37Y33         LUT6 (Prop_lut6_I0_O)        0.124    11.147 r  sys_i/tier0/inst/u_dut/u_Tier/u_VS/u_BALANCED_n13/u_DEC/pv[3][2]_i_2_comp/O
                         net (fo=24, routed)          0.575    11.722    sys_i/tier0/inst/u_dut/u_Tier/u_VS/u_BALANCED_n13/u_DEC/pv[3][2]_i_2_n_0
    SLICE_X32Y34         LUT6 (Prop_lut6_I2_O)        0.124    11.846 f  sys_i/tier0/inst/u_dut/u_Tier/u_VS/u_BALANCED_n13/u_DEC/pv[3][5]_i_1/O
                         net (fo=9, routed)           0.646    12.492    sys_i/tier0/inst/u_dut/u_align/Tier_a[5]
    SLICE_X34Y34         LUT6 (Prop_lut6_I2_O)        0.124    12.616 r  sys_i/tier0/inst/u_dut/u_align/p764st_v_free_mul_temp_i_73_comp/O
                         net (fo=1, routed)           0.000    12.616    sys_i/tier0/inst/u_dut/u_align/p764st_v_free_mul_temp_i_73_n_0
    SLICE_X34Y34         CARRY4 (Prop_carry4_S[1]_CO[3])
                                                      0.533    13.149 r  sys_i/tier0/inst/u_dut/u_align/p764st_v_free_mul_temp_i_65/CO[3]
                         net (fo=1, routed)           0.000    13.149    sys_i/tier0/inst/u_dut/u_align/p764st_v_free_mul_temp_i_65_n_0
    SLICE_X34Y35         CARRY4 (Prop_carry4_CI_CO[3])
                                                      0.117    13.266 r  sys_i/tier0/inst/u_dut/u_align/p764st_v_free_mul_temp_i_41/CO[3]
                         net (fo=1, routed)           0.000    13.266    sys_i/tier0/inst/u_dut/u_align/p764st_v_free_mul_temp_i_41_n_0
    SLICE_X34Y36         CARRY4 (Prop_carry4_CI_CO[1])
                                                      0.157    13.423 f  sys_i/tier0/inst/u_dut/u_align/p764st_v_free_mul_temp_i_35/CO[1]
                         net (fo=35, routed)          0.774    14.196    sys_i/tier0/inst/u_dut/u_align/u_ACC/u_IIDM/pv_20
    SLICE_X33Y36         LUT6 (Prop_lut6_I4_O)        0.332    14.528 r  sys_i/tier0/inst/u_dut/u_align/p895sX_mul_temp_i_75_comp/O
                         net (fo=1, routed)           0.000    14.528    sys_i/tier0/inst/u_dut/u_align/p895sX_mul_temp_i_75_n_0
    SLICE_X33Y36         CARRY4 (Prop_carry4_S[0]_CO[3])
                                                      0.532    15.060 r  sys_i/tier0/inst/u_dut/u_align/p895sX_mul_temp_i_42/CO[3]
                         net (fo=1, routed)           0.000    15.060    sys_i/tier0/inst/u_dut/u_align/p895sX_mul_temp_i_42_n_0
    SLICE_X33Y37         CARRY4 (Prop_carry4_CI_CO[3])
                                                      0.114    15.174 r  sys_i/tier0/inst/u_dut/u_align/p895sX_mul_temp_i_41/CO[3]
                         net (fo=1, routed)           0.000    15.174    sys_i/tier0/inst/u_dut/u_align/p895sX_mul_temp_i_41_n_0
    SLICE_X33Y38         CARRY4 (Prop_carry4_CI_O[1])
                                                      0.334    15.508 f  sys_i/tier0/inst/u_dut/u_align/p895sX_mul_temp_i_40/O[1]
                         net (fo=5, routed)           0.635    16.143    sys_i/tier0/inst/u_dut/u_align/p895sX_mul_temp_i_40_n_6
    SLICE_X32Y38         LUT6 (Prop_lut6_I1_O)        0.303    16.446 r  sys_i/tier0/inst/u_dut/u_align/st_a_l_bar_9[18]_i_38/O
                         net (fo=1, routed)           0.551    16.997    sys_i/tier0/inst/u_dut/u_align/st_a_l_bar_9[18]_i_38_n_0
    SLICE_X31Y38         CARRY4 (Prop_carry4_DI[0]_CO[3])
                                                      0.526    17.523 r  sys_i/tier0/inst/u_dut/u_align/st_a_l_bar_9_reg[18]_i_21/CO[3]
                         net (fo=1, routed)           0.000    17.523    sys_i/tier0/inst/u_dut/u_align/st_a_l_bar_9_reg[18]_i_21_n_0
    SLICE_X31Y39         CARRY4 (Prop_carry4_CI_CO[1])
                                                      0.157    17.680 r  sys_i/tier0/inst/u_dut/u_align/st_a_l_bar_9_reg[18]_i_10/CO[1]
                         net (fo=39, routed)          0.892    18.572    sys_i/tier0/inst/u_dut/u_ACC/u_IIDM/CO[0]
    SLICE_X27Y38         LUT5 (Prop_lut5_I3_O)        0.329    18.901 r  sys_i/tier0/inst/u_dut/u_ACC/u_IIDM/st_a_l_bar_9[5]_i_3/O
                         net (fo=2, routed)           0.481    19.382    sys_i/tier0/inst/u_dut/u_ACC/u_IIDM/st_a_l_bar_9[5]_i_3_n_0
    SLICE_X30Y38         CARRY4 (Prop_carry4_DI[1]_CO[3])
                                                      0.520    19.902 r  sys_i/tier0/inst/u_dut/u_ACC/u_IIDM/st_a_cah_23_reg[7]_i_4/CO[3]
                         net (fo=1, routed)           0.000    19.902    sys_i/tier0/inst/u_dut/u_ACC/u_IIDM/st_a_cah_23_reg[7]_i_4_n_0
    SLICE_X30Y39         CARRY4 (Prop_carry4_CI_CO[3])
                                                      0.117    20.019 r  sys_i/tier0/inst/u_dut/u_ACC/u_IIDM/st_a_cah_23_reg[10]_i_5/CO[3]
                         net (fo=1, routed)           0.000    20.019    sys_i/tier0/inst/u_dut/u_ACC/u_IIDM/st_a_cah_23_reg[10]_i_5_n_0
    SLICE_X30Y40         CARRY4 (Prop_carry4_CI_CO[3])
                                                      0.117    20.136 r  sys_i/tier0/inst/u_dut/u_ACC/u_IIDM/st_a_cah_23_reg[15]_i_3/CO[3]
                         net (fo=1, routed)           0.000    20.136    sys_i/tier0/inst/u_dut/u_ACC/u_IIDM/st_a_cah_23_reg[15]_i_3_n_0
    SLICE_X30Y41         CARRY4 (Prop_carry4_CI_CO[3])
                                                      0.117    20.253 f  sys_i/tier0/inst/u_dut/u_ACC/u_IIDM/st_a_cah_23_reg[18]_i_6/CO[3]
                         net (fo=45, routed)          1.048    21.301    sys_i/tier0/inst/u_dut/u_ACC/u_IIDM/st_a_cah_23_reg[18]_i_6_n_0
    SLICE_X28Y39         LUT4 (Prop_lut4_I2_O)        0.124    21.425 r  sys_i/tier0/inst/u_dut/u_ACC/u_IIDM/st_a_cah_23[18]_i_13/O
                         net (fo=1, routed)           0.379    21.805    sys_i/tier0/inst/u_dut/u_ACC/u_IIDM/st_a_cah_23[18]_i_13_n_0
    SLICE_X29Y39         CARRY4 (Prop_carry4_CYINIT_CO[3])
                                                      0.580    22.385 r  sys_i/tier0/inst/u_dut/u_ACC/u_IIDM/st_a_cah_23_reg[18]_i_7/CO[3]
                         net (fo=1, routed)           0.000    22.385    sys_i/tier0/inst/u_dut/u_ACC/u_IIDM/st_a_cah_23_reg[18]_i_7_n_0
    SLICE_X29Y40         CARRY4 (Prop_carry4_CI_CO[0])
                                                      0.271    22.656 f  sys_i/tier0/inst/u_dut/u_ACC/u_IIDM/st_a_cah_23_reg[18]_i_5/CO[0]
                         net (fo=34, routed)          0.740    23.395    sys_i/tier0/inst/u_dut/u_ACC/u_IIDM/st_a_l_bar_10
    SLICE_X28Y37         LUT3 (Prop_lut3_I0_O)        0.373    23.768 f  sys_i/tier0/inst/u_dut/u_ACC/u_IIDM/st_a_cah_23[11]_i_6/O
                         net (fo=10, routed)          0.698    24.466    sys_i/tier0/inst/u_dut/u_ACC/u_IIDM/st_a_cah_23[11]_i_6_n_0
    SLICE_X28Y37         LUT6 (Prop_lut6_I0_O)        0.124    24.590 r  sys_i/tier0/inst/u_dut/u_ACC/u_IIDM/st_a_cah_23[12]_i_14/O
                         net (fo=1, routed)           0.519    25.110    sys_i/tier0/inst/u_dut/u_ACC/u_IIDM/st_a_cah_23[12]_i_14_n_0
    SLICE_X29Y37         CARRY4 (Prop_carry4_DI[1]_CO[3])
                                                      0.507    25.617 r  sys_i/tier0/inst/u_dut/u_ACC/u_IIDM/st_a_cah_23_reg[12]_i_6/CO[3]
                         net (fo=1, routed)           0.000    25.617    sys_i/tier0/inst/u_dut/u_ACC/u_IIDM/st_a_cah_23_reg[12]_i_6_n_0
    SLICE_X29Y38         CARRY4 (Prop_carry4_CI_CO[1])
                                                      0.157    25.774 r  sys_i/tier0/inst/u_dut/u_ACC/u_IIDM/st_a_cah_23_reg[12]_i_4/CO[1]
                         net (fo=19, routed)          0.686    26.460    sys_i/tier0/inst/u_dut/u_ACC/u_IIDM/ex_43
    SLICE_X27Y38         LUT4 (Prop_lut4_I1_O)        0.329    26.789 r  sys_i/tier0/inst/u_dut/u_ACC/u_IIDM/st_a_cah_23[18]_i_3/O
                         net (fo=1, routed)           0.445    27.235    sys_i/tier0/inst/u_dut/u_ACC/u_IIDM/st_a_cah_23[18]_i_3_n_0
    SLICE_X26Y41         LUT6 (Prop_lut6_I3_O)        0.124    27.359 r  sys_i/tier0/inst/u_dut/u_ACC/u_IIDM/st_a_cah_23[18]_i_1/O
                         net (fo=1, routed)           0.000    27.359    sys_i/tier0/inst/u_dut/u_ACC/u_IIDM/st_a_cah_22[18]
    SLICE_X26Y41         FDCE                                         r  sys_i/tier0/inst/u_dut/u_ACC/u_IIDM/st_a_cah_23_reg[18]/D
  -------------------------------------------------------------------    -------------------

                         (clock clk_fpga_0 rise edge)
                                                     20.000    20.000 r  <hidden>
    PS7_X0Y0             PS7                          0.000    20.000 r  sys_i/ps7/inst/PS7_i/FCLKCLK[0]
                         net (fo=1, routed)           1.088    21.088    sys_i/ps7/inst/FCLK_CLK_unbuffered[0]
    BUFGCTRL_X0Y16       BUFG (Prop_bufg_I_O)         0.091    21.179 r  sys_i/ps7/inst/buffer_fclk_clk_0.FCLK_CLK_0_BUFG/O
                         net (fo=828, routed)         0.133    21.312    sys_i/tier0/inst/S_AXI_ACLK
    BUFGCTRL_X0Y17       BUFGCTRL (Prop_bufgctrl_I0_O)
                                                      0.091    21.403 r  sys_i/tier0/inst/u_gate/O
                         net (fo=3804, routed)        1.571    22.974    sys_i/tier0/inst/u_dut/u_ACC/u_IIDM/clk_dut
    SLICE_X26Y41         FDCE                                         r  sys_i/tier0/inst/u_dut/u_ACC/u_IIDM/st_a_cah_23_reg[18]/C
                         clock pessimism              0.253    23.227    <hidden>
                         clock uncertainty           -0.302    22.925    <hidden>
    SLICE_X26Y41         FDCE (Setup_fdce_C_D)        0.079    23.004    sys_i/tier0/inst/u_dut/u_ACC/u_IIDM/st_a_cah_23_reg[18]
  -------------------------------------------------------------------
                         required time                         23.004    <hidden>
                         arrival time                         -27.359    <hidden>
  -------------------------------------------------------------------
                         slack                                 -4.355    <hidden>





Min Delay Paths
--------------------------------------------------------------------------------------
Slack (MET) :             0.023ns  (arrival time - required time)
  Source:                 sys_i/tier0/inst/u_dut/u_align/Th_reg[2]/C
                            (rising edge-triggered cell FDRE clocked by clk_fpga_0  {rise@0.000ns fall@10.000ns period=20.000ns})
  Destination:            sys_i/tier0/inst/u_dut/u_ACC/u_IIDM/pv_reg_reg_reg[1][2]/D
                            (rising edge-triggered cell FDCE clocked by clk_fpga_0  {rise@0.000ns fall@10.000ns period=20.000ns})
  Path Group:             clk_fpga_0
  Path Type:              Hold (Min at Fast Process Corner)
  Requirement:            0.000ns  (clk_fpga_0 rise@0.000ns - clk_fpga_0 rise@0.000ns)
  Data Path Delay:        0.406ns  (logic 0.186ns (45.817%)  route 0.220ns (54.183%))
  Logic Levels:           1  (LUT6=1)
  Clock Path Skew:        0.263ns (DCD - SCD - CPR)
    Destination Clock Delay (DCD):    1.274ns
    Source Clock Delay      (SCD):    0.975ns
    Clock Pessimism Removal (CPR):    0.036ns

    Location             Delay type                Incr(ns)  Path(ns)    Netlist Resource(s)
  -------------------------------------------------------------------    -------------------
                         (clock clk_fpga_0 rise edge)
                                                      0.000     0.000 r  <hidden>
    PS7_X0Y0             PS7                          0.000     0.000 r  sys_i/ps7/inst/PS7_i/FCLKCLK[0]
                         net (fo=1, routed)           0.310     0.310    sys_i/ps7/inst/FCLK_CLK_unbuffered[0]
    BUFGCTRL_X0Y16       BUFG (Prop_bufg_I_O)         0.026     0.336 r  sys_i/ps7/inst/buffer_fclk_clk_0.FCLK_CLK_0_BUFG/O
                         net (fo=828, routed)         0.030     0.366    sys_i/tier0/inst/S_AXI_ACLK
    BUFGCTRL_X0Y17       BUFGCTRL (Prop_bufgctrl_I0_O)
                                                      0.026     0.392 r  sys_i/tier0/inst/u_gate/O
                         net (fo=3804, routed)        0.583     0.975    sys_i/tier0/inst/u_dut/u_align/clk_dut
    SLICE_X55Y49         FDRE                                         r  sys_i/tier0/inst/u_dut/u_align/Th_reg[2]/C
  -------------------------------------------------------------------    -------------------
    SLICE_X55Y49         FDRE (Prop_fdre_C_Q)         0.141     1.116 r  sys_i/tier0/inst/u_dut/u_align/Th_reg[2]/Q
                         net (fo=6, routed)           0.220     1.335    sys_i/tier0/inst/u_dut/u_ACC/u_IIDM/pv_reg_reg_reg[1][20]_1[2]
    SLICE_X54Y50         LUT6 (Prop_lut6_I3_O)        0.045     1.380 r  sys_i/tier0/inst/u_dut/u_ACC/u_IIDM/pv_reg_reg[1][2]_i_1/O
                         net (fo=1, routed)           0.000     1.380    sys_i/tier0/inst/u_dut/u_ACC/u_IIDM/pv_reg_reg_next[1]_181[2]
    SLICE_X54Y50         FDCE                                         r  sys_i/tier0/inst/u_dut/u_ACC/u_IIDM/pv_reg_reg_reg[1][2]/D
  -------------------------------------------------------------------    -------------------

                         (clock clk_fpga_0 rise edge)
                                                      0.000     0.000 r  <hidden>
    PS7_X0Y0             PS7                          0.000     0.000 r  sys_i/ps7/inst/PS7_i/FCLKCLK[0]
                         net (fo=1, routed)           0.337     0.337    sys_i/ps7/inst/FCLK_CLK_unbuffered[0]
    BUFGCTRL_X0Y16       BUFG (Prop_bufg_I_O)         0.029     0.366 r  sys_i/ps7/inst/buffer_fclk_clk_0.FCLK_CLK_0_BUFG/O
                         net (fo=828, routed)         0.033     0.399    sys_i/tier0/inst/S_AXI_ACLK
    BUFGCTRL_X0Y17       BUFGCTRL (Prop_bufgctrl_I0_O)
                                                      0.029     0.428 r  sys_i/tier0/inst/u_gate/O
                         net (fo=3804, routed)        0.846     1.274    sys_i/tier0/inst/u_dut/u_ACC/u_IIDM/clk_dut
    SLICE_X54Y50         FDCE                                         r  sys_i/tier0/inst/u_dut/u_ACC/u_IIDM/pv_reg_reg_reg[1][2]/C
                         clock pessimism             -0.036     1.238    <hidden>
    SLICE_X54Y50         FDCE (Hold_fdce_C_D)         0.120     1.358    sys_i/tier0/inst/u_dut/u_ACC/u_IIDM/pv_reg_reg_reg[1][2]
  -------------------------------------------------------------------
                         required time                         -1.358    <hidden>
                         arrival time                           1.380    <hidden>
  -------------------------------------------------------------------
                         slack                                  0.023    <hidden>





Pulse Width Checks
--------------------------------------------------------------------------------------
Clock Name:         clk_fpga_0
Waveform(ns):       { 0.000 10.000 }
Period(ns):         20.000
Sources:            { sys_i/ps7/inst/PS7_i/FCLKCLK[0] }

Check Type        Corner  Lib Pin             Reference Pin  Required(ns)  Actual(ns)  Slack(ns)  Location      Pin
Min Period        n/a     RAMB18E1/CLKARDCLK  n/a            2.944         20.000      17.056     RAMB18_X4Y16  sys_i/tier0/inst/u_dut/u_Tier/u_VS/u_BALANCED_n13/u_SNN/u_dualPortRam/ram_reg/CLKARDCLK
Low Pulse Width   Slow    SRLC32E/CLK         n/a            0.980         10.000      9.020      SLICE_X26Y84  sys_i/ps7_axi_periph/s00_couplers/auto_pc/inst/gen_axilite.gen_b2s_conv.axilite_b2s/RD.r_channel_0/rd_data_fifo_0/memory_reg[31][0]_srl32/CLK
High Pulse Width  Slow    SRLC32E/CLK         n/a            0.980         10.000      9.020      SLICE_X26Y84  sys_i/ps7_axi_periph/s00_couplers/auto_pc/inst/gen_axilite.gen_b2s_conv.axilite_b2s/RD.r_channel_0/rd_data_fifo_0/memory_reg[31][0]_srl32/CLK



---------------------------------------------------------------------------------------------------
Path Group:  **async_default**
From Clock:  clk_fpga_0
  To Clock:  clk_fpga_0

Setup :            0  Failing Endpoints,  Worst Slack        4.052ns,  Total Violation        0.000ns
Hold  :            0  Failing Endpoints,  Worst Slack        0.621ns,  Total Violation        0.000ns
---------------------------------------------------------------------------------------------------


Max Delay Paths
--------------------------------------------------------------------------------------
Slack (MET) :             4.052ns  (required time - arrival time)
  Source:                 sys_i/rst_ps7_50M/U0/ACTIVE_LOW_PR_OUT_DFF[0].FDRE_PER_N/C
                            (rising edge-triggered cell FDRE clocked by clk_fpga_0  {rise@0.000ns fall@10.000ns period=20.000ns})
  Destination:            sys_i/tier0/inst/u_dut/u_Tier/u_VS/u_BALANCED_n13/u_SNN/t_lr_nxt_reg_reg_reg[1][2]/CLR
                            (recovery check against rising-edge clock clk_fpga_0  {rise@0.000ns fall@10.000ns period=20.000ns})
  Path Group:             **async_default**
  Path Type:              Recovery (Max at Slow Process Corner)
  Requirement:            20.000ns  (clk_fpga_0 rise@20.000ns - clk_fpga_0 rise@0.000ns)
  Data Path Delay:        15.253ns  (logic 0.575ns (3.770%)  route 14.678ns (96.230%))
  Logic Levels:           1  (LUT2=1)
  Clock Path Skew:        0.134ns (DCD - SCD + CPR)
    Destination Clock Delay (DCD):    3.017ns = ( 23.017 - 20.000 ) 
    Source Clock Delay      (SCD):    2.998ns
    Clock Pessimism Removal (CPR):    0.115ns
  Clock Uncertainty:      0.302ns  ((TSJ^2 + TIJ^2)^1/2 + DJ) / 2 + PE
    Total System Jitter     (TSJ):    0.071ns
    Total Input Jitter      (TIJ):    0.600ns
    Discrete Jitter          (DJ):    0.000ns
    Phase Error              (PE):    0.000ns

    Location             Delay type                Incr(ns)  Path(ns)    Netlist Resource(s)
  -------------------------------------------------------------------    -------------------
                         (clock clk_fpga_0 rise edge)
                                                      0.000     0.000 r  <hidden>
    PS7_X0Y0             PS7                          0.000     0.000 r  sys_i/ps7/inst/PS7_i/FCLKCLK[0]
                         net (fo=1, routed)           1.193     1.193    sys_i/ps7/inst/FCLK_CLK_unbuffered[0]
    BUFGCTRL_X0Y16       BUFG (Prop_bufg_I_O)         0.101     1.294 r  sys_i/ps7/inst/buffer_fclk_clk_0.FCLK_CLK_0_BUFG/O
                         net (fo=828, routed)         1.704     2.998    sys_i/rst_ps7_50M/U0/slowest_sync_clk
    SLICE_X57Y83         FDRE                                         r  sys_i/rst_ps7_50M/U0/ACTIVE_LOW_PR_OUT_DFF[0].FDRE_PER_N/C
  -------------------------------------------------------------------    -------------------
    SLICE_X57Y83         FDRE (Prop_fdre_C_Q)         0.456     3.454 r  sys_i/rst_ps7_50M/U0/ACTIVE_LOW_PR_OUT_DFF[0].FDRE_PER_N/Q
                         net (fo=13, routed)          1.536     4.990    sys_i/tier0/inst/u_dut/u_Tier/u_VS/u_BALANCED_n13/u_SNN/S_AXI_ARESETN
    SLICE_X44Y66         LUT2 (Prop_lut2_I0_O)        0.119     5.109 f  sys_i/tier0/inst/u_dut/u_Tier/u_VS/u_BALANCED_n13/u_SNN/op_reg_reg_reg[1][31]_i_1/O
                         net (fo=3162, routed)       13.142    18.251    sys_i/tier0/inst/u_dut/u_Tier/u_VS/u_BALANCED_n13/u_SNN/S_AXI_ARESETN_0
    SLICE_X94Y18         FDCE                                         f  sys_i/tier0/inst/u_dut/u_Tier/u_VS/u_BALANCED_n13/u_SNN/t_lr_nxt_reg_reg_reg[1][2]/CLR
  -------------------------------------------------------------------    -------------------

                         (clock clk_fpga_0 rise edge)
                                                     20.000    20.000 r  <hidden>
    PS7_X0Y0             PS7                          0.000    20.000 r  sys_i/ps7/inst/PS7_i/FCLKCLK[0]
                         net (fo=1, routed)           1.088    21.088    sys_i/ps7/inst/FCLK_CLK_unbuffered[0]
    BUFGCTRL_X0Y16       BUFG (Prop_bufg_I_O)         0.091    21.179 r  sys_i/ps7/inst/buffer_fclk_clk_0.FCLK_CLK_0_BUFG/O
                         net (fo=828, routed)         0.133    21.312    sys_i/tier0/inst/S_AXI_ACLK
    BUFGCTRL_X0Y17       BUFGCTRL (Prop_bufgctrl_I0_O)
                                                      0.091    21.403 r  sys_i/tier0/inst/u_gate/O
                         net (fo=3804, routed)        1.614    23.017    sys_i/tier0/inst/u_dut/u_Tier/u_VS/u_BALANCED_n13/u_SNN/clk_dut
    SLICE_X94Y18         FDCE                                         r  sys_i/tier0/inst/u_dut/u_Tier/u_VS/u_BALANCED_n13/u_SNN/t_lr_nxt_reg_reg_reg[1][2]/C
                         clock pessimism              0.115    23.132    <hidden>
                         clock uncertainty           -0.302    22.830    <hidden>
    SLICE_X94Y18         FDCE (Recov_fdce_C_CLR)     -0.527    22.303    sys_i/tier0/inst/u_dut/u_Tier/u_VS/u_BALANCED_n13/u_SNN/t_lr_nxt_reg_reg_reg[1][2]
  -------------------------------------------------------------------
                         required time                         22.303    <hidden>
                         arrival time                         -18.251    <hidden>
  -------------------------------------------------------------------
                         slack                                  4.052    <hidden>





Min Delay Paths
--------------------------------------------------------------------------------------
Slack (MET) :             0.621ns  (arrival time - required time)
  Source:                 sys_i/tier0/inst/started_reg/C
                            (rising edge-triggered cell FDRE clocked by clk_fpga_0  {rise@0.000ns fall@10.000ns period=20.000ns})
  Destination:            sys_i/tier0/inst/u_dut/u_ACC/u_IIDM/st_dd_23_reg[5]/CLR
                            (removal check against rising-edge clock clk_fpga_0  {rise@0.000ns fall@10.000ns period=20.000ns})
  Path Group:             **async_default**
  Path Type:              Removal (Min at Fast Process Corner)
  Requirement:            0.000ns  (clk_fpga_0 rise@0.000ns - clk_fpga_0 rise@0.000ns)
  Data Path Delay:        0.797ns  (logic 0.209ns (26.229%)  route 0.588ns (73.771%))
  Logic Levels:           1  (LUT2=1)
  Clock Path Skew:        0.335ns (DCD - SCD - CPR)
    Destination Clock Delay (DCD):    1.245ns
    Source Clock Delay      (SCD):    0.880ns
    Clock Pessimism Removal (CPR):    0.030ns

    Location             Delay type                Incr(ns)  Path(ns)    Netlist Resource(s)
  -------------------------------------------------------------------    -------------------
                         (clock clk_fpga_0 rise edge)
                                                      0.000     0.000 r  <hidden>
    PS7_X0Y0             PS7                          0.000     0.000 r  sys_i/ps7/inst/PS7_i/FCLKCLK[0]
                         net (fo=1, routed)           0.310     0.310    sys_i/ps7/inst/FCLK_CLK_unbuffered[0]
    BUFGCTRL_X0Y16       BUFG (Prop_bufg_I_O)         0.026     0.336 r  sys_i/ps7/inst/buffer_fclk_clk_0.FCLK_CLK_0_BUFG/O
                         net (fo=828, routed)         0.544     0.880    sys_i/tier0/inst/S_AXI_ACLK
    SLICE_X46Y73         FDRE                                         r  sys_i/tier0/inst/started_reg/C
  -------------------------------------------------------------------    -------------------
    SLICE_X46Y73         FDRE (Prop_fdre_C_Q)         0.164     1.044 r  sys_i/tier0/inst/started_reg/Q
                         net (fo=6, routed)           0.282     1.326    sys_i/tier0/inst/u_dut/u_Tier/u_VS/u_BALANCED_n13/u_SNN/started
    SLICE_X44Y66         LUT2 (Prop_lut2_I1_O)        0.045     1.371 f  sys_i/tier0/inst/u_dut/u_Tier/u_VS/u_BALANCED_n13/u_SNN/op_reg_reg_reg[1][31]_i_1/O
                         net (fo=3162, routed)        0.306     1.676    sys_i/tier0/inst/u_dut/u_ACC/u_IIDM/dut_rst
    SLICE_X45Y66         FDCE                                         f  sys_i/tier0/inst/u_dut/u_ACC/u_IIDM/st_dd_23_reg[5]/CLR
  -------------------------------------------------------------------    -------------------

                         (clock clk_fpga_0 rise edge)
                                                      0.000     0.000 r  <hidden>
    PS7_X0Y0             PS7                          0.000     0.000 r  sys_i/ps7/inst/PS7_i/FCLKCLK[0]
                         net (fo=1, routed)           0.337     0.337    sys_i/ps7/inst/FCLK_CLK_unbuffered[0]
    BUFGCTRL_X0Y16       BUFG (Prop_bufg_I_O)         0.029     0.366 r  sys_i/ps7/inst/buffer_fclk_clk_0.FCLK_CLK_0_BUFG/O
                         net (fo=828, routed)         0.033     0.399    sys_i/tier0/inst/S_AXI_ACLK
    BUFGCTRL_X0Y17       BUFGCTRL (Prop_bufgctrl_I0_O)
                                                      0.029     0.428 r  sys_i/tier0/inst/u_gate/O
                         net (fo=3804, routed)        0.817     1.245    sys_i/tier0/inst/u_dut/u_ACC/u_IIDM/clk_dut
    SLICE_X45Y66         FDCE                                         r  sys_i/tier0/inst/u_dut/u_ACC/u_IIDM/st_dd_23_reg[5]/C
                         clock pessimism             -0.030     1.215    <hidden>
    SLICE_X45Y66         FDCE (Remov_fdce_C_CLR)     -0.159     1.056    sys_i/tier0/inst/u_dut/u_ACC/u_IIDM/st_dd_23_reg[5]
  -------------------------------------------------------------------
                         required time                         -1.056    <hidden>
                         arrival time                           1.676    <hidden>
  -------------------------------------------------------------------
                         slack                                  0.621    <hidden>





