Copyright 1986-2022 Xilinx, Inc. All Rights Reserved. Copyright 2022-2026 Advanced Micro Devices, Inc. All Rights Reserved.
-------------------------------------------------------------------------------------------------------------------------------------------------------------------------------------------
| Tool Version : Vivado v.2026.1 (win64) Build 6511674 Tue Jun 16 11:02:23 MDT 2026
| Date         : Fri Jul 31 14:14:32 2026
| Host         : AX16PRO running 64-bit major release  (build 9200)
| Command      : report_timing_summary -file {D:/Project_MBSE/1.Reti Neurali/Rete_SNN_Test/CF_FSNN/.worktrees/Simulink_Importer/FaseB2.0/Harness_SNN_IIDM/hw/../results/timing_fclk25.rpt}
| Design       : sys_wrapper
| Device       : 7z020-clg400
| Speed File   : -1  PRODUCTION 1.12 2019-11-22
| Design State : Routed
-------------------------------------------------------------------------------------------------------------------------------------------------------------------------------------------

Timing Summary Report

------------------------------------------------------------------------------------------------
| Timer Settings
| --------------
------------------------------------------------------------------------------------------------

  Enable Multi Corner Analysis               :  Yes
  Enable Pessimism Removal                   :  Yes
  Pessimism Removal Resolution               :  Nearest Common Node
  Enable Input Delay Default Clock           :  No
  Enable Preset / Clear Arcs                 :  No
  Disable Flight Delays                      :  No
  Ignore I/O Paths                           :  No
  Timing Early Launch at Borrowing Latches   :  No
  Borrow Time for Max Delay Exceptions       :  Yes
  Merge Timing Exceptions                    :  Yes
  Inter-SLR Compensation                     :  Conservative

  Corner  Analyze    Analyze    
  Name    Max Paths  Min Paths  
  ------  ---------  ---------  
  Slow    Yes        Yes        
  Fast    Yes        Yes        


------------------------------------------------------------------------------------------------
| Report Methodology
| ------------------
------------------------------------------------------------------------------------------------

Rule     Severity  Description                   Violations  
-------  --------  ----------------------------  ----------  
DPIR-1   Warning   Asynchronous driver check     480         
LUTAR-1  Warning   LUT drives async reset alert  1           

Note: This report is based on the most recent report_methodology run and may not be up-to-date. Run report_methodology on the current design for the latest report.



check_timing report

Table of Contents
-----------------
1. checking no_clock (0)
2. checking constant_clock (0)
3. checking pulse_width_clock (0)
4. checking unconstrained_internal_endpoints (0)
5. checking no_input_delay (0)
6. checking no_output_delay (0)
7. checking multiple_clock (0)
8. checking generated_clocks (0)
9. checking loops (0)
10. checking partial_input_delay (0)
11. checking partial_output_delay (0)
12. checking latch_loops (0)

1. checking no_clock (0)
------------------------
 There are 0 register/latch pins with no clock.


2. checking constant_clock (0)
------------------------------
 There are 0 register/latch pins with constant_clock.


3. checking pulse_width_clock (0)
---------------------------------
 There are 0 register/latch pins which need pulse_width check


4. checking unconstrained_internal_endpoints (0)
------------------------------------------------
 There are 0 pins that are not constrained for maximum delay.

 There are 0 pins that are not constrained for maximum delay due to constant clock.


5. checking no_input_delay (0)
------------------------------
 There are 0 input ports with no input delay specified.

 There are 0 input ports with no input delay but user has a false path constraint.


6. checking no_output_delay (0)
-------------------------------
 There are 0 ports with no output delay specified.

 There are 0 ports with no output delay but user has a false path constraint

 There are 0 ports with no output delay but with a timing clock defined on it or propagating through it


7. checking multiple_clock (0)
------------------------------
 There are 0 register/latch pins with multiple clocks.


8. checking generated_clocks (0)
--------------------------------
 There are 0 generated clocks that are not connected to a clock source.


9. checking loops (0)
---------------------
 There are 0 combinational loops in the design.


10. checking partial_input_delay (0)
------------------------------------
 There are 0 input ports with partial input delay specified.


11. checking partial_output_delay (0)
-------------------------------------
 There are 0 ports with partial output delay specified.


12. checking latch_loops (0)
----------------------------
 There are 0 combinational latch loops in the design through latch input



------------------------------------------------------------------------------------------------
| Design Timing Summary
| ---------------------
------------------------------------------------------------------------------------------------

    WNS(ns)      TNS(ns)  TNS Failing Endpoints  TNS Total Endpoints      WHS(ns)      THS(ns)  THS Failing Endpoints  THS Total Endpoints     WPWS(ns)     TPWS(ns)  TPWS Failing Endpoints  TPWS Total Endpoints  
    -------      -------  ---------------------  -------------------      -------      -------  ---------------------  -------------------     --------     --------  ----------------------  --------------------  
      9.519        0.000                      0                11242        0.037        0.000                      0                11242       19.020        0.000                       0                  4626  


All user specified timing constraints are met.


------------------------------------------------------------------------------------------------
| Clock Summary
| -------------
------------------------------------------------------------------------------------------------

Clock       Waveform(ns)       Period(ns)      Frequency(MHz)
-----       ------------       ----------      --------------
clk_fpga_0  {0.000 20.000}     40.000          25.000          


------------------------------------------------------------------------------------------------
| Intra Clock Table
| -----------------
------------------------------------------------------------------------------------------------

Clock             WNS(ns)      TNS(ns)  TNS Failing Endpoints  TNS Total Endpoints      WHS(ns)      THS(ns)  THS Failing Endpoints  THS Total Endpoints     WPWS(ns)     TPWS(ns)  TPWS Failing Endpoints  TPWS Total Endpoints  
-----             -------      -------  ---------------------  -------------------      -------      -------  ---------------------  -------------------     --------     --------  ----------------------  --------------------  
clk_fpga_0          9.519        0.000                      0                 8086        0.037        0.000                      0                 8086       19.020        0.000                       0                  4626  


------------------------------------------------------------------------------------------------
| Inter Clock Table
| -----------------
------------------------------------------------------------------------------------------------

From Clock    To Clock          WNS(ns)      TNS(ns)  TNS Failing Endpoints  TNS Total Endpoints      WHS(ns)      THS(ns)  THS Failing Endpoints  THS Total Endpoints  
----------    --------          -------      -------  ---------------------  -------------------      -------      -------  ---------------------  -------------------  


------------------------------------------------------------------------------------------------
| Other Path Groups Table
| -----------------------
------------------------------------------------------------------------------------------------

Path Group         From Clock         To Clock               WNS(ns)      TNS(ns)  TNS Failing Endpoints  TNS Total Endpoints      WHS(ns)      THS(ns)  THS Failing Endpoints  THS Total Endpoints  
----------         ----------         --------               -------      -------  ---------------------  -------------------      -------      -------  ---------------------  -------------------  
**async_default**  clk_fpga_0         clk_fpga_0              19.788        0.000                      0                 3156        0.511        0.000                      0                 3156  


------------------------------------------------------------------------------------------------
| Timing Details
| --------------
------------------------------------------------------------------------------------------------


---------------------------------------------------------------------------------------------------
From Clock:  clk_fpga_0
  To Clock:  clk_fpga_0

Setup :            0  Failing Endpoints,  Worst Slack        9.519ns,  Total Violation        0.000ns
Hold  :            0  Failing Endpoints,  Worst Slack        0.037ns,  Total Violation        0.000ns
PW    :            0  Failing Endpoints,  Worst Slack       19.020ns,  Total Violation        0.000ns
---------------------------------------------------------------------------------------------------


Max Delay Paths
--------------------------------------------------------------------------------------
Slack (MET) :             9.519ns  (required time - arrival time)
  Source:                 sys_i/tier0/inst/u_dut/u_Tier/u_VS/u_BALANCED_n13/u_DEC/pv_not_empty_reg/C
                            (rising edge-triggered cell FDCE clocked by clk_fpga_0  {rise@0.000ns fall@20.000ns period=40.000ns})
  Destination:            sys_i/tier0/inst/u_dut/u_ACC/u_IIDM/st_a_iidm_26_reg[6]/D
                            (rising edge-triggered cell FDCE clocked by clk_fpga_0  {rise@0.000ns fall@20.000ns period=40.000ns})
  Path Group:             clk_fpga_0
  Path Type:              Setup (Max at Slow Process Corner)
  Requirement:            40.000ns  (clk_fpga_0 rise@40.000ns - clk_fpga_0 rise@0.000ns)
  Data Path Delay:        29.696ns  (logic 14.623ns (49.242%)  route 15.073ns (50.758%))
  Logic Levels:           28  (CARRY4=12 DSP48E1=2 LUT2=1 LUT4=4 LUT5=4 LUT6=4 MUXF7=1)
  Clock Path Skew:        -0.212ns (DCD - SCD + CPR)
    Destination Clock Delay (DCD):    2.936ns = ( 42.936 - 40.000 ) 
    Source Clock Delay      (SCD):    3.286ns
    Clock Pessimism Removal (CPR):    0.138ns
  Clock Uncertainty:      0.601ns  ((TSJ^2 + TIJ^2)^1/2 + DJ) / 2 + PE
    Total System Jitter     (TSJ):    0.071ns
    Total Input Jitter      (TIJ):    1.200ns
    Discrete Jitter          (DJ):    0.000ns
    Phase Error              (PE):    0.000ns

    Location             Delay type                Incr(ns)  Path(ns)    Netlist Resource(s)
  -------------------------------------------------------------------    -------------------
                         (clock clk_fpga_0 rise edge)
                                                      0.000     0.000 r  <hidden>
    PS7_X0Y0             PS7                          0.000     0.000 r  sys_i/ps7/inst/PS7_i/FCLKCLK[0]
                         net (fo=1, routed)           1.193     1.193    sys_i/ps7/inst/FCLK_CLK_unbuffered[0]
    BUFGCTRL_X0Y16       BUFG (Prop_bufg_I_O)         0.101     1.294 r  sys_i/ps7/inst/buffer_fclk_clk_0.FCLK_CLK_0_BUFG/O
                         net (fo=828, routed)         0.146     1.440    sys_i/tier0/inst/S_AXI_ACLK
    BUFGCTRL_X0Y17       BUFGCTRL (Prop_bufgctrl_I0_O)
                                                      0.101     1.541 r  sys_i/tier0/inst/u_gate/O
                         net (fo=3798, routed)        1.745     3.286    sys_i/tier0/inst/u_dut/u_Tier/u_VS/u_BALANCED_n13/u_DEC/clk_dut
    SLICE_X31Y40         FDCE                                         r  sys_i/tier0/inst/u_dut/u_Tier/u_VS/u_BALANCED_n13/u_DEC/pv_not_empty_reg/C
  -------------------------------------------------------------------    -------------------
    SLICE_X31Y40         FDCE (Prop_fdce_C_Q)         0.456     3.742 r  sys_i/tier0/inst/u_dut/u_Tier/u_VS/u_BALANCED_n13/u_DEC/pv_not_empty_reg/Q
                         net (fo=714, routed)         1.410     5.152    sys_i/tier0/inst/u_dut/u_Tier/u_VS/u_BALANCED_n13/u_DEC/pv_not_empty_reg_2
    SLICE_X12Y43         LUT2 (Prop_lut2_I0_O)        0.149     5.301 r  sys_i/tier0/inst/u_dut/u_Tier/u_VS/u_BALANCED_n13/u_DEC/p4__0_i_1/O
                         net (fo=30, routed)          0.998     6.299    sys_i/tier0/inst/u_dut/u_Tier/u_VS/u_BALANCED_n13/u_DEC/p4__0_i_1_n_0
    DSP48_X1Y19          DSP48E1 (Prop_dsp48e1_A[19]_P[27])
                                                      4.072    10.371 f  sys_i/tier0/inst/u_dut/u_Tier/u_VS/u_BALANCED_n13/u_DEC/p4__0/P[27]
                         net (fo=2, routed)           1.011    11.382    sys_i/tier0/inst/u_dut/u_Tier/u_VS/u_BALANCED_n13/u_DEC/p4__0_n_78
    SLICE_X20Y48         LUT4 (Prop_lut4_I0_O)        0.124    11.506 r  sys_i/tier0/inst/u_dut/u_Tier/u_VS/u_BALANCED_n13/u_DEC/pv[3][2]_i_10/O
                         net (fo=1, routed)           0.452    11.958    sys_i/tier0/inst/u_dut/u_Tier/u_VS/u_BALANCED_n13/u_DEC/pv[3][2]_i_10_n_0
    SLICE_X20Y48         LUT6 (Prop_lut6_I4_O)        0.124    12.082 r  sys_i/tier0/inst/u_dut/u_Tier/u_VS/u_BALANCED_n13/u_DEC/pv[3][2]_i_7/O
                         net (fo=1, routed)           0.417    12.500    sys_i/tier0/inst/u_dut/u_Tier/u_VS/u_BALANCED_n13/u_DEC/pv[3][2]_i_7_n_0
    SLICE_X20Y49         LUT6 (Prop_lut6_I5_O)        0.124    12.624 r  sys_i/tier0/inst/u_dut/u_Tier/u_VS/u_BALANCED_n13/u_DEC/pv[3][2]_i_2/O
                         net (fo=21, routed)          0.934    13.557    sys_i/tier0/inst/u_dut/u_Tier/u_VS/u_BALANCED_n13/u_DEC/pv[3][2]_i_2_n_0
    SLICE_X30Y54         LUT6 (Prop_lut6_I2_O)        0.124    13.681 f  sys_i/tier0/inst/u_dut/u_Tier/u_VS/u_BALANCED_n13/u_DEC/pv[3][2]_i_1/O
                         net (fo=7, routed)           0.907    14.589    sys_i/tier0/inst/u_dut/u_align/Tier_a[2]
    SLICE_X31Y58         LUT5 (Prop_lut5_I3_O)        0.124    14.713 r  sys_i/tier0/inst/u_dut/u_align/p764st_v_free_mul_temp_i_74/O
                         net (fo=1, routed)           0.000    14.713    sys_i/tier0/inst/u_dut/u_align/p764st_v_free_mul_temp_i_74_n_0
    SLICE_X31Y58         CARRY4 (Prop_carry4_S[0]_CO[3])
                                                      0.532    15.245 r  sys_i/tier0/inst/u_dut/u_align/p764st_v_free_mul_temp_i_65/CO[3]
                         net (fo=1, routed)           0.000    15.245    sys_i/tier0/inst/u_dut/u_align/p764st_v_free_mul_temp_i_65_n_0
    SLICE_X31Y59         CARRY4 (Prop_carry4_CI_CO[3])
                                                      0.114    15.359 r  sys_i/tier0/inst/u_dut/u_align/p764st_v_free_mul_temp_i_41/CO[3]
                         net (fo=1, routed)           0.000    15.359    sys_i/tier0/inst/u_dut/u_align/p764st_v_free_mul_temp_i_41_n_0
    SLICE_X31Y60         CARRY4 (Prop_carry4_CI_CO[1])
                                                      0.157    15.516 f  sys_i/tier0/inst/u_dut/u_align/p764st_v_free_mul_temp_i_35/CO[1]
                         net (fo=36, routed)          0.925    16.440    sys_i/tier0/inst/u_dut/u_align/u_ACC/u_IIDM/pv_20
    SLICE_X34Y57         LUT4 (Prop_lut4_I3_O)        0.329    16.769 r  sys_i/tier0/inst/u_dut/u_align/p895sX_mul_temp_i_71/O
                         net (fo=1, routed)           0.568    17.338    sys_i/tier0/inst/u_dut/u_align/u_ACC/u_IIDM/p_1_in__7[0]
    SLICE_X34Y58         CARRY4 (Prop_carry4_DI[0]_CO[3])
                                                      0.550    17.888 r  sys_i/tier0/inst/u_dut/u_align/p895sX_mul_temp_i_42/CO[3]
                         net (fo=1, routed)           0.000    17.888    sys_i/tier0/inst/u_dut/u_align/p895sX_mul_temp_i_42_n_0
    SLICE_X34Y59         CARRY4 (Prop_carry4_CI_CO[3])
                                                      0.117    18.005 r  sys_i/tier0/inst/u_dut/u_align/p895sX_mul_temp_i_41/CO[3]
                         net (fo=1, routed)           0.000    18.005    sys_i/tier0/inst/u_dut/u_align/p895sX_mul_temp_i_41_n_0
    SLICE_X34Y60         CARRY4 (Prop_carry4_CI_O[1])
                                                      0.323    18.328 r  sys_i/tier0/inst/u_dut/u_align/p895sX_mul_temp_i_40/O[1]
                         net (fo=5, routed)           1.066    19.394    sys_i/tier0/inst/u_dut/u_align/p895sX_mul_temp_i_40_n_6
    SLICE_X38Y67         LUT5 (Prop_lut5_I2_O)        0.306    19.700 r  sys_i/tier0/inst/u_dut/u_align/p764st_v_free_mul_temp_i_6/O
                         net (fo=9, routed)           2.128    21.828    sys_i/tier0/inst/u_dut/u_ACC/u_IIDM/p894a_z_mul_temp_0[9]
    DSP48_X3Y24          DSP48E1 (Prop_dsp48e1_B[9]_P[6])
                                                      3.656    25.484 f  sys_i/tier0/inst/u_dut/u_ACC/u_IIDM/p894a_z_mul_temp/P[6]
                         net (fo=1, routed)           1.021    26.505    sys_i/tier0/inst/u_dut/u_ACC/u_IIDM/p894a_z_mul_temp_n_99
    SLICE_X94Y61         LUT4 (Prop_lut4_I1_O)        0.124    26.629 r  sys_i/tier0/inst/u_dut/u_ACC/u_IIDM/st_a_iidm_26[3]_i_17/O
                         net (fo=1, routed)           0.566    27.195    sys_i/tier0/inst/u_dut/u_ACC/u_IIDM/st_a_iidm_26[3]_i_17_n_0
    SLICE_X93Y62         LUT4 (Prop_lut4_I1_O)        0.124    27.319 r  sys_i/tier0/inst/u_dut/u_ACC/u_IIDM/st_a_iidm_26[3]_i_16/O
                         net (fo=1, routed)           0.000    27.319    sys_i/tier0/inst/u_dut/u_ACC/u_IIDM/st_a_iidm_26[3]_i_16_n_0
    SLICE_X93Y62         CARRY4 (Prop_carry4_S[0]_CO[3])
                                                      0.532    27.851 r  sys_i/tier0/inst/u_dut/u_ACC/u_IIDM/st_a_iidm_26_reg[3]_i_15/CO[3]
                         net (fo=1, routed)           0.000    27.851    sys_i/tier0/inst/u_dut/u_ACC/u_IIDM/st_a_iidm_26_reg[3]_i_15_n_0
    SLICE_X93Y63         CARRY4 (Prop_carry4_CI_CO[3])
                                                      0.114    27.965 r  sys_i/tier0/inst/u_dut/u_ACC/u_IIDM/st_a_iidm_26_reg[7]_i_7/CO[3]
                         net (fo=1, routed)           0.000    27.965    sys_i/tier0/inst/u_dut/u_ACC/u_IIDM/st_a_iidm_26_reg[7]_i_7_n_0
    SLICE_X93Y64         CARRY4 (Prop_carry4_CI_O[1])
                                                      0.334    28.299 r  sys_i/tier0/inst/u_dut/u_ACC/u_IIDM/st_a_iidm_26_reg[11]_i_7/O[1]
                         net (fo=2, routed)           0.836    29.135    sys_i/tier0/inst/u_dut/u_ACC/u_IIDM/st_a_iidm_26_reg[11]_i_7_n_6
    SLICE_X88Y64         LUT5 (Prop_lut5_I2_O)        0.303    29.438 r  sys_i/tier0/inst/u_dut/u_ACC/u_IIDM/st_a_iidm_26[11]_i_14/O
                         net (fo=1, routed)           0.000    29.438    sys_i/tier0/inst/u_dut/u_ACC/u_IIDM/st_a_iidm_26[11]_i_14_n_0
    SLICE_X88Y64         CARRY4 (Prop_carry4_S[1]_CO[3])
                                                      0.550    29.988 r  sys_i/tier0/inst/u_dut/u_ACC/u_IIDM/st_a_iidm_26_reg[11]_i_6/CO[3]
                         net (fo=1, routed)           0.000    29.988    sys_i/tier0/inst/u_dut/u_ACC/u_IIDM/st_a_iidm_26_reg[11]_i_6_n_0
    SLICE_X88Y65         CARRY4 (Prop_carry4_CI_CO[3])
                                                      0.114    30.102 r  sys_i/tier0/inst/u_dut/u_ACC/u_IIDM/st_a_iidm_26_reg[18]_i_20/CO[3]
                         net (fo=1, routed)           0.000    30.102    sys_i/tier0/inst/u_dut/u_ACC/u_IIDM/st_a_iidm_26_reg[18]_i_20_n_0
    SLICE_X88Y66         CARRY4 (Prop_carry4_CI_O[2])
                                                      0.239    30.341 r  sys_i/tier0/inst/u_dut/u_ACC/u_IIDM/st_a_iidm_26_reg[18]_i_8/O[2]
                         net (fo=18, routed)          0.931    31.272    sys_i/tier0/inst/u_dut/u_ACC/u_IIDM/st_a_iidm_26_reg[18]_i_8_n_5
    SLICE_X86Y63         LUT5 (Prop_lut5_I0_O)        0.302    31.574 f  sys_i/tier0/inst/u_dut/u_ACC/u_IIDM/st_a_iidm_26[6]_i_4/O
                         net (fo=1, routed)           0.000    31.574    sys_i/tier0/inst/u_dut/u_ACC/u_IIDM/st_a_iidm_26[6]_i_4_n_0
    SLICE_X86Y63         MUXF7 (Prop_muxf7_I0_O)      0.209    31.783 f  sys_i/tier0/inst/u_dut/u_ACC/u_IIDM/st_a_iidm_26_reg[6]_i_2/O
                         net (fo=1, routed)           0.903    32.685    sys_i/tier0/inst/u_dut/u_ACC/u_IIDM/st_a_iidm_26_reg[6]_i_2_n_0
    SLICE_X65Y67         LUT6 (Prop_lut6_I2_O)        0.297    32.982 r  sys_i/tier0/inst/u_dut/u_ACC/u_IIDM/st_a_iidm_26[6]_i_1/O
                         net (fo=1, routed)           0.000    32.982    sys_i/tier0/inst/u_dut/u_ACC/u_IIDM/st_a_iidm_26[6]_i_1_n_0
    SLICE_X65Y67         FDCE                                         r  sys_i/tier0/inst/u_dut/u_ACC/u_IIDM/st_a_iidm_26_reg[6]/D
  -------------------------------------------------------------------    -------------------

                         (clock clk_fpga_0 rise edge)
                                                     40.000    40.000 r  <hidden>
    PS7_X0Y0             PS7                          0.000    40.000 r  sys_i/ps7/inst/PS7_i/FCLKCLK[0]
                         net (fo=1, routed)           1.088    41.088    sys_i/ps7/inst/FCLK_CLK_unbuffered[0]
    BUFGCTRL_X0Y16       BUFG (Prop_bufg_I_O)         0.091    41.179 r  sys_i/ps7/inst/buffer_fclk_clk_0.FCLK_CLK_0_BUFG/O
                         net (fo=828, routed)         0.133    41.312    sys_i/tier0/inst/S_AXI_ACLK
    BUFGCTRL_X0Y17       BUFGCTRL (Prop_bufgctrl_I0_O)
                                                      0.091    41.403 r  sys_i/tier0/inst/u_gate/O
                         net (fo=3798, routed)        1.533    42.936    sys_i/tier0/inst/u_dut/u_ACC/u_IIDM/clk_dut
    SLICE_X65Y67         FDCE                                         r  sys_i/tier0/inst/u_dut/u_ACC/u_IIDM/st_a_iidm_26_reg[6]/C
                         clock pessimism              0.138    43.074    <hidden>
                         clock uncertainty           -0.601    42.473    <hidden>
    SLICE_X65Y67         FDCE (Setup_fdce_C_D)        0.029    42.502    sys_i/tier0/inst/u_dut/u_ACC/u_IIDM/st_a_iidm_26_reg[6]
  -------------------------------------------------------------------
                         required time                         42.502    <hidden>
                         arrival time                         -32.982    <hidden>
  -------------------------------------------------------------------
                         slack                                  9.519    <hidden>





Min Delay Paths
--------------------------------------------------------------------------------------
Slack (MET) :             0.037ns  (arrival time - required time)
  Source:                 sys_i/tier0/inst/s_c_reg[21]/C
                            (rising edge-triggered cell FDRE clocked by clk_fpga_0  {rise@0.000ns fall@20.000ns period=40.000ns})
  Destination:            sys_i/tier0/inst/u_dut/u_Tier/u_VS/u_BALANCED_n13/u_SNN/op_reg_reg_reg_reg[0][21]/D
                            (rising edge-triggered cell FDCE clocked by clk_fpga_0  {rise@0.000ns fall@20.000ns period=40.000ns})
  Path Group:             clk_fpga_0
  Path Type:              Hold (Min at Fast Process Corner)
  Requirement:            0.000ns  (clk_fpga_0 rise@0.000ns - clk_fpga_0 rise@0.000ns)
  Data Path Delay:        0.426ns  (logic 0.141ns (33.065%)  route 0.285ns (66.935%))
  Logic Levels:           0  
  Clock Path Skew:        0.323ns (DCD - SCD - CPR)
    Destination Clock Delay (DCD):    1.244ns
    Source Clock Delay      (SCD):    0.891ns
    Clock Pessimism Removal (CPR):    0.030ns

    Location             Delay type                Incr(ns)  Path(ns)    Netlist Resource(s)
  -------------------------------------------------------------------    -------------------
                         (clock clk_fpga_0 rise edge)
                                                      0.000     0.000 r  <hidden>
    PS7_X0Y0             PS7                          0.000     0.000 r  sys_i/ps7/inst/PS7_i/FCLKCLK[0]
                         net (fo=1, routed)           0.310     0.310    sys_i/ps7/inst/FCLK_CLK_unbuffered[0]
    BUFGCTRL_X0Y16       BUFG (Prop_bufg_I_O)         0.026     0.336 r  sys_i/ps7/inst/buffer_fclk_clk_0.FCLK_CLK_0_BUFG/O
                         net (fo=828, routed)         0.555     0.891    sys_i/tier0/inst/S_AXI_ACLK
    SLICE_X45Y90         FDRE                                         r  sys_i/tier0/inst/s_c_reg[21]/C
  -------------------------------------------------------------------    -------------------
    SLICE_X45Y90         FDRE (Prop_fdre_C_Q)         0.141     1.032 r  sys_i/tier0/inst/s_c_reg[21]/Q
                         net (fo=4, routed)           0.285     1.317    sys_i/tier0/inst/u_dut/u_Tier/u_VS/u_BALANCED_n13/u_SNN/op_reg_reg_reg_reg[0][31]_0[21]
    SLICE_X51Y87         FDCE                                         r  sys_i/tier0/inst/u_dut/u_Tier/u_VS/u_BALANCED_n13/u_SNN/op_reg_reg_reg_reg[0][21]/D
  -------------------------------------------------------------------    -------------------

                         (clock clk_fpga_0 rise edge)
                                                      0.000     0.000 r  <hidden>
    PS7_X0Y0             PS7                          0.000     0.000 r  sys_i/ps7/inst/PS7_i/FCLKCLK[0]
                         net (fo=1, routed)           0.337     0.337    sys_i/ps7/inst/FCLK_CLK_unbuffered[0]
    BUFGCTRL_X0Y16       BUFG (Prop_bufg_I_O)         0.029     0.366 r  sys_i/ps7/inst/buffer_fclk_clk_0.FCLK_CLK_0_BUFG/O
                         net (fo=828, routed)         0.033     0.399    sys_i/tier0/inst/S_AXI_ACLK
    BUFGCTRL_X0Y17       BUFGCTRL (Prop_bufgctrl_I0_O)
                                                      0.029     0.428 r  sys_i/tier0/inst/u_gate/O
                         net (fo=3798, routed)        0.816     1.244    sys_i/tier0/inst/u_dut/u_Tier/u_VS/u_BALANCED_n13/u_SNN/clk_dut
    SLICE_X51Y87         FDCE                                         r  sys_i/tier0/inst/u_dut/u_Tier/u_VS/u_BALANCED_n13/u_SNN/op_reg_reg_reg_reg[0][21]/C
                         clock pessimism             -0.030     1.214    <hidden>
    SLICE_X51Y87         FDCE (Hold_fdce_C_D)         0.066     1.280    sys_i/tier0/inst/u_dut/u_Tier/u_VS/u_BALANCED_n13/u_SNN/op_reg_reg_reg_reg[0][21]
  -------------------------------------------------------------------
                         required time                         -1.280    <hidden>
                         arrival time                           1.317    <hidden>
  -------------------------------------------------------------------
                         slack                                  0.037    <hidden>





Pulse Width Checks
--------------------------------------------------------------------------------------
Clock Name:         clk_fpga_0
Waveform(ns):       { 0.000 20.000 }
Period(ns):         40.000
Sources:            { sys_i/ps7/inst/PS7_i/FCLKCLK[0] }

Check Type        Corner  Lib Pin             Reference Pin  Required(ns)  Actual(ns)  Slack(ns)  Location      Pin
Min Period        n/a     RAMB18E1/CLKARDCLK  n/a            2.944         40.000      37.056     RAMB18_X4Y16  sys_i/tier0/inst/u_dut/u_Tier/u_VS/u_BALANCED_n13/u_SNN/u_dualPortRam/ram_reg/CLKARDCLK
Low Pulse Width   Slow    SRLC32E/CLK         n/a            0.980         20.000      19.020     SLICE_X30Y89  sys_i/ps7_axi_periph/s00_couplers/auto_pc/inst/gen_axilite.gen_b2s_conv.axilite_b2s/RD.r_channel_0/rd_data_fifo_0/memory_reg[31][0]_srl32/CLK
High Pulse Width  Slow    SRLC32E/CLK         n/a            0.980         20.000      19.020     SLICE_X30Y89  sys_i/ps7_axi_periph/s00_couplers/auto_pc/inst/gen_axilite.gen_b2s_conv.axilite_b2s/RD.r_channel_0/rd_data_fifo_0/memory_reg[31][0]_srl32/CLK



---------------------------------------------------------------------------------------------------
Path Group:  **async_default**
From Clock:  clk_fpga_0
  To Clock:  clk_fpga_0

Setup :            0  Failing Endpoints,  Worst Slack       19.788ns,  Total Violation        0.000ns
Hold  :            0  Failing Endpoints,  Worst Slack        0.511ns,  Total Violation        0.000ns
---------------------------------------------------------------------------------------------------


Max Delay Paths
--------------------------------------------------------------------------------------
Slack (MET) :             19.788ns  (required time - arrival time)
  Source:                 sys_i/rst_ps7_25M/U0/ACTIVE_LOW_PR_OUT_DFF[0].FDRE_PER_N/C
                            (rising edge-triggered cell FDRE clocked by clk_fpga_0  {rise@0.000ns fall@20.000ns period=40.000ns})
  Destination:            sys_i/tier0/inst/u_dut/u_Tier/u_VS/u_BALANCED_n13/u_SNN/t_lr_reg_reg_reg[12][18]/CLR
                            (recovery check against rising-edge clock clk_fpga_0  {rise@0.000ns fall@20.000ns period=40.000ns})
  Path Group:             **async_default**
  Path Type:              Recovery (Max at Slow Process Corner)
  Requirement:            40.000ns  (clk_fpga_0 rise@40.000ns - clk_fpga_0 rise@0.000ns)
  Data Path Delay:        18.928ns  (logic 0.606ns (3.202%)  route 18.322ns (96.798%))
  Logic Levels:           1  (LUT2=1)
  Clock Path Skew:        -0.054ns (DCD - SCD + CPR)
    Destination Clock Delay (DCD):    2.969ns = ( 42.968 - 40.000 ) 
    Source Clock Delay      (SCD):    3.137ns
    Clock Pessimism Removal (CPR):    0.115ns
  Clock Uncertainty:      0.601ns  ((TSJ^2 + TIJ^2)^1/2 + DJ) / 2 + PE
    Total System Jitter     (TSJ):    0.071ns
    Total Input Jitter      (TIJ):    1.200ns
    Discrete Jitter          (DJ):    0.000ns
    Phase Error              (PE):    0.000ns

    Location             Delay type                Incr(ns)  Path(ns)    Netlist Resource(s)
  -------------------------------------------------------------------    -------------------
                         (clock clk_fpga_0 rise edge)
                                                      0.000     0.000 r  <hidden>
    PS7_X0Y0             PS7                          0.000     0.000 r  sys_i/ps7/inst/PS7_i/FCLKCLK[0]
                         net (fo=1, routed)           1.193     1.193    sys_i/ps7/inst/FCLK_CLK_unbuffered[0]
    BUFGCTRL_X0Y16       BUFG (Prop_bufg_I_O)         0.101     1.294 r  sys_i/ps7/inst/buffer_fclk_clk_0.FCLK_CLK_0_BUFG/O
                         net (fo=828, routed)         1.843     3.137    sys_i/rst_ps7_25M/U0/slowest_sync_clk
    SLICE_X41Y103        FDRE                                         r  sys_i/rst_ps7_25M/U0/ACTIVE_LOW_PR_OUT_DFF[0].FDRE_PER_N/C
  -------------------------------------------------------------------    -------------------
    SLICE_X41Y103        FDRE (Prop_fdre_C_Q)         0.456     3.593 r  sys_i/rst_ps7_25M/U0/ACTIVE_LOW_PR_OUT_DFF[0].FDRE_PER_N/Q
                         net (fo=13, routed)          1.673     5.266    sys_i/tier0/inst/u_dut/u_Tier/u_VS/u_BALANCED_n13/u_SNN/S_AXI_ARESETN
    SLICE_X42Y78         LUT2 (Prop_lut2_I0_O)        0.150     5.416 f  sys_i/tier0/inst/u_dut/u_Tier/u_VS/u_BALANCED_n13/u_SNN/op_reg_reg_reg[1][31]_i_1/O
                         net (fo=3156, routed)       16.649    22.065    sys_i/tier0/inst/u_dut/u_Tier/u_VS/u_BALANCED_n13/u_SNN/S_AXI_ARESETN_0
    SLICE_X28Y15         FDCE                                         f  sys_i/tier0/inst/u_dut/u_Tier/u_VS/u_BALANCED_n13/u_SNN/t_lr_reg_reg_reg[12][18]/CLR
  -------------------------------------------------------------------    -------------------

                         (clock clk_fpga_0 rise edge)
                                                     40.000    40.000 r  <hidden>
    PS7_X0Y0             PS7                          0.000    40.000 r  sys_i/ps7/inst/PS7_i/FCLKCLK[0]
                         net (fo=1, routed)           1.088    41.088    sys_i/ps7/inst/FCLK_CLK_unbuffered[0]
    BUFGCTRL_X0Y16       BUFG (Prop_bufg_I_O)         0.091    41.179 r  sys_i/ps7/inst/buffer_fclk_clk_0.FCLK_CLK_0_BUFG/O
                         net (fo=828, routed)         0.133    41.312    sys_i/tier0/inst/S_AXI_ACLK
    BUFGCTRL_X0Y17       BUFGCTRL (Prop_bufgctrl_I0_O)
                                                      0.091    41.403 r  sys_i/tier0/inst/u_gate/O
                         net (fo=3798, routed)        1.565    42.968    sys_i/tier0/inst/u_dut/u_Tier/u_VS/u_BALANCED_n13/u_SNN/clk_dut
    SLICE_X28Y15         FDCE                                         r  sys_i/tier0/inst/u_dut/u_Tier/u_VS/u_BALANCED_n13/u_SNN/t_lr_reg_reg_reg[12][18]/C
                         clock pessimism              0.115    43.083    <hidden>
                         clock uncertainty           -0.601    42.482    <hidden>
    SLICE_X28Y15         FDCE (Recov_fdce_C_CLR)     -0.629    41.853    sys_i/tier0/inst/u_dut/u_Tier/u_VS/u_BALANCED_n13/u_SNN/t_lr_reg_reg_reg[12][18]
  -------------------------------------------------------------------
                         required time                         41.853    <hidden>
                         arrival time                         -22.065    <hidden>
  -------------------------------------------------------------------
                         slack                                 19.788    <hidden>





Min Delay Paths
--------------------------------------------------------------------------------------
Slack (MET) :             0.511ns  (arrival time - required time)
  Source:                 sys_i/tier0/inst/started_reg/C
                            (rising edge-triggered cell FDRE clocked by clk_fpga_0  {rise@0.000ns fall@20.000ns period=40.000ns})
  Destination:            sys_i/tier0/inst/u_dut/u_ACC/u_IIDM/dB_13_reg[13]/CLR
                            (removal check against rising-edge clock clk_fpga_0  {rise@0.000ns fall@20.000ns period=40.000ns})
  Path Group:             **async_default**
  Path Type:              Removal (Min at Fast Process Corner)
  Requirement:            0.000ns  (clk_fpga_0 rise@0.000ns - clk_fpga_0 rise@0.000ns)
  Data Path Delay:        0.697ns  (logic 0.212ns (30.398%)  route 0.485ns (69.602%))
  Logic Levels:           1  (LUT2=1)
  Clock Path Skew:        0.326ns (DCD - SCD - CPR)
    Destination Clock Delay (DCD):    1.241ns
    Source Clock Delay      (SCD):    0.885ns
    Clock Pessimism Removal (CPR):    0.030ns

    Location             Delay type                Incr(ns)  Path(ns)    Netlist Resource(s)
  -------------------------------------------------------------------    -------------------
                         (clock clk_fpga_0 rise edge)
                                                      0.000     0.000 r  <hidden>
    PS7_X0Y0             PS7                          0.000     0.000 r  sys_i/ps7/inst/PS7_i/FCLKCLK[0]
                         net (fo=1, routed)           0.310     0.310    sys_i/ps7/inst/FCLK_CLK_unbuffered[0]
    BUFGCTRL_X0Y16       BUFG (Prop_bufg_I_O)         0.026     0.336 r  sys_i/ps7/inst/buffer_fclk_clk_0.FCLK_CLK_0_BUFG/O
                         net (fo=828, routed)         0.549     0.885    sys_i/tier0/inst/S_AXI_ACLK
    SLICE_X36Y81         FDRE                                         r  sys_i/tier0/inst/started_reg/C
  -------------------------------------------------------------------    -------------------
    SLICE_X36Y81         FDRE (Prop_fdre_C_Q)         0.164     1.049 r  sys_i/tier0/inst/started_reg/Q
                         net (fo=6, routed)           0.229     1.278    sys_i/tier0/inst/u_dut/u_Tier/u_VS/u_BALANCED_n13/u_SNN/started
    SLICE_X42Y78         LUT2 (Prop_lut2_I1_O)        0.048     1.326 f  sys_i/tier0/inst/u_dut/u_Tier/u_VS/u_BALANCED_n13/u_SNN/op_reg_reg_reg[1][31]_i_1/O
                         net (fo=3156, routed)        0.256     1.582    sys_i/tier0/inst/u_dut/u_ACC/u_IIDM/dut_rst
    SLICE_X42Y79         FDCE                                         f  sys_i/tier0/inst/u_dut/u_ACC/u_IIDM/dB_13_reg[13]/CLR
  -------------------------------------------------------------------    -------------------

                         (clock clk_fpga_0 rise edge)
                                                      0.000     0.000 r  <hidden>
    PS7_X0Y0             PS7                          0.000     0.000 r  sys_i/ps7/inst/PS7_i/FCLKCLK[0]
                         net (fo=1, routed)           0.337     0.337    sys_i/ps7/inst/FCLK_CLK_unbuffered[0]
    BUFGCTRL_X0Y16       BUFG (Prop_bufg_I_O)         0.029     0.366 r  sys_i/ps7/inst/buffer_fclk_clk_0.FCLK_CLK_0_BUFG/O
                         net (fo=828, routed)         0.033     0.399    sys_i/tier0/inst/S_AXI_ACLK
    BUFGCTRL_X0Y17       BUFGCTRL (Prop_bufgctrl_I0_O)
                                                      0.029     0.428 r  sys_i/tier0/inst/u_gate/O
                         net (fo=3798, routed)        0.813     1.241    sys_i/tier0/inst/u_dut/u_ACC/u_IIDM/clk_dut
    SLICE_X42Y79         FDCE                                         r  sys_i/tier0/inst/u_dut/u_ACC/u_IIDM/dB_13_reg[13]/C
                         clock pessimism             -0.030     1.211    <hidden>
    SLICE_X42Y79         FDCE (Remov_fdce_C_CLR)     -0.140     1.071    sys_i/tier0/inst/u_dut/u_ACC/u_IIDM/dB_13_reg[13]
  -------------------------------------------------------------------
                         required time                         -1.071    <hidden>
                         arrival time                           1.582    <hidden>
  -------------------------------------------------------------------
                         slack                                  0.511    <hidden>





