Copyright 1986-2022 Xilinx, Inc. All Rights Reserved. Copyright 2022-2026 Advanced Micro Devices, Inc. All Rights Reserved.
--------------------------------------------------------------------------------------------------------------------------------------------------------------------------------------------------
| Tool Version : Vivado v.2026.1 (win64) Build 6511674 Tue Jun 16 11:02:23 MDT 2026
| Date         : Fri Jul 31 15:59:08 2026
| Host         : AX16PRO running 64-bit major release  (build 9200)
| Command      : report_timing_summary -file {D:/Project_MBSE/1.Reti Neurali/Rete_SNN_Test/CF_FSNN/.worktrees/Simulink_Importer/FaseB2.0/Harness_SNN_IIDM/hw/../results/timing_ooc_nl_fclk40.rpt}
| Design       : snniidm_axi_lite
| Device       : 7z020-clg400
| Speed File   : -1  PRODUCTION 1.12 2019-11-22
| Design State : Routed
--------------------------------------------------------------------------------------------------------------------------------------------------------------------------------------------------

Timing Summary Report

------------------------------------------------------------------------------------------------
| Timer Settings
| --------------
------------------------------------------------------------------------------------------------

  Enable Multi Corner Analysis               :  Yes
  Enable Pessimism Removal                   :  Yes
  Pessimism Removal Resolution               :  Nearest Common Node
  Enable Input Delay Default Clock           :  No
  Enable Preset / Clear Arcs                 :  No
  Disable Flight Delays                      :  No
  Ignore I/O Paths                           :  No
  Timing Early Launch at Borrowing Latches   :  No
  Borrow Time for Max Delay Exceptions       :  Yes
  Merge Timing Exceptions                    :  Yes
  Inter-SLR Compensation                     :  Conservative

  Corner  Analyze    Analyze    
  Name    Max Paths  Min Paths  
  ------  ---------  ---------  
  Slow    Yes        Yes        
  Fast    Yes        Yes        


------------------------------------------------------------------------------------------------
| Report Methodology
| ------------------
------------------------------------------------------------------------------------------------

Rule       Severity  Description                                 Violations  
---------  --------  ------------------------------------------  ----------  
DPIR-1     Warning   Asynchronous driver check                   480         
LUTAR-1    Warning   LUT drives async reset alert                1           
SYNTH-6    Warning   Timing of a RAM block might be sub-optimal  2           
SYNTH-10   Warning   Wide multiplier                             12          
TIMING-18  Warning   Missing input or output delay               91          

Note: This report is based on the most recent report_methodology run and may not be up-to-date. Run report_methodology on the current design for the latest report.



check_timing report

Table of Contents
-----------------
1. checking no_clock (0)
2. checking constant_clock (0)
3. checking pulse_width_clock (0)
4. checking unconstrained_internal_endpoints (0)
5. checking no_input_delay (50)
6. checking no_output_delay (37)
7. checking multiple_clock (0)
8. checking generated_clocks (0)
9. checking loops (0)
10. checking partial_input_delay (0)
11. checking partial_output_delay (0)
12. checking latch_loops (0)

1. checking no_clock (0)
------------------------
 There are 0 register/latch pins with no clock.


2. checking constant_clock (0)
------------------------------
 There are 0 register/latch pins with constant_clock.


3. checking pulse_width_clock (0)
---------------------------------
 There are 0 register/latch pins which need pulse_width check


4. checking unconstrained_internal_endpoints (0)
------------------------------------------------
 There are 0 pins that are not constrained for maximum delay.

 There are 0 pins that are not constrained for maximum delay due to constant clock.


5. checking no_input_delay (50)
-------------------------------
 There are 50 input ports with no input delay specified. (HIGH)

 There are 0 input ports with no input delay but user has a false path constraint.


6. checking no_output_delay (37)
--------------------------------
 There are 37 ports with no output delay specified. (HIGH)

 There are 0 ports with no output delay but user has a false path constraint

 There are 0 ports with no output delay but with a timing clock defined on it or propagating through it


7. checking multiple_clock (0)
------------------------------
 There are 0 register/latch pins with multiple clocks.


8. checking generated_clocks (0)
--------------------------------
 There are 0 generated clocks that are not connected to a clock source.


9. checking loops (0)
---------------------
 There are 0 combinational loops in the design.


10. checking partial_input_delay (0)
------------------------------------
 There are 0 input ports with partial input delay specified.


11. checking partial_output_delay (0)
-------------------------------------
 There are 0 ports with partial output delay specified.


12. checking latch_loops (0)
----------------------------
 There are 0 combinational latch loops in the design through latch input



------------------------------------------------------------------------------------------------
| Design Timing Summary
| ---------------------
------------------------------------------------------------------------------------------------

    WNS(ns)      TNS(ns)  TNS Failing Endpoints  TNS Total Endpoints      WHS(ns)      THS(ns)  THS Failing Endpoints  THS Total Endpoints     WPWS(ns)     TPWS(ns)  TPWS Failing Endpoints  TPWS Total Endpoints  
    -------      -------  ---------------------  -------------------      -------      -------  ---------------------  -------------------     --------     --------  ----------------------  --------------------  
     -0.194       -0.194                      1                 9864        0.051        0.000                      0                 9864       12.000        0.000                       0                  4102  


Timing constraints are not met.


------------------------------------------------------------------------------------------------
| Clock Summary
| -------------
------------------------------------------------------------------------------------------------

Clock  Waveform(ns)       Period(ns)      Frequency(MHz)
-----  ------------       ----------      --------------
aclk   {0.000 12.500}     25.000          40.000          


------------------------------------------------------------------------------------------------
| Intra Clock Table
| -----------------
------------------------------------------------------------------------------------------------

Clock             WNS(ns)      TNS(ns)  TNS Failing Endpoints  TNS Total Endpoints      WHS(ns)      THS(ns)  THS Failing Endpoints  THS Total Endpoints     WPWS(ns)     TPWS(ns)  TPWS Failing Endpoints  TPWS Total Endpoints  
-----             -------      -------  ---------------------  -------------------      -------      -------  ---------------------  -------------------     --------     --------  ----------------------  --------------------  
aclk               -0.194       -0.194                      1                 6708        0.051        0.000                      0                 6708       12.000        0.000                       0                  4102  


------------------------------------------------------------------------------------------------
| Inter Clock Table
| -----------------
------------------------------------------------------------------------------------------------

From Clock    To Clock          WNS(ns)      TNS(ns)  TNS Failing Endpoints  TNS Total Endpoints      WHS(ns)      THS(ns)  THS Failing Endpoints  THS Total Endpoints  
----------    --------          -------      -------  ---------------------  -------------------      -------      -------  ---------------------  -------------------  


------------------------------------------------------------------------------------------------
| Other Path Groups Table
| -----------------------
------------------------------------------------------------------------------------------------

Path Group         From Clock         To Clock               WNS(ns)      TNS(ns)  TNS Failing Endpoints  TNS Total Endpoints      WHS(ns)      THS(ns)  THS Failing Endpoints  THS Total Endpoints  
----------         ----------         --------               -------      -------  ---------------------  -------------------      -------      -------  ---------------------  -------------------  
**async_default**  aclk               aclk                    14.126        0.000                      0                 3156        0.626        0.000                      0                 3156  


------------------------------------------------------------------------------------------------
| Timing Details
| --------------
------------------------------------------------------------------------------------------------


---------------------------------------------------------------------------------------------------
From Clock:  aclk
  To Clock:  aclk

Setup :            1  Failing Endpoint ,  Worst Slack       -0.194ns,  Total Violation       -0.194ns
Hold  :            0  Failing Endpoints,  Worst Slack        0.051ns,  Total Violation        0.000ns
PW    :            0  Failing Endpoints,  Worst Slack       12.000ns,  Total Violation        0.000ns
---------------------------------------------------------------------------------------------------


Max Delay Paths
--------------------------------------------------------------------------------------
Slack (VIOLATED) :        -0.194ns  (required time - arrival time)
  Source:                 u_dut/u_Tier/u_VS/u_BALANCED_n13/u_DEC/pv_not_empty_reg/C
                            (rising edge-triggered cell FDCE clocked by aclk  {rise@0.000ns fall@12.500ns period=25.000ns})
  Destination:            u_dut/u_ACC/u_IIDM/st_a_cah_23_reg[2]/D
                            (rising edge-triggered cell FDCE clocked by aclk  {rise@0.000ns fall@12.500ns period=25.000ns})
  Path Group:             aclk
  Path Type:              Setup (Max at Slow Process Corner)
  Requirement:            25.000ns  (aclk rise@25.000ns - aclk rise@0.000ns)
  Data Path Delay:        24.818ns  (logic 12.580ns (50.689%)  route 12.238ns (49.311%))
  Logic Levels:           32  (CARRY4=16 DSP48E1=1 LUT2=1 LUT3=1 LUT4=5 LUT5=3 LUT6=5)
  Clock Path Skew:        -0.066ns (DCD - SCD + CPR)
    Destination Clock Delay (DCD):    2.504ns = ( 27.504 - 25.000 ) 
    Source Clock Delay      (SCD):    2.743ns
    Clock Pessimism Removal (CPR):    0.173ns
  Clock Uncertainty:      0.035ns  ((TSJ^2 + TIJ^2)^1/2 + DJ) / 2 + PE
    Total System Jitter     (TSJ):    0.071ns
    Total Input Jitter      (TIJ):    0.000ns
    Discrete Jitter          (DJ):    0.000ns
    Phase Error              (PE):    0.000ns

    Location             Delay type                Incr(ns)  Path(ns)    Netlist Resource(s)
  -------------------------------------------------------------------    -------------------
                         (clock aclk rise edge)       0.000     0.000 r  <hidden>
                                                      0.000     0.000 r  S_AXI_ACLK
                         net (fo=303, unset)          0.973     0.973    S_AXI_ACLK
    BUFGCTRL_X0Y16       BUFGCTRL (Prop_bufgctrl_I0_O)
                                                      0.101     1.074 r  u_gate/O
                         net (fo=3798, routed)        1.669     2.743    u_dut/u_Tier/u_VS/u_BALANCED_n13/u_DEC/clk_dut
    SLICE_X37Y4          FDCE                                         r  u_dut/u_Tier/u_VS/u_BALANCED_n13/u_DEC/pv_not_empty_reg/C
  -------------------------------------------------------------------    -------------------
    SLICE_X37Y4          FDCE (Prop_fdce_C_Q)         0.456     3.199 f  u_dut/u_Tier/u_VS/u_BALANCED_n13/u_DEC/pv_not_empty_reg/Q
                         net (fo=690, routed)         1.108     4.307    u_dut/u_Tier/u_VS/u_BALANCED_n13/u_DEC/pv_not_empty_reg_4
    SLICE_X37Y1          LUT2 (Prop_lut2_I1_O)        0.149     4.456 r  u_dut/u_Tier/u_VS/u_BALANCED_n13/u_DEC/p4__0_i_15/O
                         net (fo=2, routed)           0.424     4.879    u_dut/u_Tier/u_VS/u_BALANCED_n13/u_DEC/p4__0_i_15_n_0
    DSP48_X2Y0           DSP48E1 (Prop_dsp48e1_A[1]_P[31])
                                                      4.049     8.928 r  u_dut/u_Tier/u_VS/u_BALANCED_n13/u_DEC/p4__0/P[31]
                         net (fo=2, routed)           0.915     9.843    u_dut/u_Tier/u_VS/u_BALANCED_n13/u_DEC/p4__0_n_74
    SLICE_X35Y3          LUT4 (Prop_lut4_I2_O)        0.124     9.967 f  u_dut/u_Tier/u_VS/u_BALANCED_n13/u_DEC/pv[3][2]_i_10/O
                         net (fo=1, routed)           0.568    10.535    u_dut/u_Tier/u_VS/u_BALANCED_n13/u_DEC/pv[3][2]_i_10_n_0
    SLICE_X37Y3          LUT6 (Prop_lut6_I4_O)        0.124    10.659 f  u_dut/u_Tier/u_VS/u_BALANCED_n13/u_DEC/pv[3][2]_i_7/O
                         net (fo=1, routed)           0.312    10.970    u_dut/u_Tier/u_VS/u_BALANCED_n13/u_DEC/pv[3][2]_i_7_n_0
    SLICE_X38Y4          LUT6 (Prop_lut6_I5_O)        0.124    11.094 f  u_dut/u_Tier/u_VS/u_BALANCED_n13/u_DEC/pv[3][2]_i_2/O
                         net (fo=21, routed)          0.634    11.728    u_dut/u_Tier/u_VS/u_BALANCED_n13/u_DEC/pv[3][2]_i_2_n_0
    SLICE_X39Y5          LUT6 (Prop_lut6_I0_O)        0.124    11.852 r  u_dut/u_Tier/u_VS/u_BALANCED_n13/u_DEC/pv[3][3]_i_1/O
                         net (fo=9, routed)           0.578    12.430    u_dut/u_align/Tier_a[3]
    SLICE_X37Y5          LUT5 (Prop_lut5_I0_O)        0.124    12.554 r  u_dut/u_align/p764st_v_free_mul_temp_i_74/O
                         net (fo=1, routed)           0.000    12.554    u_dut/u_align/p764st_v_free_mul_temp_i_74_n_0
    SLICE_X37Y5          CARRY4 (Prop_carry4_S[0]_CO[3])
                                                      0.532    13.086 r  u_dut/u_align/p764st_v_free_mul_temp_i_65/CO[3]
                         net (fo=1, routed)           0.000    13.086    u_dut/u_align/p764st_v_free_mul_temp_i_65_n_0
    SLICE_X37Y6          CARRY4 (Prop_carry4_CI_CO[3])
                                                      0.114    13.200 r  u_dut/u_align/p764st_v_free_mul_temp_i_41/CO[3]
                         net (fo=1, routed)           0.000    13.200    u_dut/u_align/p764st_v_free_mul_temp_i_41_n_0
    SLICE_X37Y7          CARRY4 (Prop_carry4_CI_CO[1])
                                                      0.157    13.357 f  u_dut/u_align/p764st_v_free_mul_temp_i_35/CO[1]
                         net (fo=36, routed)          0.597    13.954    u_dut/u_align/u_ACC/u_IIDM/pv_20
    SLICE_X39Y6          LUT4 (Prop_lut4_I3_O)        0.329    14.283 r  u_dut/u_align/p895sX_mul_temp_i_72/O
                         net (fo=1, routed)           0.330    14.613    u_dut/u_align/u_ACC/u_IIDM/p_1_in__7[0]
    SLICE_X39Y7          CARRY4 (Prop_carry4_DI[0]_CO[3])
                                                      0.526    15.139 r  u_dut/u_align/p895sX_mul_temp_i_43/CO[3]
                         net (fo=1, routed)           0.000    15.139    u_dut/u_align/p895sX_mul_temp_i_43_n_0
    SLICE_X39Y8          CARRY4 (Prop_carry4_CI_CO[3])
                                                      0.114    15.253 r  u_dut/u_align/p895sX_mul_temp_i_42/CO[3]
                         net (fo=1, routed)           0.000    15.253    u_dut/u_align/p895sX_mul_temp_i_42_n_0
    SLICE_X39Y9          CARRY4 (Prop_carry4_CI_CO[3])
                                                      0.114    15.367 r  u_dut/u_align/p895sX_mul_temp_i_41/CO[3]
                         net (fo=1, routed)           0.000    15.367    u_dut/u_align/p895sX_mul_temp_i_41_n_0
    SLICE_X39Y10         CARRY4 (Prop_carry4_CI_O[2])
                                                      0.239    15.606 r  u_dut/u_align/p895sX_mul_temp_i_40/O[2]
                         net (fo=2, routed)           0.326    15.932    u_dut/u_align/p895sX_mul_temp_i_40_n_5
    SLICE_X40Y10         LUT6 (Prop_lut6_I5_O)        0.302    16.234 r  u_dut/u_align/p895sX_mul_temp_i_37/O
                         net (fo=18, routed)          0.868    17.102    u_dut/u_ACC/u_IIDM/p895sX_mul_temp_0
    SLICE_X42Y7          LUT3 (Prop_lut3_I0_O)        0.124    17.226 r  u_dut/u_ACC/u_IIDM/st_a_l_bar_9[18]_i_38/O
                         net (fo=1, routed)           0.000    17.226    u_dut/u_align/st_a_l_bar_9_reg[18]_i_10_0[0]
    SLICE_X42Y7          CARRY4 (Prop_carry4_S[3]_CO[3])
                                                      0.376    17.602 r  u_dut/u_align/st_a_l_bar_9_reg[18]_i_20/CO[3]
                         net (fo=1, routed)           0.000    17.602    u_dut/u_ACC/u_IIDM/st_a_cah_23[7]_i_5_0[0]
    SLICE_X42Y8          CARRY4 (Prop_carry4_CI_CO[1])
                                                      0.157    17.759 r  u_dut/u_ACC/u_IIDM/st_a_l_bar_9_reg[18]_i_10/CO[1]
                         net (fo=38, routed)          0.636    18.395    u_dut/u_ACC/u_IIDM/st_a_l_bar_9_reg[18]_i_10_n_2
    SLICE_X44Y9          LUT5 (Prop_lut5_I3_O)        0.332    18.727 r  u_dut/u_ACC/u_IIDM/st_a_l_bar_9[9]_i_3/O
                         net (fo=2, routed)           0.650    19.376    u_dut/u_ACC/u_IIDM/st_a_l_bar_9[9]_i_3_n_0
    SLICE_X42Y11         CARRY4 (Prop_carry4_DI[1]_CO[3])
                                                      0.520    19.896 r  u_dut/u_ACC/u_IIDM/st_a_cah_23_reg[10]_i_4/CO[3]
                         net (fo=1, routed)           0.000    19.896    u_dut/u_ACC/u_IIDM/st_a_cah_23_reg[10]_i_4_n_0
    SLICE_X42Y12         CARRY4 (Prop_carry4_CI_CO[3])
                                                      0.117    20.013 r  u_dut/u_ACC/u_IIDM/st_a_cah_23_reg[15]_i_3/CO[3]
                         net (fo=1, routed)           0.000    20.013    u_dut/u_ACC/u_IIDM/st_a_cah_23_reg[15]_i_3_n_0
    SLICE_X42Y13         CARRY4 (Prop_carry4_CI_O[2])
                                                      0.239    20.252 f  u_dut/u_ACC/u_IIDM/st_a_cah_23_reg[18]_i_6/O[2]
                         net (fo=39, routed)          0.532    20.785    u_dut/u_ACC/u_IIDM/st_a_cah_23_reg[18]_i_6_n_5
    SLICE_X43Y12         LUT4 (Prop_lut4_I2_O)        0.301    21.086 r  u_dut/u_ACC/u_IIDM/st_a_cah_23[17]_i_9/O
                         net (fo=1, routed)           0.491    21.576    u_dut/u_ACC/u_IIDM/st_a_cah_23[17]_i_9_n_0
    SLICE_X41Y13         CARRY4 (Prop_carry4_CYINIT_CO[3])
                                                      0.580    22.156 r  u_dut/u_ACC/u_IIDM/st_a_cah_23_reg[17]_i_7/CO[3]
                         net (fo=1, routed)           0.000    22.156    u_dut/u_ACC/u_IIDM/st_a_cah_23_reg[17]_i_7_n_0
    SLICE_X41Y14         CARRY4 (Prop_carry4_CI_CO[0])
                                                      0.271    22.427 r  u_dut/u_ACC/u_IIDM/st_a_cah_23_reg[17]_i_4/CO[0]
                         net (fo=32, routed)          0.734    23.162    u_dut/u_ACC/u_IIDM/st_a_l_bar_10
    SLICE_X42Y15         LUT4 (Prop_lut4_I0_O)        0.402    23.564 f  u_dut/u_ACC/u_IIDM/st_a_cah_23[9]_i_2/O
                         net (fo=2, routed)           0.416    23.980    u_dut/u_align/st_a_cah_23_reg[18]_i_7_1
    SLICE_X43Y15         LUT4 (Prop_lut4_I1_O)        0.331    24.311 r  u_dut/u_align/st_a_cah_23[18]_i_19/O
                         net (fo=1, routed)           0.485    24.796    u_dut/u_ACC/u_IIDM/st_a_cah_23_reg[18]_i_5_0[0]
    SLICE_X44Y15         CARRY4 (Prop_carry4_DI[0]_CO[3])
                                                      0.526    25.322 r  u_dut/u_ACC/u_IIDM/st_a_cah_23_reg[18]_i_7/CO[3]
                         net (fo=1, routed)           0.000    25.322    u_dut/u_ACC/u_IIDM/st_a_cah_23_reg[18]_i_7_n_0
    SLICE_X44Y16         CARRY4 (Prop_carry4_CI_CO[1])
                                                      0.157    25.479 r  u_dut/u_ACC/u_IIDM/st_a_cah_23_reg[18]_i_5/CO[1]
                         net (fo=20, routed)          0.712    26.191    u_dut/u_ACC/u_IIDM/ex_43
    SLICE_X47Y16         LUT6 (Prop_lut6_I5_O)        0.329    26.520 r  u_dut/u_ACC/u_IIDM/st_a_cah_23[2]_i_2/O
                         net (fo=1, routed)           0.542    27.062    u_dut/u_ACC/u_IIDM/st_a_cah_23[2]_i_2_n_0
    SLICE_X47Y15         LUT5 (Prop_lut5_I4_O)        0.117    27.179 r  u_dut/u_ACC/u_IIDM/st_a_cah_23[2]_i_1/O
                         net (fo=1, routed)           0.382    27.561    u_dut/u_ACC/u_IIDM/st_a_cah_22[2]
    SLICE_X47Y15         FDCE                                         r  u_dut/u_ACC/u_IIDM/st_a_cah_23_reg[2]/D
  -------------------------------------------------------------------    -------------------

                         (clock aclk rise edge)      25.000    25.000 r  <hidden>
                                                      0.000    25.000 r  S_AXI_ACLK
                         net (fo=303, unset)          0.924    25.924    S_AXI_ACLK
    BUFGCTRL_X0Y16       BUFGCTRL (Prop_bufgctrl_I0_O)
                                                      0.091    26.015 r  u_gate/O
                         net (fo=3798, routed)        1.488    27.504    u_dut/u_ACC/u_IIDM/clk_dut
    SLICE_X47Y15         FDCE                                         r  u_dut/u_ACC/u_IIDM/st_a_cah_23_reg[2]/C
                         clock pessimism              0.173    27.677    <hidden>
                         clock uncertainty           -0.035    27.642    <hidden>
    SLICE_X47Y15         FDCE (Setup_fdce_C_D)       -0.275    27.367    u_dut/u_ACC/u_IIDM/st_a_cah_23_reg[2]
  -------------------------------------------------------------------
                         required time                         27.367    <hidden>
                         arrival time                         -27.561    <hidden>
  -------------------------------------------------------------------
                         slack                                 -0.194    <hidden>





Min Delay Paths
--------------------------------------------------------------------------------------
Slack (MET) :             0.051ns  (arrival time - required time)
  Source:                 v_c_reg[10]/C
                            (rising edge-triggered cell FDRE clocked by aclk  {rise@0.000ns fall@12.500ns period=25.000ns})
  Destination:            u_dut/u_align/vh_reg[10]/D
                            (rising edge-triggered cell FDRE clocked by aclk  {rise@0.000ns fall@12.500ns period=25.000ns})
  Path Group:             aclk
  Path Type:              Hold (Min at Slow Process Corner)
  Requirement:            0.000ns  (aclk rise@0.000ns - aclk rise@0.000ns)
  Data Path Delay:        2.317ns  (logic 0.467ns (20.160%)  route 1.850ns (79.840%))
  Logic Levels:           1  (LUT4=1)
  Clock Path Skew:        1.936ns (DCD - SCD - CPR)
    Destination Clock Delay (DCD):    2.860ns
    Source Clock Delay      (SCD):    0.924ns
    Clock Pessimism Removal (CPR):    -0.000ns

    Location             Delay type                Incr(ns)  Path(ns)    Netlist Resource(s)
  -------------------------------------------------------------------    -------------------
                         (clock aclk rise edge)       0.000     0.000 r  <hidden>
                                                      0.000     0.000 r  S_AXI_ACLK
                         net (fo=303, unset)          0.924     0.924    S_AXI_ACLK
    SLICE_X81Y29         FDRE                                         r  v_c_reg[10]/C
  -------------------------------------------------------------------    -------------------
    SLICE_X81Y29         FDRE (Prop_fdre_C_Q)         0.367     1.291 r  v_c_reg[10]/Q
                         net (fo=3, routed)           1.850     3.141    u_dut/u_align/vh_reg[31]_0[10]
    SLICE_X92Y28         LUT4 (Prop_lut4_I1_O)        0.100     3.241 r  u_dut/u_align/vh[10]_i_1/O
                         net (fo=1, routed)           0.000     3.241    u_dut/u_align/vh_next[10]
    SLICE_X92Y28         FDRE                                         r  u_dut/u_align/vh_reg[10]/D
  -------------------------------------------------------------------    -------------------

                         (clock aclk rise edge)       0.000     0.000 r  <hidden>
                                                      0.000     0.000 r  S_AXI_ACLK
                         net (fo=303, unset)          0.973     0.973    S_AXI_ACLK
    BUFGCTRL_X0Y16       BUFGCTRL (Prop_bufgctrl_I0_O)
                                                      0.101     1.074 r  u_gate/O
                         net (fo=3798, routed)        1.786     2.860    u_dut/u_align/clk_dut
    SLICE_X92Y28         FDRE                                         r  u_dut/u_align/vh_reg[10]/C
                         clock pessimism              0.000     2.860    <hidden>
    SLICE_X92Y28         FDRE (Hold_fdre_C_D)         0.330     3.190    u_dut/u_align/vh_reg[10]
  -------------------------------------------------------------------
                         required time                         -3.190    <hidden>
                         arrival time                           3.241    <hidden>
  -------------------------------------------------------------------
                         slack                                  0.051    <hidden>





Pulse Width Checks
--------------------------------------------------------------------------------------
Clock Name:         aclk
Waveform(ns):       { 0.000 12.500 }
Period(ns):         25.000
Sources:            { S_AXI_ACLK }

Check Type        Corner  Lib Pin             Reference Pin  Required(ns)  Actual(ns)  Slack(ns)  Location      Pin
Min Period        n/a     RAMB18E1/CLKARDCLK  n/a            2.944         25.000      22.056     RAMB18_X1Y16  u_dut/u_Tier/u_VS/u_BALANCED_n13/u_SNN/u_dualPortRam/ram_reg/CLKARDCLK
Low Pulse Width   Slow    FDSE/C              n/a            0.500         12.500      12.000     SLICE_X60Y34  FSM_onehot_state_write_reg[0]/C
High Pulse Width  Slow    FDSE/C              n/a            0.500         12.500      12.000     SLICE_X60Y34  FSM_onehot_state_write_reg[0]/C



---------------------------------------------------------------------------------------------------
Path Group:  **async_default**
From Clock:  aclk
  To Clock:  aclk

Setup :            0  Failing Endpoints,  Worst Slack       14.126ns,  Total Violation        0.000ns
Hold  :            0  Failing Endpoints,  Worst Slack        0.626ns,  Total Violation        0.000ns
---------------------------------------------------------------------------------------------------


Max Delay Paths
--------------------------------------------------------------------------------------
Slack (MET) :             14.126ns  (required time - arrival time)
  Source:                 started_reg/C
                            (rising edge-triggered cell FDRE clocked by aclk  {rise@0.000ns fall@12.500ns period=25.000ns})
  Destination:            u_dut/u_Tier/u_VS/u_BALANCED_n13/u_SNN/pCa_reci_reg_reg_reg[0][21]/CLR
                            (recovery check against rising-edge clock aclk  {rise@0.000ns fall@12.500ns period=25.000ns})
  Path Group:             **async_default**
  Path Type:              Recovery (Max at Slow Process Corner)
  Requirement:            25.000ns  (aclk rise@25.000ns - aclk rise@0.000ns)
  Data Path Delay:        11.861ns  (logic 0.610ns (5.143%)  route 11.251ns (94.857%))
  Logic Levels:           1  (LUT2=1)
  Clock Path Skew:        1.586ns (DCD - SCD + CPR)
    Destination Clock Delay (DCD):    2.559ns = ( 27.559 - 25.000 ) 
    Source Clock Delay      (SCD):    0.973ns
    Clock Pessimism Removal (CPR):    0.000ns
  Clock Uncertainty:      0.035ns  ((TSJ^2 + TIJ^2)^1/2 + DJ) / 2 + PE
    Total System Jitter     (TSJ):    0.071ns
    Total Input Jitter      (TIJ):    0.000ns
    Discrete Jitter          (DJ):    0.000ns
    Phase Error              (PE):    0.000ns

    Location             Delay type                Incr(ns)  Path(ns)    Netlist Resource(s)
  -------------------------------------------------------------------    -------------------
                         (clock aclk rise edge)       0.000     0.000 r  <hidden>
                                                      0.000     0.000 r  S_AXI_ACLK
                         net (fo=303, unset)          0.973     0.973    S_AXI_ACLK
    SLICE_X61Y27         FDRE                                         r  started_reg/C
  -------------------------------------------------------------------    -------------------
    SLICE_X61Y27         FDRE (Prop_fdre_C_Q)         0.456     1.429 r  started_reg/Q
                         net (fo=11, routed)          2.150     3.579    u_dut/u_Tier/u_VS/u_BALANCED_n13/u_SNN/started
    SLICE_X72Y4          LUT2 (Prop_lut2_I1_O)        0.154     3.733 f  u_dut/u_Tier/u_VS/u_BALANCED_n13/u_SNN/op_reg_reg_reg[1][31]_i_1/O
                         net (fo=3156, routed)        9.101    12.834    u_dut/u_Tier/u_VS/u_BALANCED_n13/u_SNN/S_AXI_ARESETN_0
    SLICE_X86Y59         FDCE                                         f  u_dut/u_Tier/u_VS/u_BALANCED_n13/u_SNN/pCa_reci_reg_reg_reg[0][21]/CLR
  -------------------------------------------------------------------    -------------------

                         (clock aclk rise edge)      25.000    25.000 r  <hidden>
                                                      0.000    25.000 r  S_AXI_ACLK
                         net (fo=303, unset)          0.924    25.924    S_AXI_ACLK
    BUFGCTRL_X0Y16       BUFGCTRL (Prop_bufgctrl_I0_O)
                                                      0.091    26.015 r  u_gate/O
                         net (fo=3798, routed)        1.544    27.559    u_dut/u_Tier/u_VS/u_BALANCED_n13/u_SNN/clk_dut
    SLICE_X86Y59         FDCE                                         r  u_dut/u_Tier/u_VS/u_BALANCED_n13/u_SNN/pCa_reci_reg_reg_reg[0][21]/C
                         clock pessimism              0.000    27.559    <hidden>
                         clock uncertainty           -0.035    27.524    <hidden>
    SLICE_X86Y59         FDCE (Recov_fdce_C_CLR)     -0.564    26.960    u_dut/u_Tier/u_VS/u_BALANCED_n13/u_SNN/pCa_reci_reg_reg_reg[0][21]
  -------------------------------------------------------------------
                         required time                         26.960    <hidden>
                         arrival time                         -12.834    <hidden>
  -------------------------------------------------------------------
                         slack                                 14.126    <hidden>





Min Delay Paths
--------------------------------------------------------------------------------------
Slack (MET) :             0.626ns  (arrival time - required time)
  Source:                 started_reg/C
                            (rising edge-triggered cell FDRE clocked by aclk  {rise@0.000ns fall@12.500ns period=25.000ns})
  Destination:            u_dut/u_Tier/u_VS/u_BALANCED_n13/u_SNN/V_LI_reg_reg_reg[3][11]/CLR
                            (removal check against rising-edge clock aclk  {rise@0.000ns fall@12.500ns period=25.000ns})
  Path Group:             **async_default**
  Path Type:              Removal (Min at Fast Process Corner)
  Requirement:            0.000ns  (aclk rise@0.000ns - aclk rise@0.000ns)
  Data Path Delay:        1.373ns  (logic 0.185ns (13.473%)  route 1.188ns (86.527%))
  Logic Levels:           1  (LUT2=1)
  Clock Path Skew:        0.905ns (DCD - SCD - CPR)
    Destination Clock Delay (DCD):    1.315ns
    Source Clock Delay      (SCD):    0.410ns
    Clock Pessimism Removal (CPR):    -0.000ns

    Location             Delay type                Incr(ns)  Path(ns)    Netlist Resource(s)
  -------------------------------------------------------------------    -------------------
                         (clock aclk rise edge)       0.000     0.000 r  <hidden>
                                                      0.000     0.000 r  S_AXI_ACLK
                         net (fo=303, unset)          0.410     0.410    S_AXI_ACLK
    SLICE_X61Y27         FDRE                                         r  started_reg/C
  -------------------------------------------------------------------    -------------------
    SLICE_X61Y27         FDRE (Prop_fdre_C_Q)         0.141     0.551 r  started_reg/Q
                         net (fo=11, routed)          0.863     1.414    u_dut/u_Tier/u_VS/u_BALANCED_n13/u_SNN/started
    SLICE_X72Y4          LUT2 (Prop_lut2_I1_O)        0.044     1.458 f  u_dut/u_Tier/u_VS/u_BALANCED_n13/u_SNN/op_reg_reg_reg[1][31]_i_1/O
                         net (fo=3156, routed)        0.325     1.783    u_dut/u_Tier/u_VS/u_BALANCED_n13/u_SNN/S_AXI_ARESETN_0
    SLICE_X68Y4          FDCE                                         f  u_dut/u_Tier/u_VS/u_BALANCED_n13/u_SNN/V_LI_reg_reg_reg[3][11]/CLR
  -------------------------------------------------------------------    -------------------

                         (clock aclk rise edge)       0.000     0.000 r  <hidden>
                                                      0.000     0.000 r  S_AXI_ACLK
                         net (fo=303, unset)          0.432     0.432    S_AXI_ACLK
    BUFGCTRL_X0Y16       BUFGCTRL (Prop_bufgctrl_I0_O)
                                                      0.029     0.461 r  u_gate/O
                         net (fo=3798, routed)        0.854     1.315    u_dut/u_Tier/u_VS/u_BALANCED_n13/u_SNN/clk_dut
    SLICE_X68Y4          FDCE                                         r  u_dut/u_Tier/u_VS/u_BALANCED_n13/u_SNN/V_LI_reg_reg_reg[3][11]/C
                         clock pessimism              0.000     1.315    <hidden>
    SLICE_X68Y4          FDCE (Remov_fdce_C_CLR)     -0.157     1.158    u_dut/u_Tier/u_VS/u_BALANCED_n13/u_SNN/V_LI_reg_reg_reg[3][11]
  -------------------------------------------------------------------
                         required time                         -1.158    <hidden>
                         arrival time                           1.783    <hidden>
  -------------------------------------------------------------------
                         slack                                  0.626    <hidden>





