Copyright 1986-2022 Xilinx, Inc. All Rights Reserved. Copyright 2022-2026 Advanced Micro Devices, Inc. All Rights Reserved.
---------------------------------------------------------------------------------------------------------------------------------------------------------------------------------------------------------
| Tool Version : Vivado v.2026.1 (win64) Build 6511674 Tue Jun 16 11:02:23 MDT 2026
| Date         : Fri Jul 31 14:26:12 2026
| Host         : AX16PRO running 64-bit major release  (build 9200)
| Command      : report_utilization -hierarchical -file {D:/Project_MBSE/1.Reti Neurali/Rete_SNN_Test/CF_FSNN/.worktrees/Simulink_Importer/FaseB2.0/Harness_SNN_IIDM/hw/../results/util_hier_fclk15.rpt}
| Design       : sys_wrapper
| Device       : xc7z020clg400-1
| Speed File   : -1
| Design State : Routed
---------------------------------------------------------------------------------------------------------------------------------------------------------------------------------------------------------

Utilization Design Information

Table of Contents
-----------------
1. Utilization by Hierarchy

1. Utilization by Hierarchy
---------------------------

+--------------------------------------------------+-------------------------------------------------------------------------------------------------+------------+------------+---------+------+------+--------+--------+------------+
|                     Instance                     |                                              Module                                             | Total LUTs | Logic LUTs | LUTRAMs | SRLs |  FFs | RAMB36 | RAMB18 | DSP Blocks |
+--------------------------------------------------+-------------------------------------------------------------------------------------------------+------------+------------+---------+------+------+--------+--------+------------+
| sys_wrapper                                      |                                                                                           (top) |       8416 |       8356 |       0 |   60 | 4556 |      0 |      2 |         69 |
|   sys_i                                          |                                                                                             sys |       8416 |       8356 |       0 |   60 | 4556 |      0 |      2 |         69 |
|     tier0                                        |                                                                                     sys_tier0_0 |       8046 |       8046 |       0 |    0 | 4097 |      0 |      2 |         69 |
|       inst                                       |                                                                    sys_tier0_0_snniidm_axi_lite |       8046 |       8046 |       0 |    0 | 4097 |      0 |      2 |         69 |
|         (inst)                                   |                                                                    sys_tier0_0_snniidm_axi_lite |        111 |        111 |       0 |    0 |  303 |      0 |      0 |          0 |
|         u_dut                                    |                                                                  sys_tier0_0_Donatello_SNN_IIDM |       7936 |       7936 |       0 |    0 | 3794 |      0 |      2 |         69 |
|           u_ACC                                  |                                                                                 sys_tier0_0_ACC |       3018 |       3018 |       0 |    0 | 1100 |      0 |      0 |         17 |
|             u_IIDM                               |                                                                                sys_tier0_0_IIDM |       3018 |       3018 |       0 |    0 | 1100 |      0 |      0 |         17 |
|           u_Tier                                 |                                                                                sys_tier0_0_Tier |       4059 |       4059 |       0 |    0 | 2442 |      0 |      2 |         52 |
|             (u_Tier)                             |                                                                                sys_tier0_0_Tier |        441 |        441 |       0 |    0 |    0 |      0 |      0 |          0 |
|             u_VS                                 |                                                                                  sys_tier0_0_VS |       3665 |       3665 |       0 |    0 | 2442 |      0 |      2 |         52 |
|               u_BALANCED_n13                     |                                                                        sys_tier0_0_BALANCED_n13 |       3665 |       3665 |       0 |    0 | 2442 |      0 |      2 |         52 |
|                 u_SNN                            |                                                                                 sys_tier0_0_SNN |       2733 |       2733 |       0 |    0 | 2045 |      0 |      2 |         36 |
|                   (u_SNN)                        |                                                                                 sys_tier0_0_SNN |       2691 |       2691 |       0 |    0 | 2045 |      0 |      0 |         36 |
|                 u_DEC                            |                                                                                 sys_tier0_0_DEC |        931 |        931 |       0 |    0 |  397 |      0 |      0 |         16 |
|           u_align                                |                                                                               sys_tier0_0_align |        869 |        869 |       0 |    0 |  252 |      0 |      0 |          0 |
|     ps7_axi_periph                               |                                                                            sys_ps7_axi_periph_0 |        353 |        294 |       0 |   59 |  426 |      0 |      0 |          0 |
|       s00_couplers                               |                                                                         s00_couplers_imp_96U3NV |        353 |        294 |       0 |   59 |  426 |      0 |      0 |          0 |
|         auto_pc                                  |                                                                sys_ps7_axi_periph_imp_auto_pc_0 |        353 |        294 |       0 |   59 |  426 |      0 |      0 |          0 |
|           inst                                   |          sys_ps7_axi_periph_imp_auto_pc_0_axi_protocol_converter_v2_1_38_axi_protocol_converter |        353 |        294 |       0 |   59 |  426 |      0 |      0 |          0 |
|             gen_axilite.gen_b2s_conv.axilite_b2s |                             sys_ps7_axi_periph_imp_auto_pc_0_axi_protocol_converter_v2_1_38_b2s |        353 |        294 |       0 |   59 |  426 |      0 |      0 |          0 |
|               WR.aw_channel_0                    |                  sys_ps7_axi_periph_imp_auto_pc_0_axi_protocol_converter_v2_1_38_b2s_aw_channel |         70 |         70 |       0 |    0 |   74 |      0 |      0 |          0 |
|                 cmd_translator_0                 |              sys_ps7_axi_periph_imp_auto_pc_0_axi_protocol_converter_v2_1_38_b2s_cmd_translator |         31 |         31 |       0 |    0 |   56 |      0 |      0 |          0 |
|               RD.ar_channel_0                    |                  sys_ps7_axi_periph_imp_auto_pc_0_axi_protocol_converter_v2_1_38_b2s_ar_channel |         59 |         59 |       0 |    0 |   70 |      0 |      0 |          0 |
|                 cmd_translator_0                 |            sys_ps7_axi_periph_imp_auto_pc_0_axi_protocol_converter_v2_1_38_b2s_cmd_translator_1 |         31 |         31 |       0 |    0 |   56 |      0 |      0 |          0 |
|               RD.r_channel_0                     |                   sys_ps7_axi_periph_imp_auto_pc_0_axi_protocol_converter_v2_1_38_b2s_r_channel |         59 |         14 |       0 |   45 |   24 |      0 |      0 |          0 |
|               SI_REG                             |                  sys_ps7_axi_periph_imp_auto_pc_0_axi_register_slice_v2_1_37_axi_register_slice |        135 |        135 |       0 |    0 |  240 |      0 |      0 |          0 |
|                 ar.ar_pipe                       |                 sys_ps7_axi_periph_imp_auto_pc_0_axi_register_slice_v2_1_37_axic_register_slice |         47 |         47 |       0 |    0 |   58 |      0 |      0 |          0 |
|                 aw.aw_pipe                       |               sys_ps7_axi_periph_imp_auto_pc_0_axi_register_slice_v2_1_37_axic_register_slice_0 |         51 |         51 |       0 |    0 |   60 |      0 |      0 |          0 |
|                 r.r_pipe                         | sys_ps7_axi_periph_imp_auto_pc_0_axi_register_slice_v2_1_37_axic_register_slice__parameterized2 |         27 |         27 |       0 |    0 |   92 |      0 |      0 |          0 |
+--------------------------------------------------+-------------------------------------------------------------------------------------------------+------------+------------+---------+------+------+--------+--------+------------+
* Note: The sum of lower-level cells may be larger than their parent cells total, due to cross-hierarchy LUT combining


