Copyright 1986-2022 Xilinx, Inc. All Rights Reserved. Copyright 2022-2026 Advanced Micro Devices, Inc. All Rights Reserved.
---------------------------------------------------------------------------------------------------------------------------------------------------------------
| Tool Version : Vivado v.2026.1 (win64) Build 6511674 Tue Jun 16 11:02:23 MDT 2026
| Date         : Mon Aug  3 10:47:29 2026
| Host         : AX16PRO running 64-bit major release  (build 9200)
| Command      : report_timing_summary -file {D:/Project_MBSE/1.Reti Neurali/Rete_SNN_Test/CF_FSNN/.worktrees/Simulink_Importer/FaseC/bitstream/timing_x2.rpt}
| Design       : sys_wrapper
| Device       : 7z020-clg400
| Speed File   : -1  PRODUCTION 1.12 2019-11-22
| Design State : Routed
---------------------------------------------------------------------------------------------------------------------------------------------------------------

Timing Summary Report

------------------------------------------------------------------------------------------------
| Timer Settings
| --------------
------------------------------------------------------------------------------------------------

  Enable Multi Corner Analysis               :  Yes
  Enable Pessimism Removal                   :  Yes
  Pessimism Removal Resolution               :  Nearest Common Node
  Enable Input Delay Default Clock           :  No
  Enable Preset / Clear Arcs                 :  No
  Disable Flight Delays                      :  No
  Ignore I/O Paths                           :  No
  Timing Early Launch at Borrowing Latches   :  No
  Borrow Time for Max Delay Exceptions       :  Yes
  Merge Timing Exceptions                    :  Yes
  Inter-SLR Compensation                     :  Conservative

  Corner  Analyze    Analyze    
  Name    Max Paths  Min Paths  
  ------  ---------  ---------  
  Slow    Yes        Yes        
  Fast    Yes        Yes        


------------------------------------------------------------------------------------------------
| Report Methodology
| ------------------
------------------------------------------------------------------------------------------------

Rule       Severity  Description                   Violations  
---------  --------  ----------------------------  ----------  
DPIR-1     Warning   Asynchronous driver check     960         
LUTAR-1    Warning   LUT drives async reset alert  2           
TIMING-16  Warning   Large setup violation         1           

Note: This report is based on the most recent report_methodology run and may not be up-to-date. Run report_methodology on the current design for the latest report.



check_timing report

Table of Contents
-----------------
1. checking no_clock (0)
2. checking constant_clock (0)
3. checking pulse_width_clock (0)
4. checking unconstrained_internal_endpoints (0)
5. checking no_input_delay (0)
6. checking no_output_delay (0)
7. checking multiple_clock (0)
8. checking generated_clocks (0)
9. checking loops (0)
10. checking partial_input_delay (0)
11. checking partial_output_delay (0)
12. checking latch_loops (0)

1. checking no_clock (0)
------------------------
 There are 0 register/latch pins with no clock.


2. checking constant_clock (0)
------------------------------
 There are 0 register/latch pins with constant_clock.


3. checking pulse_width_clock (0)
---------------------------------
 There are 0 register/latch pins which need pulse_width check


4. checking unconstrained_internal_endpoints (0)
------------------------------------------------
 There are 0 pins that are not constrained for maximum delay.

 There are 0 pins that are not constrained for maximum delay due to constant clock.


5. checking no_input_delay (0)
------------------------------
 There are 0 input ports with no input delay specified.

 There are 0 input ports with no input delay but user has a false path constraint.


6. checking no_output_delay (0)
-------------------------------
 There are 0 ports with no output delay specified.

 There are 0 ports with no output delay but user has a false path constraint

 There are 0 ports with no output delay but with a timing clock defined on it or propagating through it


7. checking multiple_clock (0)
------------------------------
 There are 0 register/latch pins with multiple clocks.


8. checking generated_clocks (0)
--------------------------------
 There are 0 generated clocks that are not connected to a clock source.


9. checking loops (0)
---------------------
 There are 0 combinational loops in the design.


10. checking partial_input_delay (0)
------------------------------------
 There are 0 input ports with partial input delay specified.


11. checking partial_output_delay (0)
-------------------------------------
 There are 0 ports with partial output delay specified.


12. checking latch_loops (0)
----------------------------
 There are 0 combinational latch loops in the design through latch input



------------------------------------------------------------------------------------------------
| Design Timing Summary
| ---------------------
------------------------------------------------------------------------------------------------

    WNS(ns)      TNS(ns)  TNS Failing Endpoints  TNS Total Endpoints      WHS(ns)      THS(ns)  THS Failing Endpoints  THS Total Endpoints     WPWS(ns)     TPWS(ns)  TPWS Failing Endpoints  TPWS Total Endpoints  
    -------      -------  ---------------------  -------------------      -------      -------  ---------------------  -------------------     --------     --------  ----------------------  --------------------  
     -1.060      -52.643                     94                21861        0.022        0.000                      0                21861       11.520        0.000                       0                  8933  


Timing constraints are not met.


------------------------------------------------------------------------------------------------
| Clock Summary
| -------------
------------------------------------------------------------------------------------------------

Clock       Waveform(ns)       Period(ns)      Frequency(MHz)
-----       ------------       ----------      --------------
clk_fpga_0  {0.000 12.500}     25.000          40.000          


------------------------------------------------------------------------------------------------
| Intra Clock Table
| -----------------
------------------------------------------------------------------------------------------------

Clock             WNS(ns)      TNS(ns)  TNS Failing Endpoints  TNS Total Endpoints      WHS(ns)      THS(ns)  THS Failing Endpoints  THS Total Endpoints     WPWS(ns)     TPWS(ns)  TPWS Failing Endpoints  TPWS Total Endpoints  
-----             -------      -------  ---------------------  -------------------      -------      -------  ---------------------  -------------------     --------     --------  ----------------------  --------------------  
clk_fpga_0         -1.060      -52.643                     94                15549        0.022        0.000                      0                15549       11.520        0.000                       0                  8933  


------------------------------------------------------------------------------------------------
| Inter Clock Table
| -----------------
------------------------------------------------------------------------------------------------

From Clock    To Clock          WNS(ns)      TNS(ns)  TNS Failing Endpoints  TNS Total Endpoints      WHS(ns)      THS(ns)  THS Failing Endpoints  THS Total Endpoints  
----------    --------          -------      -------  ---------------------  -------------------      -------      -------  ---------------------  -------------------  


------------------------------------------------------------------------------------------------
| Other Path Groups Table
| -----------------------
------------------------------------------------------------------------------------------------

Path Group         From Clock         To Clock               WNS(ns)      TNS(ns)  TNS Failing Endpoints  TNS Total Endpoints      WHS(ns)      THS(ns)  THS Failing Endpoints  THS Total Endpoints  
----------         ----------         --------               -------      -------  ---------------------  -------------------      -------      -------  ---------------------  -------------------  
**async_default**  clk_fpga_0         clk_fpga_0               8.300        0.000                      0                 6312        0.598        0.000                      0                 6312  


------------------------------------------------------------------------------------------------
| Timing Details
| --------------
------------------------------------------------------------------------------------------------


---------------------------------------------------------------------------------------------------
From Clock:  clk_fpga_0
  To Clock:  clk_fpga_0

Setup :           94  Failing Endpoints,  Worst Slack       -1.060ns,  Total Violation      -52.643ns
Hold  :            0  Failing Endpoints,  Worst Slack        0.022ns,  Total Violation        0.000ns
PW    :            0  Failing Endpoints,  Worst Slack       11.520ns,  Total Violation        0.000ns
---------------------------------------------------------------------------------------------------


Max Delay Paths
--------------------------------------------------------------------------------------
Slack (VIOLATED) :        -1.060ns  (required time - arrival time)
  Source:                 sys_i/tier1/inst/u_dut/u_Tier/u_VS/u_BALANCED_n13/u_DEC/pv_not_empty_reg/C
                            (rising edge-triggered cell FDCE clocked by clk_fpga_0  {rise@0.000ns fall@12.500ns period=25.000ns})
  Destination:            sys_i/tier1/inst/u_dut/u_ACC/u_IIDM/st_a_iidm_26_reg[17]/D
                            (rising edge-triggered cell FDCE clocked by clk_fpga_0  {rise@0.000ns fall@12.500ns period=25.000ns})
  Path Group:             clk_fpga_0
  Path Type:              Setup (Max at Slow Process Corner)
  Requirement:            25.000ns  (clk_fpga_0 rise@25.000ns - clk_fpga_0 rise@0.000ns)
  Data Path Delay:        25.670ns  (logic 13.983ns (54.471%)  route 11.687ns (45.528%))
  Logic Levels:           29  (CARRY4=13 DSP48E1=2 LUT2=1 LUT4=4 LUT5=5 LUT6=3 MUXF7=1)
  Clock Path Skew:        -0.044ns (DCD - SCD + CPR)
    Destination Clock Delay (DCD):    2.995ns = ( 27.996 - 25.000 ) 
    Source Clock Delay      (SCD):    3.293ns
    Clock Pessimism Removal (CPR):    0.254ns
  Clock Uncertainty:      0.377ns  ((TSJ^2 + TIJ^2)^1/2 + DJ) / 2 + PE
    Total System Jitter     (TSJ):    0.071ns
    Total Input Jitter      (TIJ):    0.750ns
    Discrete Jitter          (DJ):    0.000ns
    Phase Error              (PE):    0.000ns

    Location             Delay type                Incr(ns)  Path(ns)    Netlist Resource(s)
  -------------------------------------------------------------------    -------------------
                         (clock clk_fpga_0 rise edge)
                                                      0.000     0.000 r  <hidden>
    PS7_X0Y0             PS7                          0.000     0.000 r  sys_i/ps7/inst/PS7_i/FCLKCLK[0]
                         net (fo=1, routed)           1.193     1.193    sys_i/ps7/inst/FCLK_CLK_unbuffered[0]
    BUFGCTRL_X0Y31       BUFG (Prop_bufg_I_O)         0.101     1.294 r  sys_i/ps7/inst/buffer_fclk_clk_0.FCLK_CLK_0_BUFG/O
                         net (fo=1337, routed)        0.161     1.455    sys_i/tier1/inst/S_AXI_ACLK
    BUFGCTRL_X0Y16       BUFGCTRL (Prop_bufgctrl_I0_O)
                                                      0.101     1.556 r  sys_i/tier1/inst/u_gate/O
                         net (fo=3798, routed)        1.737     3.293    sys_i/tier1/inst/u_dut/u_Tier/u_VS/u_BALANCED_n13/u_DEC/clk_dut
    SLICE_X11Y25         FDCE                                         r  sys_i/tier1/inst/u_dut/u_Tier/u_VS/u_BALANCED_n13/u_DEC/pv_not_empty_reg/C
  -------------------------------------------------------------------    -------------------
    SLICE_X11Y25         FDCE (Prop_fdce_C_Q)         0.456     3.749 r  sys_i/tier1/inst/u_dut/u_Tier/u_VS/u_BALANCED_n13/u_DEC/pv_not_empty_reg/Q
                         net (fo=714, routed)         0.689     4.438    sys_i/tier1/inst/u_dut/u_Tier/u_VS/u_BALANCED_n13/u_DEC/pv_not_empty_reg_2
    SLICE_X10Y23         LUT2 (Prop_lut2_I0_O)        0.124     4.562 r  sys_i/tier1/inst/u_dut/u_Tier/u_VS/u_BALANCED_n13/u_DEC/p4__0_i_1/O
                         net (fo=30, routed)          0.881     5.442    sys_i/tier1/inst/u_dut/u_Tier/u_VS/u_BALANCED_n13/u_DEC/p4__0_i_1_n_0
    DSP48_X0Y11          DSP48E1 (Prop_dsp48e1_A[16]_P[30])
                                                      3.841     9.283 f  sys_i/tier1/inst/u_dut/u_Tier/u_VS/u_BALANCED_n13/u_DEC/p4__0/P[30]
                         net (fo=2, routed)           0.856    10.139    sys_i/tier1/inst/u_dut/u_Tier/u_VS/u_BALANCED_n13/u_DEC/p4__0_n_75
    SLICE_X10Y27         LUT4 (Prop_lut4_I2_O)        0.124    10.263 r  sys_i/tier1/inst/u_dut/u_Tier/u_VS/u_BALANCED_n13/u_DEC/pv[3][2]_i_9/O
                         net (fo=1, routed)           0.796    11.059    sys_i/tier1/inst/u_dut/u_Tier/u_VS/u_BALANCED_n13/u_DEC/pv[3][2]_i_9_n_0
    SLICE_X10Y28         LUT5 (Prop_lut5_I4_O)        0.124    11.183 f  sys_i/tier1/inst/u_dut/u_Tier/u_VS/u_BALANCED_n13/u_DEC/pv[3][2]_i_6/O
                         net (fo=1, routed)           0.566    11.749    sys_i/tier1/inst/u_dut/u_Tier/u_VS/u_BALANCED_n13/u_DEC/pv[3][2]_i_6_n_0
    SLICE_X13Y27         LUT6 (Prop_lut6_I4_O)        0.124    11.873 r  sys_i/tier1/inst/u_dut/u_Tier/u_VS/u_BALANCED_n13/u_DEC/pv[3][2]_i_2/O
                         net (fo=21, routed)          0.857    12.730    sys_i/tier1/inst/u_dut/u_Tier/u_VS/u_BALANCED_n13/u_DEC/pv[3][2]_i_2_n_0
    SLICE_X10Y28         LUT6 (Prop_lut6_I2_O)        0.124    12.854 f  sys_i/tier1/inst/u_dut/u_Tier/u_VS/u_BALANCED_n13/u_DEC/pv[3][6]_i_1/O
                         net (fo=9, routed)           0.619    13.472    sys_i/tier1/inst/u_dut/u_align/Tier_a[6]
    SLICE_X14Y27         LUT5 (Prop_lut5_I0_O)        0.124    13.596 r  sys_i/tier1/inst/u_dut/u_align/p764st_v_free_mul_temp_i_72/O
                         net (fo=1, routed)           0.000    13.596    sys_i/tier1/inst/u_dut/u_align/p764st_v_free_mul_temp_i_72_n_0
    SLICE_X14Y27         CARRY4 (Prop_carry4_S[2]_CO[3])
                                                      0.380    13.976 r  sys_i/tier1/inst/u_dut/u_align/p764st_v_free_mul_temp_i_65/CO[3]
                         net (fo=1, routed)           0.000    13.976    sys_i/tier1/inst/u_dut/u_align/p764st_v_free_mul_temp_i_65_n_0
    SLICE_X14Y28         CARRY4 (Prop_carry4_CI_CO[3])
                                                      0.117    14.093 r  sys_i/tier1/inst/u_dut/u_align/p764st_v_free_mul_temp_i_41/CO[3]
                         net (fo=1, routed)           0.000    14.093    sys_i/tier1/inst/u_dut/u_align/p764st_v_free_mul_temp_i_41_n_0
    SLICE_X14Y29         CARRY4 (Prop_carry4_CI_CO[1])
                                                      0.157    14.250 f  sys_i/tier1/inst/u_dut/u_align/p764st_v_free_mul_temp_i_35/CO[1]
                         net (fo=36, routed)          0.567    14.818    sys_i/tier1/inst/u_dut/u_align/u_ACC/u_IIDM/pv_20
    SLICE_X15Y28         LUT4 (Prop_lut4_I3_O)        0.332    15.150 r  sys_i/tier1/inst/u_dut/u_align/p895sX_mul_temp_i_71/O
                         net (fo=1, routed)           0.642    15.792    sys_i/tier1/inst/u_dut/u_align/u_ACC/u_IIDM/p_1_in__7[0]
    SLICE_X15Y29         CARRY4 (Prop_carry4_DI[0]_CO[3])
                                                      0.526    16.318 r  sys_i/tier1/inst/u_dut/u_align/p895sX_mul_temp_i_42/CO[3]
                         net (fo=1, routed)           0.000    16.318    sys_i/tier1/inst/u_dut/u_align/p895sX_mul_temp_i_42_n_0
    SLICE_X15Y30         CARRY4 (Prop_carry4_CI_CO[3])
                                                      0.114    16.432 r  sys_i/tier1/inst/u_dut/u_align/p895sX_mul_temp_i_41/CO[3]
                         net (fo=1, routed)           0.000    16.432    sys_i/tier1/inst/u_dut/u_align/p895sX_mul_temp_i_41_n_0
    SLICE_X15Y31         CARRY4 (Prop_carry4_CI_CO[3])
                                                      0.114    16.546 r  sys_i/tier1/inst/u_dut/u_align/p895sX_mul_temp_i_40/CO[3]
                         net (fo=1, routed)           0.000    16.546    sys_i/tier1/inst/u_dut/u_align/p895sX_mul_temp_i_40_n_0
    SLICE_X15Y32         CARRY4 (Prop_carry4_CI_O[1])
                                                      0.334    16.880 r  sys_i/tier1/inst/u_dut/u_align/p895sX_mul_temp_i_37/O[1]
                         net (fo=6, routed)           0.474    17.354    sys_i/tier1/inst/u_dut/u_align/p895sX_mul_temp_i_37_n_6
    SLICE_X17Y33         LUT5 (Prop_lut5_I1_O)        0.303    17.657 r  sys_i/tier1/inst/u_dut/u_align/p764st_v_free_mul_temp_i_2/O
                         net (fo=2, routed)           0.699    18.357    sys_i/tier1/inst/u_dut/u_ACC/u_IIDM/p894a_z_mul_temp_0[13]
    DSP48_X1Y12          DSP48E1 (Prop_dsp48e1_B[13]_P[0])
                                                      3.656    22.013 r  sys_i/tier1/inst/u_dut/u_ACC/u_IIDM/p894a_z_mul_temp/P[0]
                         net (fo=1, routed)           1.010    23.023    sys_i/tier1/inst/u_dut/u_ACC/u_IIDM/p894a_z_mul_temp_n_105
    SLICE_X20Y32         LUT4 (Prop_lut4_I0_O)        0.124    23.147 r  sys_i/tier1/inst/u_dut/u_ACC/u_IIDM/st_a_iidm_26[3]_i_18/O
                         net (fo=1, routed)           0.456    23.604    sys_i/tier1/inst/u_dut/u_ACC/u_IIDM/st_a_iidm_26[3]_i_18_n_0
    SLICE_X18Y32         LUT4 (Prop_lut4_I2_O)        0.124    23.728 r  sys_i/tier1/inst/u_dut/u_ACC/u_IIDM/st_a_iidm_26[3]_i_16/O
                         net (fo=1, routed)           0.000    23.728    sys_i/tier1/inst/u_dut/u_ACC/u_IIDM/st_a_iidm_26[3]_i_16_n_0
    SLICE_X18Y32         CARRY4 (Prop_carry4_S[0]_CO[3])
                                                      0.513    24.241 r  sys_i/tier1/inst/u_dut/u_ACC/u_IIDM/st_a_iidm_26_reg[3]_i_15/CO[3]
                         net (fo=1, routed)           0.000    24.241    sys_i/tier1/inst/u_dut/u_ACC/u_IIDM/st_a_iidm_26_reg[3]_i_15_n_0
    SLICE_X18Y33         CARRY4 (Prop_carry4_CI_CO[3])
                                                      0.117    24.358 r  sys_i/tier1/inst/u_dut/u_ACC/u_IIDM/st_a_iidm_26_reg[7]_i_7/CO[3]
                         net (fo=1, routed)           0.000    24.358    sys_i/tier1/inst/u_dut/u_ACC/u_IIDM/st_a_iidm_26_reg[7]_i_7_n_0
    SLICE_X18Y34         CARRY4 (Prop_carry4_CI_O[1])
                                                      0.323    24.681 r  sys_i/tier1/inst/u_dut/u_ACC/u_IIDM/st_a_iidm_26_reg[11]_i_7/O[1]
                         net (fo=2, routed)           0.737    25.418    sys_i/tier1/inst/u_dut/u_ACC/u_IIDM/st_a_iidm_26_reg[11]_i_7_n_6
    SLICE_X12Y34         LUT5 (Prop_lut5_I2_O)        0.306    25.724 r  sys_i/tier1/inst/u_dut/u_ACC/u_IIDM/st_a_iidm_26[11]_i_14/O
                         net (fo=1, routed)           0.000    25.724    sys_i/tier1/inst/u_dut/u_ACC/u_IIDM/st_a_iidm_26[11]_i_14_n_0
    SLICE_X12Y34         CARRY4 (Prop_carry4_S[1]_CO[3])
                                                      0.533    26.257 r  sys_i/tier1/inst/u_dut/u_ACC/u_IIDM/st_a_iidm_26_reg[11]_i_6/CO[3]
                         net (fo=1, routed)           0.000    26.257    sys_i/tier1/inst/u_dut/u_ACC/u_IIDM/st_a_iidm_26_reg[11]_i_6_n_0
    SLICE_X12Y35         CARRY4 (Prop_carry4_CI_CO[3])
                                                      0.117    26.374 r  sys_i/tier1/inst/u_dut/u_ACC/u_IIDM/st_a_iidm_26_reg[18]_i_20/CO[3]
                         net (fo=1, routed)           0.000    26.374    sys_i/tier1/inst/u_dut/u_ACC/u_IIDM/st_a_iidm_26_reg[18]_i_20_n_0
    SLICE_X12Y36         CARRY4 (Prop_carry4_CI_CO[3])
                                                      0.117    26.491 r  sys_i/tier1/inst/u_dut/u_ACC/u_IIDM/st_a_iidm_26_reg[18]_i_8/CO[3]
                         net (fo=19, routed)          1.404    27.895    sys_i/tier1/inst/u_dut/u_ACC/u_IIDM/st_a_iidm_26_reg[18]_i_8_n_0
    SLICE_X13Y39         LUT5 (Prop_lut5_I1_O)        0.124    28.019 f  sys_i/tier1/inst/u_dut/u_ACC/u_IIDM/st_a_iidm_26[17]_i_5/O
                         net (fo=1, routed)           0.000    28.019    sys_i/tier1/inst/u_dut/u_ACC/u_IIDM/st_a_iidm_26[17]_i_5_n_0
    SLICE_X13Y39         MUXF7 (Prop_muxf7_I0_O)      0.212    28.231 f  sys_i/tier1/inst/u_dut/u_ACC/u_IIDM/st_a_iidm_26_reg[17]_i_3/O
                         net (fo=1, routed)           0.433    28.664    sys_i/tier1/inst/u_dut/u_ACC/u_IIDM/st_a_iidm_26_reg[17]_i_3_n_0
    SLICE_X13Y39         LUT6 (Prop_lut6_I3_O)        0.299    28.963 r  sys_i/tier1/inst/u_dut/u_ACC/u_IIDM/st_a_iidm_26[17]_i_1/O
                         net (fo=1, routed)           0.000    28.963    sys_i/tier1/inst/u_dut/u_ACC/u_IIDM/st_a_iidm_25[17]
    SLICE_X13Y39         FDCE                                         r  sys_i/tier1/inst/u_dut/u_ACC/u_IIDM/st_a_iidm_26_reg[17]/D
  -------------------------------------------------------------------    -------------------

                         (clock clk_fpga_0 rise edge)
                                                     25.000    25.000 r  <hidden>
    PS7_X0Y0             PS7                          0.000    25.000 r  sys_i/ps7/inst/PS7_i/FCLKCLK[0]
                         net (fo=1, routed)           1.088    26.088    sys_i/ps7/inst/FCLK_CLK_unbuffered[0]
    BUFGCTRL_X0Y31       BUFG (Prop_bufg_I_O)         0.091    26.179 r  sys_i/ps7/inst/buffer_fclk_clk_0.FCLK_CLK_0_BUFG/O
                         net (fo=1337, routed)        0.147    26.326    sys_i/tier1/inst/S_AXI_ACLK
    BUFGCTRL_X0Y16       BUFGCTRL (Prop_bufgctrl_I0_O)
                                                      0.091    26.417 r  sys_i/tier1/inst/u_gate/O
                         net (fo=3798, routed)        1.578    27.995    sys_i/tier1/inst/u_dut/u_ACC/u_IIDM/clk_dut
    SLICE_X13Y39         FDCE                                         r  sys_i/tier1/inst/u_dut/u_ACC/u_IIDM/st_a_iidm_26_reg[17]/C
                         clock pessimism              0.254    28.249    <hidden>
                         clock uncertainty           -0.377    27.872    <hidden>
    SLICE_X13Y39         FDCE (Setup_fdce_C_D)        0.031    27.903    sys_i/tier1/inst/u_dut/u_ACC/u_IIDM/st_a_iidm_26_reg[17]
  -------------------------------------------------------------------
                         required time                         27.903    <hidden>
                         arrival time                         -28.963    <hidden>
  -------------------------------------------------------------------
                         slack                                 -1.060    <hidden>





Min Delay Paths
--------------------------------------------------------------------------------------
Slack (MET) :             0.022ns  (arrival time - required time)
  Source:                 sys_i/tier1/inst/vl_c_reg[28]/C
                            (rising edge-triggered cell FDRE clocked by clk_fpga_0  {rise@0.000ns fall@12.500ns period=25.000ns})
  Destination:            sys_i/tier1/inst/u_dut/u_Tier/u_VS/u_BALANCED_n13/u_SNN/op_reg_reg_reg_reg[3][28]/D
                            (rising edge-triggered cell FDCE clocked by clk_fpga_0  {rise@0.000ns fall@12.500ns period=25.000ns})
  Path Group:             clk_fpga_0
  Path Type:              Hold (Min at Fast Process Corner)
  Requirement:            0.000ns  (clk_fpga_0 rise@0.000ns - clk_fpga_0 rise@0.000ns)
  Data Path Delay:        0.386ns  (logic 0.128ns (33.179%)  route 0.258ns (66.821%))
  Logic Levels:           0  
  Clock Path Skew:        0.346ns (DCD - SCD - CPR)
    Destination Clock Delay (DCD):    1.260ns
    Source Clock Delay      (SCD):    0.884ns
    Clock Pessimism Removal (CPR):    0.030ns

    Location             Delay type                Incr(ns)  Path(ns)    Netlist Resource(s)
  -------------------------------------------------------------------    -------------------
                         (clock clk_fpga_0 rise edge)
                                                      0.000     0.000 r  <hidden>
    PS7_X0Y0             PS7                          0.000     0.000 r  sys_i/ps7/inst/PS7_i/FCLKCLK[0]
                         net (fo=1, routed)           0.310     0.310    sys_i/ps7/inst/FCLK_CLK_unbuffered[0]
    BUFGCTRL_X0Y31       BUFG (Prop_bufg_I_O)         0.026     0.336 r  sys_i/ps7/inst/buffer_fclk_clk_0.FCLK_CLK_0_BUFG/O
                         net (fo=1337, routed)        0.548     0.884    sys_i/tier1/inst/S_AXI_ACLK
    SLICE_X51Y63         FDRE                                         r  sys_i/tier1/inst/vl_c_reg[28]/C
  -------------------------------------------------------------------    -------------------
    SLICE_X51Y63         FDRE (Prop_fdre_C_Q)         0.128     1.012 r  sys_i/tier1/inst/vl_c_reg[28]/Q
                         net (fo=4, routed)           0.258     1.269    sys_i/tier1/inst/u_dut/u_Tier/u_VS/u_BALANCED_n13/u_SNN/op_reg_reg_reg_reg[3][31]_0[28]
    SLICE_X52Y58         FDCE                                         r  sys_i/tier1/inst/u_dut/u_Tier/u_VS/u_BALANCED_n13/u_SNN/op_reg_reg_reg_reg[3][28]/D
  -------------------------------------------------------------------    -------------------

                         (clock clk_fpga_0 rise edge)
                                                      0.000     0.000 r  <hidden>
    PS7_X0Y0             PS7                          0.000     0.000 r  sys_i/ps7/inst/PS7_i/FCLKCLK[0]
                         net (fo=1, routed)           0.337     0.337    sys_i/ps7/inst/FCLK_CLK_unbuffered[0]
    BUFGCTRL_X0Y31       BUFG (Prop_bufg_I_O)         0.029     0.366 r  sys_i/ps7/inst/buffer_fclk_clk_0.FCLK_CLK_0_BUFG/O
                         net (fo=1337, routed)        0.046     0.412    sys_i/tier1/inst/S_AXI_ACLK
    BUFGCTRL_X0Y16       BUFGCTRL (Prop_bufgctrl_I0_O)
                                                      0.029     0.441 r  sys_i/tier1/inst/u_gate/O
                         net (fo=3798, routed)        0.819     1.260    sys_i/tier1/inst/u_dut/u_Tier/u_VS/u_BALANCED_n13/u_SNN/clk_dut
    SLICE_X52Y58         FDCE                                         r  sys_i/tier1/inst/u_dut/u_Tier/u_VS/u_BALANCED_n13/u_SNN/op_reg_reg_reg_reg[3][28]/C
                         clock pessimism             -0.030     1.230    <hidden>
    SLICE_X52Y58         FDCE (Hold_fdce_C_D)         0.017     1.247    sys_i/tier1/inst/u_dut/u_Tier/u_VS/u_BALANCED_n13/u_SNN/op_reg_reg_reg_reg[3][28]
  -------------------------------------------------------------------
                         required time                         -1.247    <hidden>
                         arrival time                           1.269    <hidden>
  -------------------------------------------------------------------
                         slack                                  0.022    <hidden>





Pulse Width Checks
--------------------------------------------------------------------------------------
Clock Name:         clk_fpga_0
Waveform(ns):       { 0.000 12.500 }
Period(ns):         25.000
Sources:            { sys_i/ps7/inst/PS7_i/FCLKCLK[0] }

Check Type        Corner  Lib Pin             Reference Pin  Required(ns)  Actual(ns)  Slack(ns)  Location      Pin
Min Period        n/a     RAMB18E1/CLKARDCLK  n/a            2.944         25.000      22.056     RAMB18_X3Y44  sys_i/tier0/inst/u_dut/u_Tier/u_VS/u_BALANCED_n13/u_SNN/u_dualPortRam/ram_reg/CLKARDCLK
Low Pulse Width   Slow    SRLC32E/CLK         n/a            0.980         12.500      11.520     SLICE_X30Y89  sys_i/ps7_axi_periph/s00_couplers/auto_pc/inst/gen_axilite.gen_b2s_conv.axilite_b2s/RD.r_channel_0/rd_data_fifo_0/memory_reg[31][0]_srl32/CLK
High Pulse Width  Slow    SRLC32E/CLK         n/a            0.980         12.500      11.520     SLICE_X30Y89  sys_i/ps7_axi_periph/s00_couplers/auto_pc/inst/gen_axilite.gen_b2s_conv.axilite_b2s/RD.r_channel_0/rd_data_fifo_0/memory_reg[31][0]_srl32/CLK



---------------------------------------------------------------------------------------------------
Path Group:  **async_default**
From Clock:  clk_fpga_0
  To Clock:  clk_fpga_0

Setup :            0  Failing Endpoints,  Worst Slack        8.300ns,  Total Violation        0.000ns
Hold  :            0  Failing Endpoints,  Worst Slack        0.598ns,  Total Violation        0.000ns
---------------------------------------------------------------------------------------------------


Max Delay Paths
--------------------------------------------------------------------------------------
Slack (MET) :             8.300ns  (required time - arrival time)
  Source:                 sys_i/rst_ps7_40M/U0/ACTIVE_LOW_PR_OUT_DFF[0].FDRE_PER_N/C
                            (rising edge-triggered cell FDRE clocked by clk_fpga_0  {rise@0.000ns fall@12.500ns period=25.000ns})
  Destination:            sys_i/tier1/inst/u_dut/u_Tier/u_VS/u_BALANCED_n13/u_SNN/t_lr_reg_reg_reg[3][17]/CLR
                            (recovery check against rising-edge clock clk_fpga_0  {rise@0.000ns fall@12.500ns period=25.000ns})
  Path Group:             **async_default**
  Path Type:              Recovery (Max at Slow Process Corner)
  Requirement:            25.000ns  (clk_fpga_0 rise@25.000ns - clk_fpga_0 rise@0.000ns)
  Data Path Delay:        15.961ns  (logic 0.606ns (3.797%)  route 15.355ns (96.203%))
  Logic Levels:           1  (LUT2=1)
  Clock Path Skew:        0.247ns (DCD - SCD + CPR)
    Destination Clock Delay (DCD):    3.112ns = ( 28.111 - 25.000 ) 
    Source Clock Delay      (SCD):    2.979ns
    Clock Pessimism Removal (CPR):    0.115ns
  Clock Uncertainty:      0.377ns  ((TSJ^2 + TIJ^2)^1/2 + DJ) / 2 + PE
    Total System Jitter     (TSJ):    0.071ns
    Total Input Jitter      (TIJ):    0.750ns
    Discrete Jitter          (DJ):    0.000ns
    Phase Error              (PE):    0.000ns

    Location             Delay type                Incr(ns)  Path(ns)    Netlist Resource(s)
  -------------------------------------------------------------------    -------------------
                         (clock clk_fpga_0 rise edge)
                                                      0.000     0.000 r  <hidden>
    PS7_X0Y0             PS7                          0.000     0.000 r  sys_i/ps7/inst/PS7_i/FCLKCLK[0]
                         net (fo=1, routed)           1.193     1.193    sys_i/ps7/inst/FCLK_CLK_unbuffered[0]
    BUFGCTRL_X0Y31       BUFG (Prop_bufg_I_O)         0.101     1.294 r  sys_i/ps7/inst/buffer_fclk_clk_0.FCLK_CLK_0_BUFG/O
                         net (fo=1337, routed)        1.685     2.979    sys_i/rst_ps7_40M/U0/slowest_sync_clk
    SLICE_X31Y78         FDRE                                         r  sys_i/rst_ps7_40M/U0/ACTIVE_LOW_PR_OUT_DFF[0].FDRE_PER_N/C
  -------------------------------------------------------------------    -------------------
    SLICE_X31Y78         FDRE (Prop_fdre_C_Q)         0.456     3.435 r  sys_i/rst_ps7_40M/U0/ACTIVE_LOW_PR_OUT_DFF[0].FDRE_PER_N/Q
                         net (fo=24, routed)          2.449     5.884    sys_i/tier1/inst/u_dut/u_Tier/u_VS/u_BALANCED_n13/u_SNN/S_AXI_ARESETN
    SLICE_X50Y46         LUT2 (Prop_lut2_I0_O)        0.150     6.034 f  sys_i/tier1/inst/u_dut/u_Tier/u_VS/u_BALANCED_n13/u_SNN/op_reg_reg_reg[1][31]_i_1/O
                         net (fo=3156, routed)       12.906    18.940    sys_i/tier1/inst/u_dut/u_Tier/u_VS/u_BALANCED_n13/u_SNN/S_AXI_ARESETN_0
    SLICE_X106Y15        FDCE                                         f  sys_i/tier1/inst/u_dut/u_Tier/u_VS/u_BALANCED_n13/u_SNN/t_lr_reg_reg_reg[3][17]/CLR
  -------------------------------------------------------------------    -------------------

                         (clock clk_fpga_0 rise edge)
                                                     25.000    25.000 r  <hidden>
    PS7_X0Y0             PS7                          0.000    25.000 r  sys_i/ps7/inst/PS7_i/FCLKCLK[0]
                         net (fo=1, routed)           1.088    26.088    sys_i/ps7/inst/FCLK_CLK_unbuffered[0]
    BUFGCTRL_X0Y31       BUFG (Prop_bufg_I_O)         0.091    26.179 r  sys_i/ps7/inst/buffer_fclk_clk_0.FCLK_CLK_0_BUFG/O
                         net (fo=1337, routed)        0.147    26.326    sys_i/tier1/inst/S_AXI_ACLK
    BUFGCTRL_X0Y16       BUFGCTRL (Prop_bufgctrl_I0_O)
                                                      0.091    26.417 r  sys_i/tier1/inst/u_gate/O
                         net (fo=3798, routed)        1.694    28.111    sys_i/tier1/inst/u_dut/u_Tier/u_VS/u_BALANCED_n13/u_SNN/clk_dut
    SLICE_X106Y15        FDCE                                         r  sys_i/tier1/inst/u_dut/u_Tier/u_VS/u_BALANCED_n13/u_SNN/t_lr_reg_reg_reg[3][17]/C
                         clock pessimism              0.115    28.226    <hidden>
                         clock uncertainty           -0.377    27.850    <hidden>
    SLICE_X106Y15        FDCE (Recov_fdce_C_CLR)     -0.609    27.241    sys_i/tier1/inst/u_dut/u_Tier/u_VS/u_BALANCED_n13/u_SNN/t_lr_reg_reg_reg[3][17]
  -------------------------------------------------------------------
                         required time                         27.241    <hidden>
                         arrival time                         -18.940    <hidden>
  -------------------------------------------------------------------
                         slack                                  8.300    <hidden>





Min Delay Paths
--------------------------------------------------------------------------------------
Slack (MET) :             0.598ns  (arrival time - required time)
  Source:                 sys_i/tier0/inst/started_reg/C
                            (rising edge-triggered cell FDRE clocked by clk_fpga_0  {rise@0.000ns fall@12.500ns period=25.000ns})
  Destination:            sys_i/tier0/inst/u_dut/u_ACC/u_IIDM/dQ_18_reg[16]/CLR
                            (removal check against rising-edge clock clk_fpga_0  {rise@0.000ns fall@12.500ns period=25.000ns})
  Path Group:             **async_default**
  Path Type:              Removal (Min at Fast Process Corner)
  Requirement:            0.000ns  (clk_fpga_0 rise@0.000ns - clk_fpga_0 rise@0.000ns)
  Data Path Delay:        0.791ns  (logic 0.192ns (24.287%)  route 0.599ns (75.713%))
  Logic Levels:           1  (LUT2=1)
  Clock Path Skew:        0.324ns (DCD - SCD - CPR)
    Destination Clock Delay (DCD):    1.242ns
    Source Clock Delay      (SCD):    0.888ns
    Clock Pessimism Removal (CPR):    0.030ns

    Location             Delay type                Incr(ns)  Path(ns)    Netlist Resource(s)
  -------------------------------------------------------------------    -------------------
                         (clock clk_fpga_0 rise edge)
                                                      0.000     0.000 r  <hidden>
    PS7_X0Y0             PS7                          0.000     0.000 r  sys_i/ps7/inst/PS7_i/FCLKCLK[0]
                         net (fo=1, routed)           0.310     0.310    sys_i/ps7/inst/FCLK_CLK_unbuffered[0]
    BUFGCTRL_X0Y31       BUFG (Prop_bufg_I_O)         0.026     0.336 r  sys_i/ps7/inst/buffer_fclk_clk_0.FCLK_CLK_0_BUFG/O
                         net (fo=1337, routed)        0.552     0.888    sys_i/tier0/inst/S_AXI_ACLK
    SLICE_X47Y86         FDRE                                         r  sys_i/tier0/inst/started_reg/C
  -------------------------------------------------------------------    -------------------
    SLICE_X47Y86         FDRE (Prop_fdre_C_Q)         0.141     1.029 r  sys_i/tier0/inst/started_reg/Q
                         net (fo=6, routed)           0.306     1.335    sys_i/tier0/inst/u_dut/u_Tier/u_VS/u_BALANCED_n13/u_SNN/started
    SLICE_X48Y80         LUT2 (Prop_lut2_I1_O)        0.051     1.386 f  sys_i/tier0/inst/u_dut/u_Tier/u_VS/u_BALANCED_n13/u_SNN/op_reg_reg_reg[1][31]_i_1/O
                         net (fo=3156, routed)        0.293     1.678    sys_i/tier0/inst/u_dut/u_ACC/u_IIDM/dut_rst
    SLICE_X42Y80         FDCE                                         f  sys_i/tier0/inst/u_dut/u_ACC/u_IIDM/dQ_18_reg[16]/CLR
  -------------------------------------------------------------------    -------------------

                         (clock clk_fpga_0 rise edge)
                                                      0.000     0.000 r  <hidden>
    PS7_X0Y0             PS7                          0.000     0.000 r  sys_i/ps7/inst/PS7_i/FCLKCLK[0]
                         net (fo=1, routed)           0.337     0.337    sys_i/ps7/inst/FCLK_CLK_unbuffered[0]
    BUFGCTRL_X0Y31       BUFG (Prop_bufg_I_O)         0.029     0.366 r  sys_i/ps7/inst/buffer_fclk_clk_0.FCLK_CLK_0_BUFG/O
                         net (fo=1337, routed)        0.033     0.399    sys_i/tier0/inst/S_AXI_ACLK
    BUFGCTRL_X0Y30       BUFGCTRL (Prop_bufgctrl_I0_O)
                                                      0.029     0.428 r  sys_i/tier0/inst/u_gate/O
                         net (fo=3798, routed)        0.814     1.242    sys_i/tier0/inst/u_dut/u_ACC/u_IIDM/clk_dut
    SLICE_X42Y80         FDCE                                         r  sys_i/tier0/inst/u_dut/u_ACC/u_IIDM/dQ_18_reg[16]/C
                         clock pessimism             -0.030     1.212    <hidden>
    SLICE_X42Y80         FDCE (Remov_fdce_C_CLR)     -0.132     1.080    sys_i/tier0/inst/u_dut/u_ACC/u_IIDM/dQ_18_reg[16]
  -------------------------------------------------------------------
                         required time                         -1.080    <hidden>
                         arrival time                           1.678    <hidden>
  -------------------------------------------------------------------
                         slack                                  0.598    <hidden>





